# step: energy_menu
# command: C:\Users\bit11\AppData\Local\Programs\Python\Python311\python.exe D:\energy_conservation\scripts_new\00_main_pipeline\06_ato_generated_results_energy.py
# ENERGY_TRIP_NO: 3
# ENERGY_TRIP_INDEX: 2
# ENERGY_TARGET_TIME: 711.95
# ENERGY_RESULTS_DATA_DIR: D:\energy_conservation\data\data_processed_step2_v3_first5_curve_quality
# ENERGY_ATO_DATA_DIR: D:\energy_conservation\data\data_processed_step2_v3_first5_curve_quality
# ENERGY_LINE_SCOPE: 5
# PYTHONIOENCODING: utf-8:replace
# started: 2026-06-11T17:52:36

按测试数据目录筛选能耗菜单区间: 5 个
按 line scope 筛选后能耗菜单区间: 5 个
   读取重量: 布政-张家潭 trip 3
   读取重量: 张家潭-同德路 trip 3
   读取重量: 同德路-石碶 trip 3
   读取重量: 石碶-雅渡 trip 3
   读取重量: 雅渡-庙堰 trip 3
已生成区间参数表: D:\energy_conservation\data\static\section_params_trip3.csv | 更新 MASS: 5 | 跳过非本次区间: 21 | 沿用旧值: 0 | 保留模板值: 21
🚀 开始批量评估 5 个区间的 ATO 轨迹能耗：第 3 趟车...
地图/历史数据目录: D:\energy_conservation\data\data_processed_step2_v3_first5_curve_quality
   加载残差模型: 布政-张家潭
   读取坡度曲率: 布政-张家潭
   ✅ 布政-张家潭 | class3 | 115.0s -> 总:13020.1Wh (物理:12911.0Wh + 残差:109.0Wh)
   ✅ 布政-张家潭 | class4 | 121.0s -> 总:14054.3Wh (物理:14131.4Wh + 残差:-77.1Wh)
   ✅ 布政-张家潭 | class5 | 127.05s -> 总:12632.7Wh (物理:13231.8Wh + 残差:-599.1Wh)
   加载残差模型: 张家潭-同德路
   读取坡度曲率: 张家潭-同德路
   ✅ 张家潭-同德路 | class1 | 141.0s -> 总:16631.9Wh (物理:18567.4Wh + 残差:-1935.5Wh)
   ✅ 张家潭-同德路 | class2 | 148.0s -> 总:17211.8Wh (物理:18097.3Wh + 残差:-885.6Wh)
   ✅ 张家潭-同德路 | class3 | 151.0s -> 总:17441.4Wh (物理:17164.4Wh + 残差:276.9Wh)
   ✅ 张家潭-同德路 | class4 | 158.95s -> 总:16210.4Wh (物理:15798.0Wh + 残差:412.4Wh)
   加载残差模型: 同德路-石碶
   读取坡度曲率: 同德路-石碶
   ✅ 同德路-石碶 | class3 | 108.95s -> 总:13182.6Wh (物理:13071.7Wh + 残差:110.8Wh)
   ✅ 同德路-石碶 | class4 | 114.0s -> 总:13412.1Wh (物理:13513.4Wh + 残差:-101.4Wh)
   ✅ 同德路-石碶 | class5 | 120.0s -> 总:12057.3Wh (物理:12126.9Wh + 残差:-69.6Wh)
   加载残差模型: 石碶-雅渡
   读取坡度曲率: 石碶-雅渡
   ✅ 石碶-雅渡 | class2 | 80.0s -> 总:10884.8Wh (物理:10284.6Wh + 残差:600.2Wh)
   ✅ 石碶-雅渡 | class3 | 82.0s -> 总:11439.9Wh (物理:12101.4Wh + 残差:-661.5Wh)
   ✅ 石碶-雅渡 | class4 | 85.95s -> 总:11416.1Wh (物理:9944.8Wh + 残差:1471.4Wh)
   ✅ 石碶-雅渡 | class5 | 90.0s -> 总:8910.5Wh (物理:7436.5Wh + 残差:1474.0Wh)
   加载残差模型: 雅渡-庙堰
   读取坡度曲率: 雅渡-庙堰
   ✅ 雅渡-庙堰 | class2 | 129.0s -> 总:21193.9Wh (物理:20610.4Wh + 残差:583.5Wh)
   ✅ 雅渡-庙堰 | class3 | 131.95s -> 总:20543.1Wh (物理:19563.3Wh + 残差:979.8Wh)
   ✅ 雅渡-庙堰 | class4 | 139.0s -> 总:19206.0Wh (物理:18222.0Wh + 残差:984.0Wh)
   ✅ 雅渡-庙堰 | class5 | 146.0s -> 总:17212.4Wh (物理:16643.5Wh + 残差:568.9Wh)

✨ 评估完成！能耗菜单已生成：D:\energy_conservation\output\analysis\ato_class_energy_menu3_new_v3.csv
👉 现在你可以运行 DP 调度算法来选择最优 Class 组合了。

# finished: 2026-06-11T18:16:39
# return_code: 0
# elapsed_seconds: 1442.4
