# step: historical_baseline
# command: C:\Users\bit11\AppData\Local\Programs\Python\Python311\python.exe D:\energy_conservation\scripts_new\00_main_pipeline\07_full_line_validation_results.py
# ENERGY_TRIP_NO: 3
# ENERGY_TRIP_INDEX: 2
# ENERGY_TARGET_TIME: 711.95
# ENERGY_RESULTS_DATA_DIR: D:\energy_conservation\data\data_processed_step2_v3_first5_curve_quality
# ENERGY_ATO_DATA_DIR: D:\energy_conservation\data\data_processed_step2_v3_first5_curve_quality
# ENERGY_LINE_SCOPE: 5
# PYTHONIOENCODING: utf-8:replace
# started: 2026-06-11T18:16:39

🚀 开始全线 26 个区间的历史数据验证：第 3 趟车...
历史数据目录: D:\energy_conservation\data\data_processed_step2_v3_first5_curve_quality
[01/26] 正在处理: 布政-张家潭 ...
[02/26] 正在处理: 张家潭-同德路 ...
[03/26] 正在处理: 同德路-石碶 ...
[04/26] 正在处理: 石碶-雅渡 ...
[05/26] 正在处理: 雅渡-庙堰 ...
[06/26] 正在处理: 庙堰-钟公庙 ...
[07/26] 正在处理: 钟公庙-鄞州区政府 ...
[08/26] 正在处理: 鄞州区政府-钱湖南路 ...
[09/26] 正在处理: 钱湖南路-南高教园区 ...
[10/26] 正在处理: 南高教园区-下应路 ...
[11/26] 正在处理: 下应路-大洋江 ...
[12/26] 正在处理: 大洋江-泗港 ...
[13/26] 正在处理: 泗港-曹隘 ...
[14/26] 正在处理: 曹隘-柳隘 ...
[15/26] 正在处理: 柳隘-海晏北路 ...
[16/26] 正在处理: 海晏北路-民安东路 ...
[17/26] 正在处理: 民安东路-会展中心 ...
[18/26] 正在处理: 会展中心-院士路 ...
[19/26] 正在处理: 院士路-盎孟港 ...
[20/26] 正在处理: 盎孟港-三官堂 ...
[21/26] 正在处理: 三官堂-兴庄路 ...
[22/26] 正在处理: 兴庄路-兴海南路 ...
[23/26] 正在处理: 兴海南路-梅堰 ...
[24/26] 正在处理: 梅堰-永茂路 ...
[25/26] 正在处理: 永茂路-镇海大道 ...
[26/26] 正在处理: 镇海大道-骆驼桥 ...


============================================================
🔥 5号线全线 26 区间验证结果汇总
============================================================
   站间区间  历史运行时间(s)  历史实测能耗(Wh)  历史能耗(Wh)     物理占比        残差占比  误差(%)
 布政-张家潭     117.45    13422.51  13469.48 13131.90  337.579987   0.35
张家潭-同德路     151.75    17522.30  17032.33 16755.23  277.100006  -2.80
 同德路-石碶     112.05    13071.50  12976.72 13020.77  -44.049999  -0.73
  石碶-雅渡      81.85    13041.46  12874.94 12970.48  -95.540001  -1.28
  雅渡-庙堰     131.40    21037.35  20793.36 19598.12 1195.239990  -1.16

✅ 结果已保存至: D:\energy_conservation\full_line3_validation_results.csv

# finished: 2026-06-11T18:22:24
# return_code: 0
# elapsed_seconds: 345.9
