# step: energy_menu
# command: C:\Users\bit11\AppData\Local\Programs\Python\Python311\python.exe D:\energy_conservation\scripts_new\00_main_pipeline\06_ato_generated_results_energy.py
# ENERGY_TRIP_NO: 40
# ENERGY_TRIP_INDEX: 39
# ENERGY_TARGET_TIME: script default
# ENERGY_RESULTS_DATA_DIR: D:\energy_conservation\data\data_processed_step2_v3_all_curve_quality_traceability
# ENERGY_ATO_DATA_DIR: D:\energy_conservation\data\data_processed_step2_v3_all_curve_quality_traceability
# ENERGY_LINE_SCOPE: full
# ENERGY_TRACEABILITY_MANIFEST: D:\energy_conservation\data\data_processed_step2_v3_all_curve_quality_traceability\trip_traceability_manifest_v1.csv
# PYTHONIOENCODING: utf-8:replace
# started: 2026-09-04T15:16:37

按测试数据目录筛选能耗菜单区间: 26 个
按 line scope 筛选后能耗菜单区间: 26 个
趟次选择方式: 全局运行链追溯
全局趟次ID:   UP040_20240706_192930_R2142
追溯表:       D:\energy_conservation\data\data_processed_step2_v3_all_curve_quality_traceability\trip_traceability_manifest_v1.csv
映射区间数:   26
已生成区间参数表: D:\energy_conservation\data\static\section_params_trip40.csv | 更新 MASS: 26 | 跳过非本次区间: 0 | 沿用旧值: 0 | 保留模板值: 0
🚀 开始批量评估 26 个区间的 ATO 轨迹能耗：第 40 趟车...
地图/历史数据目录: D:\energy_conservation\data\data_processed_step2_v3_all_curve_quality_traceability
   加载残差模型: 布政-张家潭
   读取坡度曲率: 布政-张家潭
   ✅ 布政-张家潭 | class3 | 115.0s -> 总:12948.0Wh (物理:12909.9Wh + 残差:38.0Wh)
   ✅ 布政-张家潭 | class4 | 121.0s -> 总:14024.2Wh (物理:14129.8Wh + 残差:-105.7Wh)
   ✅ 布政-张家潭 | class5 | 127.05s -> 总:12627.5Wh (物理:13230.4Wh + 残差:-602.8Wh)
   加载残差模型: 张家潭-同德路
   读取坡度曲率: 张家潭-同德路
   ✅ 张家潭-同德路 | class1 | 141.0s -> 总:18108.3Wh (物理:16544.5Wh + 残差:1563.8Wh)
   ✅ 张家潭-同德路 | class2 | 148.0s -> 总:17396.4Wh (物理:17079.2Wh + 残差:317.2Wh)
   ✅ 张家潭-同德路 | class3 | 151.0s -> 总:17561.1Wh (物理:17397.7Wh + 残差:163.5Wh)
   ✅ 张家潭-同德路 | class4 | 158.95s -> 总:16090.5Wh (物理:16405.7Wh + 残差:-315.2Wh)
   加载残差模型: 同德路-石碶
   读取坡度曲率: 同德路-石碶
   ✅ 同德路-石碶 | class3 | 108.95s -> 总:12861.5Wh (物理:13023.9Wh + 残差:-162.4Wh)
   ✅ 同德路-石碶 | class4 | 114.0s -> 总:12844.0Wh (物理:13617.4Wh + 残差:-773.4Wh)
   ✅ 同德路-石碶 | class5 | 120.0s -> 总:11316.5Wh (物理:12323.1Wh + 残差:-1006.6Wh)
   加载残差模型: 石碶-雅渡
   读取坡度曲率: 石碶-雅渡
   ✅ 石碶-雅渡 | class2 | 80.0s -> 总:11034.6Wh (物理:10754.0Wh + 残差:280.6Wh)
   ✅ 石碶-雅渡 | class3 | 82.0s -> 总:11254.8Wh (物理:12406.4Wh + 残差:-1151.7Wh)
   ✅ 石碶-雅渡 | class4 | 85.95s -> 总:11650.9Wh (物理:11413.9Wh + 残差:237.0Wh)
   ✅ 石碶-雅渡 | class5 | 90.0s -> 总:9040.9Wh (物理:8962.9Wh + 残差:78.0Wh)
   加载残差模型: 雅渡-庙堰
   读取坡度曲率: 雅渡-庙堰
   ✅ 雅渡-庙堰 | class2 | 129.0s -> 总:20615.0Wh (物理:20781.5Wh + 残差:-166.4Wh)
   ✅ 雅渡-庙堰 | class3 | 131.95s -> 总:19813.9Wh (物理:19981.2Wh + 残差:-167.3Wh)
   ✅ 雅渡-庙堰 | class4 | 139.0s -> 总:18531.2Wh (物理:19698.2Wh + 残差:-1166.9Wh)
   ✅ 雅渡-庙堰 | class5 | 146.0s -> 总:16217.8Wh (物理:18174.2Wh + 残差:-1956.4Wh)
   加载残差模型: 庙堰-钟公庙
   读取坡度曲率: 庙堰-钟公庙
   ✅ 庙堰-钟公庙 | class3 | 95.95s -> 总:12582.4Wh (物理:12742.9Wh + 残差:-160.4Wh)
   ✅ 庙堰-钟公庙 | class4 | 101.0s -> 总:10862.5Wh (物理:11451.7Wh + 残差:-589.2Wh)
   加载残差模型: 钟公庙-鄞州区政府
   读取坡度曲率: 钟公庙-鄞州区政府
   ✅ 钟公庙-鄞州区政府 | class3 | 90.0s -> 总:10049.5Wh (物理:11137.8Wh + 残差:-1088.3Wh)
   ✅ 钟公庙-鄞州区政府 | class4 | 94.95s -> 总:7679.3Wh (物理:8961.0Wh + 残差:-1281.8Wh)
   ✅ 钟公庙-鄞州区政府 | class5 | 99.0s -> 总:5807.7Wh (物理:7330.7Wh + 残差:-1522.9Wh)
   加载残差模型: 鄞州区政府-钱湖南路
   读取坡度曲率: 鄞州区政府-钱湖南路
   ✅ 鄞州区政府-钱湖南路 | class2 | 127.95s -> 总:18486.0Wh (物理:17646.7Wh + 残差:839.2Wh)
   ✅ 鄞州区政府-钱湖南路 | class3 | 132.05s -> 总:16088.9Wh (物理:15501.1Wh + 残差:587.7Wh)
   ✅ 鄞州区政府-钱湖南路 | class4 | 139.0s -> 总:15213.9Wh (物理:14652.2Wh + 残差:561.6Wh)
   加载残差模型: 钱湖南路-南高教园区
   读取坡度曲率: 钱湖南路-南高教园区
   ✅ 钱湖南路-南高教园区 | class3 | 100.05s -> 总:13853.3Wh (物理:13956.9Wh + 残差:-103.6Wh)
   ✅ 钱湖南路-南高教园区 | class4 | 104.95s -> 总:12266.9Wh (物理:12762.3Wh + 残差:-495.4Wh)
   加载残差模型: 南高教园区-下应路
   读取坡度曲率: 南高教园区-下应路
   ✅ 南高教园区-下应路 | class2 | 110.0s -> 总:21281.1Wh (物理:19868.4Wh + 残差:1412.7Wh)
   ✅ 南高教园区-下应路 | class3 | 114.0s -> 总:19038.1Wh (物理:17928.6Wh + 残差:1109.6Wh)
   ✅ 南高教园区-下应路 | class4 | 119.95s -> 总:17097.5Wh (物理:16624.5Wh + 残差:473.0Wh)
   加载残差模型: 下应路-大洋江
   读取坡度曲率: 下应路-大洋江
   ✅ 下应路-大洋江 | class2 | 101.0s -> 总:13060.4Wh (物理:13534.9Wh + 残差:-474.5Wh)
   ✅ 下应路-大洋江 | class3 | 106.0s -> 总:11097.5Wh (物理:11362.2Wh + 残差:-264.8Wh)
   ✅ 下应路-大洋江 | class4 | 110.95s -> 总:11397.2Wh (物理:12133.7Wh + 残差:-736.5Wh)
   ✅ 下应路-大洋江 | class5 | 117.0s -> 总:10271.4Wh (物理:10981.0Wh + 残差:-709.6Wh)
   加载残差模型: 大洋江-泗港
   读取坡度曲率: 大洋江-泗港
   ✅ 大洋江-泗港 | class3 | 92.0s -> 总:10581.1Wh (物理:11158.3Wh + 残差:-577.2Wh)
   ✅ 大洋江-泗港 | class4 | 96.0s -> 总:9416.5Wh (物理:9958.5Wh + 残差:-542.0Wh)
   加载残差模型: 泗港-曹隘
   读取坡度曲率: 泗港-曹隘
   ✅ 泗港-曹隘 | class2 | 128.05s -> 总:19807.6Wh (物理:19925.6Wh + 残差:-118.0Wh)
   ✅ 泗港-曹隘 | class4 | 137.0s -> 总:24111.8Wh (物理:23713.4Wh + 残差:398.4Wh)
   ✅ 泗港-曹隘 | class5 | 143.0s -> 总:22014.4Wh (物理:20925.5Wh + 残差:1088.9Wh)
   加载残差模型: 曹隘-柳隘
   读取坡度曲率: 曹隘-柳隘
   ✅ 曹隘-柳隘 | class2 | 106.05s -> 总:17932.6Wh (物理:23314.5Wh + 残差:-5381.9Wh)
   ✅ 曹隘-柳隘 | class3 | 108.0s -> 总:15961.4Wh (物理:20900.8Wh + 残差:-4939.4Wh)
   ✅ 曹隘-柳隘 | class4 | 112.95s -> 总:12091.4Wh (物理:16448.4Wh + 残差:-4357.0Wh)
   ✅ 曹隘-柳隘 | class5 | 119.0s -> 总:10404.2Wh (物理:14329.1Wh + 残差:-3924.8Wh)
   加载残差模型: 柳隘-海晏北路
   读取坡度曲率: 柳隘-海晏北路
   ✅ 柳隘-海晏北路 | class3 | 91.95s -> 总:11444.4Wh (物理:11759.5Wh + 残差:-315.1Wh)
   ✅ 柳隘-海晏北路 | class4 | 96.0s -> 总:10107.2Wh (物理:10457.8Wh + 残差:-350.6Wh)
   加载残差模型: 海晏北路-民安东路
   读取坡度曲率: 海晏北路-民安东路
   ✅ 海晏北路-民安东路 | class3 | 85.0s -> 总:13963.7Wh (物理:14660.1Wh + 残差:-696.4Wh)
   ✅ 海晏北路-民安东路 | class4 | 88.95s -> 总:12426.3Wh (物理:11647.2Wh + 残差:779.1Wh)
   加载残差模型: 民安东路-会展中心
   读取坡度曲率: 民安东路-会展中心
   ✅ 民安东路-会展中心 | class2 | 76.0s -> 总:15741.6Wh (物理:17412.2Wh + 残差:-1670.6Wh)
   ✅ 民安东路-会展中心 | class3 | 78.95s -> 总:11779.1Wh (物理:11734.4Wh + 残差:44.7Wh)
   ✅ 民安东路-会展中心 | class4 | 83.0s -> 总:7632.6Wh (物理:8219.4Wh + 残差:-586.8Wh)
   加载残差模型: 会展中心-院士路
   读取坡度曲率: 会展中心-院士路
   ✅ 会展中心-院士路 | class3 | 115.0s -> 总:14476.8Wh (物理:15441.6Wh + 残差:-964.8Wh)
   ✅ 会展中心-院士路 | class4 | 121.0s -> 总:12861.6Wh (物理:13921.1Wh + 残差:-1059.6Wh)
   加载残差模型: 院士路-盎孟港
   读取坡度曲率: 院士路-盎孟港
   ✅ 院士路-盎孟港 | class3 | 90.95s -> 总:16778.4Wh (物理:17244.6Wh + 残差:-466.2Wh)
   ✅ 院士路-盎孟港 | class4 | 95.95s -> 总:13604.9Wh (物理:13678.3Wh + 残差:-73.4Wh)
   加载残差模型: 盎孟港-三官堂
   读取坡度曲率: 盎孟港-三官堂
   ✅ 盎孟港-三官堂 | class2 | 132.0s -> 总:17960.0Wh (物理:17243.4Wh + 残差:716.6Wh)
   ✅ 盎孟港-三官堂 | class3 | 138.95s -> 总:17468.9Wh (物理:16670.9Wh + 残差:798.0Wh)
   ✅ 盎孟港-三官堂 | class4 | 146.0s -> 总:16605.7Wh (物理:16330.3Wh + 残差:275.4Wh)
   加载残差模型: 三官堂-兴庄路
   读取坡度曲率: 三官堂-兴庄路
   ✅ 三官堂-兴庄路 | class1 | 94.05s -> 总:13647.4Wh (物理:14558.5Wh + 残差:-911.1Wh)
   ✅ 三官堂-兴庄路 | class2 | 99.0s -> 总:12498.1Wh (物理:11931.8Wh + 残差:566.4Wh)
   ✅ 三官堂-兴庄路 | class3 | 104.05s -> 总:11485.7Wh (物理:10936.7Wh + 残差:549.1Wh)
   ✅ 三官堂-兴庄路 | class4 | 109.0s -> 总:10925.4Wh (物理:10333.1Wh + 残差:592.3Wh)
   加载残差模型: 兴庄路-兴海南路
   读取坡度曲率: 兴庄路-兴海南路
   ✅ 兴庄路-兴海南路 | class2 | 86.95s -> 总:16815.9Wh (物理:17831.2Wh + 残差:-1015.4Wh)
   ✅ 兴庄路-兴海南路 | class4 | 95.95s -> 总:9582.1Wh (物理:9968.0Wh + 残差:-385.9Wh)
   加载残差模型: 兴海南路-梅堰
   读取坡度曲率: 兴海南路-梅堰
   ✅ 兴海南路-梅堰 | class3 | 81.95s -> 总:11221.4Wh (物理:11787.9Wh + 残差:-566.5Wh)
   ✅ 兴海南路-梅堰 | class4 | 86.0s -> 总:9623.1Wh (物理:9474.9Wh + 残差:148.2Wh)
   加载残差模型: 梅堰-永茂路
   读取坡度曲率: 梅堰-永茂路
   ✅ 梅堰-永茂路 | class3 | 313.0s -> 总:30494.0Wh (物理:28966.3Wh + 残差:1527.7Wh)
   ✅ 梅堰-永茂路 | class4 | 329.0s -> 总:26381.5Wh (物理:25773.5Wh + 残差:608.0Wh)
   ✅ 梅堰-永茂路 | class5 | 345.05s -> 总:23686.3Wh (物理:24893.4Wh + 残差:-1207.1Wh)
   加载残差模型: 永茂路-镇海大道
   读取坡度曲率: 永茂路-镇海大道
   ✅ 永茂路-镇海大道 | class2 | 141.0s -> 总:18389.9Wh (物理:17240.4Wh + 残差:1149.5Wh)
   ✅ 永茂路-镇海大道 | class3 | 148.0s -> 总:17476.7Wh (物理:16621.3Wh + 残差:855.3Wh)
   ✅ 永茂路-镇海大道 | class4 | 156.0s -> 总:16283.6Wh (物理:14540.9Wh + 残差:1742.7Wh)
   ✅ 永茂路-镇海大道 | class5 | 164.05s -> 总:15484.9Wh (物理:13371.3Wh + 残差:2113.6Wh)
   加载残差模型: 镇海大道-骆驼桥
   读取坡度曲率: 镇海大道-骆驼桥
   ✅ 镇海大道-骆驼桥 | class2 | 116.0s -> 总:20006.8Wh (物理:19013.0Wh + 残差:993.8Wh)
   ✅ 镇海大道-骆驼桥 | class3 | 122.0s -> 总:19104.0Wh (物理:18193.5Wh + 残差:910.5Wh)
   ✅ 镇海大道-骆驼桥 | class4 | 128.0s -> 总:17115.1Wh (物理:16432.7Wh + 残差:682.4Wh)
   ✅ 镇海大道-骆驼桥 | class5 | 134.0s -> 总:15678.5Wh (物理:15739.1Wh + 残差:-60.6Wh)

✨ 评估完成！能耗菜单已生成：D:\energy_conservation\output\analysis\ato_class_energy_menu40_new_v3.csv
👉 现在你可以运行 DP 调度算法来选择最优 Class 组合了。

# finished: 2026-09-04T16:43:33
# return_code: 0
# elapsed_seconds: 5215.5
