# step: ato_template
# command: C:\Users\bit11\AppData\Local\Programs\Python\Python311\python.exe D:\energy_conservation\scripts_new\00_main_pipeline\04_train_ATO_v8.py
# ENERGY_TRIP_NO: 1
# ENERGY_TRIP_INDEX: 0
# ENERGY_TARGET_TIME: script default
# ENERGY_RESULTS_DATA_DIR: D:\energy_conservation\data\data_processed_step2_v3_all_curve_quality
# ENERGY_ATO_DATA_DIR: D:\energy_conservation\data\data_processed_step2_v3_all_curve_quality
# ENERGY_LINE_SCOPE: full
# PYTHONIOENCODING: utf-8:replace
# started: 2026-06-16T14:40:40

已清理 ATO 模板输出目录: D:\energy_conservation\output\ato_phase_results_v3
按测试数据目录筛选区间: 26 个，跳过标准时间表中未提供数据的 0 个区间。
========================================================================
批量训练 class3 三相位模板
时间表: D:\energy_conservation\output\analysis\class_tables_strict\standard_class_times.csv
数据目录: D:\energy_conservation\data\data_processed_step2_v3_all_curve_quality
输出目录: D:\energy_conservation\output\ato_phase_results_v3
待处理区间数: 26
========================================================================

[1/26] 开始训练区间: 布政-张家潭
   曲线质量过滤: 仅保留 曲线质量标签=0，行数 292499->252758，趟次 125->108
   📊 区间 布政-张家潭 发现等级: ['class2', 'class3', 'class4']
  ✅ 成功 | 提取等级: ['class2', 'class3', 'class4']

[2/26] 开始训练区间: 张家潭-同德路
   曲线质量过滤: 仅保留 曲线质量标签=0，行数 377196->328707，趟次 125->109
   📊 区间 张家潭-同德路 发现等级: ['class2', 'class3']
  ✅ 成功 | 提取等级: ['class2', 'class3']

[3/26] 开始训练区间: 同德路-石碶
   曲线质量过滤: 仅保留 曲线质量标签=0，行数 271358->234567，趟次 125->108
   📊 区间 同德路-石碶 发现等级: ['class2', 'class3', 'class4']
  ✅ 成功 | 提取等级: ['class2', 'class3', 'class4']

[4/26] 开始训练区间: 石碶-雅渡
   曲线质量过滤: 仅保留 曲线质量标签=0，行数 203633->177414，趟次 125->109
   📊 区间 石碶-雅渡 发现等级: ['class2', 'class3', 'class4']
  ✅ 成功 | 提取等级: ['class2', 'class3', 'class4']

[5/26] 开始训练区间: 雅渡-庙堰
   曲线质量过滤: 仅保留 曲线质量标签=0，行数 330277->288239，趟次 125->109
   📊 区间 雅渡-庙堰 发现等级: ['class2', 'class3', 'class4']
  ✅ 成功 | 提取等级: ['class2', 'class3', 'class4']

[6/26] 开始训练区间: 庙堰-钟公庙
   曲线质量过滤: 仅保留 曲线质量标签=0，行数 238632->208273，趟次 125->109
   📊 区间 庙堰-钟公庙 发现等级: ['class2', 'class3']
  ✅ 成功 | 提取等级: ['class2', 'class3']

[7/26] 开始训练区间: 钟公庙-鄞州区政府
   曲线质量过滤: 仅保留 曲线质量标签=0，行数 225670->197093，趟次 125->109
   📊 区间 钟公庙-鄞州区政府 发现等级: ['class3', 'class4']
  ✅ 成功 | 提取等级: ['class3', 'class4']

[8/26] 开始训练区间: 鄞州区政府-钱湖南路
   曲线质量过滤: 仅保留 曲线质量标签=0，行数 326053->278993，趟次 125->107
   📊 区间 鄞州区政府-钱湖南路 发现等级: ['class2', 'class3']
  ✅ 成功 | 提取等级: ['class2', 'class3']

[9/26] 开始训练区间: 钱湖南路-南高教园区
   曲线质量过滤: 仅保留 曲线质量标签=0，行数 248211->212369，趟次 125->107
   📊 区间 钱湖南路-南高教园区 发现等级: ['class2', 'class3']
  ✅ 成功 | 提取等级: ['class2', 'class3']

[10/26] 开始训练区间: 南高教园区-下应路
   曲线质量过滤: 仅保留 曲线质量标签=0，行数 283340->242276，趟次 125->107
   📊 区间 南高教园区-下应路 发现等级: ['class2', 'class3']
  ✅ 成功 | 提取等级: ['class2', 'class3']

[11/26] 开始训练区间: 下应路-大洋江
   曲线质量过滤: 仅保留 曲线质量标签=0，行数 261550->223882，趟次 125->107
   📊 区间 下应路-大洋江 发现等级: ['class2', 'class3', 'class4']
  ✅ 成功 | 提取等级: ['class2', 'class3', 'class4']

[12/26] 开始训练区间: 大洋江-泗港
   曲线质量过滤: 仅保留 曲线质量标签=0，行数 228371->195981，趟次 125->107
   📊 区间 大洋江-泗港 发现等级: ['class2', 'class3']
  ✅ 成功 | 提取等级: ['class2', 'class3']

[13/26] 开始训练区间: 泗港-曹隘
   曲线质量过滤: 仅保留 曲线质量标签=0，行数 339515->291651，趟次 127->109
   📊 区间 泗港-曹隘 发现等级: ['class1', 'class2', 'class3', 'class4']
  ✅ 成功 | 提取等级: ['class1', 'class2', 'class3', 'class4']

[14/26] 开始训练区间: 曹隘-柳隘
   曲线质量过滤: 仅保留 曲线质量标签=0，行数 271902->228729，趟次 127->107
   📊 区间 曹隘-柳隘 发现等级: ['class2', 'class3', 'class4']
  ✅ 成功 | 提取等级: ['class2', 'class3', 'class4']

[15/26] 开始训练区间: 柳隘-海晏北路
   曲线质量过滤: 仅保留 曲线质量标签=0，行数 227926->188214，趟次 127->105
   📊 区间 柳隘-海晏北路 发现等级: ['class2', 'class3']
  ✅ 成功 | 提取等级: ['class2', 'class3']

[16/26] 开始训练区间: 海晏北路-民安东路
   曲线质量过滤: 仅保留 曲线质量标签=0，行数 213901->176371，趟次 127->105
   📊 区间 海晏北路-民安东路 发现等级: ['class2', 'class3']
  ✅ 成功 | 提取等级: ['class2', 'class3']

[17/26] 开始训练区间: 民安东路-会展中心
   曲线质量过滤: 仅保留 曲线质量标签=0，行数 194135->160304，趟次 126->104
   📊 区间 民安东路-会展中心 发现等级: ['class2', 'class3']
  ✅ 成功 | 提取等级: ['class2', 'class3']

[18/26] 开始训练区间: 会展中心-院士路
   曲线质量过滤: 仅保留 曲线质量标签=0，行数 290940->240048，趟次 126->104
   📊 区间 会展中心-院士路 发现等级: ['class3']
  ✅ 成功 | 提取等级: ['class3']

[19/26] 开始训练区间: 院士路-盎孟港
   曲线质量过滤: 仅保留 曲线质量标签=0，行数 228438->188552，趟次 126->104
   📊 区间 院士路-盎孟港 发现等级: ['class2', 'class3']
  ✅ 成功 | 提取等级: ['class2', 'class3']

[20/26] 开始训练区间: 盎孟港-三官堂
   曲线质量过滤: 仅保留 曲线质量标签=0，行数 341867->281124，趟次 126->104
   📊 区间 盎孟港-三官堂 发现等级: ['class2', 'class3']
  ✅ 成功 | 提取等级: ['class2', 'class3']

[21/26] 开始训练区间: 三官堂-兴庄路
   曲线质量过滤: 仅保留 曲线质量标签=0，行数 256217->211064，趟次 126->104
   📊 区间 三官堂-兴庄路 发现等级: ['class2', 'class3']
  ✅ 成功 | 提取等级: ['class2', 'class3']

[22/26] 开始训练区间: 兴庄路-兴海南路
   曲线质量过滤: 仅保留 曲线质量标签=0，行数 228584->184846，趟次 126->102
   📊 区间 兴庄路-兴海南路 发现等级: ['class2', 'class3']
  ✅ 成功 | 提取等级: ['class2', 'class3']

[23/26] 开始训练区间: 兴海南路-梅堰
   曲线质量过滤: 仅保留 曲线质量标签=0，行数 143904->119323，趟次 88->73
   📊 区间 兴海南路-梅堰 发现等级: ['class3']
  ✅ 成功 | 提取等级: ['class3']

[24/26] 开始训练区间: 梅堰-永茂路
   曲线质量过滤: 仅保留 曲线质量标签=0，行数 454593->375333，趟次 70->58
   📊 区间 梅堰-永茂路 发现等级: ['class2', 'class3', 'class4']
  ✅ 成功 | 提取等级: ['class2', 'class3', 'class4']

[25/26] 开始训练区间: 永茂路-镇海大道
   曲线质量过滤: 仅保留 曲线质量标签=0，行数 359266->299371，趟次 126->105
   📊 区间 永茂路-镇海大道 发现等级: ['class2', 'class4']
  ✅ 成功 | 提取等级: ['class2', 'class4']

[26/26] 开始训练区间: 镇海大道-骆驼桥
   曲线质量过滤: 仅保留 曲线质量标签=0，行数 295352->241442，趟次 126->103
   📊 区间 镇海大道-骆驼桥 发现等级: ['class2', 'class3', 'class4']
  ✅ 成功 | 提取等级: ['class2', 'class3', 'class4']

========================================================================
批量训练结束
成功区间数: 26
失败区间数: 0
汇总文件: D:\energy_conservation\output\ato_phase_results_v3\batch_train_summary.csv
========================================================================

# finished: 2026-06-16T15:42:11
# return_code: 0
# elapsed_seconds: 3691.9
