# step: dp_schedule
# command: C:\Users\bit11\AppData\Local\Programs\Python\Python311\python.exe D:\energy_conservation\scripts_new\00_main_pipeline\08_ato_class_globall_v2.py
# ENERGY_TRIP_NO: 66
# ENERGY_TRIP_INDEX: 65
# ENERGY_TARGET_TIME: 3738.9
# ENERGY_RESULTS_DATA_DIR: D:\energy_conservation\data\data_processed_step2_v3_all_curve_quality_traceability
# ENERGY_ATO_DATA_DIR: D:\energy_conservation\data\data_processed_step2_v3_all_curve_quality_traceability
# ENERGY_LINE_SCOPE: full
# ENERGY_TRACEABILITY_MANIFEST: D:\energy_conservation\data\data_processed_step2_v3_all_curve_quality_traceability\trip_traceability_manifest_v1.csv
# PYTHONIOENCODING: utf-8:replace
# started: 2026-09-04T22:34:08

Global trip: 66 (legacy local index 65)
Target total time: 3738.90s
Line scope: full (26 sections)
Menu file: D:\energy_conservation\output\analysis\ato_class_energy_menu66_new_v3.csv
History file: D:\energy_conservation\full_line66_validation_results.csv
Historical curve data dir: D:\energy_conservation\data\data_processed_step2_v3_all_curve_quality_traceability
趟次选择方式: 全局运行链追溯
全局趟次ID:   UP066_20240715_171505_R3551
追溯表:       D:\energy_conservation\data\data_processed_step2_v3_all_curve_quality_traceability\trip_traceability_manifest_v1.csv
映射区间数:   26
已删除旧 DP 输出: D:\energy_conservation\output\schedule\final_plan_report_v2\Final_Planning_Comparison.csv
已删除旧 DP 输出: D:\energy_conservation\output\schedule\final_plan_report_v2\Final_Planning_Comparison_Energy_First.csv
已删除旧 DP 输出: D:\energy_conservation\output\schedule\final_plan_report_v2\Final_Planning_Comparison_Real_Priority_Dwell_5pct.csv
Historical dwell file:   C:\Users\bit11\Desktop\数据测试代码\debug_reports\historical_dwell_first70\historical_dwell_detail_first70.csv
Historical dwell total:  773.0s
Exact-dwell target run:  2965.9s
Fallback dwell band:     757.5-788.5s (±2.0%)

DP input diagnostics:
  Selected global trip: 66 (legacy local index 65)
  Target total time: 3738.9s
  Allowed running time: <= 2981.4s within dwell tolerance, exact-dwell run 2965.9s
  Dwell totals: historical=773.0s, tolerance minimum=757.5s
  Historical selected-trip run time in full_line66_validation_results.csv: 2965.9s (full-line, dwell not included)
  Historical selected-trip total with historical dwell: 3738.9s
  Historical selected-trip total at tolerance minimum: 3723.4s
  Menu coverage: 26/26 sections
  History coverage: 26/26 sections
Historical dwell profile (25 intervals):
  布政-张家潭: 30.0s [actual]
  张家潭-同德路: 29.0s [actual]
  同德路-石碶: 34.0s [actual]
  石碶-雅渡: 30.0s [actual]
  雅渡-庙堰: 30.0s [actual]
  庙堰-钟公庙: 30.0s [actual]
  钟公庙-鄞州区政府: 41.0s [actual]
  鄞州区政府-钱湖南路: 29.0s [actual]
  钱湖南路-南高教园区: 35.0s [actual]
  南高教园区-下应路: 29.0s [actual]
  下应路-大洋江: 29.0s [actual]
  大洋江-泗港: 30.0s [actual]
  泗港-曹隘: 30.0s [actual]
  曹隘-柳隘: 29.0s [actual]
  柳隘-海晏北路: 45.0s [actual]
  海晏北路-民安东路: 30.0s [actual]
  民安东路-会展中心: 31.0s [actual]
  会展中心-院士路: 30.0s [actual]
  院士路-盎孟港: 30.0s [actual]
  盎孟港-三官堂: 29.0s [actual]
  三官堂-兴庄路: 31.0s [actual]
  兴庄路-兴海南路: 28.0s [actual]
  兴海南路-梅堰: 30.0s [actual]
  梅堰-永茂路: 27.0s [actual]
  永茂路-镇海大道: 27.0s [actual]

DP stage: real_only | dwell=historical_exact | run_range=[2965.9, 2965.9] | sources=['real'] | score=priority_first
  [1/26] 布政-张家潭 -> 2 states
  [2/26] 张家潭-同德路 -> 4 states
  [3/26] 同德路-石碶 -> 8 states
  [4/26] 石碶-雅渡 -> 17 states
  [5/26] 雅渡-庙堰 -> 44 states
  [6/26] 庙堰-钟公庙 -> 44 states
  [7/26] 钟公庙-鄞州区政府 -> 54 states
  [8/26] 鄞州区政府-钱湖南路 -> 86 states
  [9/26] 钱湖南路-南高教园区 -> 86 states
  [10/26] 南高教园区-下应路 -> 101 states
  [11/26] 下应路-大洋江 -> 131 states
  [12/26] 大洋江-泗港 -> 131 states
  [13/26] 泗港-曹隘 -> 131 states
  [14/26] 曹隘-柳隘 -> 152 states
  [15/26] 柳隘-海晏北路 -> 152 states
  [16/26] 海晏北路-民安东路 -> 152 states
  [17/26] 民安东路-会展中心 -> 161 states
  [18/26] 会展中心-院士路 -> 161 states
  [19/26] 院士路-盎孟港 -> 161 states
  [20/26] 盎孟港-三官堂 -> 233 states
  [21/26] 三官堂-兴庄路 -> 253 states
  [22/26] 兴庄路-兴海南路 -> 253 states
  [23/26] 兴海南路-梅堰 -> 253 states
  [24/26] 梅堰-永茂路 -> 317 states
  [25/26] 永茂路-镇海大道 -> 377 states
  [26/26] 镇海大道-骆驼桥 -> 45 states
  no feasible state. Reachable run time: [2970.0s, 2985.9s], required: [2965.9s, 2965.9s]

DP stage: allow_interpolated | dwell=historical_exact | run_range=[2965.9, 2965.9] | sources=['interpolated', 'real'] | score=priority_first
  [1/26] 布政-张家潭 -> 2 states
  [2/26] 张家潭-同德路 -> 4 states
  [3/26] 同德路-石碶 -> 8 states
  [4/26] 石碶-雅渡 -> 17 states
  [5/26] 雅渡-庙堰 -> 44 states
  [6/26] 庙堰-钟公庙 -> 44 states
  [7/26] 钟公庙-鄞州区政府 -> 54 states
  [8/26] 鄞州区政府-钱湖南路 -> 86 states
  [9/26] 钱湖南路-南高教园区 -> 86 states
  [10/26] 南高教园区-下应路 -> 101 states
  [11/26] 下应路-大洋江 -> 131 states
  [12/26] 大洋江-泗港 -> 131 states
  [13/26] 泗港-曹隘 -> 131 states
  [14/26] 曹隘-柳隘 -> 152 states
  [15/26] 柳隘-海晏北路 -> 152 states
  [16/26] 海晏北路-民安东路 -> 152 states
  [17/26] 民安东路-会展中心 -> 161 states
  [18/26] 会展中心-院士路 -> 161 states
  [19/26] 院士路-盎孟港 -> 161 states
  [20/26] 盎孟港-三官堂 -> 233 states
  [21/26] 三官堂-兴庄路 -> 253 states
  [22/26] 兴庄路-兴海南路 -> 253 states
  [23/26] 兴海南路-梅堰 -> 253 states
  [24/26] 梅堰-永茂路 -> 317 states
  [25/26] 永茂路-镇海大道 -> 377 states
  [26/26] 镇海大道-骆驼桥 -> 45 states
  no feasible state. Reachable run time: [2970.0s, 2985.9s], required: [2965.9s, 2965.9s]

DP stage: allow_extrapolated | dwell=historical_exact | run_range=[2965.9, 2965.9] | sources=['extrapolated_adjacent', 'interpolated', 'real'] | score=priority_first
  [1/26] 布政-张家潭 -> 3 states
  [2/26] 张家潭-同德路 -> 12 states
  [3/26] 同德路-石碶 -> 27 states
  [4/26] 石碶-雅渡 -> 61 states
  [5/26] 雅渡-庙堰 -> 136 states
  [6/26] 庙堰-钟公庙 -> 157 states
  [7/26] 钟公庙-鄞州区政府 -> 185 states
  [8/26] 鄞州区政府-钱湖南路 -> 289 states
  [9/26] 钱湖南路-南高教园区 -> 309 states
  [10/26] 南高教园区-下应路 -> 353 states
  [11/26] 下应路-大洋江 -> 417 states
  [12/26] 大洋江-泗港 -> 433 states
  [13/26] 泗港-曹隘 -> 433 states
  [14/26] 曹隘-柳隘 -> 485 states
  [15/26] 柳隘-海晏北路 -> 501 states
  [16/26] 海晏北路-民安东路 -> 517 states
  [17/26] 民安东路-会展中心 -> 550 states
  [18/26] 会展中心-院士路 -> 574 states
  [19/26] 院士路-盎孟港 -> 594 states
  [20/26] 盎孟港-三官堂 -> 797 states
  [21/26] 三官堂-兴庄路 -> 872 states
  [22/26] 兴庄路-兴海南路 -> 917 states
  [23/26] 兴海南路-梅堰 -> 937 states
  [24/26] 梅堰-永茂路 -> 1263 states
  [25/26] 永茂路-镇海大道 -> 873 states
  [26/26] 镇海大道-骆驼桥 -> 95 states

Selected priority-first plan: allow_extrapolated
Feasible states: 1
Best:  run=2965.9s, energy=429431.2 Wh, extrapolated=1, interpolated=0
Nominal-dwell best nearby: run=2975.0s, energy=423048.6 Wh
Dwell trade: +-9.1s run time -> saves -6382.6 Wh (-1.5%)

Priority-first report: Run: 2965.9s | Dwell: 773.0s | Total: 3738.9s (target: 3738.9s)
Energy: 429431.2 Wh | Saving: 4.07%
  Dwell after 布政-张家潭: 30.0s (history 30.0s)
  Dwell after 张家潭-同德路: 29.0s (history 29.0s)
  Dwell after 同德路-石碶: 34.0s (history 34.0s)
  Dwell after 石碶-雅渡: 30.0s (history 30.0s)
  Dwell after 雅渡-庙堰: 30.0s (history 30.0s)
  Dwell after 庙堰-钟公庙: 30.0s (history 30.0s)
  Dwell after 钟公庙-鄞州区政府: 41.0s (history 41.0s)
  Dwell after 鄞州区政府-钱湖南路: 29.0s (history 29.0s)
  Dwell after 钱湖南路-南高教园区: 35.0s (history 35.0s)
  Dwell after 南高教园区-下应路: 29.0s (history 29.0s)
  Dwell after 下应路-大洋江: 29.0s (history 29.0s)
  Dwell after 大洋江-泗港: 30.0s (history 30.0s)
  Dwell after 泗港-曹隘: 30.0s (history 30.0s)
  Dwell after 曹隘-柳隘: 29.0s (history 29.0s)
  Dwell after 柳隘-海晏北路: 45.0s (history 45.0s)
  Dwell after 海晏北路-民安东路: 30.0s (history 30.0s)
  Dwell after 民安东路-会展中心: 31.0s (history 31.0s)
  Dwell after 会展中心-院士路: 30.0s (history 30.0s)
  Dwell after 院士路-盎孟港: 30.0s (history 30.0s)
  Dwell after 盎孟港-三官堂: 29.0s (history 29.0s)
  Dwell after 三官堂-兴庄路: 31.0s (history 31.0s)
  Dwell after 兴庄路-兴海南路: 28.0s (history 28.0s)
  Dwell after 兴海南路-梅堰: 30.0s (history 30.0s)
  Dwell after 梅堰-永茂路: 27.0s (history 27.0s)
  Dwell after 永茂路-镇海大道: 27.0s (history 27.0s)

DP stage: real_only | dwell=historical_tolerance_5.0pct_energy | run_range=[2927.2, 3004.6] | sources=['real'] | score=real_priority_energy
  [1/26] 布政-张家潭 -> 2 states
  [2/26] 张家潭-同德路 -> 4 states
  [3/26] 同德路-石碶 -> 8 states
  [4/26] 石碶-雅渡 -> 17 states
  [5/26] 雅渡-庙堰 -> 44 states
  [6/26] 庙堰-钟公庙 -> 44 states
  [7/26] 钟公庙-鄞州区政府 -> 54 states
  [8/26] 鄞州区政府-钱湖南路 -> 86 states
  [9/26] 钱湖南路-南高教园区 -> 86 states
  [10/26] 南高教园区-下应路 -> 101 states
  [11/26] 下应路-大洋江 -> 131 states
  [12/26] 大洋江-泗港 -> 131 states
  [13/26] 泗港-曹隘 -> 131 states
  [14/26] 曹隘-柳隘 -> 152 states
  [15/26] 柳隘-海晏北路 -> 152 states
  [16/26] 海晏北路-民安东路 -> 152 states
  [17/26] 民安东路-会展中心 -> 161 states
  [18/26] 会展中心-院士路 -> 161 states
  [19/26] 院士路-盎孟港 -> 161 states
  [20/26] 盎孟港-三官堂 -> 233 states
  [21/26] 三官堂-兴庄路 -> 253 states
  [22/26] 兴庄路-兴海南路 -> 253 states
  [23/26] 兴海南路-梅堰 -> 253 states
  [24/26] 梅堰-永茂路 -> 317 states
  [25/26] 永茂路-镇海大道 -> 377 states
  [26/26] 镇海大道-骆驼桥 -> 199 states

Selected real-priority dwell-5pct plan: real_only
Feasible states: 119
Best:  run=3003.1s, energy=408775.4 Wh, extrapolated=0, interpolated=0
Nominal-dwell best nearby: run=2975.0s, energy=423048.6 Wh
Dwell trade: +28.1s run time -> saves 14273.2 Wh (3.4%)

Real-priority dwell-5pct report: Run: 3003.1s | Dwell: 735.8s | Total: 3738.9s (target: 3738.9s)
Energy: 408775.4 Wh | Saving: 8.68%

DP stage: energy_first | dwell=historical_exact | run_range=[2965.9, 2965.9] | sources=['extrapolated_adjacent', 'interpolated', 'real'] | score=energy_first
  [1/26] 布政-张家潭 -> 3 states
  [2/26] 张家潭-同德路 -> 12 states
  [3/26] 同德路-石碶 -> 27 states
  [4/26] 石碶-雅渡 -> 61 states
  [5/26] 雅渡-庙堰 -> 136 states
  [6/26] 庙堰-钟公庙 -> 157 states
  [7/26] 钟公庙-鄞州区政府 -> 185 states
  [8/26] 鄞州区政府-钱湖南路 -> 289 states
  [9/26] 钱湖南路-南高教园区 -> 309 states
  [10/26] 南高教园区-下应路 -> 353 states
  [11/26] 下应路-大洋江 -> 417 states
  [12/26] 大洋江-泗港 -> 433 states
  [13/26] 泗港-曹隘 -> 433 states
  [14/26] 曹隘-柳隘 -> 485 states
  [15/26] 柳隘-海晏北路 -> 501 states
  [16/26] 海晏北路-民安东路 -> 517 states
  [17/26] 民安东路-会展中心 -> 550 states
  [18/26] 会展中心-院士路 -> 574 states
  [19/26] 院士路-盎孟港 -> 594 states
  [20/26] 盎孟港-三官堂 -> 797 states
  [21/26] 三官堂-兴庄路 -> 872 states
  [22/26] 兴庄路-兴海南路 -> 917 states
  [23/26] 兴海南路-梅堰 -> 937 states
  [24/26] 梅堰-永茂路 -> 1263 states
  [25/26] 永茂路-镇海大道 -> 873 states
  [26/26] 镇海大道-骆驼桥 -> 95 states

Selected energy-first plan: energy_first
Feasible states: 1
Best:  run=2965.9s, energy=424254.1 Wh, extrapolated=2, interpolated=0
Nominal-dwell best nearby: run=2974.0s, energy=415629.1 Wh
Dwell trade: +-8.1s run time -> saves -8625.0 Wh (-2.1%)

Energy-first report: Run: 2965.9s | Dwell: 773.0s | Total: 3738.9s (target: 3738.9s)
Energy: 424254.1 Wh | Saving: 5.23%
Skipping DP plot outputs because ENERGY_SKIP_PLOTS=1.
Done. Energy: 429.431 kWh, Time: 3738.9s (strict = 3738.9s)

# finished: 2026-09-04T22:34:15
# return_code: 0
# elapsed_seconds: 7.6
