# step: energy_menu
# command: C:\Users\bit11\AppData\Local\Programs\Python\Python311\python.exe D:\energy_conservation\scripts_new\00_main_pipeline\06_ato_generated_results_energy.py
# ENERGY_TRIP_NO: 12
# ENERGY_TRIP_INDEX: 11
# ENERGY_TARGET_TIME: script default
# ENERGY_RESULTS_DATA_DIR: D:\energy_conservation\data\data_processed_step2_v3_all_curve_quality
# ENERGY_ATO_DATA_DIR: D:\energy_conservation\data\data_processed_step2_v3_all_curve_quality
# ENERGY_LINE_SCOPE: full
# PYTHONIOENCODING: utf-8:replace
# started: 2026-07-17T23:51:52

已删除旧能耗菜单: D:\energy_conservation\output\analysis\ato_class_energy_menu12_new_v3.csv
按测试数据目录筛选能耗菜单区间: 26 个
按 line scope 筛选后能耗菜单区间: 26 个
已生成区间参数表: D:\energy_conservation\data\static\section_params_trip12.csv | 更新 MASS: 26 | 跳过非本次区间: 0 | 沿用旧值: 0 | 保留模板值: 0
🚀 开始批量评估 26 个区间的 ATO 轨迹能耗：第 12 趟车...
地图/历史数据目录: D:\energy_conservation\data\data_processed_step2_v3_all_curve_quality
   加载残差模型: 布政-张家潭
   读取坡度曲率: 布政-张家潭
   ✅ 布政-张家潭 | class3 | 115.0s -> 总:12947.6Wh (物理:12911.0Wh + 残差:36.6Wh)
   ✅ 布政-张家潭 | class4 | 121.0s -> 总:14024.2Wh (物理:14131.4Wh + 残差:-107.2Wh)
   ✅ 布政-张家潭 | class5 | 127.05s -> 总:12627.7Wh (物理:13231.8Wh + 残差:-604.1Wh)
   加载残差模型: 张家潭-同德路
   读取坡度曲率: 张家潭-同德路
   ✅ 张家潭-同德路 | class1 | 141.0s -> 总:17890.7Wh (物理:18567.4Wh + 残差:-676.7Wh)
   ✅ 张家潭-同德路 | class2 | 148.0s -> 总:17599.2Wh (物理:18097.3Wh + 残差:-498.1Wh)
   ✅ 张家潭-同德路 | class3 | 151.0s -> 总:17915.9Wh (物理:17164.4Wh + 残差:751.4Wh)
   ✅ 张家潭-同德路 | class4 | 158.95s -> 总:16531.8Wh (物理:15798.0Wh + 残差:733.9Wh)
   加载残差模型: 同德路-石碶
   读取坡度曲率: 同德路-石碶
   ✅ 同德路-石碶 | class3 | 108.95s -> 总:13094.4Wh (物理:13065.8Wh + 残差:28.6Wh)
   ✅ 同德路-石碶 | class4 | 114.0s -> 总:13318.0Wh (物理:13507.4Wh + 残差:-189.4Wh)
   ✅ 同德路-石碶 | class5 | 120.0s -> 总:11776.2Wh (物理:12121.4Wh + 残差:-345.1Wh)
   加载残差模型: 石碶-雅渡
   读取坡度曲率: 石碶-雅渡
   ✅ 石碶-雅渡 | class2 | 80.0s -> 总:11046.1Wh (物理:10284.6Wh + 残差:761.5Wh)
   ✅ 石碶-雅渡 | class3 | 82.0s -> 总:11462.5Wh (物理:12101.4Wh + 残差:-638.9Wh)
   ✅ 石碶-雅渡 | class4 | 85.95s -> 总:11572.2Wh (物理:9944.8Wh + 残差:1627.5Wh)
   ✅ 石碶-雅渡 | class5 | 90.0s -> 总:8864.9Wh (物理:7436.5Wh + 残差:1428.5Wh)
   加载残差模型: 雅渡-庙堰
   读取坡度曲率: 雅渡-庙堰
   ✅ 雅渡-庙堰 | class2 | 129.0s -> 总:20522.5Wh (物理:20628.5Wh + 残差:-106.0Wh)
   ✅ 雅渡-庙堰 | class3 | 131.95s -> 总:19845.5Wh (物理:19580.6Wh + 残差:264.9Wh)
   ✅ 雅渡-庙堰 | class4 | 139.0s -> 总:18173.8Wh (物理:18238.1Wh + 残差:-64.3Wh)
   ✅ 雅渡-庙堰 | class5 | 146.0s -> 总:15961.9Wh (物理:16658.3Wh + 残差:-696.4Wh)
   加载残差模型: 庙堰-钟公庙
   读取坡度曲率: 庙堰-钟公庙
   ✅ 庙堰-钟公庙 | class3 | 95.95s -> 总:12482.5Wh (物理:11648.1Wh + 残差:834.5Wh)
   ✅ 庙堰-钟公庙 | class4 | 101.0s -> 总:10856.1Wh (物理:9416.6Wh + 残差:1439.4Wh)
   加载残差模型: 钟公庙-鄞州区政府
   读取坡度曲率: 钟公庙-鄞州区政府
   ✅ 钟公庙-鄞州区政府 | class3 | 90.0s -> 总:10332.2Wh (物理:11504.1Wh + 残差:-1171.9Wh)
   ✅ 钟公庙-鄞州区政府 | class4 | 94.95s -> 总:7971.6Wh (物理:9745.4Wh + 残差:-1773.7Wh)
   ✅ 钟公庙-鄞州区政府 | class5 | 99.0s -> 总:6122.4Wh (物理:8411.8Wh + 残差:-2289.4Wh)
   加载残差模型: 鄞州区政府-钱湖南路
   读取坡度曲率: 鄞州区政府-钱湖南路
   ✅ 鄞州区政府-钱湖南路 | class2 | 127.95s -> 总:18495.2Wh (物理:20249.2Wh + 残差:-1754.0Wh)
   ✅ 鄞州区政府-钱湖南路 | class3 | 132.05s -> 总:16051.3Wh (物理:18382.5Wh + 残差:-2331.2Wh)
   ✅ 鄞州区政府-钱湖南路 | class4 | 139.0s -> 总:15233.6Wh (物理:16860.1Wh + 残差:-1626.6Wh)
   加载残差模型: 钱湖南路-南高教园区
   读取坡度曲率: 钱湖南路-南高教园区
   ✅ 钱湖南路-南高教园区 | class3 | 100.05s -> 总:13575.2Wh (物理:12502.6Wh + 残差:1072.6Wh)
   ✅ 钱湖南路-南高教园区 | class4 | 104.95s -> 总:11774.5Wh (物理:10225.4Wh + 残差:1549.1Wh)
   加载残差模型: 南高教园区-下应路
   读取坡度曲率: 南高教园区-下应路
   ✅ 南高教园区-下应路 | class2 | 110.0s -> 总:20814.5Wh (物理:16246.7Wh + 残差:4567.8Wh)
   ✅ 南高教园区-下应路 | class3 | 114.0s -> 总:18386.6Wh (物理:14491.1Wh + 残差:3895.6Wh)
   ✅ 南高教园区-下应路 | class4 | 119.95s -> 总:16567.0Wh (物理:13584.9Wh + 残差:2982.1Wh)
   加载残差模型: 下应路-大洋江
   读取坡度曲率: 下应路-大洋江
   ✅ 下应路-大洋江 | class2 | 101.0s -> 总:13283.1Wh (物理:13107.4Wh + 残差:175.7Wh)
   ✅ 下应路-大洋江 | class3 | 106.0s -> 总:11247.3Wh (物理:10932.6Wh + 残差:314.7Wh)
   ✅ 下应路-大洋江 | class4 | 110.95s -> 总:11645.5Wh (物理:11329.4Wh + 残差:316.1Wh)
   ✅ 下应路-大洋江 | class5 | 117.0s -> 总:10641.5Wh (物理:9864.1Wh + 残差:777.3Wh)
   加载残差模型: 大洋江-泗港
   读取坡度曲率: 大洋江-泗港
   ✅ 大洋江-泗港 | class3 | 92.0s -> 总:10720.5Wh (物理:9499.9Wh + 残差:1220.7Wh)
   ✅ 大洋江-泗港 | class4 | 96.0s -> 总:9521.5Wh (物理:7904.0Wh + 残差:1617.6Wh)
   加载残差模型: 泗港-曹隘
   读取坡度曲率: 泗港-曹隘
   ✅ 泗港-曹隘 | class2 | 128.05s -> 总:20177.4Wh (物理:19643.2Wh + 残差:534.2Wh)
   ✅ 泗港-曹隘 | class4 | 137.0s -> 总:22926.8Wh (物理:22041.9Wh + 残差:884.9Wh)
   ✅ 泗港-曹隘 | class5 | 143.0s -> 总:21138.7Wh (物理:19615.1Wh + 残差:1523.6Wh)
   加载残差模型: 曹隘-柳隘
   读取坡度曲率: 曹隘-柳隘
   ✅ 曹隘-柳隘 | class2 | 106.05s -> 总:21384.4Wh (物理:14706.7Wh + 残差:6677.7Wh)
   ✅ 曹隘-柳隘 | class3 | 108.0s -> 总:19821.5Wh (物理:12680.7Wh + 残差:7140.7Wh)
   ✅ 曹隘-柳隘 | class4 | 112.95s -> 总:15929.9Wh (物理:10615.3Wh + 残差:5314.5Wh)
   ✅ 曹隘-柳隘 | class5 | 119.0s -> 总:13499.2Wh (物理:9609.8Wh + 残差:3889.5Wh)
   加载残差模型: 柳隘-海晏北路
   读取坡度曲率: 柳隘-海晏北路
   ✅ 柳隘-海晏北路 | class3 | 91.95s -> 总:11441.6Wh (物理:10727.8Wh + 残差:713.8Wh)
   ✅ 柳隘-海晏北路 | class4 | 96.0s -> 总:10234.6Wh (物理:8665.5Wh + 残差:1569.1Wh)
   加载残差模型: 海晏北路-民安东路
   读取坡度曲率: 海晏北路-民安东路
   ✅ 海晏北路-民安东路 | class3 | 85.0s -> 总:14760.3Wh (物理:11062.1Wh + 残差:3698.2Wh)
   ✅ 海晏北路-民安东路 | class4 | 88.95s -> 总:12381.2Wh (物理:8162.4Wh + 残差:4218.8Wh)
   加载残差模型: 民安东路-会展中心
   读取坡度曲率: 民安东路-会展中心
   ✅ 民安东路-会展中心 | class2 | 76.0s -> 总:15157.5Wh (物理:15367.7Wh + 残差:-210.2Wh)
   ✅ 民安东路-会展中心 | class3 | 78.95s -> 总:11612.3Wh (物理:10053.7Wh + 残差:1558.7Wh)
   ✅ 民安东路-会展中心 | class4 | 83.0s -> 总:6889.9Wh (物理:7183.6Wh + 残差:-293.7Wh)
   加载残差模型: 会展中心-院士路
   读取坡度曲率: 会展中心-院士路
   ✅ 会展中心-院士路 | class3 | 115.0s -> 总:14930.3Wh (物理:17606.9Wh + 残差:-2676.6Wh)
   ✅ 会展中心-院士路 | class4 | 121.0s -> 总:13311.6Wh (物理:16043.6Wh + 残差:-2732.0Wh)
   加载残差模型: 院士路-盎孟港
   读取坡度曲率: 院士路-盎孟港
   ✅ 院士路-盎孟港 | class3 | 90.95s -> 总:17872.8Wh (物理:11616.9Wh + 残差:6255.9Wh)
   ✅ 院士路-盎孟港 | class4 | 95.95s -> 总:14076.9Wh (物理:8366.5Wh + 残差:5710.4Wh)
   加载残差模型: 盎孟港-三官堂
   读取坡度曲率: 盎孟港-三官堂
   ✅ 盎孟港-三官堂 | class2 | 132.0s -> 总:17648.8Wh (物理:20657.3Wh + 残差:-3008.5Wh)
   ✅ 盎孟港-三官堂 | class3 | 138.95s -> 总:17144.9Wh (物理:17969.8Wh + 残差:-824.8Wh)
   ✅ 盎孟港-三官堂 | class4 | 146.0s -> 总:16505.7Wh (物理:16901.6Wh + 残差:-395.9Wh)
   加载残差模型: 三官堂-兴庄路
   读取坡度曲率: 三官堂-兴庄路
   ✅ 三官堂-兴庄路 | class1 | 94.05s -> 总:13128.2Wh (物理:13272.5Wh + 残差:-144.3Wh)
   ✅ 三官堂-兴庄路 | class2 | 99.0s -> 总:11575.0Wh (物理:9894.2Wh + 残差:1680.8Wh)
   ✅ 三官堂-兴庄路 | class3 | 104.05s -> 总:10525.4Wh (物理:8310.4Wh + 残差:2215.0Wh)
   ✅ 三官堂-兴庄路 | class4 | 109.0s -> 总:9982.6Wh (物理:7525.3Wh + 残差:2457.3Wh)
   加载残差模型: 兴庄路-兴海南路
   读取坡度曲率: 兴庄路-兴海南路
   ✅ 兴庄路-兴海南路 | class2 | 86.95s -> 总:15846.1Wh (物理:14625.7Wh + 残差:1220.3Wh)
   ✅ 兴庄路-兴海南路 | class4 | 95.95s -> 总:9478.6Wh (物理:7942.5Wh + 残差:1536.0Wh)
   加载残差模型: 兴海南路-梅堰
   读取坡度曲率: 兴海南路-梅堰
   ✅ 兴海南路-梅堰 | class3 | 81.95s -> 总:11320.4Wh (物理:11890.3Wh + 残差:-569.9Wh)
   ✅ 兴海南路-梅堰 | class4 | 86.0s -> 总:9599.3Wh (物理:8066.9Wh + 残差:1532.5Wh)
   加载残差模型: 梅堰-永茂路
   读取坡度曲率: 梅堰-永茂路
   ✅ 梅堰-永茂路 | class3 | 313.0s -> 总:29927.4Wh (物理:26882.5Wh + 残差:3044.9Wh)
   ✅ 梅堰-永茂路 | class4 | 329.0s -> 总:26343.1Wh (物理:25755.8Wh + 残差:587.3Wh)
   ✅ 梅堰-永茂路 | class5 | 345.05s -> 总:23481.3Wh (物理:25309.4Wh + 残差:-1828.1Wh)
   加载残差模型: 永茂路-镇海大道
   读取坡度曲率: 永茂路-镇海大道
   ✅ 永茂路-镇海大道 | class2 | 141.0s -> 总:17129.6Wh (物理:21387.4Wh + 残差:-4257.8Wh)
   ✅ 永茂路-镇海大道 | class3 | 148.0s -> 总:17150.9Wh (物理:19361.4Wh + 残差:-2210.6Wh)
   ✅ 永茂路-镇海大道 | class4 | 156.0s -> 总:15613.8Wh (物理:17484.9Wh + 残差:-1871.1Wh)
   ✅ 永茂路-镇海大道 | class5 | 164.05s -> 总:15097.5Wh (物理:16067.8Wh + 残差:-970.4Wh)
   加载残差模型: 镇海大道-骆驼桥
   读取坡度曲率: 镇海大道-骆驼桥
   ✅ 镇海大道-骆驼桥 | class2 | 116.0s -> 总:20051.6Wh (物理:17787.4Wh + 残差:2264.2Wh)
   ✅ 镇海大道-骆驼桥 | class3 | 122.0s -> 总:19266.0Wh (物理:17731.2Wh + 残差:1534.8Wh)
   ✅ 镇海大道-骆驼桥 | class4 | 128.0s -> 总:17274.2Wh (物理:16303.0Wh + 残差:971.2Wh)
   ✅ 镇海大道-骆驼桥 | class5 | 134.0s -> 总:15832.3Wh (物理:15189.6Wh + 残差:642.7Wh)

✨ 评估完成！能耗菜单已生成：D:\energy_conservation\output\analysis\ato_class_energy_menu12_new_v3.csv
👉 现在你可以运行 DP 调度算法来选择最优 Class 组合了。

# finished: 2026-07-18T00:24:37
# return_code: 0
# elapsed_seconds: 1965.6
