# step: ato_template
# command: C:\Users\bit11\AppData\Local\Programs\Python\Python311\python.exe D:\energy_conservation\scripts\train_ATO_v8.py
# ENERGY_TRIP_NO: 1
# ENERGY_TRIP_INDEX: 0
# ENERGY_TARGET_TIME: script default
# ENERGY_DATA_DIR: D:\energy_conservation\data\data_processed_step2_v3_first5_with_class
# PYTHONIOENCODING: utf-8:replace
# started: 2026-05-26T21:08:54

D:\energy_conservation\scripts\train_ATO_v8.py:564: UserWarning: Glyph 24067 (\N{CJK UNIFIED IDEOGRAPH-5E03}) missing from font(s) DejaVu Sans.
  plt.savefig(output_dir / f"{cls_name}_reference_vt.png", dpi=150)
D:\energy_conservation\scripts\train_ATO_v8.py:564: UserWarning: Glyph 25919 (\N{CJK UNIFIED IDEOGRAPH-653F}) missing from font(s) DejaVu Sans.
  plt.savefig(output_dir / f"{cls_name}_reference_vt.png", dpi=150)
D:\energy_conservation\scripts\train_ATO_v8.py:564: UserWarning: Glyph 24352 (\N{CJK UNIFIED IDEOGRAPH-5F20}) missing from font(s) DejaVu Sans.
  plt.savefig(output_dir / f"{cls_name}_reference_vt.png", dpi=150)
D:\energy_conservation\scripts\train_ATO_v8.py:564: UserWarning: Glyph 23478 (\N{CJK UNIFIED IDEOGRAPH-5BB6}) missing from font(s) DejaVu Sans.
  plt.savefig(output_dir / f"{cls_name}_reference_vt.png", dpi=150)
D:\energy_conservation\scripts\train_ATO_v8.py:564: UserWarning: Glyph 28525 (\N{CJK UNIFIED IDEOGRAPH-6F6D}) missing from font(s) DejaVu Sans.
  plt.savefig(output_dir / f"{cls_name}_reference_vt.png", dpi=150)
D:\energy_conservation\scripts\train_ATO_v8.py:564: UserWarning: Glyph 24352 (\N{CJK UNIFIED IDEOGRAPH-5F20}) missing from font(s) DejaVu Sans.
  plt.savefig(output_dir / f"{cls_name}_reference_vt.png", dpi=150)
D:\energy_conservation\scripts\train_ATO_v8.py:564: UserWarning: Glyph 23478 (\N{CJK UNIFIED IDEOGRAPH-5BB6}) missing from font(s) DejaVu Sans.
  plt.savefig(output_dir / f"{cls_name}_reference_vt.png", dpi=150)
D:\energy_conservation\scripts\train_ATO_v8.py:564: UserWarning: Glyph 28525 (\N{CJK UNIFIED IDEOGRAPH-6F6D}) missing from font(s) DejaVu Sans.
  plt.savefig(output_dir / f"{cls_name}_reference_vt.png", dpi=150)
D:\energy_conservation\scripts\train_ATO_v8.py:564: UserWarning: Glyph 21516 (\N{CJK UNIFIED IDEOGRAPH-540C}) missing from font(s) DejaVu Sans.
  plt.savefig(output_dir / f"{cls_name}_reference_vt.png", dpi=150)
D:\energy_conservation\scripts\train_ATO_v8.py:564: UserWarning: Glyph 24503 (\N{CJK UNIFIED IDEOGRAPH-5FB7}) missing from font(s) DejaVu Sans.
  plt.savefig(output_dir / f"{cls_name}_reference_vt.png", dpi=150)
D:\energy_conservation\scripts\train_ATO_v8.py:564: UserWarning: Glyph 36335 (\N{CJK UNIFIED IDEOGRAPH-8DEF}) missing from font(s) DejaVu Sans.
  plt.savefig(output_dir / f"{cls_name}_reference_vt.png", dpi=150)
D:\energy_conservation\scripts\train_ATO_v8.py:564: UserWarning: Glyph 21516 (\N{CJK UNIFIED IDEOGRAPH-540C}) missing from font(s) DejaVu Sans.
  plt.savefig(output_dir / f"{cls_name}_reference_vt.png", dpi=150)
D:\energy_conservation\scripts\train_ATO_v8.py:564: UserWarning: Glyph 24503 (\N{CJK UNIFIED IDEOGRAPH-5FB7}) missing from font(s) DejaVu Sans.
  plt.savefig(output_dir / f"{cls_name}_reference_vt.png", dpi=150)
D:\energy_conservation\scripts\train_ATO_v8.py:564: UserWarning: Glyph 36335 (\N{CJK UNIFIED IDEOGRAPH-8DEF}) missing from font(s) DejaVu Sans.
  plt.savefig(output_dir / f"{cls_name}_reference_vt.png", dpi=150)
D:\energy_conservation\scripts\train_ATO_v8.py:564: UserWarning: Glyph 30707 (\N{CJK UNIFIED IDEOGRAPH-77F3}) missing from font(s) DejaVu Sans.
  plt.savefig(output_dir / f"{cls_name}_reference_vt.png", dpi=150)
D:\energy_conservation\scripts\train_ATO_v8.py:564: UserWarning: Glyph 30902 (\N{CJK UNIFIED IDEOGRAPH-78B6}) missing from font(s) DejaVu Sans.
  plt.savefig(output_dir / f"{cls_name}_reference_vt.png", dpi=150)
D:\energy_conservation\scripts\train_ATO_v8.py:564: UserWarning: Glyph 30707 (\N{CJK UNIFIED IDEOGRAPH-77F3}) missing from font(s) DejaVu Sans.
  plt.savefig(output_dir / f"{cls_name}_reference_vt.png", dpi=150)
D:\energy_conservation\scripts\train_ATO_v8.py:564: UserWarning: Glyph 30902 (\N{CJK UNIFIED IDEOGRAPH-78B6}) missing from font(s) DejaVu Sans.
  plt.savefig(output_dir / f"{cls_name}_reference_vt.png", dpi=150)
D:\energy_conservation\scripts\train_ATO_v8.py:564: UserWarning: Glyph 38597 (\N{CJK UNIFIED IDEOGRAPH-96C5}) missing from font(s) DejaVu Sans.
  plt.savefig(output_dir / f"{cls_name}_reference_vt.png", dpi=150)
D:\energy_conservation\scripts\train_ATO_v8.py:564: UserWarning: Glyph 28193 (\N{CJK UNIFIED IDEOGRAPH-6E21}) missing from font(s) DejaVu Sans.
  plt.savefig(output_dir / f"{cls_name}_reference_vt.png", dpi=150)
D:\energy_conservation\scripts\train_ATO_v8.py:564: UserWarning: Glyph 38597 (\N{CJK UNIFIED IDEOGRAPH-96C5}) missing from font(s) DejaVu Sans.
  plt.savefig(output_dir / f"{cls_name}_reference_vt.png", dpi=150)
D:\energy_conservation\scripts\train_ATO_v8.py:564: UserWarning: Glyph 28193 (\N{CJK UNIFIED IDEOGRAPH-6E21}) missing from font(s) DejaVu Sans.
  plt.savefig(output_dir / f"{cls_name}_reference_vt.png", dpi=150)
D:\energy_conservation\scripts\train_ATO_v8.py:564: UserWarning: Glyph 24217 (\N{CJK UNIFIED IDEOGRAPH-5E99}) missing from font(s) DejaVu Sans.
  plt.savefig(output_dir / f"{cls_name}_reference_vt.png", dpi=150)
D:\energy_conservation\scripts\train_ATO_v8.py:564: UserWarning: Glyph 22576 (\N{CJK UNIFIED IDEOGRAPH-5830}) missing from font(s) DejaVu Sans.
  plt.savefig(output_dir / f"{cls_name}_reference_vt.png", dpi=150)
按测试数据目录筛选区间: 5 个，跳过标准时间表中未提供数据的 21 个区间。
========================================================================
批量训练 class3 三相位模板
时间表: D:\energy_conservation\output\analysis\class_tables_strict\standard_class_times.csv
数据目录: D:\energy_conservation\data\data_processed_step2_v3_first5_with_class
输出目录: D:\energy_conservation\output\ato_phase_results_v3
待处理区间数: 5
========================================================================

[1/5] 开始训练区间: 布政-张家潭
   📊 区间 布政-张家潭 发现等级: ['class3', 'class4']
  ✅ 成功 | 提取等级: ['class3', 'class4']

[2/5] 开始训练区间: 张家潭-同德路
   📊 区间 张家潭-同德路 发现等级: ['class2', 'class3', 'class4', 'class5']
  ✅ 成功 | 提取等级: ['class2', 'class3', 'class4', 'class5']

[3/5] 开始训练区间: 同德路-石碶
   📊 区间 同德路-石碶 发现等级: ['class2', 'class3', 'class4']
  ✅ 成功 | 提取等级: ['class2', 'class3', 'class4']

[4/5] 开始训练区间: 石碶-雅渡
   📊 区间 石碶-雅渡 发现等级: ['class1', 'class2', 'class3', 'class4']
  ✅ 成功 | 提取等级: ['class1', 'class2', 'class3', 'class4']

[5/5] 开始训练区间: 雅渡-庙堰
   📊 区间 雅渡-庙堰 发现等级: ['class2', 'class3', 'class4']
  ✅ 成功 | 提取等级: ['class2', 'class3', 'class4']

========================================================================
批量训练结束
成功区间数: 5
失败区间数: 0
汇总文件: D:\energy_conservation\output\ato_phase_results_v3\batch_train_summary.csv
========================================================================

# finished: 2026-05-26T21:11:32
# return_code: 0
# elapsed_seconds: 158.0
