# step: energy_menu
# command: C:\Users\bit11\AppData\Local\Programs\Python\Python311\python.exe D:\energy_conservation\scripts_new\00_main_pipeline\06_ato_generated_results_energy.py
# ENERGY_TRIP_NO: 2
# ENERGY_TRIP_INDEX: 1
# ENERGY_TARGET_TIME: 4000.0
# ENERGY_RESULTS_DATA_DIR: D:\energy_conservation\data\data_processed_step2_v3_all_curve_quality
# ENERGY_ATO_DATA_DIR: D:\energy_conservation\data\data_processed_step2_v3_all_curve_quality
# ENERGY_LINE_SCOPE: full
# PYTHONIOENCODING: utf-8:replace
# started: 2026-06-18T12:05:02

已删除旧能耗菜单: D:\energy_conservation\output\analysis\ato_class_energy_menu2_new_v3.csv
按测试数据目录筛选能耗菜单区间: 26 个
按 line scope 筛选后能耗菜单区间: 26 个
   读取重量: 布政-张家潭 trip 2
   读取重量: 张家潭-同德路 trip 2
   读取重量: 同德路-石碶 trip 2
   读取重量: 石碶-雅渡 trip 2
   读取重量: 雅渡-庙堰 trip 2
   读取重量: 庙堰-钟公庙 trip 2
   读取重量: 钟公庙-鄞州区政府 trip 2
   读取重量: 鄞州区政府-钱湖南路 trip 2
   读取重量: 钱湖南路-南高教园区 trip 2
   读取重量: 南高教园区-下应路 trip 2
   读取重量: 下应路-大洋江 trip 2
   读取重量: 大洋江-泗港 trip 2
   读取重量: 泗港-曹隘 trip 2
   读取重量: 曹隘-柳隘 trip 2
   读取重量: 柳隘-海晏北路 trip 2
   读取重量: 海晏北路-民安东路 trip 2
   读取重量: 民安东路-会展中心 trip 2
   读取重量: 会展中心-院士路 trip 2
   读取重量: 院士路-盎孟港 trip 2
   读取重量: 盎孟港-三官堂 trip 2
   读取重量: 三官堂-兴庄路 trip 2
   读取重量: 兴庄路-兴海南路 trip 2
   读取重量: 兴海南路-梅堰 trip 2
   读取重量: 梅堰-永茂路 trip 2
   读取重量: 永茂路-镇海大道 trip 2
   读取重量: 镇海大道-骆驼桥 trip 2
已生成区间参数表: D:\energy_conservation\data\static\section_params_trip2.csv | 更新 MASS: 26 | 跳过非本次区间: 0 | 沿用旧值: 0 | 保留模板值: 0
🚀 开始批量评估 26 个区间的 ATO 轨迹能耗：第 2 趟车...
地图/历史数据目录: D:\energy_conservation\data\data_processed_step2_v3_all_curve_quality
   加载残差模型: 布政-张家潭
   读取坡度曲率: 布政-张家潭
   ✅ 布政-张家潭 | class3 | 115.0s -> 总:12906.3Wh (物理:12916.8Wh + 残差:-10.5Wh)
   ✅ 布政-张家潭 | class4 | 121.0s -> 总:14011.7Wh (物理:14137.8Wh + 残差:-126.0Wh)
   ✅ 布政-张家潭 | class5 | 127.05s -> 总:12660.9Wh (物理:13237.8Wh + 残差:-576.9Wh)
   加载残差模型: 张家潭-同德路
   读取坡度曲率: 张家潭-同德路
   ✅ 张家潭-同德路 | class1 | 141.0s -> 总:18247.4Wh (物理:18583.7Wh + 残差:-336.3Wh)
   ✅ 张家潭-同德路 | class2 | 148.0s -> 总:17854.5Wh (物理:18113.4Wh + 残差:-258.8Wh)
   ✅ 张家潭-同德路 | class3 | 151.0s -> 总:18119.4Wh (物理:17179.7Wh + 残差:939.7Wh)
   ✅ 张家潭-同德路 | class4 | 158.95s -> 总:16756.7Wh (物理:15812.1Wh + 残差:944.6Wh)
   加载残差模型: 同德路-石碶
   读取坡度曲率: 同德路-石碶
   ✅ 同德路-石碶 | class3 | 108.95s -> 总:13376.2Wh (物理:13129.5Wh + 残差:246.8Wh)
   ✅ 同德路-石碶 | class4 | 114.0s -> 总:13525.0Wh (物理:13573.0Wh + 残差:-48.0Wh)
   ✅ 同德路-石碶 | class5 | 120.0s -> 总:11940.2Wh (物理:12180.5Wh + 残差:-240.3Wh)
   加载残差模型: 石碶-雅渡
   读取坡度曲率: 石碶-雅渡
   ✅ 石碶-雅渡 | class2 | 80.0s -> 总:10951.4Wh (物理:10580.1Wh + 残差:371.3Wh)
   ✅ 石碶-雅渡 | class3 | 82.0s -> 总:11758.5Wh (物理:12448.8Wh + 残差:-690.3Wh)
   ✅ 石碶-雅渡 | class4 | 85.95s -> 总:11416.9Wh (物理:10230.0Wh + 残差:1186.9Wh)
   ✅ 石碶-雅渡 | class5 | 90.0s -> 总:8764.2Wh (物理:7650.1Wh + 残差:1114.1Wh)
   加载残差模型: 雅渡-庙堰
   读取坡度曲率: 雅渡-庙堰
   ✅ 雅渡-庙堰 | class2 | 129.0s -> 总:21634.9Wh (物理:21366.7Wh + 残差:268.2Wh)
   ✅ 雅渡-庙堰 | class3 | 131.95s -> 总:20841.8Wh (物理:20285.5Wh + 残差:556.4Wh)
   ✅ 雅渡-庙堰 | class4 | 139.0s -> 总:18966.5Wh (物理:18896.4Wh + 残差:70.0Wh)
   ✅ 雅渡-庙堰 | class5 | 146.0s -> 总:17116.1Wh (物理:17263.6Wh + 残差:-147.5Wh)
   加载残差模型: 庙堰-钟公庙
   读取坡度曲率: 庙堰-钟公庙
   ✅ 庙堰-钟公庙 | class3 | 95.95s -> 总:13321.5Wh (物理:12190.3Wh + 残差:1131.3Wh)
   ✅ 庙堰-钟公庙 | class4 | 101.0s -> 总:11448.4Wh (物理:9856.8Wh + 残差:1591.7Wh)
   加载残差模型: 钟公庙-鄞州区政府
   读取坡度曲率: 钟公庙-鄞州区政府
   ✅ 钟公庙-鄞州区政府 | class3 | 90.0s -> 总:10968.4Wh (物理:12151.0Wh + 残差:-1182.5Wh)
   ✅ 钟公庙-鄞州区政府 | class4 | 94.95s -> 总:8547.2Wh (物理:10290.6Wh + 残差:-1743.4Wh)
   ✅ 钟公庙-鄞州区政府 | class5 | 99.0s -> 总:6715.9Wh (物理:8882.3Wh + 残差:-2166.4Wh)
   加载残差模型: 鄞州区政府-钱湖南路
   读取坡度曲率: 鄞州区政府-钱湖南路
   ✅ 鄞州区政府-钱湖南路 | class2 | 127.95s -> 总:19772.3Wh (物理:21280.5Wh + 残差:-1508.3Wh)
   ✅ 鄞州区政府-钱湖南路 | class3 | 132.05s -> 总:17426.2Wh (物理:19321.5Wh + 残差:-1895.3Wh)
   ✅ 鄞州区政府-钱湖南路 | class4 | 139.0s -> 总:16609.8Wh (物理:17726.0Wh + 残差:-1116.2Wh)
   加载残差模型: 钱湖南路-南高教园区
   读取坡度曲率: 钱湖南路-南高教园区
   ✅ 钱湖南路-南高教园区 | class3 | 100.05s -> 总:14629.0Wh (物理:13204.8Wh + 残差:1424.3Wh)
   ✅ 钱湖南路-南高教园区 | class4 | 104.95s -> 总:12779.9Wh (物理:10798.0Wh + 残差:1982.0Wh)
   加载残差模型: 南高教园区-下应路
   读取坡度曲率: 南高教园区-下应路
   ✅ 南高教园区-下应路 | class2 | 110.0s -> 总:22183.1Wh (物理:17301.0Wh + 残差:4882.1Wh)
   ✅ 南高教园区-下应路 | class3 | 114.0s -> 总:19606.3Wh (物理:15435.5Wh + 残差:4170.7Wh)
   ✅ 南高教园区-下应路 | class4 | 119.95s -> 总:17806.7Wh (物理:14477.2Wh + 残差:3329.5Wh)
   加载残差模型: 下应路-大洋江
   读取坡度曲率: 下应路-大洋江
   ✅ 下应路-大洋江 | class2 | 101.0s -> 总:14668.8Wh (物理:14056.8Wh + 残差:612.0Wh)
   ✅ 下应路-大洋江 | class3 | 106.0s -> 总:12704.7Wh (物理:11726.5Wh + 残差:978.2Wh)
   ✅ 下应路-大洋江 | class4 | 110.95s -> 总:13301.9Wh (物理:12152.5Wh + 残差:1149.4Wh)
   ✅ 下应路-大洋江 | class5 | 117.0s -> 总:12314.7Wh (物理:10581.1Wh + 残差:1733.6Wh)
   加载残差模型: 大洋江-泗港
   读取坡度曲率: 大洋江-泗港
   ✅ 大洋江-泗港 | class3 | 92.0s -> 总:11460.5Wh (物理:10158.3Wh + 残差:1302.3Wh)
   ✅ 大洋江-泗港 | class4 | 96.0s -> 总:10211.4Wh (物理:8451.5Wh + 残差:1759.9Wh)
   加载残差模型: 泗港-曹隘
   读取坡度曲率: 泗港-曹隘
   ✅ 泗港-曹隘 | class2 | 128.05s -> 总:21688.0Wh (物理:20960.3Wh + 残差:727.6Wh)
   ✅ 泗港-曹隘 | class4 | 137.0s -> 总:24444.9Wh (物理:23543.1Wh + 残差:901.8Wh)
   ✅ 泗港-曹隘 | class5 | 143.0s -> 总:23006.7Wh (物理:20958.5Wh + 残差:2048.2Wh)
   加载残差模型: 曹隘-柳隘
   读取坡度曲率: 曹隘-柳隘
   ✅ 曹隘-柳隘 | class2 | 106.05s -> 总:23346.0Wh (物理:15915.6Wh + 残差:7430.4Wh)
   ✅ 曹隘-柳隘 | class3 | 108.0s -> 总:21756.8Wh (物理:13720.9Wh + 残差:8035.9Wh)
   ✅ 曹隘-柳隘 | class4 | 112.95s -> 总:16830.6Wh (物理:11486.6Wh + 残差:5343.9Wh)
   ✅ 曹隘-柳隘 | class5 | 119.0s -> 总:13689.8Wh (物理:10402.4Wh + 残差:3287.4Wh)
   加载残差模型: 柳隘-海晏北路
   读取坡度曲率: 柳隘-海晏北路
   ✅ 柳隘-海晏北路 | class3 | 91.95s -> 总:12393.6Wh (物理:11668.9Wh + 残差:724.7Wh)
   ✅ 柳隘-海晏北路 | class4 | 96.0s -> 总:11166.2Wh (物理:9426.8Wh + 残差:1739.4Wh)
   加载残差模型: 海晏北路-民安东路
   读取坡度曲率: 海晏北路-民安东路
   ✅ 海晏北路-民安东路 | class3 | 85.0s -> 总:16122.5Wh (物理:11971.5Wh + 残差:4150.9Wh)
   ✅ 海晏北路-民安东路 | class4 | 88.95s -> 总:13571.1Wh (物理:8835.5Wh + 残差:4735.6Wh)
   加载残差模型: 民安东路-会展中心
   读取坡度曲率: 民安东路-会展中心
   ✅ 民安东路-会展中心 | class2 | 76.0s -> 总:15918.3Wh (物理:16040.5Wh + 残差:-122.2Wh)
   ✅ 民安东路-会展中心 | class3 | 78.95s -> 总:12288.8Wh (物理:10494.2Wh + 残差:1794.6Wh)
   ✅ 民安东路-会展中心 | class4 | 83.0s -> 总:7467.2Wh (物理:7499.4Wh + 残差:-32.2Wh)
   加载残差模型: 会展中心-院士路
   读取坡度曲率: 会展中心-院士路
   ✅ 会展中心-院士路 | class3 | 115.0s -> 总:15336.3Wh (物理:18025.6Wh + 残差:-2689.3Wh)
   ✅ 会展中心-院士路 | class4 | 121.0s -> 总:13692.5Wh (物理:16428.2Wh + 残差:-2735.6Wh)
   加载残差模型: 院士路-盎孟港
   读取坡度曲率: 院士路-盎孟港
   ✅ 院士路-盎孟港 | class3 | 90.95s -> 总:18147.3Wh (物理:11756.8Wh + 残差:6390.6Wh)
   ✅ 院士路-盎孟港 | class4 | 95.95s -> 总:14319.9Wh (物理:8467.8Wh + 残差:5852.2Wh)
   加载残差模型: 盎孟港-三官堂
   读取坡度曲率: 盎孟港-三官堂
   ✅ 盎孟港-三官堂 | class2 | 132.0s -> 总:17660.6Wh (物理:20666.3Wh + 残差:-3005.8Wh)
   ✅ 盎孟港-三官堂 | class3 | 138.95s -> 总:17158.7Wh (物理:17977.7Wh + 残差:-819.0Wh)
   ✅ 盎孟港-三官堂 | class4 | 146.0s -> 总:16521.2Wh (物理:16909.1Wh + 残差:-387.9Wh)
   加载残差模型: 三官堂-兴庄路
   读取坡度曲率: 三官堂-兴庄路
   ✅ 三官堂-兴庄路 | class1 | 94.05s -> 总:13094.9Wh (物理:13242.4Wh + 残差:-147.5Wh)
   ✅ 三官堂-兴庄路 | class2 | 99.0s -> 总:11531.8Wh (物理:9871.8Wh + 残差:1660.1Wh)
   ✅ 三官堂-兴庄路 | class3 | 104.05s -> 总:10484.0Wh (物理:8291.6Wh + 残差:2192.5Wh)
   ✅ 三官堂-兴庄路 | class4 | 109.0s -> 总:9943.9Wh (物理:7508.2Wh + 残差:2435.7Wh)
   加载残差模型: 兴庄路-兴海南路
   读取坡度曲率: 兴庄路-兴海南路
   ✅ 兴庄路-兴海南路 | class2 | 86.95s -> 总:15816.7Wh (物理:14612.4Wh + 残差:1204.4Wh)
   ✅ 兴庄路-兴海南路 | class4 | 95.95s -> 总:9433.4Wh (物理:7935.2Wh + 残差:1498.2Wh)
   加载残差模型: 兴海南路-梅堰
   读取坡度曲率: 兴海南路-梅堰
   ✅ 兴海南路-梅堰 | class3 | 81.95s -> 总:11310.9Wh (物理:11884.8Wh + 残差:-573.9Wh)
   ✅ 兴海南路-梅堰 | class4 | 86.0s -> 总:9581.0Wh (物理:8063.1Wh + 残差:1517.8Wh)
   加载残差模型: 梅堰-永茂路
   读取坡度曲率: 梅堰-永茂路
   ✅ 梅堰-永茂路 | class3 | 313.0s -> 总:29927.4Wh (物理:26882.5Wh + 残差:3044.9Wh)
   ✅ 梅堰-永茂路 | class4 | 329.0s -> 总:26343.1Wh (物理:25755.8Wh + 残差:587.3Wh)
   ✅ 梅堰-永茂路 | class5 | 345.05s -> 总:23481.3Wh (物理:25309.4Wh + 残差:-1828.1Wh)
   加载残差模型: 永茂路-镇海大道
   读取坡度曲率: 永茂路-镇海大道
   ✅ 永茂路-镇海大道 | class2 | 141.0s -> 总:17120.8Wh (物理:21368.9Wh + 残差:-4248.0Wh)
   ✅ 永茂路-镇海大道 | class3 | 148.0s -> 总:17075.1Wh (物理:19344.5Wh + 残差:-2269.3Wh)
   ✅ 永茂路-镇海大道 | class4 | 156.0s -> 总:15473.7Wh (物理:17469.5Wh + 残差:-1995.8Wh)
   ✅ 永茂路-镇海大道 | class5 | 164.05s -> 总:14897.5Wh (物理:16053.5Wh + 残差:-1156.1Wh)
   加载残差模型: 镇海大道-骆驼桥
   读取坡度曲率: 镇海大道-骆驼桥
   ✅ 镇海大道-骆驼桥 | class2 | 116.0s -> 总:20018.8Wh (物理:17779.5Wh + 残差:2239.3Wh)
   ✅ 镇海大道-骆驼桥 | class3 | 122.0s -> 总:19239.5Wh (物理:17723.3Wh + 残差:1516.2Wh)
   ✅ 镇海大道-骆驼桥 | class4 | 128.0s -> 总:17268.3Wh (物理:16295.7Wh + 残差:972.6Wh)
   ✅ 镇海大道-骆驼桥 | class5 | 134.0s -> 总:15833.3Wh (物理:15182.8Wh + 残差:650.6Wh)

✨ 评估完成！能耗菜单已生成：D:\energy_conservation\output\analysis\ato_class_energy_menu2_new_v3.csv
👉 现在你可以运行 DP 调度算法来选择最优 Class 组合了。

# finished: 2026-06-18T12:58:59
# return_code: 0
# elapsed_seconds: 3236.9
