Project root: D:\energy_conservation
Python:       C:\Users\bit11\AppData\Local\Programs\Python\Python311\python.exe
Log dir:      D:\energy_conservation\output\pipeline_logs\20260703_212146
Dry run:      False
Trip no:      4 (segment index 3)
Target time:  script default
Results dir:  D:\energy_conservation\data\data_processed_step2_v3_all_curve_quality
ATO dir:      D:\energy_conservation\data\data_processed_step2_v3_all_curve_quality
Line scope:   full

Selected steps:
01. energy_menu
    title: Energy menu calculation
    script: scripts_new/00_main_pipeline/06_ato_generated_results_energy.py
    desc:  Calculate physical + residual-AI energy for generated curves.
02. historical_baseline
    title: Historical baseline calculation
    script: scripts_new/00_main_pipeline/07_full_line_validation_results.py
    desc:  Generate historical time/energy baseline used by the DP comparison report.

=== energy_menu: Energy menu calculation ===
Calculate physical + residual-AI energy for generated curves.
Command: C:\Users\bit11\AppData\Local\Programs\Python\Python311\python.exe D:\energy_conservation\scripts_new\00_main_pipeline\06_ato_generated_results_energy.py
Trip:    4 (segment index 3)
Target:  script default
Results: D:\energy_conservation\data\data_processed_step2_v3_all_curve_quality
ATO:     D:\energy_conservation\data\data_processed_step2_v3_all_curve_quality
Scope:   full
按测试数据目录筛选能耗菜单区间: 26 个
按 line scope 筛选后能耗菜单区间: 26 个
   读取重量: 布政-张家潭 trip 4
   读取重量: 张家潭-同德路 trip 4
   读取重量: 同德路-石碶 trip 4
   读取重量: 石碶-雅渡 trip 4
   读取重量: 雅渡-庙堰 trip 4
   读取重量: 庙堰-钟公庙 trip 4
   读取重量: 钟公庙-鄞州区政府 trip 4
   读取重量: 鄞州区政府-钱湖南路 trip 4
   读取重量: 钱湖南路-南高教园区 trip 4
   读取重量: 南高教园区-下应路 trip 4
   读取重量: 下应路-大洋江 trip 4
   读取重量: 大洋江-泗港 trip 4
   读取重量: 泗港-曹隘 trip 4
   读取重量: 曹隘-柳隘 trip 4
   读取重量: 柳隘-海晏北路 trip 4
   读取重量: 海晏北路-民安东路 trip 4
   读取重量: 民安东路-会展中心 trip 4
   读取重量: 会展中心-院士路 trip 4
   读取重量: 院士路-盎孟港 trip 4
   读取重量: 盎孟港-三官堂 trip 4
   读取重量: 三官堂-兴庄路 trip 4
   读取重量: 兴庄路-兴海南路 trip 4
   读取重量: 兴海南路-梅堰 trip 4
   读取重量: 梅堰-永茂路 trip 4
   读取重量: 永茂路-镇海大道 trip 4
   读取重量: 镇海大道-骆驼桥 trip 4
已生成区间参数表: D:\energy_conservation\data\static\section_params_trip4.csv | 更新 MASS: 26 | 跳过非本次区间: 0 | 沿用旧值: 0 | 保留模板值: 0
? 开始批量评估 26 个区间的 ATO 轨迹能耗：第 4 趟车...
地图/历史数据目录: D:\energy_conservation\data\data_processed_step2_v3_all_curve_quality
   加载残差模型: 布政-张家潭
   读取坡度曲率: 布政-张家潭
   ? 布政-张家潭 | class3 | 115.0s -> 总:12906.3Wh (物理:12916.8Wh + 残差:-10.5Wh)
   ? 布政-张家潭 | class4 | 121.0s -> 总:14011.7Wh (物理:14137.8Wh + 残差:-126.0Wh)
   ? 布政-张家潭 | class5 | 127.05s -> 总:12660.9Wh (物理:13237.8Wh + 残差:-576.9Wh)
   加载残差模型: 张家潭-同德路
   读取坡度曲率: 张家潭-同德路
   ? 张家潭-同德路 | class1 | 141.0s -> 总:17890.7Wh (物理:18567.4Wh + 残差:-676.7Wh)
   ? 张家潭-同德路 | class2 | 148.0s -> 总:17599.2Wh (物理:18097.3Wh + 残差:-498.1Wh)
   ? 张家潭-同德路 | class3 | 151.0s -> 总:17915.9Wh (物理:17164.4Wh + 残差:751.4Wh)
   ? 张家潭-同德路 | class4 | 158.95s -> 总:16531.8Wh (物理:15798.0Wh + 残差:733.9Wh)
   加载残差模型: 同德路-石碶
   读取坡度曲率: 同德路-石碶
   ? 同德路-石碶 | class3 | 108.95s -> 总:13094.4Wh (物理:13065.8Wh + 残差:28.6Wh)
   ? 同德路-石碶 | class4 | 114.0s -> 总:13318.0Wh (物理:13507.4Wh + 残差:-189.4Wh)
   ? 同德路-石碶 | class5 | 120.0s -> 总:11776.2Wh (物理:12121.4Wh + 残差:-345.1Wh)
   加载残差模型: 石碶-雅渡
   读取坡度曲率: 石碶-雅渡
   ? 石碶-雅渡 | class2 | 80.0s -> 总:11046.1Wh (物理:10284.6Wh + 残差:761.5Wh)
   ? 石碶-雅渡 | class3 | 82.0s -> 总:11462.5Wh (物理:12101.4Wh + 残差:-638.9Wh)
   ? 石碶-雅渡 | class4 | 85.95s -> 总:11572.2Wh (物理:9944.8Wh + 残差:1627.5Wh)
   ? 石碶-雅渡 | class5 | 90.0s -> 总:8864.9Wh (物理:7436.5Wh + 残差:1428.5Wh)
   加载残差模型: 雅渡-庙堰
   读取坡度曲率: 雅渡-庙堰
   ? 雅渡-庙堰 | class2 | 129.0s -> 总:20508.1Wh (物理:20619.5Wh + 残差:-111.4Wh)
   ? 雅渡-庙堰 | class3 | 131.95s -> 总:19832.6Wh (物理:19572.0Wh + 残差:260.6Wh)
   ? 雅渡-庙堰 | class4 | 139.0s -> 总:18164.7Wh (物理:18230.1Wh + 残差:-65.4Wh)
   ? 雅渡-庙堰 | class5 | 146.0s -> 总:15948.5Wh (物理:16650.9Wh + 残差:-702.4Wh)
   加载残差模型: 庙堰-钟公庙
   读取坡度曲率: 庙堰-钟公庙
   ? 庙堰-钟公庙 | class3 | 95.95s -> 总:12501.1Wh (物理:11653.3Wh + 残差:847.8Wh)
   ? 庙堰-钟公庙 | class4 | 101.0s -> 总:10870.5Wh (物理:9420.9Wh + 残差:1449.6Wh)
   加载残差模型: 钟公庙-鄞州区政府
   读取坡度曲率: 钟公庙-鄞州区政府
   ? 钟公庙-鄞州区政府 | class3 | 90.0s -> 总:10332.2Wh (物理:11504.1Wh + 残差:-1171.9Wh)
   ? 钟公庙-鄞州区政府 | class4 | 94.95s -> 总:7971.6Wh (物理:9745.4Wh + 残差:-1773.7Wh)
   ? 钟公庙-鄞州区政府 | class5 | 99.0s -> 总:6122.4Wh (物理:8411.8Wh + 残差:-2289.4Wh)
   加载残差模型: 鄞州区政府-钱湖南路
   读取坡度曲率: 鄞州区政府-钱湖南路
   ? 鄞州区政府-钱湖南路 | class2 | 127.95s -> 总:18510.9Wh (物理:20258.1Wh + 残差:-1747.1Wh)
   ? 鄞州区政府-钱湖南路 | class3 | 132.05s -> 总:16066.4Wh (物理:18390.6Wh + 残差:-2324.2Wh)
   ? 鄞州区政府-钱湖南路 | class4 | 139.0s -> 总:15251.4Wh (物理:16867.6Wh + 残差:-1616.2Wh)
   加载残差模型: 钱湖南路-南高教园区
   读取坡度曲率: 钱湖南路-南高教园区
   ? 钱湖南路-南高教园区 | class3 | 100.05s -> 总:13597.4Wh (物理:12514.0Wh + 残差:1083.4Wh)
   ? 钱湖南路-南高教园区 | class4 | 104.95s -> 总:11795.2Wh (物理:10234.6Wh + 残差:1560.6Wh)
   加载残差模型: 南高教园区-下应路
   读取坡度曲率: 南高教园区-下应路
   ? 南高教园区-下应路 | class2 | 110.0s -> 总:20855.3Wh (物理:16268.3Wh + 残差:4587.0Wh)
   ? 南高教园区-下应路 | class3 | 114.0s -> 总:18422.3Wh (物理:14510.4Wh + 残差:3911.9Wh)
   ? 南高教园区-下应路 | class4 | 119.95s -> 总:16605.3Wh (物理:13603.1Wh + 残差:3002.2Wh)
   加载残差模型: 下应路-大洋江
   读取坡度曲率: 下应路-大洋江
   ? 下应路-大洋江 | class2 | 101.0s -> 总:13283.1Wh (物理:13107.4Wh + 残差:175.7Wh)
   ? 下应路-大洋江 | class3 | 106.0s -> 总:11247.3Wh (物理:10932.6Wh + 残差:314.7Wh)
   ? 下应路-大洋江 | class4 | 110.95s -> 总:11645.5Wh (物理:11329.4Wh + 残差:316.1Wh)
   ? 下应路-大洋江 | class5 | 117.0s -> 总:10641.5Wh (物理:9864.1Wh + 残差:777.3Wh)
   加载残差模型: 大洋江-泗港
   读取坡度曲率: 大洋江-泗港
   ? 大洋江-泗港 | class3 | 92.0s -> 总:10720.5Wh (物理:9499.9Wh + 残差:1220.7Wh)
   ? 大洋江-泗港 | class4 | 96.0s -> 总:9521.5Wh (物理:7904.0Wh + 残差:1617.6Wh)
   加载残差模型: 泗港-曹隘
   读取坡度曲率: 泗港-曹隘
   ? 泗港-曹隘 | class2 | 128.05s -> 总:20165.5Wh (物理:19634.6Wh + 残差:530.9Wh)
   ? 泗港-曹隘 | class4 | 137.0s -> 总:22914.6Wh (物理:22032.1Wh + 残差:882.5Wh)
   ? 泗港-曹隘 | class5 | 143.0s -> 总:21124.2Wh (物理:19606.4Wh + 残差:1517.8Wh)
   加载残差模型: 曹隘-柳隘
   读取坡度曲率: 曹隘-柳隘
   ? 曹隘-柳隘 | class2 | 106.05s -> 总:21396.2Wh (物理:14713.3Wh + 残差:6682.9Wh)
   ? 曹隘-柳隘 | class3 | 108.0s -> 总:19833.9Wh (物理:12686.4Wh + 残差:7147.5Wh)
   ? 曹隘-柳隘 | class4 | 112.95s -> 总:15939.0Wh (物理:10620.1Wh + 残差:5319.0Wh)
   ? 曹隘-柳隘 | class5 | 119.0s -> 总:13505.0Wh (物理:9614.1Wh + 残差:3890.9Wh)
   加载残差模型: 柳隘-海晏北路
   读取坡度曲率: 柳隘-海晏北路
   ? 柳隘-海晏北路 | class3 | 91.95s -> 总:11469.3Wh (物理:10747.4Wh + 残差:721.9Wh)
   ? 柳隘-海晏北路 | class4 | 96.0s -> 总:10264.5Wh (物理:8681.4Wh + 残差:1583.1Wh)
   加载残差模型: 海晏北路-民安东路
   读取坡度曲率: 海晏北路-民安东路
   ? 海晏北路-民安东路 | class3 | 85.0s -> 总:14825.9Wh (物理:11098.4Wh + 残差:3727.5Wh)
   ? 海晏北路-民安东路 | class4 | 88.95s -> 总:12445.3Wh (物理:8189.2Wh + 残差:4256.1Wh)
   加载残差模型: 民安东路-会展中心
   读取坡度曲率: 民安东路-会展中心
   ? 民安东路-会展中心 | class2 | 76.0s -> 总:15228.2Wh (物理:15425.2Wh + 残差:-197.0Wh)
   ? 民安东路-会展中心 | class3 | 78.95s -> 总:11685.2Wh (物理:10091.3Wh + 残差:1593.8Wh)
   ? 民安东路-会展中心 | class4 | 83.0s -> 总:6950.1Wh (物理:7210.6Wh + 残差:-260.5Wh)
   加载残差模型: 会展中心-院士路
   读取坡度曲率: 会展中心-院士路
   ? 会展中心-院士路 | class3 | 115.0s -> 总:14971.6Wh (物理:17647.4Wh + 残差:-2675.8Wh)
   ? 会展中心-院士路 | class4 | 121.0s -> 总:13348.2Wh (物理:16080.8Wh + 残差:-2732.6Wh)
   加载残差模型: 院士路-盎孟港
   读取坡度曲率: 院士路-盎孟港
   ? 院士路-盎孟港 | class3 | 90.95s -> 总:17872.8Wh (物理:11616.9Wh + 残差:6255.9Wh)
   ? 院士路-盎孟港 | class4 | 95.95s -> 总:14076.9Wh (物理:8366.5Wh + 残差:5710.4Wh)
   加载残差模型: 盎孟港-三官堂
   读取坡度曲率: 盎孟港-三官堂
   ? 盎孟港-三官堂 | class2 | 132.0s -> 总:17608.0Wh (物理:20630.1Wh + 残差:-3022.1Wh)
   ? 盎孟港-三官堂 | class3 | 138.95s -> 总:17098.4Wh (物理:17946.1Wh + 残差:-847.7Wh)
   ? 盎孟港-三官堂 | class4 | 146.0s -> 总:16447.9Wh (物理:16879.2Wh + 残差:-431.3Wh)
   加载残差模型: 三官堂-兴庄路
   读取坡度曲率: 三官堂-兴庄路
   ? 三官堂-兴庄路 | class1 | 94.05s -> 总:13134.8Wh (物理:13278.5Wh + 残差:-143.7Wh)
   ? 三官堂-兴庄路 | class2 | 99.0s -> 总:11583.4Wh (物理:9898.6Wh + 残差:1684.7Wh)
   ? 三官堂-兴庄路 | class3 | 104.05s -> 总:10532.6Wh (物理:8314.2Wh + 残差:2218.5Wh)
   ? 三官堂-兴庄路 | class4 | 109.0s -> 总:9988.8Wh (物理:7528.7Wh + 残差:2460.1Wh)
   加载残差模型: 兴庄路-兴海南路
   读取坡度曲率: 兴庄路-兴海南路
   ? 兴庄路-兴海南路 | class2 | 86.95s -> 总:15908.2Wh (物理:14659.1Wh + 残差:1249.1Wh)
   ? 兴庄路-兴海南路 | class4 | 95.95s -> 总:9568.6Wh (物理:7960.8Wh + 残差:1607.8Wh)
   加载残差模型: 兴海南路-梅堰
   读取坡度曲率: 兴海南路-梅堰
   ? 兴海南路-梅堰 | class3 | 81.95s -> 总:11356.6Wh (物理:11912.1Wh + 残差:-555.5Wh)
   ? 兴海南路-梅堰 | class4 | 86.0s -> 总:9665.1Wh (物理:8081.7Wh + 残差:1583.4Wh)
   加载残差模型: 梅堰-永茂路
   读取坡度曲率: 梅堰-永茂路
   ? 梅堰-永茂路 | class3 | 313.0s -> 总:29923.5Wh (物理:26894.5Wh + 残差:3029.0Wh)
   ? 梅堰-永茂路 | class4 | 329.0s -> 总:26368.5Wh (物理:25767.3Wh + 残差:601.1Wh)
   ? 梅堰-永茂路 | class5 | 345.05s -> 总:23479.1Wh (物理:25320.8Wh + 残差:-1841.7Wh)
   加载残差模型: 永茂路-镇海大道
   读取坡度曲率: 永茂路-镇海大道
   ? 永茂路-镇海大道 | class2 | 141.0s -> 总:17214.7Wh (物理:21452.3Wh + 残差:-4237.6Wh)
   ? 永茂路-镇海大道 | class3 | 148.0s -> 总:17367.2Wh (物理:19420.9Wh + 残差:-2053.7Wh)
   ? 永茂路-镇海大道 | class4 | 156.0s -> 总:16083.8Wh (物理:17539.1Wh + 残差:-1455.3Wh)
   ? 永茂路-镇海大道 | class5 | 164.05s -> 总:15801.4Wh (物理:16117.9Wh + 残差:-316.4Wh)
   加载残差模型: 镇海大道-骆驼桥
   读取坡度曲率: 镇海大道-骆驼桥
   ? 镇海大道-骆驼桥 | class2 | 116.0s -> 总:20204.2Wh (物理:17818.7Wh + 残差:2385.5Wh)
   ? 镇海大道-骆驼桥 | class3 | 122.0s -> 总:19373.2Wh (物理:17762.8Wh + 残差:1610.4Wh)
   ? 镇海大道-骆驼桥 | class4 | 128.0s -> 总:17321.8Wh (物理:16332.2Wh + 残差:989.6Wh)
   ? 镇海大道-骆驼桥 | class5 | 134.0s -> 总:15862.0Wh (物理:15216.9Wh + 残差:645.1Wh)

? 评估完成！能耗菜单已生成：D:\energy_conservation\output\analysis\ato_class_energy_menu4_new_v3.csv
? 现在你可以运行 DP 调度算法来选择最优 Class 组合了。
Step finished with code 0. Log: D:\energy_conservation\output\pipeline_logs\20260703_212146\energy_menu.log

=== historical_baseline: Historical baseline calculation ===
Generate historical time/energy baseline used by the DP comparison report.
Command: C:\Users\bit11\AppData\Local\Programs\Python\Python311\python.exe D:\energy_conservation\scripts_new\00_main_pipeline\07_full_line_validation_results.py
Trip:    4 (segment index 3)
Target:  script default
Results: D:\energy_conservation\data\data_processed_step2_v3_all_curve_quality
ATO:     D:\energy_conservation\data\data_processed_step2_v3_all_curve_quality
Scope:   full
? 开始全线 26 个区间的历史数据验证：第 4 趟车...
历史数据目录: D:\energy_conservation\data\data_processed_step2_v3_all_curve_quality
[01/26] 正在处理: 布政-张家潭 ...
[02/26] 正在处理: 张家潭-同德路 ...
[03/26] 正在处理: 同德路-石碶 ...
[04/26] 正在处理: 石碶-雅渡 ...
[05/26] 正在处理: 雅渡-庙堰 ...
[06/26] 正在处理: 庙堰-钟公庙 ...
[07/26] 正在处理: 钟公庙-鄞州区政府 ...
[08/26] 正在处理: 鄞州区政府-钱湖南路 ...
[09/26] 正在处理: 钱湖南路-南高教园区 ...
[10/26] 正在处理: 南高教园区-下应路 ...
[11/26] 正在处理: 下应路-大洋江 ...
[12/26] 正在处理: 大洋江-泗港 ...
[13/26] 正在处理: 泗港-曹隘 ...
[14/26] 正在处理: 曹隘-柳隘 ...
[15/26] 正在处理: 柳隘-海晏北路 ...
[16/26] 正在处理: 海晏北路-民安东路 ...
[17/26] 正在处理: 民安东路-会展中心 ...
[18/26] 正在处理: 会展中心-院士路 ...
[19/26] 正在处理: 院士路-盎孟港 ...
[20/26] 正在处理: 盎孟港-三官堂 ...
[21/26] 正在处理: 三官堂-兴庄路 ...
[22/26] 正在处理: 兴庄路-兴海南路 ...
[23/26] 正在处理: 兴海南路-梅堰 ...
[24/26] 正在处理: 梅堰-永茂路 ...
[25/26] 正在处理: 永茂路-镇海大道 ...
[26/26] 正在处理: 镇海大道-骆驼桥 ...


============================================================
? 5号线全线 26 区间验证结果汇总
============================================================
      站间区间  历史运行时间(s)  历史实测能耗(Wh)  历史能耗(Wh)     物理占比         残差占比  误差(%)
    布政-张家潭     117.55    14208.11  14118.17 14299.78  -181.610001  -0.63
   张家潭-同德路     150.40    17933.61  17878.86 17115.24   763.619995  -0.31
    同德路-石碶     110.35    12148.84  11926.44 11897.56    28.879999  -1.83
     石碶-雅渡      83.75    13098.34  12982.27 11937.44  1044.829956  -0.89
     雅渡-庙堰     132.05    20638.43  19760.83 19323.27   437.559998  -4.25
    庙堰-钟公庙      95.45    12912.19  12814.83 12006.95   807.880005  -0.75
 钟公庙-鄞州区政府      91.35    10123.19   9963.91 11169.99 -1206.079956  -1.57
鄞州区政府-钱湖南路     131.95    16379.14  15835.26 17965.60 -2130.340088  -3.32
钱湖南路-南高教园区     100.40    13661.40  13328.85 11997.51  1331.339966  -2.43
 南高教园区-下应路     115.00    18719.01  18448.17 14363.71  4084.449951  -1.45
   下应路-大洋江     105.15    11223.55  11060.62 10849.86   210.759995  -1.45
    大洋江-泗港      91.50    10679.37  10439.70  9327.77  1111.930054  -2.24
     泗港-曹隘     134.50    23305.87  23071.46 22020.18  1051.280029  -1.01
     曹隘-柳隘     106.70    20871.03  20714.23 13294.03  7420.200195  -0.75
   柳隘-海晏北路      90.15    14348.07  14440.56 13089.37  1351.189941   0.64
 海晏北路-民安东路      83.35    15734.55  15484.10 12159.36  3324.729980  -1.59
 民安东路-会展中心      76.75    12259.46  12245.42 11166.96  1078.459961  -0.11
  会展中心-院士路     114.60    14992.71  14895.36 17404.87 -2509.510010  -0.65
   院士路-盎孟港      89.75    18676.97  18570.93 12951.23  5619.709961  -0.57
   盎孟港-三官堂     138.20    16344.69  15888.01 17956.31 -2068.300049  -2.79
   三官堂-兴庄路     104.70    10456.83  10252.96  8026.17  2226.790039  -1.95
  兴庄路-兴海南路      91.10    12283.34  12104.69 10215.62  1889.060059  -1.45
   兴海南路-梅堰      81.40    12824.43  12783.58 12718.03    65.550003  -0.32
    梅堰-永茂路     329.10    26082.74  26281.94 25906.75   375.190002   0.76
  永茂路-镇海大道     142.50    18070.62  17602.68 21020.29 -3417.610107  -2.59
  镇海大道-骆驼桥     116.40    20191.62  19923.13 17748.37  2174.760010  -1.33

? 结果已保存至: D:\energy_conservation\full_line4_validation_results.csv
Step finished with code 0. Log: D:\energy_conservation\output\pipeline_logs\20260703_212146\historical_baseline.log

Pipeline finished successfully.
