Project root: D:\energy_conservation
Python:       C:\Users\bit11\AppData\Local\Programs\Python\Python311\python.exe
Log dir:      D:\energy_conservation\output\pipeline_logs\20260703_225612
Dry run:      False
Trip no:      4 (segment index 3)
Target time:  3774.10s
Results dir:  D:\energy_conservation\data\data_processed_step2_v3_all_curve_quality
ATO dir:      D:\energy_conservation\data\data_processed_step2_v3_all_curve_quality
Line scope:   full

Selected steps:
01. dp_schedule
    title: DP schedule optimization
    script: scripts_new/00_main_pipeline/08_ato_class_globall_v2.py
    desc:  Select the lowest-energy class combination and write final comparison outputs.

=== dp_schedule: DP schedule optimization ===
Select the lowest-energy class combination and write final comparison outputs.
Command: C:\Users\bit11\AppData\Local\Programs\Python\Python311\python.exe D:\energy_conservation\scripts_new\00_main_pipeline\08_ato_class_globall_v2.py
Trip:    4 (segment index 3)
Target:  3774.10s
Results: D:\energy_conservation\data\data_processed_step2_v3_all_curve_quality
ATO:     D:\energy_conservation\data\data_processed_step2_v3_all_curve_quality
Scope:   full
已删除旧 DP 输出: D:\energy_conservation\output\schedule\final_plan_report_v2\Final_Planning_Comparison.csv
已删除旧 DP 输出: D:\energy_conservation\output\schedule\final_plan_report_v2\Final_Planning_Comparison_Energy_First.csv
Trip: 4 (segment index 3)
Target total time: 3774.10s
Line scope: full (26 sections)
Menu file: D:\energy_conservation\output\analysis\ato_class_energy_menu4_new_v3.csv
History file: D:\energy_conservation\full_line4_validation_results.csv
Historical curve data dir: D:\energy_conservation\data\data_processed_step2_v3_all_curve_quality
Max run (at min dwell): 3174.1s
Nom run (at nominal):   3024.1s
Dwell budget to trade:   150s

DP input diagnostics:
  Selected trip: 4 (segment index 3)
  Target total time: 3774.1s
  Allowed running time: <= 3174.1s with min dwell, nominal target run 3024.1s
  Dwell totals: nominal=750.0s, min=600.0s
  Historical selected-trip run time in full_line4_validation_results.csv: 3024.1s (full-line, dwell not included)
  Historical selected-trip total with nominal dwell: 3774.1s
  Historical selected-trip total with min dwell:     3624.1s
  Menu coverage: 26/26 sections
  History coverage: 26/26 sections
Dwell config (25 intervals):
  布政-张家潭: nominal=30s, min=24s [elastic (24-30s)]
  张家潭-同德路: nominal=30s, min=24s [elastic (24-30s)]
  同德路-石碶: nominal=30s, min=24s [elastic (24-30s)]
  石碶-雅渡: nominal=30s, min=24s [elastic (24-30s)]
  雅渡-庙堰: nominal=30s, min=24s [elastic (24-30s)]
  庙堰-钟公庙: nominal=30s, min=24s [elastic (24-30s)]
  钟公庙-鄞州区政府: nominal=30s, min=24s [elastic (24-30s)]
  鄞州区政府-钱湖南路: nominal=30s, min=24s [elastic (24-30s)]
  钱湖南路-南高教园区: nominal=30s, min=24s [elastic (24-30s)]
  南高教园区-下应路: nominal=30s, min=24s [elastic (24-30s)]
  下应路-大洋江: nominal=30s, min=24s [elastic (24-30s)]
  大洋江-泗港: nominal=30s, min=24s [elastic (24-30s)]
  泗港-曹隘: nominal=30s, min=24s [elastic (24-30s)]
  曹隘-柳隘: nominal=30s, min=24s [elastic (24-30s)]
  柳隘-海晏北路: nominal=30s, min=24s [elastic (24-30s)]
  海晏北路-民安东路: nominal=30s, min=24s [elastic (24-30s)]
  民安东路-会展中心: nominal=30s, min=24s [elastic (24-30s)]
  会展中心-院士路: nominal=30s, min=24s [elastic (24-30s)]
  院士路-盎孟港: nominal=30s, min=24s [elastic (24-30s)]
  盎孟港-三官堂: nominal=30s, min=24s [elastic (24-30s)]
  三官堂-兴庄路: nominal=30s, min=24s [elastic (24-30s)]
  兴庄路-兴海南路: nominal=30s, min=24s [elastic (24-30s)]
  兴海南路-梅堰: nominal=30s, min=24s [elastic (24-30s)]
  梅堰-永茂路: nominal=30s, min=24s [elastic (24-30s)]
  永茂路-镇海大道: nominal=30s, min=24s [elastic (24-30s)]
  镇海大道-骆驼桥: nominal=30s, min=24s [elastic (24-30s)]

DP stage: real_only | sources=['real'] | score=priority_first
  [1/26] 布政-张家潭 -> 2 states
  [2/26] 张家潭-同德路 -> 4 states
  [3/26] 同德路-石碶 -> 8 states
  [4/26] 石碶-雅渡 -> 17 states
  [5/26] 雅渡-庙堰 -> 44 states
  [6/26] 庙堰-钟公庙 -> 44 states
  [7/26] 钟公庙-鄞州区政府 -> 54 states
  [8/26] 鄞州区政府-钱湖南路 -> 86 states
  [9/26] 钱湖南路-南高教园区 -> 86 states
  [10/26] 南高教园区-下应路 -> 101 states
  [11/26] 下应路-大洋江 -> 131 states
  [12/26] 大洋江-泗港 -> 131 states
  [13/26] 泗港-曹隘 -> 131 states
  [14/26] 曹隘-柳隘 -> 152 states
  [15/26] 柳隘-海晏北路 -> 152 states
  [16/26] 海晏北路-民安东路 -> 152 states
  [17/26] 民安东路-会展中心 -> 161 states
  [18/26] 会展中心-院士路 -> 161 states
  [19/26] 院士路-盎孟港 -> 161 states
  [20/26] 盎孟港-三官堂 -> 233 states
  [21/26] 三官堂-兴庄路 -> 253 states
  [22/26] 兴庄路-兴海南路 -> 253 states
  [23/26] 兴海南路-梅堰 -> 253 states
  [24/26] 梅堰-永茂路 -> 317 states
  [25/26] 永茂路-镇海大道 -> 377 states
  [26/26] 镇海大道-骆驼桥 -> 425 states

Selected priority-first plan: real_only
Feasible states: 425
Best:  run=3063.0s, energy=387685.8 Wh, extrapolated=0, interpolated=0
Nominal-dwell best nearby: run=3034.0s, energy=390994.1 Wh
Dwell trade: +29.0s run time -> saves 3308.3 Wh (0.8%)

Priority-first report: Run: 3063.0s | Dwell: 710.0s | Total: 3773.0s (target: 3774.1s)
Energy: 387685.8 Wh | Saving: 5.02%
  Dwell after 布政-张家潭: 28.4s
  Dwell after 张家潭-同德路: 28.4s
  Dwell after 同德路-石碶: 28.4s
  Dwell after 石碶-雅渡: 28.4s
  Dwell after 雅渡-庙堰: 28.4s
  Dwell after 庙堰-钟公庙: 28.4s
  Dwell after 钟公庙-鄞州区政府: 28.4s
  Dwell after 鄞州区政府-钱湖南路: 28.4s
  Dwell after 钱湖南路-南高教园区: 28.4s
  Dwell after 南高教园区-下应路: 28.4s
  Dwell after 下应路-大洋江: 28.4s
  Dwell after 大洋江-泗港: 28.4s
  Dwell after 泗港-曹隘: 28.4s
  Dwell after 曹隘-柳隘: 28.4s
  Dwell after 柳隘-海晏北路: 28.4s
  Dwell after 海晏北路-民安东路: 28.4s
  Dwell after 民安东路-会展中心: 28.4s
  Dwell after 会展中心-院士路: 28.4s
  Dwell after 院士路-盎孟港: 28.4s
  Dwell after 盎孟港-三官堂: 28.4s
  Dwell after 三官堂-兴庄路: 28.4s
  Dwell after 兴庄路-兴海南路: 28.4s
  Dwell after 兴海南路-梅堰: 28.4s
  Dwell after 梅堰-永茂路: 28.4s
  Dwell after 永茂路-镇海大道: 28.4s

DP stage: energy_first | sources=['extrapolated_adjacent', 'interpolated', 'real'] | score=energy_first
  [1/26] 布政-张家潭 -> 2 states
  [2/26] 张家潭-同德路 -> 8 states
  [3/26] 同德路-石碶 -> 16 states
  [4/26] 石碶-雅渡 -> 33 states
  [5/26] 雅渡-庙堰 -> 77 states
  [6/26] 庙堰-钟公庙 -> 91 states
  [7/26] 钟公庙-鄞州区政府 -> 105 states
  [8/26] 鄞州区政府-钱湖南路 -> 180 states
  [9/26] 钱湖南路-南高教园区 -> 200 states
  [10/26] 南高教园区-下应路 -> 247 states
  [11/26] 下应路-大洋江 -> 287 states
  [12/26] 大洋江-泗港 -> 307 states
  [13/26] 泗港-曹隘 -> 307 states
  [14/26] 曹隘-柳隘 -> 337 states
  [15/26] 柳隘-海晏北路 -> 353 states
  [16/26] 海晏北路-民安东路 -> 369 states
  [17/26] 民安东路-会展中心 -> 401 states
  [18/26] 会展中心-院士路 -> 425 states
  [19/26] 院士路-盎孟港 -> 445 states
  [20/26] 盎孟港-三官堂 -> 609 states
  [21/26] 三官堂-兴庄路 -> 684 states
  [22/26] 兴庄路-兴海南路 -> 729 states
  [23/26] 兴海南路-梅堰 -> 749 states
  [24/26] 梅堰-永茂路 -> 829 states
  [25/26] 永茂路-镇海大道 -> 904 states
  [26/26] 镇海大道-骆驼桥 -> 964 states

Selected energy-first plan: energy_first
Feasible states: 964
Best:  run=3148.9s, energy=356389.5 Wh, extrapolated=15, interpolated=0
Nominal-dwell best nearby: run=3034.1s, energy=375184.9 Wh
Dwell trade: +114.8s run time -> saves 18795.5 Wh (5.0%)

Energy-first report: Run: 3149.0s | Dwell: 625.0s | Total: 3774.0s (target: 3774.1s)
Energy: 356389.5 Wh | Saving: 12.69%
Skipping DP plot outputs because ENERGY_SKIP_PLOTS=1.
Done. Energy: 387.686 kWh, Time: 3773.0s (strict = 3774.1s)
Step finished with code 0. Log: D:\energy_conservation\output\pipeline_logs\20260703_225612\dp_schedule.log

Pipeline finished successfully.
