# step: dp_schedule
# command: C:\Users\bit11\AppData\Local\Programs\Python\Python311\python.exe D:\energy_conservation\scripts_new\00_main_pipeline\08_ato_class_globall_v2.py
# ENERGY_TRIP_NO: 6
# ENERGY_TRIP_INDEX: 5
# ENERGY_TARGET_TIME: 3736.3
# ENERGY_RESULTS_DATA_DIR: D:\energy_conservation\data\data_processed_step2_v3_all_curve_quality_traceability
# ENERGY_ATO_DATA_DIR: D:\energy_conservation\data\data_processed_step2_v3_all_curve_quality_traceability
# ENERGY_LINE_SCOPE: full
# ENERGY_TRACEABILITY_MANIFEST: D:\energy_conservation\data\data_processed_step2_v3_all_curve_quality_traceability\trip_traceability_manifest_v1.csv
# PYTHONIOENCODING: utf-8:replace
# started: 2026-07-24T10:48:36

Global trip: 6 (legacy local index 5)
Target total time: 3736.30s
Line scope: full (26 sections)
Menu file: D:\energy_conservation\output\analysis\ato_class_energy_menu6_new_v3.csv
History file: D:\energy_conservation\full_line6_validation_results.csv
Historical curve data dir: D:\energy_conservation\data\data_processed_step2_v3_all_curve_quality_traceability
趟次选择方式: 全局运行链追溯
全局趟次ID:   UP006_20240701_171011_R274
追溯表:       D:\energy_conservation\data\data_processed_step2_v3_all_curve_quality_traceability\trip_traceability_manifest_v1.csv
映射区间数:   26
已删除旧 DP 输出: D:\energy_conservation\output\schedule\final_plan_report_v2\Final_Planning_Comparison.csv
已删除旧 DP 输出: D:\energy_conservation\output\schedule\final_plan_report_v2\Final_Planning_Comparison_Energy_First.csv
已删除旧 DP 输出: D:\energy_conservation\output\schedule\final_plan_report_v2\Final_Planning_Comparison_Real_Priority_Dwell_5pct.csv
Historical dwell file:   C:\Users\bit11\Desktop\数据测试代码\debug_reports\historical_dwell_first70\historical_dwell_detail_first70.csv
Historical dwell total:  770.0s
Exact-dwell target run:  2966.3s
Fallback dwell band:     695.0-770.0s (each station [3s below history, history])

DP input diagnostics:
  Selected global trip: 6 (legacy local index 5)
  Target total time: 3736.3s
  Allowed running time: <= 3041.3s within dwell tolerance, exact-dwell run 2966.3s
  Dwell totals: historical=770.0s, tolerance minimum=695.0s
  Historical selected-trip run time in full_line6_validation_results.csv: 2966.3s (full-line, dwell not included)
  Historical selected-trip total with historical dwell: 3736.3s
  Historical selected-trip total at tolerance minimum: 3661.3s
  Menu coverage: 26/26 sections
  History coverage: 26/26 sections
Historical dwell profile (25 intervals):
  布政-张家潭: 30.0s [actual]
  张家潭-同德路: 30.0s [actual]
  同德路-石碶: 34.0s [actual]
  石碶-雅渡: 29.0s [actual]
  雅渡-庙堰: 30.0s [actual]
  庙堰-钟公庙: 29.0s [actual]
  钟公庙-鄞州区政府: 40.0s [actual]
  鄞州区政府-钱湖南路: 29.0s [actual]
  钱湖南路-南高教园区: 35.0s [actual]
  南高教园区-下应路: 30.0s [actual]
  下应路-大洋江: 29.0s [actual]
  大洋江-泗港: 29.0s [actual]
  泗港-曹隘: 31.0s [actual]
  曹隘-柳隘: 30.0s [actual]
  柳隘-海晏北路: 45.0s [actual]
  海晏北路-民安东路: 30.0s [actual]
  民安东路-会展中心: 30.0s [actual]
  会展中心-院士路: 29.0s [actual]
  院士路-盎孟港: 30.0s [actual]
  盎孟港-三官堂: 30.0s [actual]
  三官堂-兴庄路: 30.0s [actual]
  兴庄路-兴海南路: 27.0s [actual]
  兴海南路-梅堰: 29.0s [actual]
  梅堰-永茂路: 28.0s [actual]
  永茂路-镇海大道: 27.0s [actual]

DP stage: real_only | dwell=historical_minus_3s | run_range=[2966.3, 3041.3] | sources=['real'] | score=real_priority_energy
  [1/26] 布政-张家潭 -> 2 states
  [2/26] 张家潭-同德路 -> 4 states
  [3/26] 同德路-石碶 -> 8 states
  [4/26] 石碶-雅渡 -> 17 states
  [5/26] 雅渡-庙堰 -> 44 states
  [6/26] 庙堰-钟公庙 -> 44 states
  [7/26] 钟公庙-鄞州区政府 -> 54 states
  [8/26] 鄞州区政府-钱湖南路 -> 86 states
  [9/26] 钱湖南路-南高教园区 -> 86 states
  [10/26] 南高教园区-下应路 -> 101 states
  [11/26] 下应路-大洋江 -> 131 states
  [12/26] 大洋江-泗港 -> 131 states
  [13/26] 泗港-曹隘 -> 131 states
  [14/26] 曹隘-柳隘 -> 152 states
  [15/26] 柳隘-海晏北路 -> 152 states
  [16/26] 海晏北路-民安东路 -> 152 states
  [17/26] 民安东路-会展中心 -> 161 states
  [18/26] 会展中心-院士路 -> 161 states
  [19/26] 院士路-盎孟港 -> 161 states
  [20/26] 盎孟港-三官堂 -> 233 states
  [21/26] 三官堂-兴庄路 -> 253 states
  [22/26] 兴庄路-兴海南路 -> 253 states
  [23/26] 兴海南路-梅堰 -> 253 states
  [24/26] 梅堰-永茂路 -> 317 states
  [25/26] 永茂路-镇海大道 -> 377 states
  [26/26] 镇海大道-骆驼桥 -> 347 states

Selected priority-first plan: real_only
Feasible states: 267
Best:  run=3041.1s, energy=399455.9 Wh, extrapolated=0, interpolated=0
Nominal-dwell best nearby: run=2975.0s, energy=422854.1 Wh
Dwell trade: +66.1s run time -> saves 23398.2 Wh (5.5%)

Priority-first report: Run: 3041.1s | Dwell: 695.2s | Total: 3736.3s (target: 3736.3s)
Energy: 399455.9 Wh | Saving: 10.49%
  Dwell after 布政-张家潭: 27.0s (history 30.0s)
  Dwell after 张家潭-同德路: 27.0s (history 30.0s)
  Dwell after 同德路-石碶: 31.0s (history 34.0s)
  Dwell after 石碶-雅渡: 26.0s (history 29.0s)
  Dwell after 雅渡-庙堰: 27.0s (history 30.0s)
  Dwell after 庙堰-钟公庙: 26.0s (history 29.0s)
  Dwell after 钟公庙-鄞州区政府: 37.0s (history 40.0s)
  Dwell after 鄞州区政府-钱湖南路: 26.0s (history 29.0s)
  Dwell after 钱湖南路-南高教园区: 32.0s (history 35.0s)
  Dwell after 南高教园区-下应路: 27.0s (history 30.0s)
  Dwell after 下应路-大洋江: 26.0s (history 29.0s)
  Dwell after 大洋江-泗港: 26.0s (history 29.0s)
  Dwell after 泗港-曹隘: 28.0s (history 31.0s)
  Dwell after 曹隘-柳隘: 27.0s (history 30.0s)
  Dwell after 柳隘-海晏北路: 42.0s (history 45.0s)
  Dwell after 海晏北路-民安东路: 27.0s (history 30.0s)
  Dwell after 民安东路-会展中心: 27.0s (history 30.0s)
  Dwell after 会展中心-院士路: 26.0s (history 29.0s)
  Dwell after 院士路-盎孟港: 27.0s (history 30.0s)
  Dwell after 盎孟港-三官堂: 27.0s (history 30.0s)
  Dwell after 三官堂-兴庄路: 27.0s (history 30.0s)
  Dwell after 兴庄路-兴海南路: 24.0s (history 27.0s)
  Dwell after 兴海南路-梅堰: 26.0s (history 29.0s)
  Dwell after 梅堰-永茂路: 25.0s (history 28.0s)
  Dwell after 永茂路-镇海大道: 24.2s (history 27.0s)

DP stage: real_only | dwell=historical_tolerance_5.0pct_energy | run_range=[2927.8, 3004.8] | sources=['real'] | score=real_priority_energy
  [1/26] 布政-张家潭 -> 2 states
  [2/26] 张家潭-同德路 -> 4 states
  [3/26] 同德路-石碶 -> 8 states
  [4/26] 石碶-雅渡 -> 17 states
  [5/26] 雅渡-庙堰 -> 44 states
  [6/26] 庙堰-钟公庙 -> 44 states
  [7/26] 钟公庙-鄞州区政府 -> 54 states
  [8/26] 鄞州区政府-钱湖南路 -> 86 states
  [9/26] 钱湖南路-南高教园区 -> 86 states
  [10/26] 南高教园区-下应路 -> 101 states
  [11/26] 下应路-大洋江 -> 131 states
  [12/26] 大洋江-泗港 -> 131 states
  [13/26] 泗港-曹隘 -> 131 states
  [14/26] 曹隘-柳隘 -> 152 states
  [15/26] 柳隘-海晏北路 -> 152 states
  [16/26] 海晏北路-民安东路 -> 152 states
  [17/26] 民安东路-会展中心 -> 161 states
  [18/26] 会展中心-院士路 -> 161 states
  [19/26] 院士路-盎孟港 -> 161 states
  [20/26] 盎孟港-三官堂 -> 233 states
  [21/26] 三官堂-兴庄路 -> 253 states
  [22/26] 兴庄路-兴海南路 -> 253 states
  [23/26] 兴海南路-梅堰 -> 253 states
  [24/26] 梅堰-永茂路 -> 317 states
  [25/26] 永茂路-镇海大道 -> 377 states
  [26/26] 镇海大道-骆驼桥 -> 200 states

Selected real-priority dwell-5pct plan: real_only
Feasible states: 120
Best:  run=3003.1s, energy=408245.2 Wh, extrapolated=0, interpolated=0
Nominal-dwell best nearby: run=2975.0s, energy=422854.1 Wh
Dwell trade: +28.1s run time -> saves 14608.9 Wh (3.5%)

Real-priority dwell-5pct report: Run: 3003.1s | Dwell: 733.2s | Total: 3736.3s (target: 3736.3s)
Energy: 408245.2 Wh | Saving: 8.52%

DP stage: energy_first | dwell=historical_minus_3s | run_range=[2966.3, 3041.3] | sources=['extrapolated_adjacent', 'interpolated', 'real'] | score=energy_first
  [1/26] 布政-张家潭 -> 2 states
  [2/26] 张家潭-同德路 -> 8 states
  [3/26] 同德路-石碶 -> 16 states
  [4/26] 石碶-雅渡 -> 33 states
  [5/26] 雅渡-庙堰 -> 77 states
  [6/26] 庙堰-钟公庙 -> 91 states
  [7/26] 钟公庙-鄞州区政府 -> 105 states
  [8/26] 鄞州区政府-钱湖南路 -> 180 states
  [9/26] 钱湖南路-南高教园区 -> 200 states
  [10/26] 南高教园区-下应路 -> 247 states
  [11/26] 下应路-大洋江 -> 287 states
  [12/26] 大洋江-泗港 -> 307 states
  [13/26] 泗港-曹隘 -> 307 states
  [14/26] 曹隘-柳隘 -> 337 states
  [15/26] 柳隘-海晏北路 -> 353 states
  [16/26] 海晏北路-民安东路 -> 369 states
  [17/26] 民安东路-会展中心 -> 401 states
  [18/26] 会展中心-院士路 -> 425 states
  [19/26] 院士路-盎孟港 -> 445 states
  [20/26] 盎孟港-三官堂 -> 609 states
  [21/26] 三官堂-兴庄路 -> 684 states
  [22/26] 兴庄路-兴海南路 -> 729 states
  [23/26] 兴海南路-梅堰 -> 749 states
  [24/26] 梅堰-永茂路 -> 829 states
  [25/26] 永茂路-镇海大道 -> 904 states
  [26/26] 镇海大道-骆驼桥 -> 470 states

Selected energy-first plan: energy_first
Feasible states: 353
Best:  run=3041.1s, energy=382967.9 Wh, extrapolated=11, interpolated=0
Nominal-dwell best nearby: run=2976.0s, energy=413313.7 Wh
Dwell trade: +65.1s run time -> saves 30345.8 Wh (7.3%)

Energy-first report: Run: 3041.1s | Dwell: 695.2s | Total: 3736.3s (target: 3736.3s)
Energy: 382967.9 Wh | Saving: 14.19%
Skipping DP plot outputs because ENERGY_SKIP_PLOTS=1.
Done. Energy: 399.456 kWh, Time: 3736.3s (strict = 3736.3s)

# finished: 2026-07-24T10:48:43
# return_code: 0
# elapsed_seconds: 7.0
