# step: residual_training
# command: C:\Users\bit11\AppData\Local\Programs\Python\Python311\python.exe D:\energy_conservation\scripts_new\00_main_pipeline\02_train_residual_new.py
# ENERGY_TRIP_NO: 1
# ENERGY_TRIP_INDEX: 0
# ENERGY_TARGET_TIME: script default
# ENERGY_RESULTS_DATA_DIR: D:\energy_conservation\data\data_processed_step2_v3_all_curve_quality_traceability
# ENERGY_ATO_DATA_DIR: D:\energy_conservation\data\data_processed_step2_v3_all_curve_quality_traceability
# ENERGY_LINE_SCOPE: full
# ENERGY_TRACEABILITY_MANIFEST: D:\energy_conservation\data\data_processed_step2_v3_all_curve_quality_traceability\trip_traceability_manifest_v1.csv
# PYTHONIOENCODING: utf-8:replace
# started: 2026-09-08T11:22:01

当前训练设备: cpu
残差训练数据目录: D:\energy_conservation\data\data_processed_step2_v3_all_curve_quality_traceability
残差模型输出目录: D:\energy_conservation\output\models\nn_results_residual_v2
残差训练区间范围: full (26 sections)

[残差6特征] 开始训练: 布政-张家潭
   ...正在计算物理基准 (Simulating)...
   开始训练残差模型 (样本数: 230752)...
开始训练: 布政-张家潭 (样本数: 230752)
      Epoch  10 | Train: 0.031946 | Val: 0.030674
      早停: Epoch 15, best epoch=10, best val loss=0.030674
   训练结束 (Best Val Loss: 0.03067, Best Epoch: 10)
   三纵轴对标图已保存: D:\energy_conservation\output\models\nn_results_residual_v2\布政-张家潭/triple_axis_fusion.png

[残差6特征] 开始训练: 张家潭-同德路
   ...正在计算物理基准 (Simulating)...
   开始训练残差模型 (样本数: 298410)...
开始训练: 张家潭-同德路 (样本数: 298410)
      Epoch  10 | Train: 0.037509 | Val: 0.036816
      Epoch  20 | Train: 0.034382 | Val: 0.034253
      早停: Epoch 21, best epoch=16, best val loss=0.033769
   训练结束 (Best Val Loss: 0.03377, Best Epoch: 16)
   三纵轴对标图已保存: D:\energy_conservation\output\models\nn_results_residual_v2\张家潭-同德路/triple_axis_fusion.png

[残差6特征] 开始训练: 同德路-石碶
   ...正在计算物理基准 (Simulating)...
   开始训练残差模型 (样本数: 213757)...
开始训练: 同德路-石碶 (样本数: 213757)
      Epoch  10 | Train: 0.037259 | Val: 0.035921
      早停: Epoch 10, best epoch=5, best val loss=0.033235
   训练结束 (Best Val Loss: 0.03324, Best Epoch: 5)
   三纵轴对标图已保存: D:\energy_conservation\output\models\nn_results_residual_v2\同德路-石碶/triple_axis_fusion.png

[残差6特征] 开始训练: 石碶-雅渡
   ...正在计算物理基准 (Simulating)...
   开始训练残差模型 (样本数: 159542)...
开始训练: 石碶-雅渡 (样本数: 159542)
      早停: Epoch 9, best epoch=4, best val loss=0.027609
   训练结束 (Best Val Loss: 0.02761, Best Epoch: 4)
   三纵轴对标图已保存: D:\energy_conservation\output\models\nn_results_residual_v2\石碶-雅渡/triple_axis_fusion.png

[残差6特征] 开始训练: 雅渡-庙堰
   ...正在计算物理基准 (Simulating)...
   开始训练残差模型 (样本数: 261125)...
开始训练: 雅渡-庙堰 (样本数: 261125)
      Epoch  10 | Train: 0.040365 | Val: 0.045788
      Epoch  20 | Train: 0.035895 | Val: 0.041031
      Epoch  30 | Train: 0.032643 | Val: 0.040528
      早停: Epoch 30, best epoch=25, best val loss=0.037363
   训练结束 (Best Val Loss: 0.03736, Best Epoch: 25)
   三纵轴对标图已保存: D:\energy_conservation\output\models\nn_results_residual_v2\雅渡-庙堰/triple_axis_fusion.png

[残差6特征] 开始训练: 庙堰-钟公庙
   ...正在计算物理基准 (Simulating)...
   开始训练残差模型 (样本数: 187704)...
开始训练: 庙堰-钟公庙 (样本数: 187704)
      Epoch  10 | Train: 0.030313 | Val: 0.031627
      早停: Epoch 16, best epoch=11, best val loss=0.026240
   训练结束 (Best Val Loss: 0.02624, Best Epoch: 11)
   三纵轴对标图已保存: D:\energy_conservation\output\models\nn_results_residual_v2\庙堰-钟公庙/triple_axis_fusion.png

[残差6特征] 开始训练: 钟公庙-鄞州区政府
   ...正在计算物理基准 (Simulating)...
   开始训练残差模型 (样本数: 177247)...
开始训练: 钟公庙-鄞州区政府 (样本数: 177247)
      Epoch  10 | Train: 0.024637 | Val: 0.024203
      早停: Epoch 15, best epoch=10, best val loss=0.024203
   训练结束 (Best Val Loss: 0.02420, Best Epoch: 10)
   三纵轴对标图已保存: D:\energy_conservation\output\models\nn_results_residual_v2\钟公庙-鄞州区政府/triple_axis_fusion.png

[残差6特征] 开始训练: 鄞州区政府-钱湖南路
   ...正在计算物理基准 (Simulating)...
   开始训练残差模型 (样本数: 257276)...
开始训练: 鄞州区政府-钱湖南路 (样本数: 257276)
      Epoch  10 | Train: 0.033994 | Val: 0.036580
      早停: Epoch 16, best epoch=11, best val loss=0.032854
   训练结束 (Best Val Loss: 0.03285, Best Epoch: 11)
   三纵轴对标图已保存: D:\energy_conservation\output\models\nn_results_residual_v2\鄞州区政府-钱湖南路/triple_axis_fusion.png

[残差6特征] 开始训练: 钱湖南路-南高教园区
   ...正在计算物理基准 (Simulating)...
   开始训练残差模型 (样本数: 195183)...
开始训练: 钱湖南路-南高教园区 (样本数: 195183)
      Epoch  10 | Train: 0.026937 | Val: 0.031025
      早停: Epoch 14, best epoch=9, best val loss=0.027960
   训练结束 (Best Val Loss: 0.02796, Best Epoch: 9)
   三纵轴对标图已保存: D:\energy_conservation\output\models\nn_results_residual_v2\钱湖南路-南高教园区/triple_axis_fusion.png

[残差6特征] 开始训练: 南高教园区-下应路
   ...正在计算物理基准 (Simulating)...
   开始训练残差模型 (样本数: 223035)...
开始训练: 南高教园区-下应路 (样本数: 223035)
      Epoch  10 | Train: 0.033671 | Val: 0.032597
      早停: Epoch 15, best epoch=10, best val loss=0.032597
   训练结束 (Best Val Loss: 0.03260, Best Epoch: 10)
   三纵轴对标图已保存: D:\energy_conservation\output\models\nn_results_residual_v2\南高教园区-下应路/triple_axis_fusion.png

[残差6特征] 开始训练: 下应路-大洋江
   ...正在计算物理基准 (Simulating)...
   开始训练残差模型 (样本数: 205613)...
开始训练: 下应路-大洋江 (样本数: 205613)
      Epoch  10 | Train: 0.030020 | Val: 0.028123
      早停: Epoch 18, best epoch=13, best val loss=0.026029
   训练结束 (Best Val Loss: 0.02603, Best Epoch: 13)
   三纵轴对标图已保存: D:\energy_conservation\output\models\nn_results_residual_v2\下应路-大洋江/triple_axis_fusion.png

[残差6特征] 开始训练: 大洋江-泗港
   ...正在计算物理基准 (Simulating)...
   开始训练残差模型 (样本数: 179270)...
开始训练: 大洋江-泗港 (样本数: 179270)
      Epoch  10 | Train: 0.022294 | Val: 0.021768
      早停: Epoch 15, best epoch=10, best val loss=0.021768
   训练结束 (Best Val Loss: 0.02177, Best Epoch: 10)
   三纵轴对标图已保存: D:\energy_conservation\output\models\nn_results_residual_v2\大洋江-泗港/triple_axis_fusion.png

[残差6特征] 开始训练: 泗港-曹隘
   ...正在计算物理基准 (Simulating)...
   开始训练残差模型 (样本数: 266623)...
开始训练: 泗港-曹隘 (样本数: 266623)
      Epoch  10 | Train: 0.019528 | Val: 0.020527
      Epoch  20 | Train: 0.016640 | Val: 0.019077
      早停: Epoch 22, best epoch=17, best val loss=0.016703
   训练结束 (Best Val Loss: 0.01670, Best Epoch: 17)
   三纵轴对标图已保存: D:\energy_conservation\output\models\nn_results_residual_v2\泗港-曹隘/triple_axis_fusion.png

[残差6特征] 开始训练: 曹隘-柳隘
   ...正在计算物理基准 (Simulating)...
   开始训练残差模型 (样本数: 213169)...
开始训练: 曹隘-柳隘 (样本数: 213169)
      Epoch  10 | Train: 0.009680 | Val: 0.013179
      早停: Epoch 11, best epoch=6, best val loss=0.010240
   训练结束 (Best Val Loss: 0.01024, Best Epoch: 6)
   三纵轴对标图已保存: D:\energy_conservation\output\models\nn_results_residual_v2\曹隘-柳隘/triple_axis_fusion.png

[残差6特征] 开始训练: 柳隘-海晏北路
   ...正在计算物理基准 (Simulating)...
   开始训练残差模型 (样本数: 177686)...
开始训练: 柳隘-海晏北路 (样本数: 177686)
      Epoch  10 | Train: 0.022877 | Val: 0.037178
      早停: Epoch 11, best epoch=6, best val loss=0.031415
   训练结束 (Best Val Loss: 0.03141, Best Epoch: 6)
   三纵轴对标图已保存: D:\energy_conservation\output\models\nn_results_residual_v2\柳隘-海晏北路/triple_axis_fusion.png

[残差6特征] 开始训练: 海晏北路-民安东路
   ...正在计算物理基准 (Simulating)...
   开始训练残差模型 (样本数: 167109)...
开始训练: 海晏北路-民安东路 (样本数: 167109)
      Epoch  10 | Train: 0.029519 | Val: 0.036091
      早停: Epoch 15, best epoch=10, best val loss=0.036091
   训练结束 (Best Val Loss: 0.03609, Best Epoch: 10)
   三纵轴对标图已保存: D:\energy_conservation\output\models\nn_results_residual_v2\海晏北路-民安东路/triple_axis_fusion.png

[残差6特征] 开始训练: 民安东路-会展中心
   ...正在计算物理基准 (Simulating)...
   开始训练残差模型 (样本数: 150962)...
开始训练: 民安东路-会展中心 (样本数: 150962)
      Epoch  10 | Train: 0.024672 | Val: 0.033621
      早停: Epoch 12, best epoch=7, best val loss=0.030710
   训练结束 (Best Val Loss: 0.03071, Best Epoch: 7)
   三纵轴对标图已保存: D:\energy_conservation\output\models\nn_results_residual_v2\民安东路-会展中心/triple_axis_fusion.png

[残差6特征] 开始训练: 会展中心-院士路
   ...正在计算物理基准 (Simulating)...
   开始训练残差模型 (样本数: 227504)...
开始训练: 会展中心-院士路 (样本数: 227504)
      Epoch  10 | Train: 0.022490 | Val: 0.029657
      Epoch  20 | Train: 0.020415 | Val: 0.031694
      早停: Epoch 20, best epoch=15, best val loss=0.028670
   训练结束 (Best Val Loss: 0.02867, Best Epoch: 15)
   三纵轴对标图已保存: D:\energy_conservation\output\models\nn_results_residual_v2\会展中心-院士路/triple_axis_fusion.png

[残差6特征] 开始训练: 院士路-盎孟港
   ...正在计算物理基准 (Simulating)...
   开始训练残差模型 (样本数: 178036)...
开始训练: 院士路-盎孟港 (样本数: 178036)
      Epoch  10 | Train: 0.027076 | Val: 0.048909
      Epoch  20 | Train: 0.023139 | Val: 0.041210
      早停: Epoch 21, best epoch=16, best val loss=0.039176
   训练结束 (Best Val Loss: 0.03918, Best Epoch: 16)
   三纵轴对标图已保存: D:\energy_conservation\output\models\nn_results_residual_v2\院士路-盎孟港/triple_axis_fusion.png

[残差6特征] 开始训练: 盎孟港-三官堂
   ...正在计算物理基准 (Simulating)...
   开始训练残差模型 (样本数: 267211)...
开始训练: 盎孟港-三官堂 (样本数: 267211)
      Epoch  10 | Train: 0.033884 | Val: 0.029806
      Epoch  20 | Train: 0.030702 | Val: 0.031227
      早停: Epoch 22, best epoch=17, best val loss=0.028572
   训练结束 (Best Val Loss: 0.02857, Best Epoch: 17)
   三纵轴对标图已保存: D:\energy_conservation\output\models\nn_results_residual_v2\盎孟港-三官堂/triple_axis_fusion.png

[残差6特征] 开始训练: 三官堂-兴庄路
   ...正在计算物理基准 (Simulating)...
   开始训练残差模型 (样本数: 199885)...
开始训练: 三官堂-兴庄路 (样本数: 199885)
      Epoch  10 | Train: 0.022961 | Val: 0.025194
      早停: Epoch 12, best epoch=7, best val loss=0.025007
   训练结束 (Best Val Loss: 0.02501, Best Epoch: 7)
   三纵轴对标图已保存: D:\energy_conservation\output\models\nn_results_residual_v2\三官堂-兴庄路/triple_axis_fusion.png

[残差6特征] 开始训练: 兴庄路-兴海南路
   ...正在计算物理基准 (Simulating)...
   开始训练残差模型 (样本数: 177961)...
开始训练: 兴庄路-兴海南路 (样本数: 177961)
      Epoch  10 | Train: 0.026554 | Val: 0.033009
      早停: Epoch 14, best epoch=9, best val loss=0.029274
   训练结束 (Best Val Loss: 0.02927, Best Epoch: 9)
   三纵轴对标图已保存: D:\energy_conservation\output\models\nn_results_residual_v2\兴庄路-兴海南路/triple_axis_fusion.png

[残差6特征] 开始训练: 兴海南路-梅堰
   ...正在计算物理基准 (Simulating)...
   开始训练残差模型 (样本数: 112287)...
开始训练: 兴海南路-梅堰 (样本数: 112287)
      Epoch  10 | Train: 0.021222 | Val: 0.029033
      Epoch  20 | Train: 0.018052 | Val: 0.028078
      早停: Epoch 23, best epoch=18, best val loss=0.025675
   训练结束 (Best Val Loss: 0.02567, Best Epoch: 18)
   三纵轴对标图已保存: D:\energy_conservation\output\models\nn_results_residual_v2\兴海南路-梅堰/triple_axis_fusion.png

[残差6特征] 开始训练: 梅堰-永茂路
   ...正在计算物理基准 (Simulating)...
   开始训练残差模型 (样本数: 362699)...
开始训练: 梅堰-永茂路 (样本数: 362699)
      Epoch  10 | Train: 0.025706 | Val: 0.022884
      早停: Epoch 11, best epoch=6, best val loss=0.021261
   训练结束 (Best Val Loss: 0.02126, Best Epoch: 6)
   三纵轴对标图已保存: D:\energy_conservation\output\models\nn_results_residual_v2\梅堰-永茂路/triple_axis_fusion.png

[残差6特征] 开始训练: 永茂路-镇海大道
   ...正在计算物理基准 (Simulating)...
   开始训练残差模型 (样本数: 281914)...
开始训练: 永茂路-镇海大道 (样本数: 281914)
      Epoch  10 | Train: 0.025330 | Val: 0.025405
      早停: Epoch 12, best epoch=7, best val loss=0.023355
   训练结束 (Best Val Loss: 0.02336, Best Epoch: 7)
   三纵轴对标图已保存: D:\energy_conservation\output\models\nn_results_residual_v2\永茂路-镇海大道/triple_axis_fusion.png

[残差6特征] 开始训练: 镇海大道-骆驼桥
   ...正在计算物理基准 (Simulating)...
   开始训练残差模型 (样本数: 231137)...
开始训练: 镇海大道-骆驼桥 (样本数: 231137)
      Epoch  10 | Train: 0.023497 | Val: 0.029870
      早停: Epoch 15, best epoch=10, best val loss=0.029870
   训练结束 (Best Val Loss: 0.02987, Best Epoch: 10)
   三纵轴对标图已保存: D:\energy_conservation\output\models\nn_results_residual_v2\镇海大道-骆驼桥/triple_axis_fusion.png

# finished: 2026-09-09T06:26:30
# return_code: 0
# elapsed_seconds: 68669.3
