# step: historical_baseline
# command: C:\Users\bit11\AppData\Local\Programs\Python\Python311\python.exe D:\energy_conservation\scripts_new\00_main_pipeline\07_full_line_validation_results.py
# ENERGY_TRIP_NO: 62
# ENERGY_TRIP_INDEX: 61
# ENERGY_TARGET_TIME: script default
# ENERGY_RESULTS_DATA_DIR: D:\energy_conservation\data\data_processed_step2_v3_all_curve_quality_traceability
# ENERGY_ATO_DATA_DIR: D:\energy_conservation\data\data_processed_step2_v3_all_curve_quality_traceability
# ENERGY_LINE_SCOPE: full
# ENERGY_TRACEABILITY_MANIFEST: D:\energy_conservation\data\data_processed_step2_v3_all_curve_quality_traceability\trip_traceability_manifest_v1.csv
# PYTHONIOENCODING: utf-8:replace
# started: 2026-08-04T17:31:46

🚀 开始全线 26 个区间的历史数据验证：第 62 趟车...
历史数据目录: D:\energy_conservation\data\data_processed_step2_v3_all_curve_quality_traceability
趟次选择方式: 全局运行链追溯
全局趟次ID:   UP062_20240715_081635_R3332
追溯表:       D:\energy_conservation\data\data_processed_step2_v3_all_curve_quality_traceability\trip_traceability_manifest_v1.csv
映射区间数:   26
[01/26] 正在处理: 布政-张家潭 ...
[02/26] 正在处理: 张家潭-同德路 ...
[03/26] 正在处理: 同德路-石碶 ...
[04/26] 正在处理: 石碶-雅渡 ...
[05/26] 正在处理: 雅渡-庙堰 ...
[06/26] 正在处理: 庙堰-钟公庙 ...
[07/26] 正在处理: 钟公庙-鄞州区政府 ...
[08/26] 正在处理: 鄞州区政府-钱湖南路 ...
[09/26] 正在处理: 钱湖南路-南高教园区 ...
[10/26] 正在处理: 南高教园区-下应路 ...
[11/26] 正在处理: 下应路-大洋江 ...
[12/26] 正在处理: 大洋江-泗港 ...
[13/26] 正在处理: 泗港-曹隘 ...
[14/26] 正在处理: 曹隘-柳隘 ...
[15/26] 正在处理: 柳隘-海晏北路 ...
[16/26] 正在处理: 海晏北路-民安东路 ...
[17/26] 正在处理: 民安东路-会展中心 ...
[18/26] 正在处理: 会展中心-院士路 ...
[19/26] 正在处理: 院士路-盎孟港 ...
[20/26] 正在处理: 盎孟港-三官堂 ...
[21/26] 正在处理: 三官堂-兴庄路 ...
[22/26] 正在处理: 兴庄路-兴海南路 ...
[23/26] 正在处理: 兴海南路-梅堰 ...
[24/26] 正在处理: 梅堰-永茂路 ...
[25/26] 正在处理: 永茂路-镇海大道 ...
[26/26] 正在处理: 镇海大道-骆驼桥 ...


============================================================
🔥 5号线全线 26 区间验证结果汇总
============================================================
      站间区间  历史运行时间(s)  历史实测能耗(Wh)  历史能耗(Wh)     物理占比         残差占比  误差(%)                      全局趟次ID 历史segment 历史来源run_id       趟次选择方式
    布政-张家潭     114.50    15917.85  15815.94 16100.28  -284.339996  -0.64 UP062_20240715_081635_R3332        61       3332 traceability
   张家潭-同德路     149.85    18126.97  18164.44 17193.41   971.030029   0.21 UP062_20240715_081635_R3332        61       3333 traceability
    同德路-石碶     105.45    15324.22  15354.07 15357.99    -3.920000   0.19 UP062_20240715_081635_R3332        61       3334 traceability
     石碶-雅渡      81.45    12350.38  12173.24 12735.17  -561.929993  -1.43 UP062_20240715_081635_R3332        61       3335 traceability
     雅渡-庙堰     129.35    22873.46  22199.45 21624.80   574.650024  -2.95 UP062_20240715_081635_R3332        61       3336 traceability
    庙堰-钟公庙      94.55    16641.92  16524.65 15141.94  1382.709961  -0.70 UP062_20240715_081635_R3332        61       3337 traceability
 钟公庙-鄞州区政府      88.75    14394.53  14255.38 14826.68  -571.299988  -0.97 UP062_20240715_081635_R3332        61       3338 traceability
鄞州区政府-钱湖南路     127.70    19913.39  19562.84 21303.69 -1740.849976  -1.76 UP062_20240715_081635_R3332        61       3339 traceability
钱湖南路-南高教园区      96.90    16425.83  16156.29 14832.23  1324.060059  -1.64 UP062_20240715_081635_R3332        61       3340 traceability
 南高教园区-下应路     110.50    21642.88  21343.51 16636.69  4706.819824  -1.38 UP062_20240715_081635_R3332        61       3341 traceability
   下应路-大洋江     101.65    14145.74  14072.09 13603.46   468.630005  -0.52 UP062_20240715_081635_R3332        61       3342 traceability
    大洋江-泗港      89.65    12333.87  12099.51 11560.09   539.419983  -1.90 UP062_20240715_081635_R3332        61       3343 traceability
     泗港-曹隘     134.90    23333.34  23257.31 22496.00   761.320007  -0.33 UP062_20240715_081635_R3332        61       3344 traceability
     曹隘-柳隘     106.80    22065.71  21950.52 13967.94  7982.580078  -0.52 UP062_20240715_081635_R3332        61       3345 traceability
   柳隘-海晏北路      89.00    15110.70  15192.20 14786.51   405.679993   0.54 UP062_20240715_081635_R3332        61       3346 traceability
 海晏北路-民安东路      83.70    16508.07  16424.89 12859.90  3564.989990  -0.50 UP062_20240715_081635_R3332        61       3347 traceability
 民安东路-会展中心      76.50    12839.79  12828.58 11240.26  1588.310059  -0.09 UP062_20240715_081635_R3332        60       3348 traceability
  会展中心-院士路     114.95    14968.50  14895.68 17414.25 -2518.570068  -0.49 UP062_20240715_081635_R3332        60       3349 traceability
   院士路-盎孟港      90.45    18705.79  18647.59 12872.07  5775.520020  -0.31 UP062_20240715_081635_R3332        60       3350 traceability
   盎孟港-三官堂     131.50    19128.68  18741.14 20512.09 -1770.949951  -2.03 UP062_20240715_081635_R3332        60       3351 traceability
   三官堂-兴庄路      98.95    12221.47  12149.54 10020.13  2129.409912  -0.59 UP062_20240715_081635_R3332        60       3352 traceability
  兴庄路-兴海南路      88.15    14574.29  14443.37 11917.38  2525.989990  -0.90 UP062_20240715_081635_R3332        60       3353 traceability
   兴海南路-梅堰      81.35    12925.20  12889.54 13826.23  -936.690002  -0.28 UP062_20240715_081635_R3332        60       3354 traceability
    梅堰-永茂路     312.70    30484.37  30448.42 28608.88  1839.550049  -0.12 UP062_20240715_081635_R3332        48       3355 traceability
  永茂路-镇海大道     142.75    17882.34  17599.65 20801.36 -3201.709961  -1.58 UP062_20240715_081635_R3332        60       3356 traceability
  镇海大道-骆驼桥     117.70    19617.27  19482.64 17516.83  1965.810059  -0.69 UP062_20240715_081635_R3332        60       3357 traceability

✅ 结果已保存至: D:\energy_conservation\full_line62_validation_results.csv

# finished: 2026-08-04T18:16:59
# return_code: 0
# elapsed_seconds: 2713.1
