# step: energy_menu
# command: C:\Users\bit11\AppData\Local\Programs\Python\Python311\python.exe D:\energy_conservation\scripts_new\00_main_pipeline\06_ato_generated_results_energy.py
# ENERGY_TRIP_NO: 66
# ENERGY_TRIP_INDEX: 65
# ENERGY_TARGET_TIME: script default
# ENERGY_RESULTS_DATA_DIR: D:\energy_conservation\data\data_processed_step2_v3_all_curve_quality_traceability
# ENERGY_ATO_DATA_DIR: D:\energy_conservation\data\data_processed_step2_v3_all_curve_quality_traceability
# ENERGY_LINE_SCOPE: full
# ENERGY_TRACEABILITY_MANIFEST: D:\energy_conservation\data\data_processed_step2_v3_all_curve_quality_traceability\trip_traceability_manifest_v1.csv
# PYTHONIOENCODING: utf-8:replace
# started: 2026-09-04T20:53:14

按测试数据目录筛选能耗菜单区间: 26 个
按 line scope 筛选后能耗菜单区间: 26 个
趟次选择方式: 全局运行链追溯
全局趟次ID:   UP066_20240715_171505_R3551
追溯表:       D:\energy_conservation\data\data_processed_step2_v3_all_curve_quality_traceability\trip_traceability_manifest_v1.csv
映射区间数:   26
已生成区间参数表: D:\energy_conservation\data\static\section_params_trip66.csv | 更新 MASS: 26 | 跳过非本次区间: 0 | 沿用旧值: 0 | 保留模板值: 0
🚀 开始批量评估 26 个区间的 ATO 轨迹能耗：第 66 趟车...
地图/历史数据目录: D:\energy_conservation\data\data_processed_step2_v3_all_curve_quality_traceability
   加载残差模型: 布政-张家潭
   读取坡度曲率: 布政-张家潭
   ✅ 布政-张家潭 | class3 | 115.0s -> 总:12948.0Wh (物理:12909.9Wh + 残差:38.0Wh)
   ✅ 布政-张家潭 | class4 | 121.0s -> 总:14024.2Wh (物理:14129.8Wh + 残差:-105.7Wh)
   ✅ 布政-张家潭 | class5 | 127.05s -> 总:12627.5Wh (物理:13230.4Wh + 残差:-602.8Wh)
   加载残差模型: 张家潭-同德路
   读取坡度曲率: 张家潭-同德路
   ✅ 张家潭-同德路 | class1 | 141.0s -> 总:18365.4Wh (物理:16551.7Wh + 残差:1813.8Wh)
   ✅ 张家潭-同德路 | class2 | 148.0s -> 总:17497.8Wh (物理:17086.7Wh + 残差:411.0Wh)
   ✅ 张家潭-同德路 | class3 | 151.0s -> 总:17675.4Wh (物理:17405.4Wh + 残差:270.1Wh)
   ✅ 张家潭-同德路 | class4 | 158.95s -> 总:16286.7Wh (物理:16413.0Wh + 残差:-126.3Wh)
   加载残差模型: 同德路-石碶
   读取坡度曲率: 同德路-石碶
   ✅ 同德路-石碶 | class3 | 108.95s -> 总:12898.4Wh (物理:13029.7Wh + 残差:-131.3Wh)
   ✅ 同德路-石碶 | class4 | 114.0s -> 总:12864.7Wh (物理:13623.5Wh + 残差:-758.8Wh)
   ✅ 同德路-石碶 | class5 | 120.0s -> 总:11317.5Wh (物理:12328.7Wh + 残差:-1011.1Wh)
   加载残差模型: 石碶-雅渡
   读取坡度曲率: 石碶-雅渡
   ✅ 石碶-雅渡 | class2 | 80.0s -> 总:11115.2Wh (物理:10773.7Wh + 残差:341.6Wh)
   ✅ 石碶-雅渡 | class3 | 82.0s -> 总:11299.0Wh (物理:12429.2Wh + 残差:-1130.2Wh)
   ✅ 石碶-雅渡 | class4 | 85.95s -> 总:11705.8Wh (物理:11434.8Wh + 残差:271.0Wh)
   ✅ 石碶-雅渡 | class5 | 90.0s -> 总:9087.2Wh (物理:8979.4Wh + 残差:107.8Wh)
   加载残差模型: 雅渡-庙堰
   读取坡度曲率: 雅渡-庙堰
   ✅ 雅渡-庙堰 | class2 | 129.0s -> 总:20736.5Wh (物理:20855.4Wh + 残差:-118.9Wh)
   ✅ 雅渡-庙堰 | class3 | 131.95s -> 总:19923.3Wh (物理:20052.4Wh + 残差:-129.1Wh)
   ✅ 雅渡-庙堰 | class4 | 139.0s -> 总:18613.1Wh (物理:19768.7Wh + 残差:-1155.5Wh)
   ✅ 雅渡-庙堰 | class5 | 146.0s -> 总:16315.9Wh (物理:18239.5Wh + 残差:-1923.6Wh)
   加载残差模型: 庙堰-钟公庙
   读取坡度曲率: 庙堰-钟公庙
   ✅ 庙堰-钟公庙 | class3 | 95.95s -> 总:12716.8Wh (物理:12789.1Wh + 残差:-72.2Wh)
   ✅ 庙堰-钟公庙 | class4 | 101.0s -> 总:10984.5Wh (物理:11493.3Wh + 残差:-508.8Wh)
   加载残差模型: 钟公庙-鄞州区政府
   读取坡度曲率: 钟公庙-鄞州区政府
   ✅ 钟公庙-鄞州区政府 | class3 | 90.0s -> 总:10202.3Wh (物理:11243.7Wh + 残差:-1041.5Wh)
   ✅ 钟公庙-鄞州区政府 | class4 | 94.95s -> 总:7799.1Wh (物理:9046.0Wh + 残差:-1246.9Wh)
   ✅ 钟公庙-鄞州区政府 | class5 | 99.0s -> 总:5914.9Wh (物理:7400.5Wh + 残差:-1485.6Wh)
   加载残差模型: 鄞州区政府-钱湖南路
   读取坡度曲率: 鄞州区政府-钱湖南路
   ✅ 鄞州区政府-钱湖南路 | class2 | 127.95s -> 总:18989.7Wh (物理:17915.7Wh + 残差:1074.0Wh)
   ✅ 鄞州区政府-钱湖南路 | class3 | 132.05s -> 总:16589.8Wh (物理:15737.5Wh + 残差:852.2Wh)
   ✅ 鄞州区政府-钱湖南路 | class4 | 139.0s -> 总:15754.6Wh (物理:14877.1Wh + 残差:877.5Wh)
   加载残差模型: 钱湖南路-南高教园区
   读取坡度曲率: 钱湖南路-南高教园区
   ✅ 钱湖南路-南高教园区 | class3 | 100.05s -> 总:14331.7Wh (物理:14194.1Wh + 残差:137.7Wh)
   ✅ 钱湖南路-南高教园区 | class4 | 104.95s -> 总:12772.1Wh (物理:12979.1Wh + 残差:-206.9Wh)
   加载残差模型: 南高教园区-下应路
   读取坡度曲率: 南高教园区-下应路
   ✅ 南高教园区-下应路 | class2 | 110.0s -> 总:21877.2Wh (物理:20208.3Wh + 残差:1669.0Wh)
   ✅ 南高教园区-下应路 | class3 | 114.0s -> 总:19474.6Wh (物理:18236.6Wh + 残差:1238.0Wh)
   ✅ 南高教园区-下应路 | class4 | 119.95s -> 总:17540.0Wh (物理:16911.5Wh + 残差:628.5Wh)
   加载残差模型: 下应路-大洋江
   读取坡度曲率: 下应路-大洋江
   ✅ 下应路-大洋江 | class2 | 101.0s -> 总:13464.7Wh (物理:13738.9Wh + 残差:-274.2Wh)
   ✅ 下应路-大洋江 | class3 | 106.0s -> 总:11480.7Wh (物理:11534.5Wh + 残差:-53.8Wh)
   ✅ 下应路-大洋江 | class4 | 110.95s -> 总:11866.2Wh (物理:12318.2Wh + 残差:-452.1Wh)
   ✅ 下应路-大洋江 | class5 | 117.0s -> 总:10801.4Wh (物理:11148.5Wh + 残差:-347.1Wh)
   加载残差模型: 大洋江-泗港
   读取坡度曲率: 大洋江-泗港
   ✅ 大洋江-泗港 | class3 | 92.0s -> 总:10908.1Wh (物理:11430.1Wh + 残差:-522.1Wh)
   ✅ 大洋江-泗港 | class4 | 96.0s -> 总:9657.6Wh (物理:10201.4Wh + 残差:-543.8Wh)
   加载残差模型: 泗港-曹隘
   读取坡度曲率: 泗港-曹隘
   ✅ 泗港-曹隘 | class2 | 128.05s -> 总:20866.7Wh (物理:20648.9Wh + 残差:217.8Wh)
   ✅ 泗港-曹隘 | class4 | 137.0s -> 总:25257.6Wh (物理:24583.8Wh + 残差:673.9Wh)
   ✅ 泗港-曹隘 | class5 | 143.0s -> 总:23258.9Wh (物理:21693.5Wh + 残差:1565.4Wh)
   加载残差模型: 曹隘-柳隘
   读取坡度曲率: 曹隘-柳隘
   ✅ 曹隘-柳隘 | class2 | 106.05s -> 总:18934.7Wh (物理:24162.5Wh + 残差:-5227.9Wh)
   ✅ 曹隘-柳隘 | class3 | 108.0s -> 总:16861.3Wh (物理:21661.7Wh + 残差:-4800.4Wh)
   ✅ 曹隘-柳隘 | class4 | 112.95s -> 总:12762.9Wh (物理:17046.4Wh + 残差:-4283.5Wh)
   ✅ 曹隘-柳隘 | class5 | 119.0s -> 总:11154.7Wh (物理:14850.1Wh + 残差:-3695.4Wh)
   加载残差模型: 柳隘-海晏北路
   读取坡度曲率: 柳隘-海晏北路
   ✅ 柳隘-海晏北路 | class3 | 91.95s -> 总:12005.3Wh (物理:12221.8Wh + 残差:-216.5Wh)
   ✅ 柳隘-海晏北路 | class4 | 96.0s -> 总:10674.6Wh (物理:10869.0Wh + 残差:-194.4Wh)
   加载残差模型: 海晏北路-民安东路
   读取坡度曲率: 海晏北路-民安东路
   ✅ 海晏北路-民安东路 | class3 | 85.0s -> 总:15048.6Wh (物理:15266.7Wh + 残差:-218.2Wh)
   ✅ 海晏北路-民安东路 | class4 | 88.95s -> 总:13342.3Wh (物理:12125.8Wh + 残差:1216.4Wh)
   加载残差模型: 民安东路-会展中心
   读取坡度曲率: 民安东路-会展中心
   ✅ 民安东路-会展中心 | class2 | 76.0s -> 总:16988.6Wh (物理:18429.6Wh + 残差:-1441.0Wh)
   ✅ 民安东路-会展中心 | class3 | 78.95s -> 总:12734.0Wh (物理:12415.7Wh + 残差:318.2Wh)
   ✅ 民安东路-会展中心 | class4 | 83.0s -> 总:8378.7Wh (物理:8694.7Wh + 残差:-316.0Wh)
   加载残差模型: 会展中心-院士路
   读取坡度曲率: 会展中心-院士路
   ✅ 会展中心-院士路 | class3 | 115.0s -> 总:15260.1Wh (物理:16388.1Wh + 残差:-1128.0Wh)
   ✅ 会展中心-院士路 | class4 | 121.0s -> 总:13573.8Wh (物理:14776.8Wh + 残差:-1203.0Wh)
   加载残差模型: 院士路-盎孟港
   读取坡度曲率: 院士路-盎孟港
   ✅ 院士路-盎孟港 | class3 | 90.95s -> 总:18091.9Wh (物理:18265.6Wh + 残差:-173.7Wh)
   ✅ 院士路-盎孟港 | class4 | 95.95s -> 总:14688.6Wh (物理:14485.2Wh + 残差:203.4Wh)
   加载残差模型: 盎孟港-三官堂
   读取坡度曲率: 盎孟港-三官堂
   ✅ 盎孟港-三官堂 | class2 | 132.0s -> 总:19107.6Wh (物理:18244.3Wh + 残差:863.4Wh)
   ✅ 盎孟港-三官堂 | class3 | 138.95s -> 总:19061.4Wh (物理:17638.8Wh + 残差:1422.5Wh)
   ✅ 盎孟港-三官堂 | class4 | 146.0s -> 总:18250.0Wh (物理:17284.5Wh + 残差:965.5Wh)
   加载残差模型: 三官堂-兴庄路
   读取坡度曲率: 三官堂-兴庄路
   ✅ 三官堂-兴庄路 | class1 | 94.05s -> 总:14091.5Wh (物理:15003.8Wh + 残差:-912.3Wh)
   ✅ 三官堂-兴庄路 | class2 | 99.0s -> 总:12940.6Wh (物理:12296.5Wh + 残差:644.1Wh)
   ✅ 三官堂-兴庄路 | class3 | 104.05s -> 总:11955.4Wh (物理:11271.4Wh + 残差:684.0Wh)
   ✅ 三官堂-兴庄路 | class4 | 109.0s -> 总:11344.2Wh (物理:10650.0Wh + 残差:694.1Wh)
   加载残差模型: 兴庄路-兴海南路
   读取坡度曲率: 兴庄路-兴海南路
   ✅ 兴庄路-兴海南路 | class2 | 86.95s -> 总:17228.1Wh (物理:17966.0Wh + 残差:-737.9Wh)
   ✅ 兴庄路-兴海南路 | class4 | 95.95s -> 总:10071.9Wh (物理:10043.1Wh + 残差:28.8Wh)
   加载残差模型: 兴海南路-梅堰
   读取坡度曲率: 兴海南路-梅堰
   ✅ 兴海南路-梅堰 | class3 | 81.95s -> 总:11257.2Wh (物理:11825.5Wh + 残差:-568.4Wh)
   ✅ 兴海南路-梅堰 | class4 | 86.0s -> 总:9700.6Wh (物理:9505.1Wh + 残差:195.5Wh)
   加载残差模型: 梅堰-永茂路
   读取坡度曲率: 梅堰-永茂路
   ✅ 梅堰-永茂路 | class3 | 313.0s -> 总:30913.1Wh (物理:29082.7Wh + 残差:1830.5Wh)
   ✅ 梅堰-永茂路 | class4 | 329.0s -> 总:26702.8Wh (物理:25877.9Wh + 残差:824.9Wh)
   ✅ 梅堰-永茂路 | class5 | 345.05s -> 总:23988.4Wh (物理:24994.7Wh + 残差:-1006.3Wh)
   加载残差模型: 永茂路-镇海大道
   读取坡度曲率: 永茂路-镇海大道
   ✅ 永茂路-镇海大道 | class2 | 141.0s -> 总:18559.3Wh (物理:17271.3Wh + 残差:1288.0Wh)
   ✅ 永茂路-镇海大道 | class3 | 148.0s -> 总:17645.4Wh (物理:16651.2Wh + 残差:994.2Wh)
   ✅ 永茂路-镇海大道 | class4 | 156.0s -> 总:16435.3Wh (物理:14567.0Wh + 残差:1868.3Wh)
   ✅ 永茂路-镇海大道 | class5 | 164.05s -> 总:15731.7Wh (物理:13395.3Wh + 残差:2336.4Wh)
   加载残差模型: 镇海大道-骆驼桥
   读取坡度曲率: 镇海大道-骆驼桥
   ✅ 镇海大道-骆驼桥 | class2 | 116.0s -> 总:20097.5Wh (物理:19029.6Wh + 残差:1067.9Wh)
   ✅ 镇海大道-骆驼桥 | class3 | 122.0s -> 总:19164.8Wh (物理:18209.6Wh + 残差:955.2Wh)
   ✅ 镇海大道-骆驼桥 | class4 | 128.0s -> 总:17144.0Wh (物理:16447.4Wh + 残差:696.7Wh)
   ✅ 镇海大道-骆驼桥 | class5 | 134.0s -> 总:15694.8Wh (物理:15753.2Wh + 残差:-58.4Wh)

✨ 评估完成！能耗菜单已生成：D:\energy_conservation\output\analysis\ato_class_energy_menu66_new_v3.csv
👉 现在你可以运行 DP 调度算法来选择最优 Class 组合了。

# finished: 2026-09-04T21:49:17
# return_code: 0
# elapsed_seconds: 3362.9
