Project root: D:\energy_conservation
Python:       C:\Users\bit11\AppData\Local\Programs\Python\Python311\python.exe
Log dir:      D:\energy_conservation\output\pipeline_logs\20260720_181601
Dry run:      False
Trip no:      6 (global trip; legacy local index 5)
Target time:  3736.30s
Results dir:  D:\energy_conservation\data\data_processed_step2_v3_all_curve_quality_traceability
ATO dir:      D:\energy_conservation\data\data_processed_step2_v3_all_curve_quality_traceability
Line scope:   full
Traceability: D:\energy_conservation\data\data_processed_step2_v3_all_curve_quality_traceability\trip_traceability_manifest_v1.csv

Selected steps:
01. dp_schedule
    title: DP schedule optimization
    script: scripts_new/00_main_pipeline/08_ato_class_globall_v2.py
    desc:  Select the lowest-energy class combination and write final comparison outputs.

=== dp_schedule: DP schedule optimization ===
Select the lowest-energy class combination and write final comparison outputs.
Command: C:\Users\bit11\AppData\Local\Programs\Python\Python311\python.exe D:\energy_conservation\scripts_new\00_main_pipeline\08_ato_class_globall_v2.py
Trip:    6 (global 1-based trip; legacy local index 5)
Target:  3736.30s
Results: D:\energy_conservation\data\data_processed_step2_v3_all_curve_quality_traceability
ATO:     D:\energy_conservation\data\data_processed_step2_v3_all_curve_quality_traceability
Scope:   full
Trace:   D:\energy_conservation\data\data_processed_step2_v3_all_curve_quality_traceability\trip_traceability_manifest_v1.csv
Global trip: 6 (legacy local index 5)
Target total time: 3736.30s
Line scope: full (26 sections)
Menu file: D:\energy_conservation\output\analysis\ato_class_energy_menu6_new_v3.csv
History file: D:\energy_conservation\full_line6_validation_results.csv
Historical curve data dir: D:\energy_conservation\data\data_processed_step2_v3_all_curve_quality_traceability
趟次选择方式: 全局运行链追溯
全局趟次ID:   UP006_20240701_171011_R274
追溯表:       D:\energy_conservation\data\data_processed_step2_v3_all_curve_quality_traceability\trip_traceability_manifest_v1.csv
映射区间数:   26
已删除旧 DP 输出: D:\energy_conservation\output\schedule\final_plan_report_v2\Final_Planning_Comparison.csv
已删除旧 DP 输出: D:\energy_conservation\output\schedule\final_plan_report_v2\Final_Planning_Comparison_Energy_First.csv
已删除旧 DP 输出: D:\energy_conservation\output\schedule\final_plan_report_v2\Final_Planning_Comparison_Real_Priority_Dwell_5pct.csv
Historical dwell file:   C:\Users\bit11\Desktop\数据测试代码\debug_reports\historical_dwell_first70\historical_dwell_detail_first70.csv
Historical dwell total:  770.0s
Exact-dwell target run:  2966.3s
Fallback dwell band:     754.6-785.4s (±2.0%)

DP input diagnostics:
  Selected global trip: 6 (legacy local index 5)
  Target total time: 3736.3s
  Allowed running time: <= 2981.7s within dwell tolerance, exact-dwell run 2966.3s
  Dwell totals: historical=770.0s, tolerance minimum=754.6s
  Historical selected-trip run time in full_line6_validation_results.csv: 2966.3s (full-line, dwell not included)
  Historical selected-trip total with historical dwell: 3736.3s
  Historical selected-trip total at tolerance minimum: 3720.9s
  Menu coverage: 26/26 sections
  History coverage: 26/26 sections
Historical dwell profile (25 intervals):
  布政-张家潭: 30.0s [actual]
  张家潭-同德路: 30.0s [actual]
  同德路-石碶: 34.0s [actual]
  石碶-雅渡: 29.0s [actual]
  雅渡-庙堰: 30.0s [actual]
  庙堰-钟公庙: 29.0s [actual]
  钟公庙-鄞州区政府: 40.0s [actual]
  鄞州区政府-钱湖南路: 29.0s [actual]
  钱湖南路-南高教园区: 35.0s [actual]
  南高教园区-下应路: 30.0s [actual]
  下应路-大洋江: 29.0s [actual]
  大洋江-泗港: 29.0s [actual]
  泗港-曹隘: 31.0s [actual]
  曹隘-柳隘: 30.0s [actual]
  柳隘-海晏北路: 45.0s [actual]
  海晏北路-民安东路: 30.0s [actual]
  民安东路-会展中心: 30.0s [actual]
  会展中心-院士路: 29.0s [actual]
  院士路-盎孟港: 30.0s [actual]
  盎孟港-三官堂: 30.0s [actual]
  三官堂-兴庄路: 30.0s [actual]
  兴庄路-兴海南路: 27.0s [actual]
  兴海南路-梅堰: 29.0s [actual]
  梅堰-永茂路: 28.0s [actual]
  永茂路-镇海大道: 27.0s [actual]

DP stage: real_only | dwell=historical_exact | run_range=[2966.3, 2966.3] | sources=['real'] | score=priority_first
  [1/26] 布政-张家潭 -> 2 states
  [2/26] 张家潭-同德路 -> 4 states
  [3/26] 同德路-石碶 -> 8 states
  [4/26] 石碶-雅渡 -> 17 states
  [5/26] 雅渡-庙堰 -> 44 states
  [6/26] 庙堰-钟公庙 -> 44 states
  [7/26] 钟公庙-鄞州区政府 -> 54 states
  [8/26] 鄞州区政府-钱湖南路 -> 86 states
  [9/26] 钱湖南路-南高教园区 -> 86 states
  [10/26] 南高教园区-下应路 -> 101 states
  [11/26] 下应路-大洋江 -> 131 states
  [12/26] 大洋江-泗港 -> 131 states
  [13/26] 泗港-曹隘 -> 131 states
  [14/26] 曹隘-柳隘 -> 152 states
  [15/26] 柳隘-海晏北路 -> 152 states
  [16/26] 海晏北路-民安东路 -> 152 states
  [17/26] 民安东路-会展中心 -> 161 states
  [18/26] 会展中心-院士路 -> 161 states
  [19/26] 院士路-盎孟港 -> 161 states
  [20/26] 盎孟港-三官堂 -> 233 states
  [21/26] 三官堂-兴庄路 -> 253 states
  [22/26] 兴庄路-兴海南路 -> 253 states
  [23/26] 兴海南路-梅堰 -> 253 states
  [24/26] 梅堰-永茂路 -> 317 states
  [25/26] 永茂路-镇海大道 -> 377 states
  [26/26] 镇海大道-骆驼桥 -> 47 states
  no feasible state. Reachable run time: [2970.0s, 2986.1s], required: [2966.3s, 2966.3s]

DP stage: allow_interpolated | dwell=historical_exact | run_range=[2966.3, 2966.3] | sources=['interpolated', 'real'] | score=priority_first
  [1/26] 布政-张家潭 -> 2 states
  [2/26] 张家潭-同德路 -> 4 states
  [3/26] 同德路-石碶 -> 8 states
  [4/26] 石碶-雅渡 -> 17 states
  [5/26] 雅渡-庙堰 -> 44 states
  [6/26] 庙堰-钟公庙 -> 44 states
  [7/26] 钟公庙-鄞州区政府 -> 54 states
  [8/26] 鄞州区政府-钱湖南路 -> 86 states
  [9/26] 钱湖南路-南高教园区 -> 86 states
  [10/26] 南高教园区-下应路 -> 101 states
  [11/26] 下应路-大洋江 -> 131 states
  [12/26] 大洋江-泗港 -> 131 states
  [13/26] 泗港-曹隘 -> 131 states
  [14/26] 曹隘-柳隘 -> 152 states
  [15/26] 柳隘-海晏北路 -> 152 states
  [16/26] 海晏北路-民安东路 -> 152 states
  [17/26] 民安东路-会展中心 -> 161 states
  [18/26] 会展中心-院士路 -> 161 states
  [19/26] 院士路-盎孟港 -> 161 states
  [20/26] 盎孟港-三官堂 -> 233 states
  [21/26] 三官堂-兴庄路 -> 253 states
  [22/26] 兴庄路-兴海南路 -> 253 states
  [23/26] 兴海南路-梅堰 -> 253 states
  [24/26] 梅堰-永茂路 -> 317 states
  [25/26] 永茂路-镇海大道 -> 377 states
  [26/26] 镇海大道-骆驼桥 -> 47 states
  no feasible state. Reachable run time: [2970.0s, 2986.1s], required: [2966.3s, 2966.3s]

DP stage: allow_extrapolated | dwell=historical_exact | run_range=[2966.3, 2966.3] | sources=['extrapolated_adjacent', 'interpolated', 'real'] | score=priority_first
  [1/26] 布政-张家潭 -> 2 states
  [2/26] 张家潭-同德路 -> 8 states
  [3/26] 同德路-石碶 -> 16 states
  [4/26] 石碶-雅渡 -> 33 states
  [5/26] 雅渡-庙堰 -> 77 states
  [6/26] 庙堰-钟公庙 -> 91 states
  [7/26] 钟公庙-鄞州区政府 -> 105 states
  [8/26] 鄞州区政府-钱湖南路 -> 180 states
  [9/26] 钱湖南路-南高教园区 -> 200 states
  [10/26] 南高教园区-下应路 -> 247 states
  [11/26] 下应路-大洋江 -> 287 states
  [12/26] 大洋江-泗港 -> 307 states
  [13/26] 泗港-曹隘 -> 307 states
  [14/26] 曹隘-柳隘 -> 337 states
  [15/26] 柳隘-海晏北路 -> 353 states
  [16/26] 海晏北路-民安东路 -> 369 states
  [17/26] 民安东路-会展中心 -> 401 states
  [18/26] 会展中心-院士路 -> 425 states
  [19/26] 院士路-盎孟港 -> 445 states
  [20/26] 盎孟港-三官堂 -> 609 states
  [21/26] 三官堂-兴庄路 -> 684 states
  [22/26] 兴庄路-兴海南路 -> 729 states
  [23/26] 兴海南路-梅堰 -> 749 states
  [24/26] 梅堰-永茂路 -> 829 states
  [25/26] 永茂路-镇海大道 -> 675 states
  [26/26] 镇海大道-骆驼桥 -> 96 states
  no feasible state. Reachable run time: [2958.0s, 2986.1s], required: [2966.3s, 2966.3s]

DP stage: real_only | dwell=historical_tolerance_2.0pct | run_range=[2950.9, 2981.7] | sources=['real'] | score=priority_first
  [1/26] 布政-张家潭 -> 2 states
  [2/26] 张家潭-同德路 -> 4 states
  [3/26] 同德路-石碶 -> 8 states
  [4/26] 石碶-雅渡 -> 17 states
  [5/26] 雅渡-庙堰 -> 44 states
  [6/26] 庙堰-钟公庙 -> 44 states
  [7/26] 钟公庙-鄞州区政府 -> 54 states
  [8/26] 鄞州区政府-钱湖南路 -> 86 states
  [9/26] 钱湖南路-南高教园区 -> 86 states
  [10/26] 南高教园区-下应路 -> 101 states
  [11/26] 下应路-大洋江 -> 131 states
  [12/26] 大洋江-泗港 -> 131 states
  [13/26] 泗港-曹隘 -> 131 states
  [14/26] 曹隘-柳隘 -> 152 states
  [15/26] 柳隘-海晏北路 -> 152 states
  [16/26] 海晏北路-民安东路 -> 152 states
  [17/26] 民安东路-会展中心 -> 161 states
  [18/26] 会展中心-院士路 -> 161 states
  [19/26] 院士路-盎孟港 -> 161 states
  [20/26] 盎孟港-三官堂 -> 233 states
  [21/26] 三官堂-兴庄路 -> 253 states
  [22/26] 兴庄路-兴海南路 -> 253 states
  [23/26] 兴海南路-梅堰 -> 253 states
  [24/26] 梅堰-永茂路 -> 317 states
  [25/26] 永茂路-镇海大道 -> 377 states
  [26/26] 镇海大道-骆驼桥 -> 107 states

Selected priority-first plan: real_only
Feasible states: 27
Best:  run=2970.0s, energy=428128.9 Wh, extrapolated=0, interpolated=0
Nominal-dwell best nearby: run=2975.0s, energy=422854.1 Wh
Dwell trade: +-5.0s run time -> saves -5274.8 Wh (-1.2%)

Priority-first report: Run: 2970.0s | Dwell: 766.3s | Total: 3736.3s (target: 3736.3s)
Energy: 428128.8 Wh | Saving: 4.07%
  Dwell after 布政-张家潭: 29.8s (history 30.0s)
  Dwell after 张家潭-同德路: 29.9s (history 30.0s)
  Dwell after 同德路-石碶: 33.8s (history 34.0s)
  Dwell after 石碶-雅渡: 28.9s (history 29.0s)
  Dwell after 雅渡-庙堰: 29.9s (history 30.0s)
  Dwell after 庙堰-钟公庙: 28.9s (history 29.0s)
  Dwell after 钟公庙-鄞州区政府: 39.8s (history 40.0s)
  Dwell after 鄞州区政府-钱湖南路: 28.9s (history 29.0s)
  Dwell after 钱湖南路-南高教园区: 34.8s (history 35.0s)
  Dwell after 南高教园区-下应路: 29.9s (history 30.0s)
  Dwell after 下应路-大洋江: 28.9s (history 29.0s)
  Dwell after 大洋江-泗港: 28.9s (history 29.0s)
  Dwell after 泗港-曹隘: 30.9s (history 31.0s)
  Dwell after 曹隘-柳隘: 29.9s (history 30.0s)
  Dwell after 柳隘-海晏北路: 44.8s (history 45.0s)
  Dwell after 海晏北路-民安东路: 29.9s (history 30.0s)
  Dwell after 民安东路-会展中心: 29.9s (history 30.0s)
  Dwell after 会展中心-院士路: 28.9s (history 29.0s)
  Dwell after 院士路-盎孟港: 29.9s (history 30.0s)
  Dwell after 盎孟港-三官堂: 29.9s (history 30.0s)
  Dwell after 三官堂-兴庄路: 29.9s (history 30.0s)
  Dwell after 兴庄路-兴海南路: 26.9s (history 27.0s)
  Dwell after 兴海南路-梅堰: 28.9s (history 29.0s)
  Dwell after 梅堰-永茂路: 27.9s (history 28.0s)
  Dwell after 永茂路-镇海大道: 26.9s (history 27.0s)

DP stage: real_only | dwell=historical_tolerance_5.0pct_energy | run_range=[2927.8, 3004.8] | sources=['real'] | score=real_priority_energy
  [1/26] 布政-张家潭 -> 2 states
  [2/26] 张家潭-同德路 -> 4 states
  [3/26] 同德路-石碶 -> 8 states
  [4/26] 石碶-雅渡 -> 17 states
  [5/26] 雅渡-庙堰 -> 44 states
  [6/26] 庙堰-钟公庙 -> 44 states
  [7/26] 钟公庙-鄞州区政府 -> 54 states
  [8/26] 鄞州区政府-钱湖南路 -> 86 states
  [9/26] 钱湖南路-南高教园区 -> 86 states
  [10/26] 南高教园区-下应路 -> 101 states
  [11/26] 下应路-大洋江 -> 131 states
  [12/26] 大洋江-泗港 -> 131 states
  [13/26] 泗港-曹隘 -> 131 states
  [14/26] 曹隘-柳隘 -> 152 states
  [15/26] 柳隘-海晏北路 -> 152 states
  [16/26] 海晏北路-民安东路 -> 152 states
  [17/26] 民安东路-会展中心 -> 161 states
  [18/26] 会展中心-院士路 -> 161 states
  [19/26] 院士路-盎孟港 -> 161 states
  [20/26] 盎孟港-三官堂 -> 233 states
  [21/26] 三官堂-兴庄路 -> 253 states
  [22/26] 兴庄路-兴海南路 -> 253 states
  [23/26] 兴海南路-梅堰 -> 253 states
  [24/26] 梅堰-永茂路 -> 317 states
  [25/26] 永茂路-镇海大道 -> 377 states
  [26/26] 镇海大道-骆驼桥 -> 200 states

Selected real-priority dwell-5pct plan: real_only
Feasible states: 120
Best:  run=3003.1s, energy=408245.2 Wh, extrapolated=0, interpolated=0
Nominal-dwell best nearby: run=2975.0s, energy=422854.1 Wh
Dwell trade: +28.1s run time -> saves 14608.9 Wh (3.5%)

Real-priority dwell-5pct report: Run: 3003.1s | Dwell: 733.2s | Total: 3736.3s (target: 3736.3s)
Energy: 408245.2 Wh | Saving: 8.52%

DP stage: energy_first | dwell=historical_exact | run_range=[2966.3, 2966.3] | sources=['extrapolated_adjacent', 'interpolated', 'real'] | score=energy_first
  [1/26] 布政-张家潭 -> 2 states
  [2/26] 张家潭-同德路 -> 8 states
  [3/26] 同德路-石碶 -> 16 states
  [4/26] 石碶-雅渡 -> 33 states
  [5/26] 雅渡-庙堰 -> 77 states
  [6/26] 庙堰-钟公庙 -> 91 states
  [7/26] 钟公庙-鄞州区政府 -> 105 states
  [8/26] 鄞州区政府-钱湖南路 -> 180 states
  [9/26] 钱湖南路-南高教园区 -> 200 states
  [10/26] 南高教园区-下应路 -> 247 states
  [11/26] 下应路-大洋江 -> 287 states
  [12/26] 大洋江-泗港 -> 307 states
  [13/26] 泗港-曹隘 -> 307 states
  [14/26] 曹隘-柳隘 -> 337 states
  [15/26] 柳隘-海晏北路 -> 353 states
  [16/26] 海晏北路-民安东路 -> 369 states
  [17/26] 民安东路-会展中心 -> 401 states
  [18/26] 会展中心-院士路 -> 425 states
  [19/26] 院士路-盎孟港 -> 445 states
  [20/26] 盎孟港-三官堂 -> 609 states
  [21/26] 三官堂-兴庄路 -> 684 states
  [22/26] 兴庄路-兴海南路 -> 729 states
  [23/26] 兴海南路-梅堰 -> 749 states
  [24/26] 梅堰-永茂路 -> 829 states
  [25/26] 永茂路-镇海大道 -> 675 states
  [26/26] 镇海大道-骆驼桥 -> 96 states
  no feasible state. Reachable run time: [2958.0s, 2986.1s], required: [2966.3s, 2966.3s]

DP stage: energy_first | dwell=historical_tolerance_2.0pct | run_range=[2950.9, 2981.7] | sources=['extrapolated_adjacent', 'interpolated', 'real'] | score=energy_first
  [1/26] 布政-张家潭 -> 2 states
  [2/26] 张家潭-同德路 -> 8 states
  [3/26] 同德路-石碶 -> 16 states
  [4/26] 石碶-雅渡 -> 33 states
  [5/26] 雅渡-庙堰 -> 77 states
  [6/26] 庙堰-钟公庙 -> 91 states
  [7/26] 钟公庙-鄞州区政府 -> 105 states
  [8/26] 鄞州区政府-钱湖南路 -> 180 states
  [9/26] 钱湖南路-南高教园区 -> 200 states
  [10/26] 南高教园区-下应路 -> 247 states
  [11/26] 下应路-大洋江 -> 287 states
  [12/26] 大洋江-泗港 -> 307 states
  [13/26] 泗港-曹隘 -> 307 states
  [14/26] 曹隘-柳隘 -> 337 states
  [15/26] 柳隘-海晏北路 -> 353 states
  [16/26] 海晏北路-民安东路 -> 369 states
  [17/26] 民安东路-会展中心 -> 401 states
  [18/26] 会展中心-院士路 -> 425 states
  [19/26] 院士路-盎孟港 -> 445 states
  [20/26] 盎孟港-三官堂 -> 609 states
  [21/26] 三官堂-兴庄路 -> 684 states
  [22/26] 兴庄路-兴海南路 -> 729 states
  [23/26] 兴海南路-梅堰 -> 749 states
  [24/26] 梅堰-永茂路 -> 829 states
  [25/26] 永茂路-镇海大道 -> 751 states
  [26/26] 镇海大道-骆驼桥 -> 171 states

Selected energy-first plan: energy_first
Feasible states: 75
Best:  run=2981.0s, energy=409423.2 Wh, extrapolated=4, interpolated=0
Nominal-dwell best nearby: run=2976.0s, energy=413313.7 Wh
Dwell trade: +5.0s run time -> saves 3890.5 Wh (0.9%)

Energy-first report: Run: 2981.0s | Dwell: 755.3s | Total: 3736.3s (target: 3736.3s)
Energy: 409423.2 Wh | Saving: 8.26%

Plotting priority-first plan full-line comparison ...
  Building history curve cache from Excel: 布政-张家潭 trip 6
    selected segment=5, run_id=274 [traceability]
  Building history curve cache from Excel: 张家潭-同德路 trip 6
    selected segment=5, run_id=275 [traceability]
  Building history curve cache from Excel: 同德路-石碶 trip 6
    selected segment=5, run_id=276 [traceability]
  Building history curve cache from Excel: 石碶-雅渡 trip 6
    selected segment=5, run_id=277 [traceability]
  Building history curve cache from Excel: 雅渡-庙堰 trip 6
    selected segment=5, run_id=278 [traceability]
  Building history curve cache from Excel: 庙堰-钟公庙 trip 6
    selected segment=5, run_id=279 [traceability]
  Building history curve cache from Excel: 钟公庙-鄞州区政府 trip 6
    selected segment=5, run_id=280 [traceability]
  Building history curve cache from Excel: 鄞州区政府-钱湖南路 trip 6
    selected segment=5, run_id=281 [traceability]
  Building history curve cache from Excel: 钱湖南路-南高教园区 trip 6
    selected segment=5, run_id=282 [traceability]
  Building history curve cache from Excel: 南高教园区-下应路 trip 6
    selected segment=5, run_id=283 [traceability]
  Building history curve cache from Excel: 下应路-大洋江 trip 6
    selected segment=5, run_id=284 [traceability]
  Building history curve cache from Excel: 大洋江-泗港 trip 6
    selected segment=5, run_id=285 [traceability]
  Building history curve cache from Excel: 泗港-曹隘 trip 6
    selected segment=5, run_id=286 [traceability]
  Building history curve cache from Excel: 曹隘-柳隘 trip 6
    selected segment=5, run_id=287 [traceability]
  Building history curve cache from Excel: 柳隘-海晏北路 trip 6
    selected segment=5, run_id=288 [traceability]
  Building history curve cache from Excel: 海晏北路-民安东路 trip 6
    selected segment=5, run_id=289 [traceability]
  Building history curve cache from Excel: 民安东路-会展中心 trip 6
    selected segment=5, run_id=290 [traceability]
  Building history curve cache from Excel: 会展中心-院士路 trip 6
    selected segment=5, run_id=291 [traceability]
  Building history curve cache from Excel: 院士路-盎孟港 trip 6
    selected segment=5, run_id=292 [traceability]
  Building history curve cache from Excel: 盎孟港-三官堂 trip 6
    selected segment=5, run_id=293 [traceability]
  Building history curve cache from Excel: 三官堂-兴庄路 trip 6
    selected segment=5, run_id=294 [traceability]
  Building history curve cache from Excel: 兴庄路-兴海南路 trip 6
    selected segment=5, run_id=295 [traceability]
  Building history curve cache from Excel: 兴海南路-梅堰 trip 6
    selected segment=5, run_id=296 [traceability]
  Building history curve cache from Excel: 梅堰-永茂路 trip 6
    selected segment=4, run_id=297 [traceability]
  Building history curve cache from Excel: 永茂路-镇海大道 trip 6
    selected segment=5, run_id=298 [traceability]
  Building history curve cache from Excel: 镇海大道-骆驼桥 trip 6
    selected segment=5, run_id=299 [traceability]
Saved: D:\energy_conservation\output\schedule\final_plan_report_v2\Optimized_Full_Line_Report.png

Plotting real-priority dwell-5pct plan full-line comparison ...
Saved: D:\energy_conservation\output\schedule\final_plan_report_v2\Optimized_Full_Line_Report_Real_Priority_Dwell_5pct.png

Plotting energy-first plan full-line comparison ...
Saved: D:\energy_conservation\output\schedule\final_plan_report_v2\Optimized_Full_Line_Report_Energy_First.png
Done. Energy: 428.129 kWh, Time: 3736.3s (strict = 3736.3s)
Step finished with code 0. Log: D:\energy_conservation\output\pipeline_logs\20260720_181601\dp_schedule.log

Pipeline finished successfully.
