Project root: D:\energy_conservation
Python:       C:\Users\bit11\AppData\Local\Programs\Python\Python311\python.exe
Log dir:      D:\energy_conservation\output\pipeline_logs\20260703_201500
Dry run:      False
Trip no:      1 (segment index 0)
Target time:  script default
Results dir:  D:\energy_conservation\data\data_processed_step2_v3_all_curve_quality
ATO dir:      D:\energy_conservation\data\data_processed_step2_v3_all_curve_quality
Line scope:   full

Selected steps:
01. energy_menu
    title: Energy menu calculation
    script: scripts_new/00_main_pipeline/06_ato_generated_results_energy.py
    desc:  Calculate physical + residual-AI energy for generated curves.
02. historical_baseline
    title: Historical baseline calculation
    script: scripts_new/00_main_pipeline/07_full_line_validation_results.py
    desc:  Generate historical time/energy baseline used by the DP comparison report.

=== energy_menu: Energy menu calculation ===
Calculate physical + residual-AI energy for generated curves.
Command: C:\Users\bit11\AppData\Local\Programs\Python\Python311\python.exe D:\energy_conservation\scripts_new\00_main_pipeline\06_ato_generated_results_energy.py
Trip:    1 (segment index 0)
Target:  script default
Results: D:\energy_conservation\data\data_processed_step2_v3_all_curve_quality
ATO:     D:\energy_conservation\data\data_processed_step2_v3_all_curve_quality
Scope:   full
按测试数据目录筛选能耗菜单区间: 26 个
按 line scope 筛选后能耗菜单区间: 26 个
已生成区间参数表: D:\energy_conservation\data\static\section_params_trip1.csv | 更新 MASS: 26 | 跳过非本次区间: 0 | 沿用旧值: 0 | 保留模板值: 0
? 开始批量评估 26 个区间的 ATO 轨迹能耗：第 1 趟车...
地图/历史数据目录: D:\energy_conservation\data\data_processed_step2_v3_all_curve_quality
   加载残差模型: 布政-张家潭
   读取坡度曲率: 布政-张家潭
   ? 布政-张家潭 | class3 | 115.0s -> 总:12947.6Wh (物理:12911.0Wh + 残差:36.6Wh)
   ? 布政-张家潭 | class4 | 121.0s -> 总:14024.2Wh (物理:14131.4Wh + 残差:-107.2Wh)
   ? 布政-张家潭 | class5 | 127.05s -> 总:12627.7Wh (物理:13231.8Wh + 残差:-604.1Wh)
   加载残差模型: 张家潭-同德路
   读取坡度曲率: 张家潭-同德路
   ? 张家潭-同德路 | class1 | 141.0s -> 总:17890.7Wh (物理:18567.4Wh + 残差:-676.7Wh)
   ? 张家潭-同德路 | class2 | 148.0s -> 总:17599.2Wh (物理:18097.3Wh + 残差:-498.1Wh)
   ? 张家潭-同德路 | class3 | 151.0s -> 总:17915.9Wh (物理:17164.4Wh + 残差:751.4Wh)
   ? 张家潭-同德路 | class4 | 158.95s -> 总:16531.8Wh (物理:15798.0Wh + 残差:733.9Wh)
   加载残差模型: 同德路-石碶
   读取坡度曲率: 同德路-石碶
   ? 同德路-石碶 | class3 | 108.95s -> 总:13155.3Wh (物理:13077.6Wh + 残差:77.6Wh)
   ? 同德路-石碶 | class4 | 114.0s -> 总:13359.7Wh (物理:13519.5Wh + 残差:-159.9Wh)
   ? 同德路-石碶 | class5 | 120.0s -> 总:11791.5Wh (物理:12132.3Wh + 残差:-340.8Wh)
   加载残差模型: 石碶-雅渡
   读取坡度曲率: 石碶-雅渡
   ? 石碶-雅渡 | class2 | 80.0s -> 总:11129.1Wh (物理:10303.5Wh + 残差:825.6Wh)
   ? 石碶-雅渡 | class3 | 82.0s -> 总:11503.9Wh (物理:12123.6Wh + 残差:-619.7Wh)
   ? 石碶-雅渡 | class4 | 85.95s -> 总:11626.0Wh (物理:9963.0Wh + 残差:1663.0Wh)
   ? 石碶-雅渡 | class5 | 90.0s -> 总:8899.8Wh (物理:7450.1Wh + 残差:1449.7Wh)
   加载残差模型: 雅渡-庙堰
   读取坡度曲率: 雅渡-庙堰
   ? 雅渡-庙堰 | class2 | 129.0s -> 总:20565.2Wh (物理:20655.7Wh + 残差:-90.5Wh)
   ? 雅渡-庙堰 | class3 | 131.95s -> 总:19883.9Wh (物理:19606.5Wh + 残差:277.3Wh)
   ? 雅渡-庙堰 | class4 | 139.0s -> 总:18200.4Wh (物理:18262.3Wh + 残差:-62.0Wh)
   ? 雅渡-庙堰 | class5 | 146.0s -> 总:16002.1Wh (物理:16680.6Wh + 残差:-678.5Wh)
   加载残差模型: 庙堰-钟公庙
   读取坡度曲率: 庙堰-钟公庙
   ? 庙堰-钟公庙 | class3 | 95.95s -> 总:12616.2Wh (物理:11690.3Wh + 残差:925.9Wh)
   ? 庙堰-钟公庙 | class4 | 101.0s -> 总:10960.4Wh (物理:9451.0Wh + 残差:1509.5Wh)
   加载残差模型: 钟公庙-鄞州区政府
   读取坡度曲率: 钟公庙-鄞州区政府
   ? 钟公庙-鄞州区政府 | class3 | 90.0s -> 总:10446.3Wh (物理:11586.4Wh + 残差:-1140.1Wh)
   ? 钟公庙-鄞州区政府 | class4 | 94.95s -> 总:8062.6Wh (物理:9814.7Wh + 残差:-1752.1Wh)
   ? 钟公庙-鄞州区政府 | class5 | 99.0s -> 总:6213.9Wh (物理:8471.6Wh + 残差:-2257.7Wh)
   加载残差模型: 鄞州区政府-钱湖南路
   读取坡度曲率: 鄞州区政府-钱湖南路
   ? 鄞州区政府-钱湖南路 | class2 | 127.95s -> 总:18696.6Wh (物理:20370.5Wh + 残差:-1673.9Wh)
   ? 鄞州区政府-钱湖南路 | class3 | 132.05s -> 总:16248.1Wh (物理:18492.9Wh + 残差:-2244.8Wh)
   ? 鄞州区政府-钱湖南路 | class4 | 139.0s -> 总:15460.7Wh (物理:16962.0Wh + 残差:-1501.3Wh)
   加载残差模型: 钱湖南路-南高教园区
   读取坡度曲率: 钱湖南路-南高教园区
   ? 钱湖南路-南高教园区 | class3 | 100.05s -> 总:13742.6Wh (物理:12591.8Wh + 残差:1150.8Wh)
   ? 钱湖南路-南高教园区 | class4 | 104.95s -> 总:11928.7Wh (物理:10298.1Wh + 残差:1630.6Wh)
   加载残差模型: 南高教园区-下应路
   读取坡度曲率: 南高教园区-下应路
   ? 南高教园区-下应路 | class2 | 110.0s -> 总:21115.6Wh (物理:16416.4Wh + 残差:4699.2Wh)
   ? 南高教园区-下应路 | class3 | 114.0s -> 总:18652.3Wh (物理:14643.1Wh + 残差:4009.2Wh)
   ? 南高教园区-下应路 | class4 | 119.95s -> 总:16838.2Wh (物理:13728.5Wh + 残差:3109.7Wh)
   加载残差模型: 下应路-大洋江
   读取坡度曲率: 下应路-大洋江
   ? 下应路-大洋江 | class2 | 101.0s -> 总:13617.2Wh (物理:13270.6Wh + 残差:346.6Wh)
   ? 下应路-大洋江 | class3 | 106.0s -> 总:11565.6Wh (物理:11069.0Wh + 残差:496.6Wh)
   ? 下应路-大洋江 | class4 | 110.95s -> 总:12027.7Wh (物理:11470.8Wh + 残差:556.9Wh)
   ? 下应路-大洋江 | class5 | 117.0s -> 总:11062.3Wh (物理:9987.3Wh + 残差:1074.9Wh)
   加载残差模型: 大洋江-泗港
   读取坡度曲率: 大洋江-泗港
   ? 大洋江-泗港 | class3 | 92.0s -> 总:10963.5Wh (物理:9658.8Wh + 残差:1304.7Wh)
   ? 大洋江-泗港 | class4 | 96.0s -> 总:9754.3Wh (物理:8036.1Wh + 残差:1718.1Wh)
   加载残差模型: 泗港-曹隘
   读取坡度曲率: 泗港-曹隘
   ? 泗港-曹隘 | class2 | 128.05s -> 总:20571.6Wh (物理:19939.9Wh + 残差:631.7Wh)
   ? 泗港-曹隘 | class4 | 137.0s -> 总:23328.8Wh (物理:22380.1Wh + 残差:948.8Wh)
   ? 泗港-曹隘 | class5 | 143.0s -> 总:21616.2Wh (物理:19917.7Wh + 残差:1698.5Wh)
   加载残差模型: 曹隘-柳隘
   读取坡度曲率: 曹隘-柳隘
   ? 曹隘-柳隘 | class2 | 106.05s -> 总:21759.5Wh (物理:14921.4Wh + 残差:6838.2Wh)
   ? 曹隘-柳隘 | class3 | 108.0s -> 总:20212.6Wh (物理:12865.4Wh + 残差:7347.2Wh)
   ? 曹隘-柳隘 | class4 | 112.95s -> 总:16212.4Wh (物理:10770.0Wh + 残差:5442.4Wh)
   ? 曹隘-柳隘 | class5 | 119.0s -> 总:13659.6Wh (物理:9750.5Wh + 残差:3909.1Wh)
   加载残差模型: 柳隘-海晏北路
   读取坡度曲率: 柳隘-海晏北路
   ? 柳隘-海晏北路 | class3 | 91.95s -> 总:11659.2Wh (物理:10897.6Wh + 残差:761.6Wh)
   ? 柳隘-海晏北路 | class4 | 96.0s -> 总:10473.4Wh (物理:8802.9Wh + 残差:1670.5Wh)
   加载残差模型: 海晏北路-民安东路
   读取坡度曲率: 海晏北路-民安东路
   ? 海晏北路-民安东路 | class3 | 85.0s -> 总:14767.6Wh (物理:11066.2Wh + 残差:3701.5Wh)
   ? 海晏北路-民安东路 | class4 | 88.95s -> 总:12388.4Wh (物理:8165.4Wh + 残差:4223.0Wh)
   加载残差模型: 民安东路-会展中心
   读取坡度曲率: 民安东路-会展中心
   ? 民安东路-会展中心 | class2 | 76.0s -> 总:15123.9Wh (物理:15341.0Wh + 残差:-217.1Wh)
   ? 民安东路-会展中心 | class3 | 78.95s -> 总:11576.7Wh (物理:10036.2Wh + 残差:1540.5Wh)
   ? 民安东路-会展中心 | class4 | 83.0s -> 总:6860.6Wh (物理:7171.1Wh + 残差:-310.5Wh)
   加载残差模型: 会展中心-院士路
   读取坡度曲率: 会展中心-院士路
   ? 会展中心-院士路 | class3 | 115.0s -> 总:14931.9Wh (物理:17608.5Wh + 残差:-2676.5Wh)
   ? 会展中心-院士路 | class4 | 121.0s -> 总:13313.0Wh (物理:16045.0Wh + 残差:-2732.0Wh)
   加载残差模型: 院士路-盎孟港
   读取坡度曲率: 院士路-盎孟港
   ? 院士路-盎孟港 | class3 | 90.95s -> 总:17856.4Wh (物理:11611.7Wh + 残差:6244.8Wh)
   ? 院士路-盎孟港 | class4 | 95.95s -> 总:14061.7Wh (物理:8362.7Wh + 残差:5699.0Wh)
   加载残差模型: 盎孟港-三官堂
   读取坡度曲率: 盎孟港-三官堂
   ? 盎孟港-三官堂 | class2 | 132.0s -> 总:17622.7Wh (物理:20639.1Wh + 残差:-3016.4Wh)
   ? 盎孟港-三官堂 | class3 | 138.95s -> 总:17115.0Wh (物理:17954.0Wh + 残差:-839.0Wh)
   ? 盎孟港-三官堂 | class4 | 146.0s -> 总:16469.6Wh (物理:16886.7Wh + 残差:-417.1Wh)
   加载残差模型: 三官堂-兴庄路
   读取坡度曲率: 三官堂-兴庄路
   ? 三官堂-兴庄路 | class1 | 94.05s -> 总:13114.9Wh (物理:13260.5Wh + 残差:-145.5Wh)
   ? 三官堂-兴庄路 | class2 | 99.0s -> 总:11558.0Wh (物理:9885.2Wh + 残差:1672.8Wh)
   ? 三官堂-兴庄路 | class3 | 104.05s -> 总:10509.8Wh (物理:8302.9Wh + 残差:2206.9Wh)
   ? 三官堂-兴庄路 | class4 | 109.0s -> 总:9968.6Wh (物理:7518.5Wh + 残差:2450.2Wh)
   加载残差模型: 兴庄路-兴海南路
   读取坡度曲率: 兴庄路-兴海南路
   ? 兴庄路-兴海南路 | class2 | 86.95s -> 总:15816.7Wh (物理:14612.4Wh + 残差:1204.4Wh)
   ? 兴庄路-兴海南路 | class4 | 95.95s -> 总:9433.4Wh (物理:7935.2Wh + 残差:1498.2Wh)
   加载残差模型: 兴海南路-梅堰
   读取坡度曲率: 兴海南路-梅堰
   ? 兴海南路-梅堰 | class3 | 81.95s -> 总:11310.9Wh (物理:11884.8Wh + 残差:-573.9Wh)
   ? 兴海南路-梅堰 | class4 | 86.0s -> 总:9581.0Wh (物理:8063.1Wh + 残差:1517.8Wh)
   加载残差模型: 梅堰-永茂路
   读取坡度曲率: 梅堰-永茂路
   ? 梅堰-永茂路 | class3 | 313.0s -> 总:29923.5Wh (物理:26894.5Wh + 残差:3029.0Wh)
   ? 梅堰-永茂路 | class4 | 329.0s -> 总:26368.5Wh (物理:25767.3Wh + 残差:601.1Wh)
   ? 梅堰-永茂路 | class5 | 345.05s -> 总:23479.1Wh (物理:25320.8Wh + 残差:-1841.7Wh)
   加载残差模型: 永茂路-镇海大道
   读取坡度曲率: 永茂路-镇海大道
   ? 永茂路-镇海大道 | class2 | 141.0s -> 总:17124.3Wh (物理:21378.1Wh + 残差:-4253.9Wh)
   ? 永茂路-镇海大道 | class3 | 148.0s -> 总:17114.1Wh (物理:19353.0Wh + 残差:-2238.8Wh)
   ? 永茂路-镇海大道 | class4 | 156.0s -> 总:15542.7Wh (物理:17477.2Wh + 残差:-1934.5Wh)
   ? 永茂路-镇海大道 | class5 | 164.05s -> 总:14995.7Wh (物理:16060.7Wh + 残差:-1065.0Wh)
   加载残差模型: 镇海大道-骆驼桥
   读取坡度曲率: 镇海大道-骆驼桥
   ? 镇海大道-骆驼桥 | class2 | 116.0s -> 总:20051.6Wh (物理:17787.4Wh + 残差:2264.2Wh)
   ? 镇海大道-骆驼桥 | class3 | 122.0s -> 总:19266.0Wh (物理:17731.2Wh + 残差:1534.8Wh)
   ? 镇海大道-骆驼桥 | class4 | 128.0s -> 总:17274.2Wh (物理:16303.0Wh + 残差:971.2Wh)
   ? 镇海大道-骆驼桥 | class5 | 134.0s -> 总:15832.3Wh (物理:15189.6Wh + 残差:642.7Wh)

? 评估完成！能耗菜单已生成：D:\energy_conservation\output\analysis\ato_class_energy_menu1_new_v3.csv
? 现在你可以运行 DP 调度算法来选择最优 Class 组合了。
Step finished with code 0. Log: D:\energy_conservation\output\pipeline_logs\20260703_201500\energy_menu.log

=== historical_baseline: Historical baseline calculation ===
Generate historical time/energy baseline used by the DP comparison report.
Command: C:\Users\bit11\AppData\Local\Programs\Python\Python311\python.exe D:\energy_conservation\scripts_new\00_main_pipeline\07_full_line_validation_results.py
Trip:    1 (segment index 0)
Target:  script default
Results: D:\energy_conservation\data\data_processed_step2_v3_all_curve_quality
ATO:     D:\energy_conservation\data\data_processed_step2_v3_all_curve_quality
Scope:   full
? 开始全线 26 个区间的历史数据验证：第 1 趟车...
历史数据目录: D:\energy_conservation\data\data_processed_step2_v3_all_curve_quality
[01/26] 正在处理: 布政-张家潭 ...
[02/26] 正在处理: 张家潭-同德路 ...
[03/26] 正在处理: 同德路-石碶 ...
[04/26] 正在处理: 石碶-雅渡 ...
[05/26] 正在处理: 雅渡-庙堰 ...
[06/26] 正在处理: 庙堰-钟公庙 ...
[07/26] 正在处理: 钟公庙-鄞州区政府 ...
[08/26] 正在处理: 鄞州区政府-钱湖南路 ...
[09/26] 正在处理: 钱湖南路-南高教园区 ...
[10/26] 正在处理: 南高教园区-下应路 ...
[11/26] 正在处理: 下应路-大洋江 ...
[12/26] 正在处理: 大洋江-泗港 ...
[13/26] 正在处理: 泗港-曹隘 ...
[14/26] 正在处理: 曹隘-柳隘 ...
[15/26] 正在处理: 柳隘-海晏北路 ...
[16/26] 正在处理: 海晏北路-民安东路 ...
[17/26] 正在处理: 民安东路-会展中心 ...
[18/26] 正在处理: 会展中心-院士路 ...
[19/26] 正在处理: 院士路-盎孟港 ...
[20/26] 正在处理: 盎孟港-三官堂 ...
[21/26] 正在处理: 三官堂-兴庄路 ...
[22/26] 正在处理: 兴庄路-兴海南路 ...
[23/26] 正在处理: 兴海南路-梅堰 ...
[24/26] 正在处理: 梅堰-永茂路 ...
[25/26] 正在处理: 永茂路-镇海大道 ...
[26/26] 正在处理: 镇海大道-骆驼桥 ...


============================================================
? 5号线全线 26 区间验证结果汇总
============================================================
      站间区间  历史运行时间(s)  历史实测能耗(Wh)  历史能耗(Wh)     物理占比         残差占比  误差(%)
    布政-张家潭     117.50    13559.42  13109.88 13119.45    -9.570000  -3.32
   张家潭-同德路     150.85    18515.56  17917.49 17039.95   877.539978  -3.23
    同德路-石碶     110.95    14539.57  14037.02 13872.46   164.559998  -3.46
     石碶-雅渡      78.75    12360.41  12213.85 12322.53  -108.669998  -1.19
     雅渡-庙堰     133.90    20522.66  19173.05 18719.70   453.350006  -6.58
    庙堰-钟公庙      96.45    12989.32  12832.96 11589.40  1243.550049  -1.20
 钟公庙-鄞州区政府      90.70    10303.70  10213.35 11353.57 -1140.219971  -0.88
鄞州区政府-钱湖南路     127.25    19266.81  18611.95 20650.54 -2038.589966  -3.40
钱湖南路-南高教园区      97.30    15347.01  14851.69 14186.34   665.349976  -3.23
 南高教园区-下应路     110.80    21656.35  21138.24 16425.37  4712.870117  -2.39
   下应路-大洋江     105.55    12896.94  12573.05 11896.47   676.580017  -2.51
    大洋江-泗港      91.40    12053.27  11762.41 10263.78  1498.640015  -2.41
     泗港-曹隘     134.80    23129.68  22994.87 22045.52   949.349976  -0.58
     曹隘-柳隘     106.00    21350.68  21100.77 13421.45  7679.319824  -1.17
   柳隘-海晏北路      89.40    14467.67  14473.81 13434.79  1039.020020   0.04
 海晏北路-民安东路      83.90    15906.41  15685.10 12064.01  3621.090088  -1.39
 民安东路-会展中心      76.60    12285.91  12156.84 11035.34  1121.500000  -1.05
  会展中心-院士路     114.90    14892.68  14658.20 17164.13 -2505.929932  -1.57
   院士路-盎孟港      90.85    19915.72  19786.37 13280.31  6506.060059  -0.65
   盎孟港-三官堂     130.65    19445.71  18902.71 20391.62 -1488.910034  -2.79
   三官堂-兴庄路     101.45    10839.37  10637.52  8298.91  2338.620117  -1.86
  兴庄路-兴海南路      91.35    11733.56  11582.03  9893.01  1689.020020  -1.29
   兴海南路-梅堰      82.30    13074.04  12999.34 12666.34   333.000000  -0.57
    梅堰-永茂路     329.60    26228.95  26022.75 25668.35   354.399994  -0.79
  永茂路-镇海大道     142.60    17480.31  17122.83 20977.21 -3854.379883  -2.05
  镇海大道-骆驼桥     116.90    20094.22  19705.22 17648.13  2057.100098  -1.94

? 结果已保存至: D:\energy_conservation\full_line1_validation_results.csv
Step finished with code 0. Log: D:\energy_conservation\output\pipeline_logs\20260703_201500\historical_baseline.log

Pipeline finished successfully.
