# step: energy_menu
# command: C:\Users\bit11\AppData\Local\Programs\Python\Python311\python.exe D:\energy_conservation\scripts_new\00_main_pipeline\06_ato_generated_results_energy.py
# ENERGY_TRIP_NO: 44
# ENERGY_TRIP_INDEX: 43
# ENERGY_TARGET_TIME: script default
# ENERGY_RESULTS_DATA_DIR: D:\energy_conservation\data\data_processed_step2_v3_all_curve_quality_traceability
# ENERGY_ATO_DATA_DIR: D:\energy_conservation\data\data_processed_step2_v3_all_curve_quality_traceability
# ENERGY_LINE_SCOPE: full
# ENERGY_TRACEABILITY_MANIFEST: D:\energy_conservation\data\data_processed_step2_v3_all_curve_quality_traceability\trip_traceability_manifest_v1.csv
# PYTHONIOENCODING: utf-8:replace
# started: 2026-09-04T15:16:47

按测试数据目录筛选能耗菜单区间: 26 个
按 line scope 筛选后能耗菜单区间: 26 个
趟次选择方式: 全局运行链追溯
全局趟次ID:   UP044_20240708_120252_R2360
追溯表:       D:\energy_conservation\data\data_processed_step2_v3_all_curve_quality_traceability\trip_traceability_manifest_v1.csv
映射区间数:   26
已生成区间参数表: D:\energy_conservation\data\static\section_params_trip44.csv | 更新 MASS: 26 | 跳过非本次区间: 0 | 沿用旧值: 0 | 保留模板值: 0
🚀 开始批量评估 26 个区间的 ATO 轨迹能耗：第 44 趟车...
地图/历史数据目录: D:\energy_conservation\data\data_processed_step2_v3_all_curve_quality_traceability
   加载残差模型: 布政-张家潭
   读取坡度曲率: 布政-张家潭
   ✅ 布政-张家潭 | class3 | 115.0s -> 总:12948.0Wh (物理:12909.9Wh + 残差:38.0Wh)
   ✅ 布政-张家潭 | class4 | 121.0s -> 总:14024.2Wh (物理:14129.8Wh + 残差:-105.7Wh)
   ✅ 布政-张家潭 | class5 | 127.05s -> 总:12627.5Wh (物理:13230.4Wh + 残差:-602.8Wh)
   加载残差模型: 张家潭-同德路
   读取坡度曲率: 张家潭-同德路
   ✅ 张家潭-同德路 | class1 | 141.0s -> 总:18108.3Wh (物理:16544.5Wh + 残差:1563.8Wh)
   ✅ 张家潭-同德路 | class2 | 148.0s -> 总:17396.4Wh (物理:17079.2Wh + 残差:317.2Wh)
   ✅ 张家潭-同德路 | class3 | 151.0s -> 总:17561.1Wh (物理:17397.7Wh + 残差:163.5Wh)
   ✅ 张家潭-同德路 | class4 | 158.95s -> 总:16090.5Wh (物理:16405.7Wh + 残差:-315.2Wh)
   加载残差模型: 同德路-石碶
   读取坡度曲率: 同德路-石碶
   ✅ 同德路-石碶 | class3 | 108.95s -> 总:12898.4Wh (物理:13029.7Wh + 残差:-131.3Wh)
   ✅ 同德路-石碶 | class4 | 114.0s -> 总:12864.7Wh (物理:13623.5Wh + 残差:-758.8Wh)
   ✅ 同德路-石碶 | class5 | 120.0s -> 总:11317.5Wh (物理:12328.7Wh + 残差:-1011.1Wh)
   加载残差模型: 石碶-雅渡
   读取坡度曲率: 石碶-雅渡
   ✅ 石碶-雅渡 | class2 | 80.0s -> 总:11100.6Wh (物理:10768.7Wh + 残差:331.9Wh)
   ✅ 石碶-雅渡 | class3 | 82.0s -> 总:11289.5Wh (物理:12423.5Wh + 残差:-1134.0Wh)
   ✅ 石碶-雅渡 | class4 | 85.95s -> 总:11696.0Wh (物理:11429.6Wh + 残差:266.4Wh)
   ✅ 石碶-雅渡 | class5 | 90.0s -> 总:9075.4Wh (物理:8975.2Wh + 残差:100.1Wh)
   加载残差模型: 雅渡-庙堰
   读取坡度曲率: 雅渡-庙堰
   ✅ 雅渡-庙堰 | class2 | 129.0s -> 总:20599.6Wh (物理:20772.2Wh + 残差:-172.6Wh)
   ✅ 雅渡-庙堰 | class3 | 131.95s -> 总:19800.0Wh (物理:19972.3Wh + 残差:-172.3Wh)
   ✅ 雅渡-庙堰 | class4 | 139.0s -> 总:18520.5Wh (物理:19689.4Wh + 残差:-1168.8Wh)
   ✅ 雅渡-庙堰 | class5 | 146.0s -> 总:16205.4Wh (物理:18166.1Wh + 残差:-1960.6Wh)
   加载残差模型: 庙堰-钟公庙
   读取坡度曲率: 庙堰-钟公庙
   ✅ 庙堰-钟公庙 | class3 | 95.95s -> 总:12523.6Wh (物理:12725.5Wh + 残差:-202.0Wh)
   ✅ 庙堰-钟公庙 | class4 | 101.0s -> 总:10809.2Wh (物理:11436.1Wh + 残差:-626.8Wh)
   加载残差模型: 钟公庙-鄞州区政府
   读取坡度曲率: 钟公庙-鄞州区政府
   ✅ 钟公庙-鄞州区政府 | class3 | 90.0s -> 总:10068.0Wh (物理:11148.0Wh + 残差:-1080.0Wh)
   ✅ 钟公庙-鄞州区政府 | class4 | 94.95s -> 总:7694.2Wh (物理:8969.2Wh + 残差:-1275.0Wh)
   ✅ 钟公庙-鄞州区政府 | class5 | 99.0s -> 总:5820.6Wh (物理:7337.4Wh + 残差:-1516.7Wh)
   加载残差模型: 鄞州区政府-钱湖南路
   读取坡度曲率: 鄞州区政府-钱湖南路
   ✅ 鄞州区政府-钱湖南路 | class2 | 127.95s -> 总:18452.0Wh (物理:17631.3Wh + 残差:820.7Wh)
   ✅ 鄞州区政府-钱湖南路 | class3 | 132.05s -> 总:16057.1Wh (物理:15487.6Wh + 残差:569.6Wh)
   ✅ 鄞州区政府-钱湖南路 | class4 | 139.0s -> 总:15176.4Wh (物理:14639.3Wh + 残差:537.1Wh)
   加载残差模型: 钱湖南路-南高教园区
   读取坡度曲率: 钱湖南路-南高教园区
   ✅ 钱湖南路-南高教园区 | class3 | 100.05s -> 总:13882.0Wh (物理:13969.5Wh + 残差:-87.5Wh)
   ✅ 钱湖南路-南高教园区 | class4 | 104.95s -> 总:12297.3Wh (物理:12773.8Wh + 残差:-476.5Wh)
   加载残差模型: 南高教园区-下应路
   读取坡度曲率: 南高教园区-下应路
   ✅ 南高教园区-下应路 | class2 | 110.0s -> 总:21332.4Wh (物理:19894.8Wh + 残差:1437.5Wh)
   ✅ 南高教园区-下应路 | class3 | 114.0s -> 总:19076.2Wh (物理:17952.5Wh + 残差:1123.7Wh)
   ✅ 南高教园区-下应路 | class4 | 119.95s -> 总:17138.0Wh (物理:16646.8Wh + 残差:491.2Wh)
   加载残差模型: 下应路-大洋江
   读取坡度曲率: 下应路-大洋江
   ✅ 下应路-大洋江 | class2 | 101.0s -> 总:13047.0Wh (物理:13528.9Wh + 残差:-481.8Wh)
   ✅ 下应路-大洋江 | class3 | 106.0s -> 总:11085.4Wh (物理:11357.2Wh + 残差:-271.8Wh)
   ✅ 下应路-大洋江 | class4 | 110.95s -> 总:11381.8Wh (物理:12128.2Wh + 残差:-746.4Wh)
   ✅ 下应路-大洋江 | class5 | 117.0s -> 总:10253.6Wh (物理:10976.0Wh + 残差:-722.4Wh)
   加载残差模型: 大洋江-泗港
   读取坡度曲率: 大洋江-泗港
   ✅ 大洋江-泗港 | class3 | 92.0s -> 总:10559.9Wh (物理:11143.1Wh + 残差:-583.2Wh)
   ✅ 大洋江-泗港 | class4 | 96.0s -> 总:9400.2Wh (物理:9945.0Wh + 残差:-544.7Wh)
   加载残差模型: 泗港-曹隘
   读取坡度曲率: 泗港-曹隘
   ✅ 泗港-曹隘 | class2 | 128.05s -> 总:19822.0Wh (物理:19934.5Wh + 残差:-112.6Wh)
   ✅ 泗港-曹隘 | class4 | 137.0s -> 总:24127.3Wh (物理:23724.2Wh + 残差:403.1Wh)
   ✅ 泗港-曹隘 | class5 | 143.0s -> 总:22031.6Wh (物理:20935.0Wh + 残差:1096.5Wh)
   加载残差模型: 曹隘-柳隘
   读取坡度曲率: 曹隘-柳隘
   ✅ 曹隘-柳隘 | class2 | 106.05s -> 总:17980.9Wh (物理:23355.0Wh + 残差:-5374.1Wh)
   ✅ 曹隘-柳隘 | class3 | 108.0s -> 总:16003.9Wh (物理:20937.2Wh + 残差:-4933.3Wh)
   ✅ 曹隘-柳隘 | class4 | 112.95s -> 总:12120.0Wh (物理:16476.9Wh + 残差:-4356.9Wh)
   ✅ 曹隘-柳隘 | class5 | 119.0s -> 总:10436.1Wh (物理:14353.9Wh + 残差:-3917.9Wh)
   加载残差模型: 柳隘-海晏北路
   读取坡度曲率: 柳隘-海晏北路
   ✅ 柳隘-海晏北路 | class3 | 91.95s -> 总:11482.4Wh (物理:11785.1Wh + 残差:-302.7Wh)
   ✅ 柳隘-海晏北路 | class4 | 96.0s -> 总:10147.9Wh (物理:10480.6Wh + 残差:-332.7Wh)
   加载残差模型: 海晏北路-民安东路
   读取坡度曲率: 海晏北路-民安东路
   ✅ 海晏北路-民安东路 | class3 | 85.0s -> 总:13843.4Wh (物理:14602.0Wh + 残差:-758.5Wh)
   ✅ 海晏北路-民安东路 | class4 | 88.95s -> 总:12320.2Wh (物理:11601.3Wh + 残差:718.9Wh)
   加载残差模型: 民安东路-会展中心
   读取坡度曲率: 民安东路-会展中心
   ✅ 民安东路-会展中心 | class2 | 76.0s -> 总:15594.5Wh (物理:17326.9Wh + 残差:-1732.4Wh)
   ✅ 民安东路-会展中心 | class3 | 78.95s -> 总:11656.6Wh (物理:11677.2Wh + 残差:-20.7Wh)
   ✅ 民安东路-会展中心 | class4 | 83.0s -> 总:7551.3Wh (物理:8179.5Wh + 残差:-628.2Wh)
   加载残差模型: 会展中心-院士路
   读取坡度曲率: 会展中心-院士路
   ✅ 会展中心-院士路 | class3 | 115.0s -> 总:14381.5Wh (物理:15352.2Wh + 残差:-970.6Wh)
   ✅ 会展中心-院士路 | class4 | 121.0s -> 总:12790.4Wh (物理:13840.3Wh + 残差:-1049.9Wh)
   加载残差模型: 院士路-盎孟港
   读取坡度曲率: 院士路-盎孟港
   ✅ 院士路-盎孟港 | class3 | 90.95s -> 总:16491.3Wh (物理:17151.5Wh + 残差:-660.2Wh)
   ✅ 院士路-盎孟港 | class4 | 95.95s -> 总:13293.0Wh (物理:13604.7Wh + 残差:-311.7Wh)
   加载残差模型: 盎孟港-三官堂
   读取坡度曲率: 盎孟港-三官堂
   ✅ 盎孟港-三官堂 | class2 | 132.0s -> 总:17811.7Wh (物理:17189.8Wh + 残差:621.9Wh)
   ✅ 盎孟港-三官堂 | class3 | 138.95s -> 总:17262.6Wh (物理:16619.1Wh + 残差:643.5Wh)
   ✅ 盎孟港-三官堂 | class4 | 146.0s -> 总:16364.1Wh (物理:16279.1Wh + 残差:85.0Wh)
   加载残差模型: 三官堂-兴庄路
   读取坡度曲率: 三官堂-兴庄路
   ✅ 三官堂-兴庄路 | class1 | 94.05s -> 总:13531.8Wh (物理:14454.8Wh + 残差:-923.0Wh)
   ✅ 三官堂-兴庄路 | class2 | 99.0s -> 总:12358.4Wh (物理:11846.9Wh + 残差:511.4Wh)
   ✅ 三官堂-兴庄路 | class3 | 104.05s -> 总:11328.4Wh (物理:10858.8Wh + 残差:469.6Wh)
   ✅ 三官堂-兴庄路 | class4 | 109.0s -> 总:10749.6Wh (物理:10259.3Wh + 残差:490.3Wh)
   加载残差模型: 兴庄路-兴海南路
   读取坡度曲率: 兴庄路-兴海南路
   ✅ 兴庄路-兴海南路 | class2 | 86.95s -> 总:16270.8Wh (物理:17704.5Wh + 残差:-1433.6Wh)
   ✅ 兴庄路-兴海南路 | class4 | 95.95s -> 总:9182.2Wh (物理:9897.3Wh + 残差:-715.1Wh)
   加载残差模型: 兴海南路-梅堰
   读取坡度曲率: 兴海南路-梅堰
   ✅ 兴海南路-梅堰 | class3 | 81.95s -> 总:11121.0Wh (物理:11724.5Wh + 残差:-603.5Wh)
   ✅ 兴海南路-梅堰 | class4 | 86.0s -> 总:9388.7Wh (物理:9424.0Wh + 残差:-35.3Wh)
   加载残差模型: 梅堰-永茂路
   读取坡度曲率: 梅堰-永茂路
   ✅ 梅堰-永茂路 | class3 | 313.0s -> 总:30276.1Wh (物理:28865.5Wh + 残差:1410.6Wh)
   ✅ 梅堰-永茂路 | class4 | 329.0s -> 总:26065.9Wh (物理:25683.1Wh + 残差:382.8Wh)
   ✅ 梅堰-永茂路 | class5 | 345.05s -> 总:23426.7Wh (物理:24805.7Wh + 残差:-1379.0Wh)
   加载残差模型: 永茂路-镇海大道
   读取坡度曲率: 永茂路-镇海大道
   ✅ 永茂路-镇海大道 | class2 | 141.0s -> 总:17968.9Wh (物理:17172.5Wh + 残差:796.4Wh)
   ✅ 永茂路-镇海大道 | class3 | 148.0s -> 总:17149.9Wh (物理:16555.7Wh + 残差:594.2Wh)
   ✅ 永茂路-镇海大道 | class4 | 156.0s -> 总:15822.8Wh (物理:14483.4Wh + 残差:1339.3Wh)
   ✅ 永茂路-镇海大道 | class5 | 164.05s -> 总:14710.2Wh (物理:13318.4Wh + 残差:1391.8Wh)
   加载残差模型: 镇海大道-骆驼桥
   读取坡度曲率: 镇海大道-骆驼桥
   ✅ 镇海大道-骆驼桥 | class2 | 116.0s -> 总:19884.8Wh (物理:18988.1Wh + 残差:896.7Wh)
   ✅ 镇海大道-骆驼桥 | class3 | 122.0s -> 总:19030.2Wh (物理:18169.3Wh + 残差:860.9Wh)
   ✅ 镇海大道-骆驼桥 | class4 | 128.0s -> 总:17084.4Wh (物理:16410.8Wh + 残差:673.6Wh)
   ✅ 镇海大道-骆驼桥 | class5 | 134.0s -> 总:15665.2Wh (物理:15718.0Wh + 残差:-52.8Wh)

✨ 评估完成！能耗菜单已生成：D:\energy_conservation\output\analysis\ato_class_energy_menu44_new_v3.csv
👉 现在你可以运行 DP 调度算法来选择最优 Class 组合了。

# finished: 2026-09-04T16:44:12
# return_code: 0
# elapsed_seconds: 5244.2
