# step: energy_menu
# command: C:\Users\bit11\AppData\Local\Programs\Python\Python311\python.exe D:\energy_conservation\scripts_new\00_main_pipeline\06_ato_generated_results_energy.py
# ENERGY_TRIP_NO: 3
# ENERGY_TRIP_INDEX: 2
# ENERGY_TARGET_TIME: 4000.0
# ENERGY_RESULTS_DATA_DIR: D:\energy_conservation\data\data_processed_step2_v3_all_curve_quality
# ENERGY_ATO_DATA_DIR: D:\energy_conservation\data\data_processed_step2_v3_all_curve_quality
# ENERGY_LINE_SCOPE: full
# PYTHONIOENCODING: utf-8:replace
# started: 2026-06-18T14:10:55

已删除旧能耗菜单: D:\energy_conservation\output\analysis\ato_class_energy_menu3_new_v3.csv
按测试数据目录筛选能耗菜单区间: 26 个
按 line scope 筛选后能耗菜单区间: 26 个
   读取重量: 布政-张家潭 trip 3
   读取重量: 张家潭-同德路 trip 3
   读取重量: 同德路-石碶 trip 3
   读取重量: 石碶-雅渡 trip 3
   读取重量: 雅渡-庙堰 trip 3
   读取重量: 庙堰-钟公庙 trip 3
   读取重量: 钟公庙-鄞州区政府 trip 3
   读取重量: 鄞州区政府-钱湖南路 trip 3
   读取重量: 钱湖南路-南高教园区 trip 3
   读取重量: 南高教园区-下应路 trip 3
   读取重量: 下应路-大洋江 trip 3
   读取重量: 大洋江-泗港 trip 3
   读取重量: 泗港-曹隘 trip 3
   读取重量: 曹隘-柳隘 trip 3
   读取重量: 柳隘-海晏北路 trip 3
   读取重量: 海晏北路-民安东路 trip 3
   读取重量: 民安东路-会展中心 trip 3
   读取重量: 会展中心-院士路 trip 3
   读取重量: 院士路-盎孟港 trip 3
   读取重量: 盎孟港-三官堂 trip 3
   读取重量: 三官堂-兴庄路 trip 3
   读取重量: 兴庄路-兴海南路 trip 3
   读取重量: 兴海南路-梅堰 trip 3
   读取重量: 梅堰-永茂路 trip 3
   读取重量: 永茂路-镇海大道 trip 3
   读取重量: 镇海大道-骆驼桥 trip 3
已生成区间参数表: D:\energy_conservation\data\static\section_params_trip3.csv | 更新 MASS: 26 | 跳过非本次区间: 0 | 沿用旧值: 0 | 保留模板值: 0
🚀 开始批量评估 26 个区间的 ATO 轨迹能耗：第 3 趟车...
地图/历史数据目录: D:\energy_conservation\data\data_processed_step2_v3_all_curve_quality
   加载残差模型: 布政-张家潭
   读取坡度曲率: 布政-张家潭
   ✅ 布政-张家潭 | class3 | 115.0s -> 总:12947.6Wh (物理:12911.0Wh + 残差:36.6Wh)
   ✅ 布政-张家潭 | class4 | 121.0s -> 总:14024.2Wh (物理:14131.4Wh + 残差:-107.2Wh)
   ✅ 布政-张家潭 | class5 | 127.05s -> 总:12627.7Wh (物理:13231.8Wh + 残差:-604.1Wh)
   加载残差模型: 张家潭-同德路
   读取坡度曲率: 张家潭-同德路
   ✅ 张家潭-同德路 | class1 | 141.0s -> 总:17890.7Wh (物理:18567.4Wh + 残差:-676.7Wh)
   ✅ 张家潭-同德路 | class2 | 148.0s -> 总:17599.2Wh (物理:18097.3Wh + 残差:-498.1Wh)
   ✅ 张家潭-同德路 | class3 | 151.0s -> 总:17915.9Wh (物理:17164.4Wh + 残差:751.4Wh)
   ✅ 张家潭-同德路 | class4 | 158.95s -> 总:16531.8Wh (物理:15798.0Wh + 残差:733.9Wh)
   加载残差模型: 同德路-石碶
   读取坡度曲率: 同德路-石碶
   ✅ 同德路-石碶 | class3 | 108.95s -> 总:13125.7Wh (物理:13071.7Wh + 残差:54.0Wh)
   ✅ 同德路-石碶 | class4 | 114.0s -> 总:13339.6Wh (物理:13513.4Wh + 残差:-173.8Wh)
   ✅ 同德路-石碶 | class5 | 120.0s -> 总:11784.4Wh (物理:12126.9Wh + 残差:-342.5Wh)
   加载残差模型: 石碶-雅渡
   读取坡度曲率: 石碶-雅渡
   ✅ 石碶-雅渡 | class2 | 80.0s -> 总:11046.1Wh (物理:10284.6Wh + 残差:761.5Wh)
   ✅ 石碶-雅渡 | class3 | 82.0s -> 总:11462.5Wh (物理:12101.4Wh + 残差:-638.9Wh)
   ✅ 石碶-雅渡 | class4 | 85.95s -> 总:11572.2Wh (物理:9944.8Wh + 残差:1627.5Wh)
   ✅ 石碶-雅渡 | class5 | 90.0s -> 总:8864.9Wh (物理:7436.5Wh + 残差:1428.5Wh)
   加载残差模型: 雅渡-庙堰
   读取坡度曲率: 雅渡-庙堰
   ✅ 雅渡-庙堰 | class2 | 129.0s -> 总:20493.5Wh (物理:20610.4Wh + 残差:-116.9Wh)
   ✅ 雅渡-庙堰 | class3 | 131.95s -> 总:19819.5Wh (物理:19563.3Wh + 残差:256.2Wh)
   ✅ 雅渡-庙堰 | class4 | 139.0s -> 总:18155.4Wh (物理:18222.0Wh + 残差:-66.6Wh)
   ✅ 雅渡-庙堰 | class5 | 146.0s -> 总:15935.1Wh (物理:16643.5Wh + 残差:-708.4Wh)
   加载残差模型: 庙堰-钟公庙
   读取坡度曲率: 庙堰-钟公庙
   ✅ 庙堰-钟公庙 | class3 | 95.95s -> 总:12482.5Wh (物理:11648.1Wh + 残差:834.5Wh)
   ✅ 庙堰-钟公庙 | class4 | 101.0s -> 总:10856.1Wh (物理:9416.6Wh + 残差:1439.4Wh)
   加载残差模型: 钟公庙-鄞州区政府
   读取坡度曲率: 钟公庙-鄞州区政府
   ✅ 钟公庙-鄞州区政府 | class3 | 90.0s -> 总:10340.8Wh (物理:11509.4Wh + 残差:-1168.5Wh)
   ✅ 钟公庙-鄞州区政府 | class4 | 94.95s -> 总:7979.1Wh (物理:9749.8Wh + 残差:-1770.7Wh)
   ✅ 钟公庙-鄞州区政府 | class5 | 99.0s -> 总:6129.6Wh (物理:8415.6Wh + 残差:-2286.0Wh)
   加载残差模型: 鄞州区政府-钱湖南路
   读取坡度曲率: 鄞州区政府-钱湖南路
   ✅ 鄞州区政府-钱湖南路 | class2 | 127.95s -> 总:18510.9Wh (物理:20258.1Wh + 残差:-1747.1Wh)
   ✅ 鄞州区政府-钱湖南路 | class3 | 132.05s -> 总:16066.4Wh (物理:18390.6Wh + 残差:-2324.2Wh)
   ✅ 鄞州区政府-钱湖南路 | class4 | 139.0s -> 总:15251.4Wh (物理:16867.6Wh + 残差:-1616.2Wh)
   加载残差模型: 钱湖南路-南高教园区
   读取坡度曲率: 钱湖南路-南高教园区
   ✅ 钱湖南路-南高教园区 | class3 | 100.05s -> 总:13608.4Wh (物理:12519.7Wh + 残差:1088.7Wh)
   ✅ 钱湖南路-南高教园区 | class4 | 104.95s -> 总:11805.5Wh (物理:10239.3Wh + 残差:1566.2Wh)
   加载残差模型: 南高教园区-下应路
   读取坡度曲率: 南高教园区-下应路
   ✅ 南高教园区-下应路 | class2 | 110.0s -> 总:20908.6Wh (物理:16297.0Wh + 残差:4611.6Wh)
   ✅ 南高教园区-下应路 | class3 | 114.0s -> 总:18468.9Wh (物理:14536.1Wh + 残差:3932.7Wh)
   ✅ 南高教园区-下应路 | class4 | 119.95s -> 总:16654.8Wh (物理:13627.5Wh + 残差:3027.3Wh)
   加载残差模型: 下应路-大洋江
   读取坡度曲率: 下应路-大洋江
   ✅ 下应路-大洋江 | class2 | 101.0s -> 总:13348.6Wh (物理:13137.0Wh + 残差:211.6Wh)
   ✅ 下应路-大洋江 | class3 | 106.0s -> 总:11307.4Wh (物理:10957.3Wh + 残差:350.1Wh)
   ✅ 下应路-大洋江 | class4 | 110.95s -> 总:11719.8Wh (物理:11355.0Wh + 残差:364.8Wh)
   ✅ 下应路-大洋江 | class5 | 117.0s -> 总:10724.0Wh (物理:9886.4Wh + 残差:837.5Wh)
   加载残差模型: 大洋江-泗港
   读取坡度曲率: 大洋江-泗港
   ✅ 大洋江-泗港 | class3 | 92.0s -> 总:10764.1Wh (物理:9525.9Wh + 残差:1238.2Wh)
   ✅ 大洋江-泗港 | class4 | 96.0s -> 总:9563.6Wh (物理:7925.6Wh + 残差:1637.9Wh)
   加载残差模型: 泗港-曹隘
   读取坡度曲率: 泗港-曹隘
   ✅ 泗港-曹隘 | class2 | 128.05s -> 总:20212.8Wh (物理:19668.9Wh + 残差:543.9Wh)
   ✅ 泗港-曹隘 | class4 | 137.0s -> 总:22963.1Wh (物理:22071.2Wh + 残差:891.9Wh)
   ✅ 泗港-曹隘 | class5 | 143.0s -> 总:21181.9Wh (物理:19641.3Wh + 残差:1540.6Wh)
   加载残差模型: 曹隘-柳隘
   读取坡度曲率: 曹隘-柳隘
   ✅ 曹隘-柳隘 | class2 | 106.05s -> 总:21431.2Wh (物理:14733.1Wh + 残差:6698.2Wh)
   ✅ 曹隘-柳隘 | class3 | 108.0s -> 总:19871.1Wh (物理:12703.4Wh + 残差:7167.7Wh)
   ✅ 曹隘-柳隘 | class4 | 112.95s -> 总:15966.4Wh (物理:10634.3Wh + 残差:5332.1Wh)
   ✅ 曹隘-柳隘 | class5 | 119.0s -> 总:13522.2Wh (物理:9627.0Wh + 残差:3895.1Wh)
   加载残差模型: 柳隘-海晏北路
   读取坡度曲率: 柳隘-海晏北路
   ✅ 柳隘-海晏北路 | class3 | 91.95s -> 总:11476.1Wh (物理:10752.3Wh + 残差:723.8Wh)
   ✅ 柳隘-海晏北路 | class4 | 96.0s -> 总:10271.9Wh (物理:8685.4Wh + 残差:1586.6Wh)
   加载残差模型: 海晏北路-民安东路
   读取坡度曲率: 海晏北路-民安东路
   ✅ 海晏北路-民安东路 | class3 | 85.0s -> 总:14780.5Wh (物理:11073.2Wh + 残差:3707.2Wh)
   ✅ 海晏北路-民安东路 | class4 | 88.95s -> 总:12400.9Wh (物理:8170.6Wh + 残差:4230.3Wh)
   加载残差模型: 民安东路-会展中心
   读取坡度曲率: 民安东路-会展中心
   ✅ 民安东路-会展中心 | class2 | 76.0s -> 总:15194.0Wh (物理:15397.2Wh + 残差:-203.2Wh)
   ✅ 民安东路-会展中心 | class3 | 78.95s -> 总:11650.3Wh (物理:10073.0Wh + 残差:1577.4Wh)
   ✅ 民安东路-会展中心 | class4 | 83.0s -> 总:6921.2Wh (物理:7197.5Wh + 残差:-276.3Wh)
   加载残差模型: 会展中心-院士路
   读取坡度曲率: 会展中心-院士路
   ✅ 会展中心-院士路 | class3 | 115.0s -> 总:14971.6Wh (物理:17647.4Wh + 残差:-2675.8Wh)
   ✅ 会展中心-院士路 | class4 | 121.0s -> 总:13348.2Wh (物理:16080.8Wh + 残差:-2732.6Wh)
   加载残差模型: 院士路-盎孟港
   读取坡度曲率: 院士路-盎孟港
   ✅ 院士路-盎孟港 | class3 | 90.95s -> 总:17804.3Wh (物理:11595.9Wh + 残差:6208.4Wh)
   ✅ 院士路-盎孟港 | class4 | 95.95s -> 总:14014.4Wh (物理:8351.2Wh + 残差:5663.2Wh)
   加载残差模型: 盎孟港-三官堂
   读取坡度曲率: 盎孟港-三官堂
   ✅ 盎孟港-三官堂 | class2 | 132.0s -> 总:17553.5Wh (物理:20602.9Wh + 残差:-3049.3Wh)
   ✅ 盎孟港-三官堂 | class3 | 138.95s -> 总:17036.4Wh (物理:17922.5Wh + 残差:-886.1Wh)
   ✅ 盎孟港-三官堂 | class4 | 146.0s -> 总:16364.2Wh (物理:16856.8Wh + 残差:-492.6Wh)
   加载残差模型: 三官堂-兴庄路
   读取坡度曲率: 三官堂-兴庄路
   ✅ 三官堂-兴庄路 | class1 | 94.05s -> 总:13094.9Wh (物理:13242.4Wh + 残差:-147.5Wh)
   ✅ 三官堂-兴庄路 | class2 | 99.0s -> 总:11531.8Wh (物理:9871.8Wh + 残差:1660.1Wh)
   ✅ 三官堂-兴庄路 | class3 | 104.05s -> 总:10484.0Wh (物理:8291.6Wh + 残差:2192.5Wh)
   ✅ 三官堂-兴庄路 | class4 | 109.0s -> 总:9943.9Wh (物理:7508.2Wh + 残差:2435.7Wh)
   加载残差模型: 兴庄路-兴海南路
   读取坡度曲率: 兴庄路-兴海南路
   ✅ 兴庄路-兴海南路 | class2 | 86.95s -> 总:15846.1Wh (物理:14625.7Wh + 残差:1220.3Wh)
   ✅ 兴庄路-兴海南路 | class4 | 95.95s -> 总:9478.6Wh (物理:7942.5Wh + 残差:1536.0Wh)
   加载残差模型: 兴海南路-梅堰
   读取坡度曲率: 兴海南路-梅堰
   ✅ 兴海南路-梅堰 | class3 | 81.95s -> 总:11301.5Wh (物理:11879.3Wh + 残差:-577.9Wh)
   ✅ 兴海南路-梅堰 | class4 | 86.0s -> 总:9561.3Wh (物理:8059.4Wh + 残差:1501.8Wh)
   加载残差模型: 梅堰-永茂路
   读取坡度曲率: 梅堰-永茂路
   ✅ 梅堰-永茂路 | class3 | 313.0s -> 总:30075.4Wh (物理:26989.9Wh + 残差:3085.5Wh)
   ✅ 梅堰-永茂路 | class4 | 329.0s -> 总:26636.4Wh (物理:25859.6Wh + 残差:776.8Wh)
   ✅ 梅堰-永茂路 | class5 | 345.05s -> 总:23625.1Wh (物理:25412.0Wh + 残差:-1787.0Wh)
   加载残差模型: 永茂路-镇海大道
   读取坡度曲率: 永茂路-镇海大道
   ✅ 永茂路-镇海大道 | class2 | 141.0s -> 总:17124.3Wh (物理:21378.1Wh + 残差:-4253.9Wh)
   ✅ 永茂路-镇海大道 | class3 | 148.0s -> 总:17114.1Wh (物理:19353.0Wh + 残差:-2238.8Wh)
   ✅ 永茂路-镇海大道 | class4 | 156.0s -> 总:15542.7Wh (物理:17477.2Wh + 残差:-1934.5Wh)
   ✅ 永茂路-镇海大道 | class5 | 164.05s -> 总:14995.7Wh (物理:16060.7Wh + 残差:-1065.0Wh)
   加载残差模型: 镇海大道-骆驼桥
   读取坡度曲率: 镇海大道-骆驼桥
   ✅ 镇海大道-骆驼桥 | class2 | 116.0s -> 总:20018.8Wh (物理:17779.5Wh + 残差:2239.3Wh)
   ✅ 镇海大道-骆驼桥 | class3 | 122.0s -> 总:19239.5Wh (物理:17723.3Wh + 残差:1516.2Wh)
   ✅ 镇海大道-骆驼桥 | class4 | 128.0s -> 总:17268.3Wh (物理:16295.7Wh + 残差:972.6Wh)
   ✅ 镇海大道-骆驼桥 | class5 | 134.0s -> 总:15833.3Wh (物理:15182.8Wh + 残差:650.6Wh)

✨ 评估完成！能耗菜单已生成：D:\energy_conservation\output\analysis\ato_class_energy_menu3_new_v3.csv
👉 现在你可以运行 DP 调度算法来选择最优 Class 组合了。

# finished: 2026-06-18T15:05:22
# return_code: 0
# elapsed_seconds: 3266.2
