# step: energy_menu
# command: C:\Users\bit11\AppData\Local\Programs\Python\Python311\python.exe D:\energy_conservation\scripts_new\00_main_pipeline\06_ato_generated_results_energy.py
# ENERGY_TRIP_NO: 9
# ENERGY_TRIP_INDEX: 8
# ENERGY_TARGET_TIME: script default
# ENERGY_RESULTS_DATA_DIR: D:\energy_conservation\data\data_processed_step2_v3_all_curve_quality
# ENERGY_ATO_DATA_DIR: D:\energy_conservation\data\data_processed_step2_v3_all_curve_quality
# ENERGY_LINE_SCOPE: full
# PYTHONIOENCODING: utf-8:replace
# started: 2026-07-04T03:56:13

按测试数据目录筛选能耗菜单区间: 26 个
按 line scope 筛选后能耗菜单区间: 26 个
   读取重量: 布政-张家潭 trip 9
   读取重量: 张家潭-同德路 trip 9
   读取重量: 同德路-石碶 trip 9
   读取重量: 石碶-雅渡 trip 9
   读取重量: 雅渡-庙堰 trip 9
   读取重量: 庙堰-钟公庙 trip 9
   读取重量: 钟公庙-鄞州区政府 trip 9
   读取重量: 鄞州区政府-钱湖南路 trip 9
   读取重量: 钱湖南路-南高教园区 trip 9
   读取重量: 南高教园区-下应路 trip 9
   读取重量: 下应路-大洋江 trip 9
   读取重量: 大洋江-泗港 trip 9
   读取重量: 泗港-曹隘 trip 9
   读取重量: 曹隘-柳隘 trip 9
   读取重量: 柳隘-海晏北路 trip 9
   读取重量: 海晏北路-民安东路 trip 9
   读取重量: 民安东路-会展中心 trip 9
   读取重量: 会展中心-院士路 trip 9
   读取重量: 院士路-盎孟港 trip 9
   读取重量: 盎孟港-三官堂 trip 9
   读取重量: 三官堂-兴庄路 trip 9
   读取重量: 兴庄路-兴海南路 trip 9
   读取重量: 兴海南路-梅堰 trip 9
   读取重量: 梅堰-永茂路 trip 9
   读取重量: 永茂路-镇海大道 trip 9
   读取重量: 镇海大道-骆驼桥 trip 9
已生成区间参数表: D:\energy_conservation\data\static\section_params_trip9.csv | 更新 MASS: 26 | 跳过非本次区间: 0 | 沿用旧值: 0 | 保留模板值: 0
🚀 开始批量评估 26 个区间的 ATO 轨迹能耗：第 9 趟车...
地图/历史数据目录: D:\energy_conservation\data\data_processed_step2_v3_all_curve_quality
   加载残差模型: 布政-张家潭
   读取坡度曲率: 布政-张家潭
   ✅ 布政-张家潭 | class3 | 115.0s -> 总:12947.6Wh (物理:12911.0Wh + 残差:36.6Wh)
   ✅ 布政-张家潭 | class4 | 121.0s -> 总:14024.2Wh (物理:14131.4Wh + 残差:-107.2Wh)
   ✅ 布政-张家潭 | class5 | 127.05s -> 总:12627.7Wh (物理:13231.8Wh + 残差:-604.1Wh)
   加载残差模型: 张家潭-同德路
   读取坡度曲率: 张家潭-同德路
   ✅ 张家潭-同德路 | class1 | 141.0s -> 总:18247.4Wh (物理:18583.7Wh + 残差:-336.3Wh)
   ✅ 张家潭-同德路 | class2 | 148.0s -> 总:17854.5Wh (物理:18113.4Wh + 残差:-258.8Wh)
   ✅ 张家潭-同德路 | class3 | 151.0s -> 总:18119.4Wh (物理:17179.7Wh + 残差:939.7Wh)
   ✅ 张家潭-同德路 | class4 | 158.95s -> 总:16756.7Wh (物理:15812.1Wh + 残差:944.6Wh)
   加载残差模型: 同德路-石碶
   读取坡度曲率: 同德路-石碶
   ✅ 同德路-石碶 | class3 | 108.95s -> 总:13263.4Wh (物理:13101.2Wh + 残差:162.2Wh)
   ✅ 同德路-石碶 | class4 | 114.0s -> 总:13445.0Wh (物理:13543.8Wh + 残差:-98.9Wh)
   ✅ 同德路-石碶 | class5 | 120.0s -> 总:11844.6Wh (物理:12154.2Wh + 残差:-309.6Wh)
   加载残差模型: 石碶-雅渡
   读取坡度曲率: 石碶-雅渡
   ✅ 石碶-雅渡 | class2 | 80.0s -> 总:11002.9Wh (物理:10461.6Wh + 残差:541.3Wh)
   ✅ 石碶-雅渡 | class3 | 82.0s -> 总:11650.5Wh (物理:12309.5Wh + 残差:-659.0Wh)
   ✅ 石碶-雅渡 | class4 | 85.95s -> 总:11518.6Wh (物理:10115.7Wh + 残差:1402.9Wh)
   ✅ 石碶-雅渡 | class5 | 90.0s -> 总:8805.9Wh (物理:7564.5Wh + 残差:1241.4Wh)
   加载残差模型: 雅渡-庙堰
   读取坡度曲率: 雅渡-庙堰
   ✅ 雅渡-庙堰 | class2 | 129.0s -> 总:21235.6Wh (物理:21104.4Wh + 残差:131.3Wh)
   ✅ 雅渡-庙堰 | class3 | 131.95s -> 总:20491.2Wh (物理:20034.9Wh + 残差:456.3Wh)
   ✅ 雅渡-庙堰 | class4 | 139.0s -> 总:18677.1Wh (物理:18662.5Wh + 残差:14.6Wh)
   ✅ 雅渡-庙堰 | class5 | 146.0s -> 总:16707.4Wh (物理:17048.5Wh + 残差:-341.1Wh)
   加载残差模型: 庙堰-钟公庙
   读取坡度曲率: 庙堰-钟公庙
   ✅ 庙堰-钟公庙 | class3 | 95.95s -> 总:13172.5Wh (物理:12074.0Wh + 残差:1098.5Wh)
   ✅ 庙堰-钟公庙 | class4 | 101.0s -> 总:11344.2Wh (物理:9762.4Wh + 残差:1581.8Wh)
   加载残差模型: 钟公庙-鄞州区政府
   读取坡度曲率: 钟公庙-鄞州区政府
   ✅ 钟公庙-鄞州区政府 | class3 | 90.0s -> 总:10880.6Wh (物理:12056.0Wh + 残差:-1175.4Wh)
   ✅ 钟公庙-鄞州区政府 | class4 | 94.95s -> 总:8455.4Wh (物理:10210.5Wh + 残差:-1755.1Wh)
   ✅ 钟公庙-鄞州区政府 | class5 | 99.0s -> 总:6620.7Wh (物理:8813.2Wh + 残差:-2192.5Wh)
   加载残差模型: 鄞州区政府-钱湖南路
   读取坡度曲率: 鄞州区政府-钱湖南路
   ✅ 鄞州区政府-钱湖南路 | class2 | 127.95s -> 总:19938.8Wh (物理:21450.1Wh + 残差:-1511.3Wh)
   ✅ 鄞州区政府-钱湖南路 | class3 | 132.05s -> 总:17618.8Wh (物理:19475.9Wh + 残差:-1857.0Wh)
   ✅ 鄞州区政府-钱湖南路 | class4 | 139.0s -> 总:16781.5Wh (物理:17868.3Wh + 残差:-1086.8Wh)
   加载残差模型: 钱湖南路-南高教园区
   读取坡度曲率: 钱湖南路-南高教园区
   ✅ 钱湖南路-南高教园区 | class3 | 100.05s -> 总:14876.2Wh (物理:13392.3Wh + 残差:1483.9Wh)
   ✅ 钱湖南路-南高教园区 | class4 | 104.95s -> 总:13047.9Wh (物理:10950.8Wh + 残差:2097.1Wh)
   加载残差模型: 南高教园区-下应路
   读取坡度曲率: 南高教园区-下应路
   ✅ 南高教园区-下应路 | class2 | 110.0s -> 总:22362.7Wh (物理:17502.4Wh + 残差:4860.4Wh)
   ✅ 南高教园区-下应路 | class3 | 114.0s -> 总:19786.3Wh (物理:15616.0Wh + 残差:4170.3Wh)
   ✅ 南高教园区-下应路 | class4 | 119.95s -> 总:18010.3Wh (物理:14647.6Wh + 残差:3362.6Wh)
   加载残差模型: 下应路-大洋江
   读取坡度曲率: 下应路-大洋江
   ✅ 下应路-大洋江 | class2 | 101.0s -> 总:14819.4Wh (物理:14204.6Wh + 残差:614.8Wh)
   ✅ 下应路-大洋江 | class3 | 106.0s -> 总:12869.9Wh (物理:11850.0Wh + 残差:1019.9Wh)
   ✅ 下应路-大洋江 | class4 | 110.95s -> 总:13489.5Wh (物理:12280.6Wh + 残差:1208.8Wh)
   ✅ 下应路-大洋江 | class5 | 117.0s -> 总:12510.9Wh (物理:10692.7Wh + 残差:1818.2Wh)
   加载残差模型: 大洋江-泗港
   读取坡度曲率: 大洋江-泗港
   ✅ 大洋江-泗港 | class3 | 92.0s -> 总:11537.7Wh (物理:10306.0Wh + 残差:1231.8Wh)
   ✅ 大洋江-泗港 | class4 | 96.0s -> 总:10286.5Wh (物理:8574.2Wh + 残差:1712.2Wh)
   加载残差模型: 泗港-曹隘
   读取坡度曲率: 泗港-曹隘
   ✅ 泗港-曹隘 | class2 | 128.05s -> 总:22004.3Wh (物理:21311.9Wh + 残差:692.4Wh)
   ✅ 泗港-曹隘 | class4 | 137.0s -> 总:24737.2Wh (物理:23943.8Wh + 残差:793.3Wh)
   ✅ 泗港-曹隘 | class5 | 143.0s -> 总:23390.2Wh (物理:21317.2Wh + 残差:2073.0Wh)
   加载残差模型: 曹隘-柳隘
   读取坡度曲率: 曹隘-柳隘
   ✅ 曹隘-柳隘 | class2 | 106.05s -> 总:23921.0Wh (物理:16297.4Wh + 残差:7623.6Wh)
   ✅ 曹隘-柳隘 | class3 | 108.0s -> 总:22229.9Wh (物理:14049.5Wh + 残差:8180.4Wh)
   ✅ 曹隘-柳隘 | class4 | 112.95s -> 总:16844.1Wh (物理:11761.9Wh + 残差:5082.2Wh)
   ✅ 曹隘-柳隘 | class5 | 119.0s -> 总:13439.4Wh (物理:10652.8Wh + 残差:2786.6Wh)
   加载残差模型: 柳隘-海晏北路
   读取坡度曲率: 柳隘-海晏北路
   ✅ 柳隘-海晏北路 | class3 | 91.95s -> 总:12708.3Wh (物理:12012.1Wh + 残差:696.2Wh)
   ✅ 柳隘-海晏北路 | class4 | 96.0s -> 总:11492.4Wh (物理:9704.4Wh + 残差:1787.9Wh)
   加载残差模型: 海晏北路-民安东路
   读取坡度曲率: 海晏北路-民安东路
   ✅ 海晏北路-民安东路 | class3 | 85.0s -> 总:16955.3Wh (物理:12614.8Wh + 残差:4340.5Wh)
   ✅ 海晏北路-民安东路 | class4 | 88.95s -> 总:14221.8Wh (物理:9311.6Wh + 残差:4910.2Wh)
   加载残差模型: 民安东路-会展中心
   读取坡度曲率: 民安东路-会展中心
   ✅ 民安东路-会展中心 | class2 | 76.0s -> 总:16685.5Wh (物理:16896.3Wh + 残差:-210.8Wh)
   ✅ 民安东路-会展中心 | class3 | 78.95s -> 总:12585.3Wh (物理:11054.6Wh + 残差:1530.7Wh)
   ✅ 民安东路-会展中心 | class4 | 83.0s -> 总:7904.9Wh (物理:7901.1Wh + 残差:3.7Wh)
   加载残差模型: 会展中心-院士路
   读取坡度曲率: 会展中心-院士路
   ✅ 会展中心-院士路 | class3 | 115.0s -> 总:15831.7Wh (物理:18695.1Wh + 残差:-2863.4Wh)
   ✅ 会展中心-院士路 | class4 | 121.0s -> 总:14232.3Wh (物理:17042.9Wh + 残差:-2810.6Wh)
   加载残差模型: 院士路-盎孟港
   读取坡度曲率: 院士路-盎孟港
   ✅ 院士路-盎孟港 | class3 | 90.95s -> 总:18341.3Wh (物理:11988.1Wh + 残差:6353.2Wh)
   ✅ 院士路-盎孟港 | class4 | 95.95s -> 总:14443.8Wh (物理:8635.3Wh + 残差:5808.4Wh)
   加载残差模型: 盎孟港-三官堂
   读取坡度曲率: 盎孟港-三官堂
   ✅ 盎孟港-三官堂 | class2 | 132.0s -> 总:17812.2Wh (物理:20816.8Wh + 残差:-3004.6Wh)
   ✅ 盎孟港-三官堂 | class3 | 138.95s -> 总:17332.5Wh (物理:18108.6Wh + 残差:-776.1Wh)
   ✅ 盎孟港-三官堂 | class4 | 146.0s -> 总:16685.6Wh (物理:17033.1Wh + 残差:-347.4Wh)
   加载残差模型: 三官堂-兴庄路
   读取坡度曲率: 三官堂-兴庄路
   ✅ 三官堂-兴庄路 | class1 | 94.05s -> 总:13148.0Wh (物理:13290.5Wh + 残差:-142.6Wh)
   ✅ 三官堂-兴庄路 | class2 | 99.0s -> 总:11599.6Wh (物理:9907.6Wh + 残差:1692.0Wh)
   ✅ 三官堂-兴庄路 | class3 | 104.05s -> 总:10546.2Wh (物理:8321.7Wh + 残差:2224.6Wh)
   ✅ 三官堂-兴庄路 | class4 | 109.0s -> 总:10000.4Wh (物理:7535.5Wh + 残差:2464.9Wh)
   加载残差模型: 兴庄路-兴海南路
   读取坡度曲率: 兴庄路-兴海南路
   ✅ 兴庄路-兴海南路 | class2 | 86.95s -> 总:15872.8Wh (物理:14639.1Wh + 残差:1233.7Wh)
   ✅ 兴庄路-兴海南路 | class4 | 95.95s -> 总:9518.7Wh (物理:7949.8Wh + 残差:1568.8Wh)
   加载残差模型: 兴海南路-梅堰
   读取坡度曲率: 兴海南路-梅堰
   ✅ 兴海南路-梅堰 | class3 | 81.95s -> 总:11320.4Wh (物理:11890.3Wh + 残差:-569.9Wh)
   ✅ 兴海南路-梅堰 | class4 | 86.0s -> 总:9599.3Wh (物理:8066.9Wh + 残差:1532.5Wh)
   加载残差模型: 梅堰-永茂路
   读取坡度曲率: 梅堰-永茂路
   ✅ 梅堰-永茂路 | class3 | 313.0s -> 总:29934.4Wh (物理:26918.3Wh + 残差:3016.1Wh)
   ✅ 梅堰-永茂路 | class4 | 329.0s -> 总:26433.1Wh (物理:25790.4Wh + 残差:642.7Wh)
   ✅ 梅堰-永茂路 | class5 | 345.05s -> 总:23496.7Wh (物理:25343.6Wh + 残差:-1847.0Wh)
   加载残差模型: 永茂路-镇海大道
   读取坡度曲率: 永茂路-镇海大道
   ✅ 永茂路-镇海大道 | class2 | 141.0s -> 总:17129.6Wh (物理:21387.4Wh + 残差:-4257.8Wh)
   ✅ 永茂路-镇海大道 | class3 | 148.0s -> 总:17150.9Wh (物理:19361.4Wh + 残差:-2210.6Wh)
   ✅ 永茂路-镇海大道 | class4 | 156.0s -> 总:15613.8Wh (物理:17484.9Wh + 残差:-1871.1Wh)
   ✅ 永茂路-镇海大道 | class5 | 164.05s -> 总:15097.5Wh (物理:16067.8Wh + 残差:-970.4Wh)
   加载残差模型: 镇海大道-骆驼桥
   读取坡度曲率: 镇海大道-骆驼桥
   ✅ 镇海大道-骆驼桥 | class2 | 116.0s -> 总:20085.9Wh (物理:17795.2Wh + 残差:2290.6Wh)
   ✅ 镇海大道-骆驼桥 | class3 | 122.0s -> 总:19289.0Wh (物理:17739.1Wh + 残差:1549.9Wh)
   ✅ 镇海大道-骆驼桥 | class4 | 128.0s -> 总:17280.4Wh (物理:16310.3Wh + 残差:970.1Wh)
   ✅ 镇海大道-骆驼桥 | class5 | 134.0s -> 总:15833.7Wh (物理:15196.4Wh + 残差:637.3Wh)

✨ 评估完成！能耗菜单已生成：D:\energy_conservation\output\analysis\ato_class_energy_menu9_new_v3.csv
👉 现在你可以运行 DP 调度算法来选择最优 Class 组合了。

# finished: 2026-07-04T05:00:55
# return_code: 0
# elapsed_seconds: 3882.2
