# step: energy_menu
# command: C:\Users\bit11\AppData\Local\Programs\Python\Python311\python.exe D:\energy_conservation\scripts_new\00_main_pipeline\06_ato_generated_results_energy.py
# ENERGY_TRIP_NO: 10
# ENERGY_TRIP_INDEX: 9
# ENERGY_TARGET_TIME: script default
# ENERGY_RESULTS_DATA_DIR: D:\energy_conservation\data\data_processed_step2_v3_all_curve_quality
# ENERGY_ATO_DATA_DIR: D:\energy_conservation\data\data_processed_step2_v3_all_curve_quality
# ENERGY_LINE_SCOPE: full
# PYTHONIOENCODING: utf-8:replace
# started: 2026-07-04T11:32:33

按测试数据目录筛选能耗菜单区间: 26 个
按 line scope 筛选后能耗菜单区间: 26 个
   读取重量: 布政-张家潭 trip 10
   读取重量: 张家潭-同德路 trip 10
   读取重量: 同德路-石碶 trip 10
   读取重量: 石碶-雅渡 trip 10
   读取重量: 雅渡-庙堰 trip 10
   读取重量: 庙堰-钟公庙 trip 10
   读取重量: 钟公庙-鄞州区政府 trip 10
   读取重量: 鄞州区政府-钱湖南路 trip 10
   读取重量: 钱湖南路-南高教园区 trip 10
   读取重量: 南高教园区-下应路 trip 10
   读取重量: 下应路-大洋江 trip 10
   读取重量: 大洋江-泗港 trip 10
   读取重量: 泗港-曹隘 trip 10
   读取重量: 曹隘-柳隘 trip 10
   读取重量: 柳隘-海晏北路 trip 10
   读取重量: 海晏北路-民安东路 trip 10
   读取重量: 民安东路-会展中心 trip 10
   读取重量: 会展中心-院士路 trip 10
   读取重量: 院士路-盎孟港 trip 10
   读取重量: 盎孟港-三官堂 trip 10
   读取重量: 三官堂-兴庄路 trip 10
   读取重量: 兴庄路-兴海南路 trip 10
   读取重量: 兴海南路-梅堰 trip 10
   读取重量: 梅堰-永茂路 trip 10
   读取重量: 永茂路-镇海大道 trip 10
   读取重量: 镇海大道-骆驼桥 trip 10
已生成区间参数表: D:\energy_conservation\data\static\section_params_trip10.csv | 更新 MASS: 26 | 跳过非本次区间: 0 | 沿用旧值: 0 | 保留模板值: 0
🚀 开始批量评估 26 个区间的 ATO 轨迹能耗：第 10 趟车...
地图/历史数据目录: D:\energy_conservation\data\data_processed_step2_v3_all_curve_quality
   加载残差模型: 布政-张家潭
   读取坡度曲率: 布政-张家潭
   ✅ 布政-张家潭 | class3 | 115.0s -> 总:12947.6Wh (物理:12911.0Wh + 残差:36.6Wh)
   ✅ 布政-张家潭 | class4 | 121.0s -> 总:14024.2Wh (物理:14131.4Wh + 残差:-107.2Wh)
   ✅ 布政-张家潭 | class5 | 127.05s -> 总:12627.7Wh (物理:13231.8Wh + 残差:-604.1Wh)
   加载残差模型: 张家潭-同德路
   读取坡度曲率: 张家潭-同德路
   ✅ 张家潭-同德路 | class1 | 141.0s -> 总:17890.7Wh (物理:18567.4Wh + 残差:-676.7Wh)
   ✅ 张家潭-同德路 | class2 | 148.0s -> 总:17599.2Wh (物理:18097.3Wh + 残差:-498.1Wh)
   ✅ 张家潭-同德路 | class3 | 151.0s -> 总:17915.9Wh (物理:17164.4Wh + 残差:751.4Wh)
   ✅ 张家潭-同德路 | class4 | 158.95s -> 总:16531.8Wh (物理:15798.0Wh + 残差:733.9Wh)
   加载残差模型: 同德路-石碶
   读取坡度曲率: 同德路-石碶
   ✅ 同德路-石碶 | class3 | 108.95s -> 总:13094.4Wh (物理:13065.8Wh + 残差:28.6Wh)
   ✅ 同德路-石碶 | class4 | 114.0s -> 总:13318.0Wh (物理:13507.4Wh + 残差:-189.4Wh)
   ✅ 同德路-石碶 | class5 | 120.0s -> 总:11776.2Wh (物理:12121.4Wh + 残差:-345.1Wh)
   加载残差模型: 石碶-雅渡
   读取坡度曲率: 石碶-雅渡
   ✅ 石碶-雅渡 | class2 | 80.0s -> 总:11015.2Wh (物理:10279.9Wh + 残差:735.3Wh)
   ✅ 石碶-雅渡 | class3 | 82.0s -> 总:11448.8Wh (物理:12095.9Wh + 残差:-647.1Wh)
   ✅ 石碶-雅渡 | class4 | 85.95s -> 总:11551.9Wh (物理:9940.2Wh + 残差:1611.7Wh)
   ✅ 石碶-雅渡 | class5 | 90.0s -> 总:8857.3Wh (物理:7433.1Wh + 残差:1424.2Wh)
   加载残差模型: 雅渡-庙堰
   读取坡度曲率: 雅渡-庙堰
   ✅ 雅渡-庙堰 | class2 | 129.0s -> 总:20493.5Wh (物理:20610.4Wh + 残差:-116.9Wh)
   ✅ 雅渡-庙堰 | class3 | 131.95s -> 总:19819.5Wh (物理:19563.3Wh + 残差:256.2Wh)
   ✅ 雅渡-庙堰 | class4 | 139.0s -> 总:18155.4Wh (物理:18222.0Wh + 残差:-66.6Wh)
   ✅ 雅渡-庙堰 | class5 | 146.0s -> 总:15935.1Wh (物理:16643.5Wh + 残差:-708.4Wh)
   加载残差模型: 庙堰-钟公庙
   读取坡度曲率: 庙堰-钟公庙
   ✅ 庙堰-钟公庙 | class3 | 95.95s -> 总:12463.4Wh (物理:11642.8Wh + 残差:820.7Wh)
   ✅ 庙堰-钟公庙 | class4 | 101.0s -> 总:10841.3Wh (物理:9412.4Wh + 残差:1428.9Wh)
   加载残差模型: 钟公庙-鄞州区政府
   读取坡度曲率: 钟公庙-鄞州区政府
   ✅ 钟公庙-鄞州区政府 | class3 | 90.0s -> 总:10313.8Wh (物理:11493.5Wh + 残差:-1179.8Wh)
   ✅ 钟公庙-鄞州区政府 | class4 | 94.95s -> 总:7956.1Wh (物理:9736.5Wh + 残差:-1780.4Wh)
   ✅ 钟公庙-鄞州区政府 | class5 | 99.0s -> 总:6107.2Wh (物理:8404.1Wh + 残差:-2296.9Wh)
   加载残差模型: 鄞州区政府-钱湖南路
   读取坡度曲率: 鄞州区政府-钱湖南路
   ✅ 鄞州区政府-钱湖南路 | class2 | 127.95s -> 总:18479.3Wh (物理:20240.2Wh + 残差:-1760.9Wh)
   ✅ 鄞州区政府-钱湖南路 | class3 | 132.05s -> 总:16036.1Wh (物理:18374.4Wh + 残差:-2338.3Wh)
   ✅ 鄞州区政府-钱湖南路 | class4 | 139.0s -> 总:15215.6Wh (物理:16852.6Wh + 残差:-1637.1Wh)
   加载残差模型: 钱湖南路-南高教园区
   读取坡度曲率: 钱湖南路-南高教园区
   ✅ 钱湖南路-南高教园区 | class3 | 100.05s -> 总:13575.2Wh (物理:12502.6Wh + 残差:1072.6Wh)
   ✅ 钱湖南路-南高教园区 | class4 | 104.95s -> 总:11774.5Wh (物理:10225.4Wh + 残差:1549.1Wh)
   加载残差模型: 南高教园区-下应路
   读取坡度曲率: 南高教园区-下应路
   ✅ 南高教园区-下应路 | class2 | 110.0s -> 总:20814.5Wh (物理:16246.7Wh + 残差:4567.8Wh)
   ✅ 南高教园区-下应路 | class3 | 114.0s -> 总:18386.6Wh (物理:14491.1Wh + 残差:3895.6Wh)
   ✅ 南高教园区-下应路 | class4 | 119.95s -> 总:16567.0Wh (物理:13584.9Wh + 残差:2982.1Wh)
   加载残差模型: 下应路-大洋江
   读取坡度曲率: 下应路-大洋江
   ✅ 下应路-大洋江 | class2 | 101.0s -> 总:13296.3Wh (物理:13113.3Wh + 残差:183.0Wh)
   ✅ 下应路-大洋江 | class3 | 106.0s -> 总:11259.4Wh (物理:10937.6Wh + 残差:321.9Wh)
   ✅ 下应路-大洋江 | class4 | 110.95s -> 总:11660.5Wh (物理:11334.5Wh + 残差:326.0Wh)
   ✅ 下应路-大洋江 | class5 | 117.0s -> 总:10658.2Wh (物理:9868.6Wh + 残差:789.6Wh)
   加载残差模型: 大洋江-泗港
   读取坡度曲率: 大洋江-泗港
   ✅ 大洋江-泗港 | class3 | 92.0s -> 总:10749.7Wh (物理:9517.2Wh + 残差:1232.5Wh)
   ✅ 大洋江-泗港 | class4 | 96.0s -> 总:9549.7Wh (物理:7918.4Wh + 残差:1631.3Wh)
   加载残差模型: 泗港-曹隘
   读取坡度曲率: 泗港-曹隘
   ✅ 泗港-曹隘 | class2 | 128.05s -> 总:20201.0Wh (物理:19660.3Wh + 残差:540.7Wh)
   ✅ 泗港-曹隘 | class4 | 137.0s -> 总:22951.0Wh (物理:22061.4Wh + 残差:889.6Wh)
   ✅ 泗港-曹隘 | class5 | 143.0s -> 总:21167.6Wh (物理:19632.6Wh + 残差:1535.0Wh)
   加载残差模型: 曹隘-柳隘
   读取坡度曲率: 曹隘-柳隘
   ✅ 曹隘-柳隘 | class2 | 106.05s -> 总:21442.9Wh (物理:14739.6Wh + 残差:6703.2Wh)
   ✅ 曹隘-柳隘 | class3 | 108.0s -> 总:19883.5Wh (物理:12709.1Wh + 残差:7174.4Wh)
   ✅ 曹隘-柳隘 | class4 | 112.95s -> 总:15975.5Wh (物理:10639.1Wh + 残差:5336.5Wh)
   ✅ 曹隘-柳隘 | class5 | 119.0s -> 总:13527.9Wh (物理:9631.4Wh + 残差:3896.5Wh)
   加载残差模型: 柳隘-海晏北路
   读取坡度曲率: 柳隘-海晏北路
   ✅ 柳隘-海晏北路 | class3 | 91.95s -> 总:11489.6Wh (物理:10762.1Wh + 残差:727.5Wh)
   ✅ 柳隘-海晏北路 | class4 | 96.0s -> 总:10286.5Wh (物理:8693.3Wh + 残差:1593.3Wh)
   加载残差模型: 海晏北路-民安东路
   读取坡度曲率: 海晏北路-民安东路
   ✅ 海晏北路-民安东路 | class3 | 85.0s -> 总:14753.0Wh (物理:11058.1Wh + 残差:3694.8Wh)
   ✅ 海晏北路-民安东路 | class4 | 88.95s -> 总:12374.0Wh (物理:8159.4Wh + 残差:4214.5Wh)
   加载残差模型: 民安东路-会展中心
   读取坡度曲率: 民安东路-会展中心
   ✅ 民安东路-会展中心 | class2 | 76.0s -> 总:15194.0Wh (物理:15397.2Wh + 残差:-203.2Wh)
   ✅ 民安东路-会展中心 | class3 | 78.95s -> 总:11650.3Wh (物理:10073.0Wh + 残差:1577.4Wh)
   ✅ 民安东路-会展中心 | class4 | 83.0s -> 总:6921.2Wh (物理:7197.5Wh + 残差:-276.3Wh)
   加载残差模型: 会展中心-院士路
   读取坡度曲率: 会展中心-院士路
   ✅ 会展中心-院士路 | class3 | 115.0s -> 总:14971.6Wh (物理:17647.4Wh + 残差:-2675.8Wh)
   ✅ 会展中心-院士路 | class4 | 121.0s -> 总:13348.2Wh (物理:16080.8Wh + 残差:-2732.6Wh)
   加载残差模型: 院士路-盎孟港
   读取坡度曲率: 院士路-盎孟港
   ✅ 院士路-盎孟港 | class3 | 90.95s -> 总:17839.6Wh (物理:11606.4Wh + 残差:6233.2Wh)
   ✅ 院士路-盎孟港 | class4 | 95.95s -> 总:14046.2Wh (物理:8358.9Wh + 残差:5687.4Wh)
   加载残差模型: 盎孟港-三官堂
   读取坡度曲率: 盎孟港-三官堂
   ✅ 盎孟港-三官堂 | class2 | 132.0s -> 总:17573.5Wh (物理:20611.9Wh + 残差:-3038.4Wh)
   ✅ 盎孟港-三官堂 | class3 | 138.95s -> 总:17059.3Wh (物理:17930.4Wh + 残差:-871.1Wh)
   ✅ 盎孟港-三官堂 | class4 | 146.0s -> 总:16395.1Wh (物理:16864.3Wh + 残差:-469.2Wh)
   加载残差模型: 三官堂-兴庄路
   读取坡度曲率: 三官堂-兴庄路
   ✅ 三官堂-兴庄路 | class1 | 94.05s -> 总:13088.1Wh (物理:13236.4Wh + 残差:-148.3Wh)
   ✅ 三官堂-兴庄路 | class2 | 99.0s -> 总:11523.1Wh (物理:9867.3Wh + 残差:1655.8Wh)
   ✅ 三官堂-兴庄路 | class3 | 104.05s -> 总:10474.9Wh (物理:8287.8Wh + 残差:2187.1Wh)
   ✅ 三官堂-兴庄路 | class4 | 109.0s -> 总:9934.6Wh (物理:7504.8Wh + 残差:2429.8Wh)
   加载残差模型: 兴庄路-兴海南路
   读取坡度曲率: 兴庄路-兴海南路
   ✅ 兴庄路-兴海南路 | class2 | 86.95s -> 总:15800.9Wh (物理:14605.7Wh + 残差:1195.2Wh)
   ✅ 兴庄路-兴海南路 | class4 | 95.95s -> 总:9408.4Wh (物理:7931.6Wh + 残差:1476.8Wh)
   加载残差模型: 兴海南路-梅堰
   读取坡度曲率: 兴海南路-梅堰
   ✅ 兴海南路-梅堰 | class3 | 81.95s -> 总:11291.6Wh (物理:11873.9Wh + 残差:-582.2Wh)
   ✅ 兴海南路-梅堰 | class4 | 86.0s -> 总:9540.7Wh (物理:8055.7Wh + 残差:1485.0Wh)
   加载残差模型: 梅堰-永茂路
   读取坡度曲率: 梅堰-永茂路
   ✅ 梅堰-永茂路 | class3 | 313.0s -> 总:29923.5Wh (物理:26894.5Wh + 残差:3029.0Wh)
   ✅ 梅堰-永茂路 | class4 | 329.0s -> 总:26368.5Wh (物理:25767.3Wh + 残差:601.1Wh)
   ✅ 梅堰-永茂路 | class5 | 345.05s -> 总:23479.1Wh (物理:25320.8Wh + 残差:-1841.7Wh)
   加载残差模型: 永茂路-镇海大道
   读取坡度曲率: 永茂路-镇海大道
   ✅ 永茂路-镇海大道 | class2 | 141.0s -> 总:17124.3Wh (物理:21378.1Wh + 残差:-4253.9Wh)
   ✅ 永茂路-镇海大道 | class3 | 148.0s -> 总:17114.1Wh (物理:19353.0Wh + 残差:-2238.8Wh)
   ✅ 永茂路-镇海大道 | class4 | 156.0s -> 总:15542.7Wh (物理:17477.2Wh + 残差:-1934.5Wh)
   ✅ 永茂路-镇海大道 | class5 | 164.05s -> 总:14995.7Wh (物理:16060.7Wh + 残差:-1065.0Wh)
   加载残差模型: 镇海大道-骆驼桥
   读取坡度曲率: 镇海大道-骆驼桥
   ✅ 镇海大道-骆驼桥 | class2 | 116.0s -> 总:20018.8Wh (物理:17779.5Wh + 残差:2239.3Wh)
   ✅ 镇海大道-骆驼桥 | class3 | 122.0s -> 总:19239.5Wh (物理:17723.3Wh + 残差:1516.2Wh)
   ✅ 镇海大道-骆驼桥 | class4 | 128.0s -> 总:17268.3Wh (物理:16295.7Wh + 残差:972.6Wh)
   ✅ 镇海大道-骆驼桥 | class5 | 134.0s -> 总:15833.3Wh (物理:15182.8Wh + 残差:650.6Wh)

✨ 评估完成！能耗菜单已生成：D:\energy_conservation\output\analysis\ato_class_energy_menu10_new_v3.csv
👉 现在你可以运行 DP 调度算法来选择最优 Class 组合了。

# finished: 2026-07-04T12:32:09
# return_code: 0
# elapsed_seconds: 3575.0
