# step: energy_menu
# command: C:\Users\bit11\AppData\Local\Programs\Python\Python311\python.exe D:\energy_conservation\scripts\ato_generated_results_energy.py
# ENERGY_TRIP_NO: 1
# ENERGY_TRIP_INDEX: 0
# PYTHONIOENCODING: utf-8:replace
# started: 2026-05-25T15:29:59

🚀 开始批量评估 26 个区间的 ATO 轨迹能耗：第 1 趟车...
   ✅ 三官堂-兴庄路 | class1 | 94.0s -> 总:12119.9Wh (物理:11314.1Wh + 残差:805.8Wh)
   ✅ 三官堂-兴庄路 | class2 | 99.0s -> 总:9925.4Wh (物理:8235.5Wh + 残差:1689.9Wh)
   ✅ 三官堂-兴庄路 | class3 | 104.0s -> 总:10715.9Wh (物理:8251.4Wh + 残差:2464.5Wh)
   ✅ 三官堂-兴庄路 | class4 | 109.0s -> 总:9947.6Wh (物理:7397.0Wh + 残差:2550.6Wh)
   ✅ 三官堂-兴庄路 | class5 | 113.95s -> 总:8487.5Wh (物理:6704.6Wh + 残差:1782.9Wh)
   ✅ 下应路-大洋江 | class2 | 101.0s -> 总:15141.8Wh (物理:14964.7Wh + 残差:177.1Wh)
   ✅ 下应路-大洋江 | class3 | 106.0s -> 总:12038.6Wh (物理:11747.0Wh + 残差:291.7Wh)
   ✅ 下应路-大洋江 | class4 | 110.95s -> 总:10776.0Wh (物理:10464.7Wh + 残差:311.3Wh)
   ✅ 下应路-大洋江 | class5 | 117.05s -> 总:9949.5Wh (物理:9384.3Wh + 残差:565.2Wh)
   ✅ 会展中心-院士路 | class3 | 114.95s -> 总:15993.1Wh (物理:19171.7Wh + 残差:-3178.6Wh)
   ✅ 会展中心-院士路 | class4 | 121.0s -> 总:14575.7Wh (物理:17476.9Wh + 残差:-2901.2Wh)
   ✅ 会展中心-院士路 | class5 | 126.95s -> 总:13753.8Wh (物理:16348.1Wh + 残差:-2594.4Wh)
   ✅ 兴庄路-兴海南路 | class2 | 87.0s -> 总:12770.8Wh (物理:11398.7Wh + 残差:1372.0Wh)
   ✅ 兴庄路-兴海南路 | class3 | 91.0s -> 总:11008.6Wh (物理:9323.8Wh + 残差:1684.8Wh)
   ✅ 兴庄路-兴海南路 | class4 | 95.95s -> 总:7818.2Wh (物理:7758.9Wh + 残差:59.4Wh)
   ✅ 兴庄路-兴海南路 | class5 | 100.0s -> 总:6243.1Wh (物理:6907.1Wh + 残差:-664.0Wh)
   ✅ 兴海南路-梅堰 | class3 | 82.0s -> 总:11049.3Wh (物理:9786.7Wh + 残差:1262.6Wh)
   ✅ 兴海南路-梅堰 | class4 | 85.95s -> 总:9768.2Wh (物理:7551.9Wh + 残差:2216.3Wh)
   ✅ 兴海南路-梅堰 | class5 | 91.0s -> 总:8847.3Wh (物理:6004.7Wh + 残差:2842.6Wh)
   ✅ 南高教园区-下应路 | class2 | 110.0s -> 总:22342.0Wh (物理:17768.3Wh + 残差:4573.7Wh)
   ✅ 南高教园区-下应路 | class3 | 114.0s -> 总:21246.4Wh (物理:16380.0Wh + 残差:4866.3Wh)
   ✅ 南高教园区-下应路 | class4 | 120.0s -> 总:19163.4Wh (物理:15348.2Wh + 残差:3815.3Wh)
   ✅ 南高教园区-下应路 | class5 | 126.0s -> 总:17125.0Wh (物理:14489.4Wh + 残差:2635.6Wh)
   ✅ 同德路-石碶 | class2 | 103.5s -> 总:14990.3Wh (物理:15381.1Wh + 残差:-390.8Wh)
   ✅ 同德路-石碶 | class3 | 109.05s -> 总:12706.0Wh (物理:12468.3Wh + 残差:237.6Wh)
   ✅ 同德路-石碶 | class4 | 113.95s -> 总:11576.2Wh (物理:11644.3Wh + 残差:-68.2Wh)
   ✅ 同德路-石碶 | class5 | 120.0s -> 总:10612.8Wh (物理:10901.0Wh + 残差:-288.2Wh)
   ✅ 大洋江-泗港 | class2 | 87.0s -> 总:13965.2Wh (物理:13292.2Wh + 残差:673.1Wh)
   ✅ 大洋江-泗港 | class3 | 92.0s -> 总:11394.9Wh (物理:9789.2Wh + 残差:1605.7Wh)
   ✅ 大洋江-泗港 | class4 | 96.0s -> 总:10221.9Wh (物理:8385.3Wh + 残差:1836.6Wh)
   ✅ 大洋江-泗港 | class5 | 101.0s -> 总:8632.5Wh (物理:7205.3Wh + 残差:1427.2Wh)
   ✅ 布政-张家潭 | class2 | 112.0s -> 总:13520.2Wh (物理:13202.0Wh + 残差:318.2Wh)
   ✅ 布政-张家潭 | class3 | 114.55s -> 总:13973.5Wh (物理:13706.4Wh + 残差:267.1Wh)
   ✅ 布政-张家潭 | class4 | 120.95s -> 总:12246.6Wh (物理:12973.0Wh + 残差:-726.4Wh)
   ✅ 布政-张家潭 | class5 | 127.05s -> 总:10896.7Wh (物理:12288.7Wh + 残差:-1392.0Wh)
   ✅ 庙堰-钟公庙 | class2 | 92.95s -> 总:15143.9Wh (物理:13505.3Wh + 残差:1638.6Wh)
   ✅ 庙堰-钟公庙 | class3 | 95.95s -> 总:12502.3Wh (物理:11127.4Wh + 残差:1374.9Wh)
   ✅ 庙堰-钟公庙 | class4 | 101.0s -> 总:10963.9Wh (物理:9364.8Wh + 残差:1599.1Wh)
   ✅ 庙堰-钟公庙 | class5 | 105.95s -> 总:9305.8Wh (物理:8250.5Wh + 残差:1055.3Wh)
   ✅ 张家潭-同德路 | class1 | 141.0s -> 总:17621.4Wh (物理:17520.3Wh + 残差:101.1Wh)
   ✅ 张家潭-同德路 | class2 | 148.0s -> 总:17803.6Wh (物理:17043.0Wh + 残差:760.7Wh)
   ✅ 张家潭-同德路 | class3 | 151.0s -> 总:17584.9Wh (物理:16901.6Wh + 残差:683.3Wh)
   ✅ 张家潭-同德路 | class4 | 159.0s -> 总:15095.8Wh (物理:15448.6Wh + 残差:-352.9Wh)
   ✅ 张家潭-同德路 | class5 | 165.95s -> 总:13193.5Wh (物理:14514.5Wh + 残差:-1321.0Wh)
   ✅ 曹隘-柳隘 | class2 | 105.95s -> 总:22613.0Wh (物理:14077.4Wh + 残差:8535.7Wh)
   ✅ 曹隘-柳隘 | class3 | 108.0s -> 总:20953.3Wh (物理:12898.7Wh + 残差:8054.5Wh)
   ✅ 曹隘-柳隘 | class4 | 113.0s -> 总:17907.5Wh (物理:11334.7Wh + 残差:6572.8Wh)
   ✅ 曹隘-柳隘 | class5 | 119.0s -> 总:15521.2Wh (物理:10580.5Wh + 残差:4940.6Wh)
   ✅ 柳隘-海晏北路 | class2 | 87.0s -> 总:13268.4Wh (物理:13895.4Wh + 残差:-627.0Wh)
   ✅ 柳隘-海晏北路 | class3 | 92.0s -> 总:11586.3Wh (物理:10553.8Wh + 残差:1032.6Wh)
   ✅ 柳隘-海晏北路 | class4 | 95.95s -> 总:10630.1Wh (物理:9139.8Wh + 残差:1490.3Wh)
   ✅ 柳隘-海晏北路 | class5 | 100.95s -> 总:9798.6Wh (物理:7879.1Wh + 残差:1919.6Wh)
   ✅ 梅堰-永茂路 | class3 | 313.0s -> 总:28226.7Wh (物理:25829.6Wh + 残差:2397.1Wh)
   ✅ 梅堰-永茂路 | class4 | 329.0s -> 总:25605.8Wh (物理:26523.2Wh + 残差:-917.4Wh)
   ✅ 梅堰-永茂路 | class5 | 345.0s -> 总:23992.7Wh (物理:25348.9Wh + 残差:-1356.2Wh)
   ✅ 民安东路-会展中心 | class2 | 76.0s -> 总:10421.7Wh (物理:10023.3Wh + 残差:398.4Wh)
   ✅ 民安东路-会展中心 | class3 | 78.95s -> 总:7763.3Wh (物理:7938.9Wh + 残差:-175.6Wh)
   ✅ 民安东路-会展中心 | class4 | 83.0s -> 总:5589.4Wh (物理:6365.9Wh + 残差:-776.5Wh)
   ✅ 民安东路-会展中心 | class5 | 87.95s -> 总:4477.5Wh (物理:5126.2Wh + 残差:-648.6Wh)
   ✅ 永茂路-镇海大道 | class2 | 141.0s -> 总:17519.7Wh (物理:21216.7Wh + 残差:-3697.0Wh)
   ✅ 永茂路-镇海大道 | class3 | 148.0s -> 总:16080.1Wh (物理:18879.4Wh + 残差:-2799.3Wh)
   ✅ 永茂路-镇海大道 | class4 | 156.0s -> 总:14716.2Wh (物理:16931.9Wh + 残差:-2215.7Wh)
   ✅ 永茂路-镇海大道 | class5 | 164.05s -> 总:13828.9Wh (物理:15592.5Wh + 残差:-1763.6Wh)
   ✅ 泗港-曹隘 | class4 | 137.05s -> 总:24202.3Wh (物理:23125.3Wh + 残差:1077.0Wh)
   ✅ 泗港-曹隘 | class5 | 143.0s -> 总:22380.3Wh (物理:20846.3Wh + 残差:1534.0Wh)
   ✅ 海晏北路-民安东路 | class2 | 82.95s -> 总:15382.5Wh (物理:11634.0Wh + 残差:3748.5Wh)
   ✅ 海晏北路-民安东路 | class3 | 85.0s -> 总:13429.6Wh (物理:10070.2Wh + 残差:3359.4Wh)
   ✅ 海晏北路-民安东路 | class4 | 89.0s -> 总:11077.1Wh (物理:8213.2Wh + 残差:2863.8Wh)
   ✅ 海晏北路-民安东路 | class5 | 94.0s -> 总:9183.3Wh (物理:6848.7Wh + 残差:2334.7Wh)
   ✅ 盎孟港-三官堂 | class2 | 132.0s -> 总:19184.6Wh (物理:20457.2Wh + 残差:-1272.6Wh)
   ✅ 盎孟港-三官堂 | class3 | 139.0s -> 总:16930.9Wh (物理:18111.9Wh + 残差:-1181.0Wh)
   ✅ 盎孟港-三官堂 | class4 | 146.0s -> 总:15874.1Wh (物理:16619.5Wh + 残差:-745.4Wh)
   ✅ 盎孟港-三官堂 | class5 | 153.0s -> 总:15482.7Wh (物理:15441.0Wh + 残差:41.8Wh)
   ✅ 石碶-雅渡 | class2 | 79.95s -> 总:11051.3Wh (物理:10910.2Wh + 残差:141.1Wh)
   ✅ 石碶-雅渡 | class3 | 82.0s -> 总:10040.1Wh (物理:9329.3Wh + 残差:710.8Wh)
   ✅ 石碶-雅渡 | class4 | 86.0s -> 总:8082.7Wh (物理:7389.3Wh + 残差:693.4Wh)
   ✅ 石碶-雅渡 | class5 | 90.0s -> 总:6559.6Wh (物理:6164.0Wh + 残差:395.6Wh)
   ✅ 鄞州区政府-钱湖南路 | class2 | 128.0s -> 总:18400.8Wh (物理:21284.4Wh + 残差:-2883.6Wh)
   ✅ 鄞州区政府-钱湖南路 | class3 | 132.0s -> 总:18511.9Wh (物理:19887.6Wh + 残差:-1375.8Wh)
   ✅ 鄞州区政府-钱湖南路 | class4 | 139.0s -> 总:16997.8Wh (物理:17896.8Wh + 残差:-898.9Wh)
   ✅ 鄞州区政府-钱湖南路 | class5 | 146.0s -> 总:16144.5Wh (物理:16474.5Wh + 残差:-330.0Wh)
   ✅ 钟公庙-鄞州区政府 | class2 | 86.0s -> 总:13671.6Wh (物理:15466.4Wh + 残差:-1794.8Wh)
   ✅ 钟公庙-鄞州区政府 | class3 | 90.0s -> 总:9944.3Wh (物理:11353.9Wh + 残差:-1409.7Wh)
   ✅ 钟公庙-鄞州区政府 | class4 | 95.0s -> 总:7515.5Wh (物理:9175.1Wh + 残差:-1659.6Wh)
   ✅ 钟公庙-鄞州区政府 | class5 | 99.0s -> 总:6587.9Wh (物理:8047.8Wh + 残差:-1459.9Wh)
   ✅ 钱湖南路-南高教园区 | class2 | 96.0s -> 总:16932.9Wh (物理:15299.4Wh + 残差:1633.4Wh)
   ✅ 钱湖南路-南高教园区 | class3 | 100.0s -> 总:15168.8Wh (物理:12525.0Wh + 残差:2643.8Wh)
   ✅ 钱湖南路-南高教园区 | class4 | 105.0s -> 总:13224.5Wh (物理:10755.8Wh + 残差:2468.7Wh)
   ✅ 钱湖南路-南高教园区 | class5 | 111.0s -> 总:10126.4Wh (物理:9363.7Wh + 残差:762.7Wh)
   ✅ 镇海大道-骆驼桥 | class2 | 116.0s -> 总:20147.7Wh (物理:19036.5Wh + 残差:1111.2Wh)
   ✅ 镇海大道-骆驼桥 | class3 | 122.0s -> 总:17450.3Wh (物理:17219.1Wh + 残差:231.2Wh)
   ✅ 镇海大道-骆驼桥 | class4 | 128.0s -> 总:15110.9Wh (物理:15950.4Wh + 残差:-839.5Wh)
   ✅ 镇海大道-骆驼桥 | class5 | 134.0s -> 总:13914.6Wh (物理:14843.0Wh + 残差:-928.5Wh)
   ✅ 院士路-盎孟港 | class2 | 87.95s -> 总:19441.9Wh (物理:13276.7Wh + 残差:6165.2Wh)
   ✅ 院士路-盎孟港 | class3 | 90.95s -> 总:16026.8Wh (物理:10137.7Wh + 残差:5889.1Wh)
   ✅ 院士路-盎孟港 | class4 | 96.0s -> 总:14204.6Wh (物理:8438.1Wh + 残差:5766.5Wh)
   ✅ 院士路-盎孟港 | class5 | 100.05s -> 总:13033.9Wh (物理:7563.5Wh + 残差:5470.4Wh)
   ✅ 雅渡-庙堰 | class2 | 129.0s -> 总:20478.5Wh (物理:20053.1Wh + 残差:425.4Wh)
   ✅ 雅渡-庙堰 | class3 | 132.0s -> 总:21258.6Wh (物理:19967.4Wh + 残差:1291.2Wh)
   ✅ 雅渡-庙堰 | class4 | 139.0s -> 总:18593.6Wh (物理:17900.5Wh + 残差:693.1Wh)
   ✅ 雅渡-庙堰 | class5 | 146.0s -> 总:16614.5Wh (物理:16463.3Wh + 残差:151.2Wh)

✨ 评估完成！能耗菜单已生成：D:\energy_conservation\output\analysis\ato_class_energy_menu1_new_v3.csv
👉 现在你可以运行 DP 调度算法来选择最优 Class 组合了。

# finished: 2026-05-25T16:02:30
# return_code: 0
# elapsed_seconds: 1950.4
