# step: energy_menu
# command: C:\Users\bit11\AppData\Local\Programs\Python\Python311\python.exe D:\energy_conservation\scripts_new\00_main_pipeline\06_ato_generated_results_energy.py
# ENERGY_TRIP_NO: 6
# ENERGY_TRIP_INDEX: 5
# ENERGY_TARGET_TIME: script default
# ENERGY_RESULTS_DATA_DIR: D:\energy_conservation\data\data_processed_step2_v3_all_curve_quality_traceability
# ENERGY_ATO_DATA_DIR: D:\energy_conservation\data\data_processed_step2_v3_all_curve_quality_traceability
# ENERGY_LINE_SCOPE: full
# ENERGY_TRACEABILITY_MANIFEST: D:\energy_conservation\data\data_processed_step2_v3_all_curve_quality_traceability\trip_traceability_manifest_v1.csv
# PYTHONIOENCODING: utf-8:replace
# started: 2026-07-20T15:43:59

已删除旧能耗菜单: D:\energy_conservation\output\analysis\ato_class_energy_menu6_new_v3.csv
按测试数据目录筛选能耗菜单区间: 26 个
按 line scope 筛选后能耗菜单区间: 26 个
趟次选择方式: 全局运行链追溯
全局趟次ID:   UP006_20240701_171011_R274
追溯表:       D:\energy_conservation\data\data_processed_step2_v3_all_curve_quality_traceability\trip_traceability_manifest_v1.csv
映射区间数:   26
Traceback (most recent call last):
  File "C:\Users\bit11\AppData\Local\Programs\Python\Python311\Lib\site-packages\pandas\core\frame.py", line 4911, in _set_value
    self._mgr.column_setitem(icol, iindex, value, inplace_only=True)
  File "C:\Users\bit11\AppData\Local\Programs\Python\Python311\Lib\site-packages\pandas\core\internals\managers.py", line 1518, in column_setitem
    col_mgr.setitem_inplace(idx, value)
  File "C:\Users\bit11\AppData\Local\Programs\Python\Python311\Lib\site-packages\pandas\core\internals\managers.py", line 2226, in setitem_inplace
    arr[indexer] = value
    ~~~^^^^^^^^^
  File "C:\Users\bit11\AppData\Local\Programs\Python\Python311\Lib\site-packages\pandas\core\arrays\string_.py", line 863, in __setitem__
    value = self._maybe_convert_setitem_value(value)
            ^^^^^^^^^^^^^^^^^^^^^^^^^^^^^^^^^^^^^^^^
  File "C:\Users\bit11\AppData\Local\Programs\Python\Python311\Lib\site-packages\pandas\core\arrays\string_.py", line 837, in _maybe_convert_setitem_value
    raise TypeError(
TypeError: Invalid value '5' for dtype 'str'. Value should be a string or missing value, got 'int' instead.

During handling of the above exception, another exception occurred:

Traceback (most recent call last):
  File "D:\energy_conservation\scripts_new\00_main_pipeline\06_ato_generated_results_energy.py", line 451, in <module>
    main()
  File "D:\energy_conservation\scripts_new\00_main_pipeline\06_ato_generated_results_energy.py", line 388, in main
    build_section_params_for_trip(station_folders)
  File "D:\energy_conservation\scripts_new\00_main_pipeline\06_ato_generated_results_energy.py", line 271, in build_section_params_for_trip
    df_params.at[idx, column] = value
    ~~~~~~~~~~~~^^^^^^^^^^^^^
  File "C:\Users\bit11\AppData\Local\Programs\Python\Python311\Lib\site-packages\pandas\core\indexing.py", line 2592, in __setitem__
    return super().__setitem__(key, value)
           ^^^^^^^^^^^^^^^^^^^^^^^^^^^^^^^
  File "C:\Users\bit11\AppData\Local\Programs\Python\Python311\Lib\site-packages\pandas\core\indexing.py", line 2542, in __setitem__
    self.obj._set_value(*key, value=value, takeable=self._takeable)
  File "C:\Users\bit11\AppData\Local\Programs\Python\Python311\Lib\site-packages\pandas\core\frame.py", line 4922, in _set_value
    self.loc[index, col] = value
    ~~~~~~~~^^^^^^^^^^^^
  File "C:\Users\bit11\AppData\Local\Programs\Python\Python311\Lib\site-packages\pandas\core\indexing.py", line 938, in __setitem__
    iloc._setitem_with_indexer(indexer, value, self.name)
  File "C:\Users\bit11\AppData\Local\Programs\Python\Python311\Lib\site-packages\pandas\core\indexing.py", line 1953, in _setitem_with_indexer
    self._setitem_with_indexer_split_path(indexer, value, name)
  File "C:\Users\bit11\AppData\Local\Programs\Python\Python311\Lib\site-packages\pandas\core\indexing.py", line 2044, in _setitem_with_indexer_split_path
    self._setitem_single_column(loc, value, pi)
  File "C:\Users\bit11\AppData\Local\Programs\Python\Python311\Lib\site-packages\pandas\core\indexing.py", line 2181, in _setitem_single_column
    self.obj._mgr.column_setitem(loc, plane_indexer, value)
  File "C:\Users\bit11\AppData\Local\Programs\Python\Python311\Lib\site-packages\pandas\core\internals\managers.py", line 1520, in column_setitem
    new_mgr = col_mgr.setitem((idx,), value)
              ^^^^^^^^^^^^^^^^^^^^^^^^^^^^^^
  File "C:\Users\bit11\AppData\Local\Programs\Python\Python311\Lib\site-packages\pandas\core\internals\managers.py", line 604, in setitem
    return self.apply("setitem", indexer=indexer, value=value)
           ^^^^^^^^^^^^^^^^^^^^^^^^^^^^^^^^^^^^^^^^^^^^^^^^^^^
  File "C:\Users\bit11\AppData\Local\Programs\Python\Python311\Lib\site-packages\pandas\core\internals\managers.py", line 442, in apply
    applied = getattr(b, f)(**kwargs)
              ^^^^^^^^^^^^^^^^^^^^^^^
  File "C:\Users\bit11\AppData\Local\Programs\Python\Python311\Lib\site-packages\pandas\core\internals\blocks.py", line 1667, in setitem
    values[indexer] = value
    ~~~~~~^^^^^^^^^
  File "C:\Users\bit11\AppData\Local\Programs\Python\Python311\Lib\site-packages\pandas\core\arrays\string_.py", line 863, in __setitem__
    value = self._maybe_convert_setitem_value(value)
            ^^^^^^^^^^^^^^^^^^^^^^^^^^^^^^^^^^^^^^^^
  File "C:\Users\bit11\AppData\Local\Programs\Python\Python311\Lib\site-packages\pandas\core\arrays\string_.py", line 837, in _maybe_convert_setitem_value
    raise TypeError(
TypeError: Invalid value '5' for dtype 'str'. Value should be a string or missing value, got 'int' instead.

# finished: 2026-07-20T15:44:11
# return_code: 1
# elapsed_seconds: 12.3
