数据目录: D:\energy_conservation\data\data_processed_step2_v3_all_curve_quality_traceability
模型目录: D:\energy_conservation\output\models\nn_results_residual_v3_traceability_20260921
输出目录: D:\energy_conservation\output\analysis\nn_model_accuracy_traceability_full26_v3_20260921\_parts\part_03
绘图区间数: 6
推理设备: cpu

[1/6] 处理区间: 同德路-石碶
  待绘制趟次: 125
    已完成 10/125
    已完成 20/125
    已完成 30/125
    已完成 40/125
    已完成 50/125
    已完成 60/125
    已完成 70/125
    已完成 80/125
    已完成 90/125
    已完成 100/125
    已完成 110/125
    已完成 120/125
    已完成 125/125

[2/6] 处理区间: 钟公庙-鄞州区政府
  待绘制趟次: 125
    已完成 10/125
    已完成 20/125
    已完成 30/125
    已完成 40/125
    已完成 50/125
    已完成 60/125
    已完成 70/125
    已完成 80/125
    已完成 90/125
    已完成 100/125
    已完成 110/125
    已完成 120/125
    已完成 125/125

[3/6] 处理区间: 下应路-大洋江
  待绘制趟次: 125
    已完成 10/125
    已完成 20/125
    已完成 30/125
    已完成 40/125
    已完成 50/125
    已完成 60/125
    已完成 70/125
    已完成 80/125
    已完成 90/125
    已完成 100/125
    已完成 110/125
    已完成 120/125
    已完成 125/125

[4/6] 处理区间: 柳隘-海晏北路
  待绘制趟次: 127
    已完成 10/127
    已完成 20/127
    已完成 30/127
    已完成 40/127
    已完成 50/127
    已完成 60/127
    已完成 70/127
    已完成 80/127
    已完成 90/127
    已完成 100/127
    已完成 110/127
    已完成 120/127
    已完成 127/127

[5/6] 处理区间: 院士路-盎孟港
  待绘制趟次: 126
    已完成 10/126
    已完成 20/126
    已完成 30/126
    已完成 40/126
    已完成 50/126
    已完成 60/126
    已完成 70/126
    已完成 80/126
    已完成 90/126
    已完成 100/126
    已完成 110/126
    已完成 120/126
    已完成 126/126

[6/6] 处理区间: 兴海南路-梅堰
  待绘制趟次: 88
    已完成 10/88
    已完成 20/88
    已完成 30/88
    已完成 40/88
    已完成 50/88
    已完成 60/88
    已完成 70/88
    已完成 80/88
    已完成 88/88
分区间汇总: D:\energy_conservation\output\analysis\nn_model_accuracy_traceability_full26_v3_20260921\_parts\part_03\accuracy_summary_by_section.csv
总体汇总: D:\energy_conservation\output\analysis\nn_model_accuracy_traceability_full26_v3_20260921\_parts\part_03\accuracy_summary_overall.csv
质量标签汇总: D:\energy_conservation\output\analysis\nn_model_accuracy_traceability_full26_v3_20260921\_parts\part_03\accuracy_summary_by_quality.csv

完成绘图: 716 趟
汇总文件: D:\energy_conservation\output\analysis\nn_model_accuracy_traceability_full26_v3_20260921\_parts\part_03\triple_axis_plot_summary.csv
