# step: energy_menu
# command: C:\Users\bit11\AppData\Local\Programs\Python\Python311\python.exe D:\energy_conservation\scripts_new\00_main_pipeline\06_ato_generated_results_energy.py
# ENERGY_TRIP_NO: 23
# ENERGY_TRIP_INDEX: 22
# ENERGY_TARGET_TIME: script default
# ENERGY_RESULTS_DATA_DIR: D:\energy_conservation\data\data_processed_step2_v3_all_curve_quality_traceability
# ENERGY_ATO_DATA_DIR: D:\energy_conservation\data\data_processed_step2_v3_all_curve_quality_traceability
# ENERGY_LINE_SCOPE: full
# ENERGY_TRACEABILITY_MANIFEST: D:\energy_conservation\data\data_processed_step2_v3_all_curve_quality_traceability\trip_traceability_manifest_v1.csv
# PYTHONIOENCODING: utf-8:replace
# started: 2026-09-04T14:02:06

按测试数据目录筛选能耗菜单区间: 26 个
按 line scope 筛选后能耗菜单区间: 26 个
趟次选择方式: 全局运行链追溯
全局趟次ID:   UP023_20240703_220005_R1185
追溯表:       D:\energy_conservation\data\data_processed_step2_v3_all_curve_quality_traceability\trip_traceability_manifest_v1.csv
映射区间数:   26
已生成区间参数表: D:\energy_conservation\data\static\section_params_trip23.csv | 更新 MASS: 26 | 跳过非本次区间: 0 | 沿用旧值: 0 | 保留模板值: 0
🚀 开始批量评估 26 个区间的 ATO 轨迹能耗：第 23 趟车...
地图/历史数据目录: D:\energy_conservation\data\data_processed_step2_v3_all_curve_quality_traceability
   加载残差模型: 布政-张家潭
   读取坡度曲率: 布政-张家潭
   ✅ 布政-张家潭 | class3 | 115.0s -> 总:12948.0Wh (物理:12909.9Wh + 残差:38.0Wh)
   ✅ 布政-张家潭 | class4 | 121.0s -> 总:14024.2Wh (物理:14129.8Wh + 残差:-105.7Wh)
   ✅ 布政-张家潭 | class5 | 127.05s -> 总:12627.5Wh (物理:13230.4Wh + 残差:-602.8Wh)
   加载残差模型: 张家潭-同德路
   读取坡度曲率: 张家潭-同德路
   ✅ 张家潭-同德路 | class1 | 141.0s -> 总:18108.3Wh (物理:16544.5Wh + 残差:1563.8Wh)
   ✅ 张家潭-同德路 | class2 | 148.0s -> 总:17396.4Wh (物理:17079.2Wh + 残差:317.2Wh)
   ✅ 张家潭-同德路 | class3 | 151.0s -> 总:17561.1Wh (物理:17397.7Wh + 残差:163.5Wh)
   ✅ 张家潭-同德路 | class4 | 158.95s -> 总:16090.5Wh (物理:16405.7Wh + 残差:-315.2Wh)
   加载残差模型: 同德路-石碶
   读取坡度曲率: 同德路-石碶
   ✅ 同德路-石碶 | class3 | 108.95s -> 总:12861.5Wh (物理:13023.9Wh + 残差:-162.4Wh)
   ✅ 同德路-石碶 | class4 | 114.0s -> 总:12844.0Wh (物理:13617.4Wh + 残差:-773.4Wh)
   ✅ 同德路-石碶 | class5 | 120.0s -> 总:11316.5Wh (物理:12323.1Wh + 残差:-1006.6Wh)
   加载残差模型: 石碶-雅渡
   读取坡度曲率: 石碶-雅渡
   ✅ 石碶-雅渡 | class2 | 80.0s -> 总:11034.6Wh (物理:10754.0Wh + 残差:280.6Wh)
   ✅ 石碶-雅渡 | class3 | 82.0s -> 总:11254.8Wh (物理:12406.4Wh + 残差:-1151.7Wh)
   ✅ 石碶-雅渡 | class4 | 85.95s -> 总:11650.9Wh (物理:11413.9Wh + 残差:237.0Wh)
   ✅ 石碶-雅渡 | class5 | 90.0s -> 总:9040.9Wh (物理:8962.9Wh + 残差:78.0Wh)
   加载残差模型: 雅渡-庙堰
   读取坡度曲率: 雅渡-庙堰
   ✅ 雅渡-庙堰 | class2 | 129.0s -> 总:20584.2Wh (物理:20763.0Wh + 残差:-178.8Wh)
   ✅ 雅渡-庙堰 | class3 | 131.95s -> 总:19786.0Wh (物理:19963.4Wh + 残差:-177.4Wh)
   ✅ 雅渡-庙堰 | class4 | 139.0s -> 总:18509.8Wh (物理:19680.6Wh + 残差:-1170.8Wh)
   ✅ 雅渡-庙堰 | class5 | 146.0s -> 总:16193.0Wh (物理:18157.9Wh + 残差:-1964.9Wh)
   加载残差模型: 庙堰-钟公庙
   读取坡度曲率: 庙堰-钟公庙
   ✅ 庙堰-钟公庙 | class3 | 95.95s -> 总:12543.6Wh (物理:12731.3Wh + 残差:-187.7Wh)
   ✅ 庙堰-钟公庙 | class4 | 101.0s -> 总:10827.4Wh (物理:11441.3Wh + 残差:-613.9Wh)
   加载残差模型: 钟公庙-鄞州区政府
   读取坡度曲率: 钟公庙-鄞州区政府
   ✅ 钟公庙-鄞州区政府 | class3 | 90.0s -> 总:10049.5Wh (物理:11137.8Wh + 残差:-1088.3Wh)
   ✅ 钟公庙-鄞州区政府 | class4 | 94.95s -> 总:7679.3Wh (物理:8961.0Wh + 残差:-1281.8Wh)
   ✅ 钟公庙-鄞州区政府 | class5 | 99.0s -> 总:5807.7Wh (物理:7330.7Wh + 残差:-1522.9Wh)
   加载残差模型: 鄞州区政府-钱湖南路
   读取坡度曲率: 鄞州区政府-钱湖南路
   ✅ 鄞州区政府-钱湖南路 | class2 | 127.95s -> 总:18417.5Wh (物理:17615.8Wh + 残差:801.7Wh)
   ✅ 鄞州区政府-钱湖南路 | class3 | 132.05s -> 总:16024.8Wh (物理:15474.0Wh + 残差:550.8Wh)
   ✅ 鄞州区政府-钱湖南路 | class4 | 139.0s -> 总:15138.5Wh (物理:14626.4Wh + 残差:512.1Wh)
   加载残差模型: 钱湖南路-南高教园区
   读取坡度曲率: 钱湖南路-南高教园区
   ✅ 钱湖南路-南高教园区 | class3 | 100.05s -> 总:13809.5Wh (物理:13938.0Wh + 残差:-128.5Wh)
   ✅ 钱湖南路-南高教园区 | class4 | 104.95s -> 总:12220.9Wh (物理:12745.0Wh + 残差:-524.1Wh)
   加载残差模型: 南高教园区-下应路
   读取坡度曲率: 南高教园区-下应路
   ✅ 南高教园区-下应路 | class2 | 110.0s -> 总:21263.8Wh (物理:19859.6Wh + 残差:1404.2Wh)
   ✅ 南高教园区-下应路 | class3 | 114.0s -> 总:19025.3Wh (物理:17920.6Wh + 残差:1104.6Wh)
   ✅ 南高教园区-下应路 | class4 | 119.95s -> 总:17083.7Wh (物理:16617.1Wh + 残差:466.7Wh)
   加载残差模型: 下应路-大洋江
   读取坡度曲率: 下应路-大洋江
   ✅ 下应路-大洋江 | class2 | 101.0s -> 总:13033.6Wh (物理:13522.8Wh + 残差:-489.3Wh)
   ✅ 下应路-大洋江 | class3 | 106.0s -> 总:11073.2Wh (物理:11352.1Wh + 残差:-278.8Wh)
   ✅ 下应路-大洋江 | class4 | 110.95s -> 总:11366.3Wh (物理:12122.8Wh + 残差:-756.5Wh)
   ✅ 下应路-大洋江 | class5 | 117.0s -> 总:10235.7Wh (物理:10971.1Wh + 残差:-735.3Wh)
   加载残差模型: 大洋江-泗港
   读取坡度曲率: 大洋江-泗港
   ✅ 大洋江-泗港 | class3 | 92.0s -> 总:10559.9Wh (物理:11143.1Wh + 残差:-583.2Wh)
   ✅ 大洋江-泗港 | class4 | 96.0s -> 总:9400.2Wh (物理:9945.0Wh + 残差:-544.7Wh)
   加载残差模型: 泗港-曹隘
   读取坡度曲率: 泗港-曹隘
   ✅ 泗港-曹隘 | class2 | 128.05s -> 总:19793.2Wh (物理:19916.6Wh + 残差:-123.4Wh)
   ✅ 泗港-曹隘 | class4 | 137.0s -> 总:24096.3Wh (物理:23702.6Wh + 残差:393.7Wh)
   ✅ 泗港-曹隘 | class5 | 143.0s -> 总:21997.2Wh (物理:20916.0Wh + 残差:1081.2Wh)
   加载残差模型: 曹隘-柳隘
   读取坡度曲率: 曹隘-柳隘
   ✅ 曹隘-柳隘 | class2 | 106.05s -> 总:17894.5Wh (物理:23282.5Wh + 残差:-5388.0Wh)
   ✅ 曹隘-柳隘 | class3 | 108.0s -> 总:15927.9Wh (物理:20872.2Wh + 残差:-4944.2Wh)
   ✅ 曹隘-柳隘 | class4 | 112.95s -> 总:12068.9Wh (物理:16425.8Wh + 残差:-4356.9Wh)
   ✅ 曹隘-柳隘 | class5 | 119.0s -> 总:10379.4Wh (物理:14309.4Wh + 残差:-3930.0Wh)
   加载残差模型: 柳隘-海晏北路
   读取坡度曲率: 柳隘-海晏北路
   ✅ 柳隘-海晏北路 | class3 | 91.95s -> 总:11412.1Wh (物理:11738.2Wh + 残差:-326.0Wh)
   ✅ 柳隘-海晏北路 | class4 | 96.0s -> 总:10072.2Wh (物理:10438.8Wh + 残差:-366.6Wh)
   加载残差模型: 海晏北路-民安东路
   读取坡度曲率: 海晏北路-民安东路
   ✅ 海晏北路-民安东路 | class3 | 85.0s -> 总:13647.8Wh (物理:14509.5Wh + 残差:-861.7Wh)
   ✅ 海晏北路-民安东路 | class4 | 88.95s -> 总:12146.9Wh (物理:11528.3Wh + 残差:618.5Wh)
   加载残差模型: 民安东路-会展中心
   读取坡度曲率: 民安东路-会展中心
   ✅ 民安东路-会展中心 | class2 | 76.0s -> 总:15408.2Wh (物理:17224.2Wh + 残差:-1816.1Wh)
   ✅ 民安东路-会展中心 | class3 | 78.95s -> 总:11495.0Wh (物理:11608.5Wh + 残差:-113.5Wh)
   ✅ 民安东路-会展中心 | class4 | 83.0s -> 总:7444.7Wh (物理:8131.6Wh + 残差:-686.8Wh)
   加载残差模型: 会展中心-院士路
   读取坡度曲率: 会展中心-院士路
   ✅ 会展中心-院士路 | class3 | 115.0s -> 总:14321.6Wh (物理:15297.1Wh + 残差:-975.5Wh)
   ✅ 会展中心-院士路 | class4 | 121.0s -> 总:12745.8Wh (物理:13790.6Wh + 残差:-1044.8Wh)
   加载残差模型: 院士路-盎孟港
   读取坡度曲率: 院士路-盎孟港
   ✅ 院士路-盎孟港 | class3 | 90.95s -> 总:16408.7Wh (物理:17128.2Wh + 残差:-719.5Wh)
   ✅ 院士路-盎孟港 | class4 | 95.95s -> 总:13210.0Wh (物理:13586.3Wh + 残差:-376.3Wh)
   加载残差模型: 盎孟港-三官堂
   读取坡度曲率: 盎孟港-三官堂
   ✅ 盎孟港-三官堂 | class2 | 132.0s -> 总:17696.3Wh (物理:17159.1Wh + 残差:537.2Wh)
   ✅ 盎孟港-三官堂 | class3 | 138.95s -> 总:17097.5Wh (物理:16589.4Wh + 残差:508.1Wh)
   ✅ 盎孟港-三官堂 | class4 | 146.0s -> 总:16165.9Wh (物理:16249.9Wh + 残差:-84.0Wh)
   加载残差模型: 三官堂-兴庄路
   读取坡度曲率: 三官堂-兴庄路
   ✅ 三官堂-兴庄路 | class1 | 94.05s -> 总:13510.8Wh (物理:14435.2Wh + 残差:-924.3Wh)
   ✅ 三官堂-兴庄路 | class2 | 99.0s -> 总:12325.5Wh (物理:11830.8Wh + 残差:494.7Wh)
   ✅ 三官堂-兴庄路 | class3 | 104.05s -> 总:11288.6Wh (物理:10844.0Wh + 残差:444.6Wh)
   ✅ 三官堂-兴庄路 | class4 | 109.0s -> 总:10704.2Wh (物理:10245.3Wh + 残差:458.8Wh)
   加载残差模型: 兴庄路-兴海南路
   读取坡度曲率: 兴庄路-兴海南路
   ✅ 兴庄路-兴海南路 | class2 | 86.95s -> 总:16180.1Wh (物理:17688.4Wh + 残差:-1508.3Wh)
   ✅ 兴庄路-兴海南路 | class4 | 95.95s -> 总:9093.0Wh (物理:9888.4Wh + 残差:-795.4Wh)
   加载残差模型: 兴海南路-梅堰
   读取坡度曲率: 兴海南路-梅堰
   ✅ 兴海南路-梅堰 | class3 | 81.95s -> 总:11100.8Wh (物理:11713.7Wh + 残差:-612.9Wh)
   ✅ 兴海南路-梅堰 | class4 | 86.0s -> 总:9329.3Wh (物理:9415.4Wh + 残差:-86.1Wh)
   加载残差模型: 梅堰-永茂路
   读取坡度曲率: 梅堰-永茂路
   ✅ 梅堰-永茂路 | class3 | 313.0s -> 总:30296.2Wh (物理:28839.6Wh + 残差:1456.5Wh)
   ✅ 梅堰-永茂路 | class4 | 329.0s -> 总:26009.9Wh (物理:25659.9Wh + 残差:350.0Wh)
   ✅ 梅堰-永茂路 | class5 | 345.05s -> 总:23414.6Wh (物理:24783.2Wh + 残差:-1368.6Wh)
   加载残差模型: 永茂路-镇海大道
   读取坡度曲率: 永茂路-镇海大道
   ✅ 永茂路-镇海大道 | class2 | 141.0s -> 总:17968.9Wh (物理:17172.5Wh + 残差:796.4Wh)
   ✅ 永茂路-镇海大道 | class3 | 148.0s -> 总:17149.9Wh (物理:16555.7Wh + 残差:594.2Wh)
   ✅ 永茂路-镇海大道 | class4 | 156.0s -> 总:15822.8Wh (物理:14483.4Wh + 残差:1339.3Wh)
   ✅ 永茂路-镇海大道 | class5 | 164.05s -> 总:14710.2Wh (物理:13318.4Wh + 残差:1391.8Wh)
   加载残差模型: 镇海大道-骆驼桥
   读取坡度曲率: 镇海大道-骆驼桥
   ✅ 镇海大道-骆驼桥 | class2 | 116.0s -> 总:19884.8Wh (物理:18988.1Wh + 残差:896.7Wh)
   ✅ 镇海大道-骆驼桥 | class3 | 122.0s -> 总:19030.2Wh (物理:18169.3Wh + 残差:860.9Wh)
   ✅ 镇海大道-骆驼桥 | class4 | 128.0s -> 总:17084.4Wh (物理:16410.8Wh + 残差:673.6Wh)
   ✅ 镇海大道-骆驼桥 | class5 | 134.0s -> 总:15665.2Wh (物理:15718.0Wh + 残差:-52.8Wh)

✨ 评估完成！能耗菜单已生成：D:\energy_conservation\output\analysis\ato_class_energy_menu23_new_v3.csv
👉 现在你可以运行 DP 调度算法来选择最优 Class 组合了。

# finished: 2026-09-04T15:16:37
# return_code: 0
# elapsed_seconds: 4471.1
