Project root: D:\energy_conservation
Python:       C:\Users\bit11\AppData\Local\Programs\Python\Python311\python.exe
Log dir:      D:\energy_conservation\output\pipeline_logs\parallel_energy_menu_trip057
Dry run:      False
Trip no:      57 (global trip; legacy local index 56)
Target time:  script default
Results dir:  D:\energy_conservation\data\data_processed_step2_v3_all_curve_quality_traceability
ATO dir:      D:\energy_conservation\data\data_processed_step2_v3_all_curve_quality_traceability
Line scope:   full
Traceability: D:\energy_conservation\data\data_processed_step2_v3_all_curve_quality_traceability\trip_traceability_manifest_v1.csv

Selected steps:
01. energy_menu
    title: Energy menu calculation
    script: scripts_new/00_main_pipeline/06_ato_generated_results_energy.py
    desc:  Calculate physical + residual-AI energy for generated curves.

=== energy_menu: Energy menu calculation ===
Calculate physical + residual-AI energy for generated curves.
Command: C:\Users\bit11\AppData\Local\Programs\Python\Python311\python.exe D:\energy_conservation\scripts_new\00_main_pipeline\06_ato_generated_results_energy.py
Trip:    57 (global 1-based trip; legacy local index 56)
Target:  script default
Results: D:\energy_conservation\data\data_processed_step2_v3_all_curve_quality_traceability
ATO:     D:\energy_conservation\data\data_processed_step2_v3_all_curve_quality_traceability
Scope:   full
Trace:   D:\energy_conservation\data\data_processed_step2_v3_all_curve_quality_traceability\trip_traceability_manifest_v1.csv
按测试数据目录筛选能耗菜单区间: 26 个
按 line scope 筛选后能耗菜单区间: 26 个
趟次选择方式: 全局运行链追溯
全局趟次ID:   UP057_20240710_070757_R3070
追溯表:       D:\energy_conservation\data\data_processed_step2_v3_all_curve_quality_traceability\trip_traceability_manifest_v1.csv
映射区间数:   26
已生成区间参数表: D:\energy_conservation\data\static\section_params_trip57.csv | 更新 MASS: 26 | 跳过非本次区间: 0 | 沿用旧值: 0 | 保留模板值: 0
? 开始批量评估 26 个区间的 ATO 轨迹能耗：第 57 趟车...
地图/历史数据目录: D:\energy_conservation\data\data_processed_step2_v3_all_curve_quality_traceability
   加载残差模型: 布政-张家潭
   读取坡度曲率: 布政-张家潭
   ? 布政-张家潭 | class3 | 115.0s -> 总:12948.0Wh (物理:12909.9Wh + 残差:38.0Wh)
   ? 布政-张家潭 | class4 | 121.0s -> 总:14024.2Wh (物理:14129.8Wh + 残差:-105.7Wh)
   ? 布政-张家潭 | class5 | 127.05s -> 总:12627.5Wh (物理:13230.4Wh + 残差:-602.8Wh)
   加载残差模型: 张家潭-同德路
   读取坡度曲率: 张家潭-同德路
   ? 张家潭-同德路 | class1 | 141.0s -> 总:18365.4Wh (物理:16551.7Wh + 残差:1813.8Wh)
   ? 张家潭-同德路 | class2 | 148.0s -> 总:17497.8Wh (物理:17086.7Wh + 残差:411.0Wh)
   ? 张家潭-同德路 | class3 | 151.0s -> 总:17675.4Wh (物理:17405.4Wh + 残差:270.1Wh)
   ? 张家潭-同德路 | class4 | 158.95s -> 总:16286.7Wh (物理:16413.0Wh + 残差:-126.3Wh)
   加载残差模型: 同德路-石碶
   读取坡度曲率: 同德路-石碶
   ? 同德路-石碶 | class3 | 108.95s -> 总:12898.4Wh (物理:13029.7Wh + 残差:-131.3Wh)
   ? 同德路-石碶 | class4 | 114.0s -> 总:12864.7Wh (物理:13623.5Wh + 残差:-758.8Wh)
   ? 同德路-石碶 | class5 | 120.0s -> 总:11317.5Wh (物理:12328.7Wh + 残差:-1011.1Wh)
   加载残差模型: 石碶-雅渡
   读取坡度曲率: 石碶-雅渡
   ? 石碶-雅渡 | class2 | 80.0s -> 总:11137.3Wh (物理:10788.4Wh + 残差:348.9Wh)
   ? 石碶-雅渡 | class3 | 82.0s -> 总:11321.7Wh (物理:12446.2Wh + 残差:-1124.5Wh)
   ? 石碶-雅渡 | class4 | 85.95s -> 总:11720.8Wh (物理:11450.5Wh + 残差:270.4Wh)
   ? 石碶-雅渡 | class5 | 90.0s -> 总:9108.4Wh (物理:8991.7Wh + 残差:116.7Wh)
   加载残差模型: 雅渡-庙堰
   读取坡度曲率: 雅渡-庙堰
   ? 雅渡-庙堰 | class2 | 129.0s -> 总:20824.4Wh (物理:20910.8Wh + 残差:-86.4Wh)
   ? 雅渡-庙堰 | class3 | 131.95s -> 总:20002.7Wh (物理:20105.8Wh + 残差:-103.0Wh)
   ? 雅渡-庙堰 | class4 | 139.0s -> 总:18671.5Wh (物理:19821.5Wh + 残差:-1150.0Wh)
   ? 雅渡-庙堰 | class5 | 146.0s -> 总:16389.5Wh (物理:18288.4Wh + 残差:-1898.9Wh)
   加载残差模型: 庙堰-钟公庙
   读取坡度曲率: 庙堰-钟公庙
   ? 庙堰-钟公庙 | class3 | 95.95s -> 总:12878.8Wh (物理:12863.0Wh + 残差:15.8Wh)
   ? 庙堰-钟公庙 | class4 | 101.0s -> 总:11139.8Wh (物理:11560.0Wh + 残差:-420.1Wh)
   加载残差模型: 钟公庙-鄞州区政府
   读取坡度曲率: 钟公庙-鄞州区政府
   ? 钟公庙-鄞州区政府 | class3 | 90.0s -> 总:10305.6Wh (物理:11344.6Wh + 残差:-1039.0Wh)
   ? 钟公庙-鄞州区政府 | class4 | 94.95s -> 总:7881.2Wh (物理:9126.8Wh + 残差:-1245.7Wh)
   ? 钟公庙-鄞州区政府 | class5 | 99.0s -> 总:5999.8Wh (物理:7467.0Wh + 残差:-1467.2Wh)
   加载残差模型: 鄞州区政府-钱湖南路
   读取坡度曲率: 鄞州区政府-钱湖南路
   ? 鄞州区政府-钱湖南路 | class2 | 127.95s -> 总:19266.5Wh (物理:18107.3Wh + 残差:1159.2Wh)
   ? 鄞州区政府-钱湖南路 | class3 | 132.05s -> 总:16889.4Wh (物理:15906.0Wh + 残差:983.4Wh)
   ? 鄞州区政府-钱湖南路 | class4 | 139.0s -> 总:16051.1Wh (物理:15037.4Wh + 残差:1013.7Wh)
   加载残差模型: 钱湖南路-南高教园区
   读取坡度曲率: 钱湖南路-南高教园区
   ? 钱湖南路-南高教园区 | class3 | 100.05s -> 总:14647.8Wh (物理:14389.6Wh + 残差:258.2Wh)
   ? 钱湖南路-南高教园区 | class4 | 104.95s -> 总:13089.7Wh (物理:13157.8Wh + 残差:-68.0Wh)
   加载残差模型: 南高教园区-下应路
   读取坡度曲率: 南高教园区-下应路
   ? 南高教园区-下应路 | class2 | 110.0s -> 总:22290.9Wh (物理:20507.6Wh + 残差:1783.3Wh)
   ? 南高教园区-下应路 | class3 | 114.0s -> 总:19785.3Wh (物理:18508.0Wh + 残差:1277.3Wh)
   ? 南高教园区-下应路 | class4 | 119.95s -> 总:17847.8Wh (物理:17164.4Wh + 残差:683.4Wh)
   加载残差模型: 下应路-大洋江
   读取坡度曲率: 下应路-大洋江
   ? 下应路-大洋江 | class2 | 101.0s -> 总:13853.2Wh (物理:13991.1Wh + 残差:-137.9Wh)
   ? 下应路-大洋江 | class3 | 106.0s -> 总:11891.0Wh (物理:11747.6Wh + 残差:143.4Wh)
   ? 下应路-大洋江 | class4 | 110.95s -> 总:12324.8Wh (物理:12546.5Wh + 残差:-221.7Wh)
   ? 下应路-大洋江 | class5 | 117.0s -> 总:11281.4Wh (物理:11355.6Wh + 残差:-74.3Wh)
   加载残差模型: 大洋江-泗港
   读取坡度曲率: 大洋江-泗港
   ? 大洋江-泗港 | class3 | 92.0s -> 总:11010.2Wh (物理:11536.6Wh + 残差:-526.4Wh)
   ? 大洋江-泗港 | class4 | 96.0s -> 总:9731.6Wh (物理:10296.5Wh + 残差:-564.9Wh)
   加载残差模型: 泗港-曹隘
   读取坡度曲率: 泗港-曹隘
   ? 泗港-曹隘 | class2 | 128.05s -> 总:20783.2Wh (物理:20586.1Wh + 残差:197.1Wh)
   ? 泗港-曹隘 | class4 | 137.0s -> 总:25166.4Wh (物理:24508.2Wh + 残差:658.2Wh)
   ? 泗港-曹隘 | class5 | 143.0s -> 总:23163.3Wh (物理:21626.8Wh + 残差:1536.5Wh)
   加载残差模型: 曹隘-柳隘
   读取坡度曲率: 曹隘-柳隘
   ? 曹隘-柳隘 | class2 | 106.05s -> 总:19071.1Wh (物理:24279.7Wh + 残差:-5208.6Wh)
   ? 曹隘-柳隘 | class3 | 108.0s -> 总:16987.9Wh (物理:21766.9Wh + 残差:-4779.0Wh)
   ? 曹隘-柳隘 | class4 | 112.95s -> 总:12866.4Wh (物理:17129.0Wh + 残差:-4262.6Wh)
   ? 曹隘-柳隘 | class5 | 119.0s -> 总:11262.9Wh (物理:14922.1Wh + 残差:-3659.2Wh)
   加载残差模型: 柳隘-海晏北路
   读取坡度曲率: 柳隘-海晏北路
   ? 柳隘-海晏北路 | class3 | 91.95s -> 总:12063.0Wh (物理:12280.5Wh + 残差:-217.6Wh)
   ? 柳隘-海晏北路 | class4 | 96.0s -> 总:10726.2Wh (物理:10921.2Wh + 残差:-195.0Wh)
   加载残差模型: 海晏北路-民安东路
   读取坡度曲率: 海晏北路-民安东路
   ? 海晏北路-民安东路 | class3 | 85.0s -> 总:14963.5Wh (物理:15213.9Wh + 残差:-250.4Wh)
   ? 海晏北路-民安东路 | class4 | 88.95s -> 总:13276.5Wh (物理:12084.1Wh + 残差:1192.3Wh)
   加载残差模型: 民安东路-会展中心
   读取坡度曲率: 民安东路-会展中心
   ? 民安东路-会展中心 | class2 | 76.0s -> 总:16398.6Wh (物理:17876.7Wh + 残差:-1478.1Wh)
   ? 民安东路-会展中心 | class3 | 78.95s -> 总:12305.5Wh (物理:12045.4Wh + 残差:260.1Wh)
   ? 民安东路-会展中心 | class4 | 83.0s -> 总:8001.2Wh (物理:8436.4Wh + 残差:-435.2Wh)
   加载残差模型: 会展中心-院士路
   读取坡度曲率: 会展中心-院士路
   ? 会展中心-院士路 | class3 | 115.0s -> 总:14707.2Wh (物理:15667.2Wh + 残差:-960.0Wh)
   ? 会展中心-院士路 | class4 | 121.0s -> 总:13042.2Wh (物理:14125.1Wh + 残差:-1082.9Wh)
   加载残差模型: 院士路-盎孟港
   读取坡度曲率: 院士路-盎孟港
   ? 院士路-盎孟港 | class3 | 90.95s -> 总:16907.0Wh (物理:17298.9Wh + 残差:-391.9Wh)
   ? 院士路-盎孟港 | class4 | 95.95s -> 总:13756.3Wh (物理:13721.2Wh + 残差:35.1Wh)
   加载残差模型: 盎孟港-三官堂
   读取坡度曲率: 盎孟港-三官堂
   ? 盎孟港-三官堂 | class2 | 132.0s -> 总:18040.7Wh (物理:17289.3Wh + 残差:751.3Wh)
   ? 盎孟港-三官堂 | class3 | 138.95s -> 总:17579.6Wh (物理:16715.4Wh + 残差:864.2Wh)
   ? 盎孟港-三官堂 | class4 | 146.0s -> 总:16723.2Wh (物理:16374.1Wh + 残差:349.1Wh)
   加载残差模型: 三官堂-兴庄路
   读取坡度曲率: 三官堂-兴庄路
   ? 三官堂-兴庄路 | class1 | 94.05s -> 总:13603.5Wh (物理:14520.4Wh + 残差:-917.0Wh)
   ? 三官堂-兴庄路 | class2 | 99.0s -> 总:12452.9Wh (物理:11900.6Wh + 残差:552.3Wh)
   ? 三官堂-兴庄路 | class3 | 104.05s -> 总:11438.0Wh (物理:10908.1Wh + 残差:529.9Wh)
   ? 三官堂-兴庄路 | class4 | 109.0s -> 总:10872.0Wh (物理:10306.0Wh + 残差:566.0Wh)
   加载残差模型: 兴庄路-兴海南路
   读取坡度曲率: 兴庄路-兴海南路
   ? 兴庄路-兴海南路 | class2 | 86.95s -> 总:16270.8Wh (物理:17704.5Wh + 残差:-1433.6Wh)
   ? 兴庄路-兴海南路 | class4 | 95.95s -> 总:9182.2Wh (物理:9897.3Wh + 残差:-715.1Wh)
   加载残差模型: 兴海南路-梅堰
   读取坡度曲率: 兴海南路-梅堰
   ? 兴海南路-梅堰 | class3 | 81.95s -> 总:11130.6Wh (物理:11729.9Wh + 残差:-599.2Wh)
   ? 兴海南路-梅堰 | class4 | 86.0s -> 总:9415.9Wh (物理:9428.3Wh + 残差:-12.5Wh)
   加载残差模型: 梅堰-永茂路
   读取坡度曲率: 梅堰-永茂路
   ? 梅堰-永茂路 | class3 | 313.0s -> 总:30280.6Wh (物理:28878.4Wh + 残差:1402.1Wh)
   ? 梅堰-永茂路 | class4 | 329.0s -> 总:26102.3Wh (物理:25694.7Wh + 残差:407.6Wh)
   ? 梅堰-永茂路 | class5 | 345.05s -> 总:23448.8Wh (物理:24816.9Wh + 残差:-1368.2Wh)
   加载残差模型: 永茂路-镇海大道
   读取坡度曲率: 永茂路-镇海大道
   ? 永茂路-镇海大道 | class2 | 141.0s -> 总:18065.7Wh (物理:17187.9Wh + 残差:877.8Wh)
   ? 永茂路-镇海大道 | class3 | 148.0s -> 总:17234.1Wh (物理:16570.6Wh + 残差:663.5Wh)
   ? 永茂路-镇海大道 | class4 | 156.0s -> 总:15968.6Wh (物理:14496.5Wh + 残差:1472.1Wh)
   ? 永茂路-镇海大道 | class5 | 164.05s -> 总:14910.2Wh (物理:13330.4Wh + 残差:1579.7Wh)
   加载残差模型: 镇海大道-骆驼桥
   读取坡度曲率: 镇海大道-骆驼桥
   ? 镇海大道-骆驼桥 | class2 | 116.0s -> 总:19925.7Wh (物理:18996.4Wh + 残差:929.3Wh)
   ? 镇海大道-骆驼桥 | class3 | 122.0s -> 总:19057.5Wh (物理:18177.4Wh + 残差:880.1Wh)
   ? 镇海大道-骆驼桥 | class4 | 128.0s -> 总:17093.8Wh (物理:16418.1Wh + 残差:675.7Wh)
   ? 镇海大道-骆驼桥 | class5 | 134.0s -> 总:15664.2Wh (物理:15725.0Wh + 残差:-60.9Wh)

? 评估完成！能耗菜单已生成：D:\energy_conservation\output\analysis\ato_class_energy_menu57_new_v3.csv
? 现在你可以运行 DP 调度算法来选择最优 Class 组合了。
Step finished with code 0. Log: D:\energy_conservation\output\pipeline_logs\parallel_energy_menu_trip057\energy_menu.log

Pipeline finished successfully.
