Project root: D:\energy_conservation
Python:       C:\Users\bit11\AppData\Local\Programs\Python\Python311\python.exe
Log dir:      D:\energy_conservation\output\pipeline_logs\20260904_223351
Dry run:      False
Trip no:      57 (global trip; legacy local index 56)
Target time:  3735.95s
Results dir:  D:\energy_conservation\data\data_processed_step2_v3_all_curve_quality_traceability
ATO dir:      D:\energy_conservation\data\data_processed_step2_v3_all_curve_quality_traceability
Line scope:   full
Traceability: D:\energy_conservation\data\data_processed_step2_v3_all_curve_quality_traceability\trip_traceability_manifest_v1.csv

Selected steps:
01. dp_schedule
    title: DP schedule optimization
    script: scripts_new/00_main_pipeline/08_ato_class_globall_v2.py
    desc:  Select the lowest-energy class combination and write final comparison outputs.

=== dp_schedule: DP schedule optimization ===
Select the lowest-energy class combination and write final comparison outputs.
Command: C:\Users\bit11\AppData\Local\Programs\Python\Python311\python.exe D:\energy_conservation\scripts_new\00_main_pipeline\08_ato_class_globall_v2.py
Trip:    57 (global 1-based trip; legacy local index 56)
Target:  3735.95s
Results: D:\energy_conservation\data\data_processed_step2_v3_all_curve_quality_traceability
ATO:     D:\energy_conservation\data\data_processed_step2_v3_all_curve_quality_traceability
Scope:   full
Trace:   D:\energy_conservation\data\data_processed_step2_v3_all_curve_quality_traceability\trip_traceability_manifest_v1.csv
Global trip: 57 (legacy local index 56)
Target total time: 3735.95s
Line scope: full (26 sections)
Menu file: D:\energy_conservation\output\analysis\ato_class_energy_menu57_new_v3.csv
History file: D:\energy_conservation\full_line57_validation_results.csv
Historical curve data dir: D:\energy_conservation\data\data_processed_step2_v3_all_curve_quality_traceability
趟次选择方式: 全局运行链追溯
全局趟次ID:   UP057_20240710_070757_R3070
追溯表:       D:\energy_conservation\data\data_processed_step2_v3_all_curve_quality_traceability\trip_traceability_manifest_v1.csv
映射区间数:   26
已删除旧 DP 输出: D:\energy_conservation\output\schedule\final_plan_report_v2\Final_Planning_Comparison.csv
已删除旧 DP 输出: D:\energy_conservation\output\schedule\final_plan_report_v2\Final_Planning_Comparison_Energy_First.csv
已删除旧 DP 输出: D:\energy_conservation\output\schedule\final_plan_report_v2\Final_Planning_Comparison_Real_Priority_Dwell_5pct.csv
Historical dwell file:   C:\Users\bit11\Desktop\数据测试代码\debug_reports\historical_dwell_first70\historical_dwell_detail_first70.csv
Historical dwell total:  768.0s
Exact-dwell target run:  2967.9s
Fallback dwell band:     752.6-783.4s (±2.0%)

DP input diagnostics:
  Selected global trip: 57 (legacy local index 56)
  Target total time: 3735.9s
  Allowed running time: <= 2983.3s within dwell tolerance, exact-dwell run 2967.9s
  Dwell totals: historical=768.0s, tolerance minimum=752.6s
  Historical selected-trip run time in full_line57_validation_results.csv: 2968.0s (full-line, dwell not included)
  Historical selected-trip total with historical dwell: 3736.0s
  Historical selected-trip total at tolerance minimum: 3720.6s
  Menu coverage: 26/26 sections
  History coverage: 26/26 sections
Historical dwell profile (25 intervals):
  布政-张家潭: 29.0s [actual]
  张家潭-同德路: 29.0s [actual]
  同德路-石碶: 35.0s [actual]
  石碶-雅渡: 30.0s [actual]
  雅渡-庙堰: 29.0s [actual]
  庙堰-钟公庙: 31.0s [actual]
  钟公庙-鄞州区政府: 39.0s [actual]
  鄞州区政府-钱湖南路: 29.0s [actual]
  钱湖南路-南高教园区: 34.0s [actual]
  南高教园区-下应路: 30.0s [actual]
  下应路-大洋江: 29.0s [actual]
  大洋江-泗港: 29.0s [actual]
  泗港-曹隘: 30.0s [actual]
  曹隘-柳隘: 29.0s [actual]
  柳隘-海晏北路: 45.0s [actual]
  海晏北路-民安东路: 30.0s [actual]
  民安东路-会展中心: 30.0s [actual]
  会展中心-院士路: 30.0s [actual]
  院士路-盎孟港: 30.0s [actual]
  盎孟港-三官堂: 29.0s [actual]
  三官堂-兴庄路: 31.0s [actual]
  兴庄路-兴海南路: 27.0s [actual]
  兴海南路-梅堰: 30.0s [actual]
  梅堰-永茂路: 27.0s [actual]
  永茂路-镇海大道: 27.0s [actual]

DP stage: real_only | dwell=historical_exact | run_range=[2967.9, 2967.9] | sources=['real'] | score=priority_first
  [1/26] 布政-张家潭 -> 2 states
  [2/26] 张家潭-同德路 -> 4 states
  [3/26] 同德路-石碶 -> 8 states
  [4/26] 石碶-雅渡 -> 17 states
  [5/26] 雅渡-庙堰 -> 44 states
  [6/26] 庙堰-钟公庙 -> 44 states
  [7/26] 钟公庙-鄞州区政府 -> 54 states
  [8/26] 鄞州区政府-钱湖南路 -> 86 states
  [9/26] 钱湖南路-南高教园区 -> 86 states
  [10/26] 南高教园区-下应路 -> 101 states
  [11/26] 下应路-大洋江 -> 131 states
  [12/26] 大洋江-泗港 -> 131 states
  [13/26] 泗港-曹隘 -> 131 states
  [14/26] 曹隘-柳隘 -> 152 states
  [15/26] 柳隘-海晏北路 -> 152 states
  [16/26] 海晏北路-民安东路 -> 152 states
  [17/26] 民安东路-会展中心 -> 161 states
  [18/26] 会展中心-院士路 -> 161 states
  [19/26] 院士路-盎孟港 -> 161 states
  [20/26] 盎孟港-三官堂 -> 233 states
  [21/26] 三官堂-兴庄路 -> 253 states
  [22/26] 兴庄路-兴海南路 -> 253 states
  [23/26] 兴海南路-梅堰 -> 253 states
  [24/26] 梅堰-永茂路 -> 317 states
  [25/26] 永茂路-镇海大道 -> 377 states
  [26/26] 镇海大道-骆驼桥 -> 54 states
  no feasible state. Reachable run time: [2970.0s, 2988.0s], required: [2967.9s, 2967.9s]

DP stage: allow_interpolated | dwell=historical_exact | run_range=[2967.9, 2967.9] | sources=['interpolated', 'real'] | score=priority_first
  [1/26] 布政-张家潭 -> 2 states
  [2/26] 张家潭-同德路 -> 4 states
  [3/26] 同德路-石碶 -> 8 states
  [4/26] 石碶-雅渡 -> 17 states
  [5/26] 雅渡-庙堰 -> 44 states
  [6/26] 庙堰-钟公庙 -> 44 states
  [7/26] 钟公庙-鄞州区政府 -> 54 states
  [8/26] 鄞州区政府-钱湖南路 -> 86 states
  [9/26] 钱湖南路-南高教园区 -> 86 states
  [10/26] 南高教园区-下应路 -> 101 states
  [11/26] 下应路-大洋江 -> 131 states
  [12/26] 大洋江-泗港 -> 131 states
  [13/26] 泗港-曹隘 -> 131 states
  [14/26] 曹隘-柳隘 -> 152 states
  [15/26] 柳隘-海晏北路 -> 152 states
  [16/26] 海晏北路-民安东路 -> 152 states
  [17/26] 民安东路-会展中心 -> 161 states
  [18/26] 会展中心-院士路 -> 161 states
  [19/26] 院士路-盎孟港 -> 161 states
  [20/26] 盎孟港-三官堂 -> 233 states
  [21/26] 三官堂-兴庄路 -> 253 states
  [22/26] 兴庄路-兴海南路 -> 253 states
  [23/26] 兴海南路-梅堰 -> 253 states
  [24/26] 梅堰-永茂路 -> 317 states
  [25/26] 永茂路-镇海大道 -> 377 states
  [26/26] 镇海大道-骆驼桥 -> 54 states
  no feasible state. Reachable run time: [2970.0s, 2988.0s], required: [2967.9s, 2967.9s]

DP stage: allow_extrapolated | dwell=historical_exact | run_range=[2967.9, 2967.9] | sources=['extrapolated_adjacent', 'interpolated', 'real'] | score=priority_first
  [1/26] 布政-张家潭 -> 3 states
  [2/26] 张家潭-同德路 -> 12 states
  [3/26] 同德路-石碶 -> 27 states
  [4/26] 石碶-雅渡 -> 61 states
  [5/26] 雅渡-庙堰 -> 136 states
  [6/26] 庙堰-钟公庙 -> 157 states
  [7/26] 钟公庙-鄞州区政府 -> 185 states
  [8/26] 鄞州区政府-钱湖南路 -> 289 states
  [9/26] 钱湖南路-南高教园区 -> 309 states
  [10/26] 南高教园区-下应路 -> 353 states
  [11/26] 下应路-大洋江 -> 417 states
  [12/26] 大洋江-泗港 -> 433 states
  [13/26] 泗港-曹隘 -> 433 states
  [14/26] 曹隘-柳隘 -> 485 states
  [15/26] 柳隘-海晏北路 -> 501 states
  [16/26] 海晏北路-民安东路 -> 517 states
  [17/26] 民安东路-会展中心 -> 550 states
  [18/26] 会展中心-院士路 -> 574 states
  [19/26] 院士路-盎孟港 -> 594 states
  [20/26] 盎孟港-三官堂 -> 797 states
  [21/26] 三官堂-兴庄路 -> 872 states
  [22/26] 兴庄路-兴海南路 -> 917 states
  [23/26] 兴海南路-梅堰 -> 937 states
  [24/26] 梅堰-永茂路 -> 1263 states
  [25/26] 永茂路-镇海大道 -> 888 states
  [26/26] 镇海大道-骆驼桥 -> 106 states

Selected priority-first plan: allow_extrapolated
Feasible states: 1
Best:  run=2968.0s, energy=419694.2 Wh, extrapolated=1, interpolated=0
Nominal-dwell best nearby: run=2977.9s, energy=418004.8 Wh
Dwell trade: +-9.9s run time -> saves -1689.4 Wh (-0.4%)
Traceback (most recent call last):
  File "D:\energy_conservation\scripts_new\00_main_pipeline\08_ato_class_globall_v2.py", line 1221, in <module>
    ok = run_optimization()
         ^^^^^^^^^^^^^^^^^^
  File "D:\energy_conservation\scripts_new\00_main_pipeline\08_ato_class_globall_v2.py", line 1023, in run_optimization
    final_rows, totals = write_solution_report(solution, FINAL_COMPARISON_FILE)
                         ^^^^^^^^^^^^^^^^^^^^^^^^^^^^^^^^^^^^^^^^^^^^^^^^^^^^^^
  File "D:\energy_conservation\scripts_new\00_main_pipeline\08_ato_class_globall_v2.py", line 920, in write_solution_report
    raise RuntimeError(f"{stage_name} selected an infeasible dwell distribution.")
RuntimeError: allow_extrapolated selected an infeasible dwell distribution.
Step finished with code 1. Log: D:\energy_conservation\output\pipeline_logs\20260904_223351\dp_schedule.log

Pipeline finished with failures:
- dp_schedule: exit code 1
