# step: energy_menu
# command: C:\Users\bit11\AppData\Local\Programs\Python\Python311\python.exe D:\energy_conservation\scripts_new\00_main_pipeline\06_ato_generated_results_energy.py
# ENERGY_TRIP_NO: 11
# ENERGY_TRIP_INDEX: 10
# ENERGY_TARGET_TIME: 3760.9
# ENERGY_RESULTS_DATA_DIR: D:\energy_conservation\data\data_processed_step2_v3_all_curve_quality
# ENERGY_ATO_DATA_DIR: D:\energy_conservation\data\data_processed_step2_v3_all_curve_quality
# ENERGY_LINE_SCOPE: full
# PYTHONIOENCODING: utf-8:replace
# started: 2026-07-13T15:34:46

按测试数据目录筛选能耗菜单区间: 26 个
按 line scope 筛选后能耗菜单区间: 26 个
   读取重量: 院士路-盎孟港 trip 11
   读取重量: 盎孟港-三官堂 trip 11
   读取重量: 三官堂-兴庄路 trip 11
   读取重量: 兴庄路-兴海南路 trip 11
   读取重量: 兴海南路-梅堰 trip 11
   读取重量: 梅堰-永茂路 trip 11
   读取重量: 永茂路-镇海大道 trip 11
   读取重量: 镇海大道-骆驼桥 trip 11
已生成区间参数表: D:\energy_conservation\data\static\section_params_trip11.csv | 更新 MASS: 26 | 跳过非本次区间: 0 | 沿用旧值: 0 | 保留模板值: 0
🚀 开始批量评估 26 个区间的 ATO 轨迹能耗：第 11 趟车...
地图/历史数据目录: D:\energy_conservation\data\data_processed_step2_v3_all_curve_quality
   加载残差模型: 布政-张家潭
   读取坡度曲率: 布政-张家潭
   ✅ 布政-张家潭 | class3 | 115.0s -> 总:12947.6Wh (物理:12911.0Wh + 残差:36.6Wh)
   ✅ 布政-张家潭 | class4 | 121.0s -> 总:14024.2Wh (物理:14131.4Wh + 残差:-107.2Wh)
   ✅ 布政-张家潭 | class5 | 127.05s -> 总:12627.7Wh (物理:13231.8Wh + 残差:-604.1Wh)
   加载残差模型: 张家潭-同德路
   读取坡度曲率: 张家潭-同德路
   ✅ 张家潭-同德路 | class1 | 141.0s -> 总:17890.7Wh (物理:18567.4Wh + 残差:-676.7Wh)
   ✅ 张家潭-同德路 | class2 | 148.0s -> 总:17599.2Wh (物理:18097.3Wh + 残差:-498.1Wh)
   ✅ 张家潭-同德路 | class3 | 151.0s -> 总:17915.9Wh (物理:17164.4Wh + 残差:751.4Wh)
   ✅ 张家潭-同德路 | class4 | 158.95s -> 总:16531.8Wh (物理:15798.0Wh + 残差:733.9Wh)
   加载残差模型: 同德路-石碶
   读取坡度曲率: 同德路-石碶
   ✅ 同德路-石碶 | class3 | 108.95s -> 总:13094.4Wh (物理:13065.8Wh + 残差:28.6Wh)
   ✅ 同德路-石碶 | class4 | 114.0s -> 总:13318.0Wh (物理:13507.4Wh + 残差:-189.4Wh)
   ✅ 同德路-石碶 | class5 | 120.0s -> 总:11776.2Wh (物理:12121.4Wh + 残差:-345.1Wh)
   加载残差模型: 石碶-雅渡
   读取坡度曲率: 石碶-雅渡
   ✅ 石碶-雅渡 | class2 | 80.0s -> 总:11015.2Wh (物理:10279.9Wh + 残差:735.3Wh)
   ✅ 石碶-雅渡 | class3 | 82.0s -> 总:11448.8Wh (物理:12095.9Wh + 残差:-647.1Wh)
   ✅ 石碶-雅渡 | class4 | 85.95s -> 总:11551.9Wh (物理:9940.2Wh + 残差:1611.7Wh)
   ✅ 石碶-雅渡 | class5 | 90.0s -> 总:8857.3Wh (物理:7433.1Wh + 残差:1424.2Wh)
   加载残差模型: 雅渡-庙堰
   读取坡度曲率: 雅渡-庙堰
   ✅ 雅渡-庙堰 | class2 | 129.0s -> 总:20478.9Wh (物理:20601.4Wh + 残差:-122.5Wh)
   ✅ 雅渡-庙堰 | class3 | 131.95s -> 总:19806.4Wh (物理:19554.7Wh + 残差:251.7Wh)
   ✅ 雅渡-庙堰 | class4 | 139.0s -> 总:18145.9Wh (物理:18213.9Wh + 残差:-68.0Wh)
   ✅ 雅渡-庙堰 | class5 | 146.0s -> 总:15921.6Wh (物理:16636.1Wh + 残差:-714.5Wh)
   加载残差模型: 庙堰-钟公庙
   读取坡度曲率: 庙堰-钟公庙
   ✅ 庙堰-钟公庙 | class3 | 95.95s -> 总:12463.4Wh (物理:11642.8Wh + 残差:820.7Wh)
   ✅ 庙堰-钟公庙 | class4 | 101.0s -> 总:10841.3Wh (物理:9412.4Wh + 残差:1428.9Wh)
   加载残差模型: 钟公庙-鄞州区政府
   读取坡度曲率: 钟公庙-鄞州区政府
   ✅ 钟公庙-鄞州区政府 | class3 | 90.0s -> 总:10313.8Wh (物理:11493.5Wh + 残差:-1179.8Wh)
   ✅ 钟公庙-鄞州区政府 | class4 | 94.95s -> 总:7956.1Wh (物理:9736.5Wh + 残差:-1780.4Wh)
   ✅ 钟公庙-鄞州区政府 | class5 | 99.0s -> 总:6107.2Wh (物理:8404.1Wh + 残差:-2296.9Wh)
   加载残差模型: 鄞州区政府-钱湖南路
   读取坡度曲率: 鄞州区政府-钱湖南路
   ✅ 鄞州区政府-钱湖南路 | class2 | 127.95s -> 总:18479.3Wh (物理:20240.2Wh + 残差:-1760.9Wh)
   ✅ 鄞州区政府-钱湖南路 | class3 | 132.05s -> 总:16036.1Wh (物理:18374.4Wh + 残差:-2338.3Wh)
   ✅ 鄞州区政府-钱湖南路 | class4 | 139.0s -> 总:15215.6Wh (物理:16852.6Wh + 残差:-1637.1Wh)
   加载残差模型: 钱湖南路-南高教园区
   读取坡度曲率: 钱湖南路-南高教园区
   ✅ 钱湖南路-南高教园区 | class3 | 100.05s -> 总:13608.4Wh (物理:12519.7Wh + 残差:1088.7Wh)
   ✅ 钱湖南路-南高教园区 | class4 | 104.95s -> 总:11805.5Wh (物理:10239.3Wh + 残差:1566.2Wh)
   加载残差模型: 南高教园区-下应路
   读取坡度曲率: 南高教园区-下应路
   ✅ 南高教园区-下应路 | class2 | 110.0s -> 总:20895.4Wh (物理:16289.8Wh + 残差:4605.6Wh)
   ✅ 南高教园区-下应路 | class3 | 114.0s -> 总:18457.3Wh (物理:14529.7Wh + 残差:3927.6Wh)
   ✅ 南高教园区-下应路 | class4 | 119.95s -> 总:16642.6Wh (物理:13621.4Wh + 残差:3021.2Wh)
   加载残差模型: 下应路-大洋江
   读取坡度曲率: 下应路-大洋江
   ✅ 下应路-大洋江 | class2 | 101.0s -> 总:13361.4Wh (物理:13142.9Wh + 残差:218.5Wh)
   ✅ 下应路-大洋江 | class3 | 106.0s -> 总:11319.3Wh (物理:10962.3Wh + 残差:357.0Wh)
   ✅ 下应路-大洋江 | class4 | 110.95s -> 总:11734.4Wh (物理:11360.1Wh + 残差:374.2Wh)
   ✅ 下应路-大洋江 | class5 | 117.0s -> 总:10740.1Wh (物理:9890.9Wh + 残差:849.2Wh)
   加载残差模型: 大洋江-泗港
   读取坡度曲率: 大洋江-泗港
   ✅ 大洋江-泗港 | class3 | 92.0s -> 总:10742.5Wh (物理:9512.9Wh + 残差:1229.6Wh)
   ✅ 大洋江-泗港 | class4 | 96.0s -> 总:9542.7Wh (物理:7914.8Wh + 残差:1627.9Wh)
   加载残差模型: 泗港-曹隘
   读取坡度曲率: 泗港-曹隘
   ✅ 泗港-曹隘 | class2 | 128.05s -> 总:20201.0Wh (物理:19660.3Wh + 残差:540.7Wh)
   ✅ 泗港-曹隘 | class4 | 137.0s -> 总:22951.0Wh (物理:22061.4Wh + 残差:889.6Wh)
   ✅ 泗港-曹隘 | class5 | 143.0s -> 总:21167.6Wh (物理:19632.6Wh + 残差:1535.0Wh)
   加载残差模型: 曹隘-柳隘
   读取坡度曲率: 曹隘-柳隘
   ✅ 曹隘-柳隘 | class2 | 106.05s -> 总:21431.2Wh (物理:14733.1Wh + 残差:6698.2Wh)
   ✅ 曹隘-柳隘 | class3 | 108.0s -> 总:19871.1Wh (物理:12703.4Wh + 残差:7167.7Wh)
   ✅ 曹隘-柳隘 | class4 | 112.95s -> 总:15966.4Wh (物理:10634.3Wh + 残差:5332.1Wh)
   ✅ 曹隘-柳隘 | class5 | 119.0s -> 总:13522.2Wh (物理:9627.0Wh + 残差:3895.1Wh)
   加载残差模型: 柳隘-海晏北路
   读取坡度曲率: 柳隘-海晏北路
   ✅ 柳隘-海晏北路 | class3 | 91.95s -> 总:11501.6Wh (物理:10771.0Wh + 残差:730.7Wh)
   ✅ 柳隘-海晏北路 | class4 | 96.0s -> 总:10299.6Wh (物理:8700.4Wh + 残差:1599.1Wh)
   加载残差模型: 海晏北路-民安东路
   读取坡度曲率: 海晏北路-民安东路
   ✅ 海晏北路-民安东路 | class3 | 85.0s -> 总:14824.0Wh (物理:11097.4Wh + 残差:3726.7Wh)
   ✅ 海晏北路-民安东路 | class4 | 88.95s -> 总:12443.6Wh (物理:8188.5Wh + 残差:4255.1Wh)
   加载残差模型: 民安东路-会展中心
   读取坡度曲率: 民安东路-会展中心
   ✅ 民安东路-会展中心 | class2 | 76.0s -> 总:15211.1Wh (物理:15411.2Wh + 残差:-200.1Wh)
   ✅ 民安东路-会展中心 | class3 | 78.95s -> 总:11667.9Wh (物理:10082.1Wh + 残差:1585.7Wh)
   ✅ 民安东路-会展中心 | class4 | 83.0s -> 总:6935.8Wh (物理:7204.0Wh + 残差:-268.2Wh)
   加载残差模型: 会展中心-院士路
   读取坡度曲率: 会展中心-院士路
   ✅ 会展中心-院士路 | class3 | 115.0s -> 总:14971.6Wh (物理:17647.4Wh + 残差:-2675.8Wh)
   ✅ 会展中心-院士路 | class4 | 121.0s -> 总:13348.2Wh (物理:16080.8Wh + 残差:-2732.6Wh)
   加载残差模型: 院士路-盎孟港
   读取坡度曲率: 院士路-盎孟港
   ✅ 院士路-盎孟港 | class3 | 90.95s -> 总:17856.4Wh (物理:11611.7Wh + 残差:6244.8Wh)
   ✅ 院士路-盎孟港 | class4 | 95.95s -> 总:14061.7Wh (物理:8362.7Wh + 残差:5699.0Wh)
   加载残差模型: 盎孟港-三官堂
   读取坡度曲率: 盎孟港-三官堂
   ✅ 盎孟港-三官堂 | class2 | 132.0s -> 总:17622.7Wh (物理:20639.1Wh + 残差:-3016.4Wh)
   ✅ 盎孟港-三官堂 | class3 | 138.95s -> 总:17115.0Wh (物理:17954.0Wh + 残差:-839.0Wh)
   ✅ 盎孟港-三官堂 | class4 | 146.0s -> 总:16469.6Wh (物理:16886.7Wh + 残差:-417.1Wh)
   加载残差模型: 三官堂-兴庄路
   读取坡度曲率: 三官堂-兴庄路
   ✅ 三官堂-兴庄路 | class1 | 94.05s -> 总:13154.6Wh (物理:13296.6Wh + 残差:-142.0Wh)
   ✅ 三官堂-兴庄路 | class2 | 99.0s -> 总:11607.4Wh (物理:9912.1Wh + 残差:1695.3Wh)
   ✅ 三官堂-兴庄路 | class3 | 104.05s -> 总:10552.7Wh (物理:8325.4Wh + 残差:2227.2Wh)
   ✅ 三官堂-兴庄路 | class4 | 109.0s -> 总:10006.0Wh (物理:7538.9Wh + 残差:2467.0Wh)
   加载残差模型: 兴庄路-兴海南路
   读取坡度曲率: 兴庄路-兴海南路
   ✅ 兴庄路-兴海南路 | class2 | 86.95s -> 总:15919.1Wh (物理:14665.8Wh + 残差:1253.3Wh)
   ✅ 兴庄路-兴海南路 | class4 | 95.95s -> 总:9583.2Wh (物理:7964.4Wh + 残差:1618.8Wh)
   加载残差模型: 兴海南路-梅堰
   读取坡度曲率: 兴海南路-梅堰
   ✅ 兴海南路-梅堰 | class3 | 81.95s -> 总:11372.0Wh (物理:11923.0Wh + 残差:-551.0Wh)
   ✅ 兴海南路-梅堰 | class4 | 86.0s -> 总:9693.1Wh (物理:8089.1Wh + 残差:1604.0Wh)
   加载残差模型: 梅堰-永茂路
   读取坡度曲率: 梅堰-永茂路
   ✅ 梅堰-永茂路 | class3 | 313.0s -> 总:29970.2Wh (物理:26942.2Wh + 残差:3028.0Wh)
   ✅ 梅堰-永茂路 | class4 | 329.0s -> 总:26501.1Wh (物理:25813.5Wh + 残差:687.6Wh)
   ✅ 梅堰-永茂路 | class5 | 345.05s -> 总:23540.1Wh (物理:25366.4Wh + 残差:-1826.4Wh)
   加载残差模型: 永茂路-镇海大道
   读取坡度曲率: 永茂路-镇海大道
   ✅ 永茂路-镇海大道 | class2 | 141.0s -> 总:17182.6Wh (物理:21433.7Wh + 残差:-4251.2Wh)
   ✅ 永茂路-镇海大道 | class3 | 148.0s -> 总:17306.3Wh (物理:19403.9Wh + 残差:-2097.6Wh)
   ✅ 永茂路-镇海大道 | class4 | 156.0s -> 总:15961.2Wh (物理:17523.6Wh + 残差:-1562.4Wh)
   ✅ 永茂路-镇海大道 | class5 | 164.05s -> 总:15611.9Wh (物理:16103.6Wh + 残差:-491.7Wh)
   加载残差模型: 镇海大道-骆驼桥
   读取坡度曲率: 镇海大道-骆驼桥
   ✅ 镇海大道-骆驼桥 | class2 | 116.0s -> 总:20304.8Wh (物理:17834.4Wh + 残差:2470.4Wh)
   ✅ 镇海大道-骆驼桥 | class3 | 122.0s -> 总:19433.8Wh (物理:17778.6Wh + 残差:1655.2Wh)
   ✅ 镇海大道-骆驼桥 | class4 | 128.0s -> 总:17324.1Wh (物理:16346.8Wh + 残差:977.2Wh)
   ✅ 镇海大道-骆驼桥 | class5 | 134.0s -> 总:15838.8Wh (物理:15230.6Wh + 残差:608.3Wh)

✨ 评估完成！能耗菜单已生成：D:\energy_conservation\output\analysis\ato_class_energy_menu11_new_v3.csv
👉 现在你可以运行 DP 调度算法来选择最优 Class 组合了。

# finished: 2026-07-13T16:17:16
# return_code: 0
# elapsed_seconds: 2550.7
