# step: energy_menu
# command: C:\Users\bit11\AppData\Local\Programs\Python\Python311\python.exe D:\energy_conservation\scripts_new\00_main_pipeline\06_ato_generated_results_energy.py
# ENERGY_TRIP_NO: 4
# ENERGY_TRIP_INDEX: 3
# ENERGY_TARGET_TIME: script default
# ENERGY_RESULTS_DATA_DIR: D:\energy_conservation\data\data_processed_step2_v3_all_curve_quality
# ENERGY_ATO_DATA_DIR: D:\energy_conservation\data\data_processed_step2_v3_all_curve_quality
# ENERGY_LINE_SCOPE: full
# PYTHONIOENCODING: utf-8:replace
# started: 2026-07-03T21:21:46

按测试数据目录筛选能耗菜单区间: 26 个
按 line scope 筛选后能耗菜单区间: 26 个
   读取重量: 布政-张家潭 trip 4
   读取重量: 张家潭-同德路 trip 4
   读取重量: 同德路-石碶 trip 4
   读取重量: 石碶-雅渡 trip 4
   读取重量: 雅渡-庙堰 trip 4
   读取重量: 庙堰-钟公庙 trip 4
   读取重量: 钟公庙-鄞州区政府 trip 4
   读取重量: 鄞州区政府-钱湖南路 trip 4
   读取重量: 钱湖南路-南高教园区 trip 4
   读取重量: 南高教园区-下应路 trip 4
   读取重量: 下应路-大洋江 trip 4
   读取重量: 大洋江-泗港 trip 4
   读取重量: 泗港-曹隘 trip 4
   读取重量: 曹隘-柳隘 trip 4
   读取重量: 柳隘-海晏北路 trip 4
   读取重量: 海晏北路-民安东路 trip 4
   读取重量: 民安东路-会展中心 trip 4
   读取重量: 会展中心-院士路 trip 4
   读取重量: 院士路-盎孟港 trip 4
   读取重量: 盎孟港-三官堂 trip 4
   读取重量: 三官堂-兴庄路 trip 4
   读取重量: 兴庄路-兴海南路 trip 4
   读取重量: 兴海南路-梅堰 trip 4
   读取重量: 梅堰-永茂路 trip 4
   读取重量: 永茂路-镇海大道 trip 4
   读取重量: 镇海大道-骆驼桥 trip 4
已生成区间参数表: D:\energy_conservation\data\static\section_params_trip4.csv | 更新 MASS: 26 | 跳过非本次区间: 0 | 沿用旧值: 0 | 保留模板值: 0
🚀 开始批量评估 26 个区间的 ATO 轨迹能耗：第 4 趟车...
地图/历史数据目录: D:\energy_conservation\data\data_processed_step2_v3_all_curve_quality
   加载残差模型: 布政-张家潭
   读取坡度曲率: 布政-张家潭
   ✅ 布政-张家潭 | class3 | 115.0s -> 总:12906.3Wh (物理:12916.8Wh + 残差:-10.5Wh)
   ✅ 布政-张家潭 | class4 | 121.0s -> 总:14011.7Wh (物理:14137.8Wh + 残差:-126.0Wh)
   ✅ 布政-张家潭 | class5 | 127.05s -> 总:12660.9Wh (物理:13237.8Wh + 残差:-576.9Wh)
   加载残差模型: 张家潭-同德路
   读取坡度曲率: 张家潭-同德路
   ✅ 张家潭-同德路 | class1 | 141.0s -> 总:17890.7Wh (物理:18567.4Wh + 残差:-676.7Wh)
   ✅ 张家潭-同德路 | class2 | 148.0s -> 总:17599.2Wh (物理:18097.3Wh + 残差:-498.1Wh)
   ✅ 张家潭-同德路 | class3 | 151.0s -> 总:17915.9Wh (物理:17164.4Wh + 残差:751.4Wh)
   ✅ 张家潭-同德路 | class4 | 158.95s -> 总:16531.8Wh (物理:15798.0Wh + 残差:733.9Wh)
   加载残差模型: 同德路-石碶
   读取坡度曲率: 同德路-石碶
   ✅ 同德路-石碶 | class3 | 108.95s -> 总:13094.4Wh (物理:13065.8Wh + 残差:28.6Wh)
   ✅ 同德路-石碶 | class4 | 114.0s -> 总:13318.0Wh (物理:13507.4Wh + 残差:-189.4Wh)
   ✅ 同德路-石碶 | class5 | 120.0s -> 总:11776.2Wh (物理:12121.4Wh + 残差:-345.1Wh)
   加载残差模型: 石碶-雅渡
   读取坡度曲率: 石碶-雅渡
   ✅ 石碶-雅渡 | class2 | 80.0s -> 总:11046.1Wh (物理:10284.6Wh + 残差:761.5Wh)
   ✅ 石碶-雅渡 | class3 | 82.0s -> 总:11462.5Wh (物理:12101.4Wh + 残差:-638.9Wh)
   ✅ 石碶-雅渡 | class4 | 85.95s -> 总:11572.2Wh (物理:9944.8Wh + 残差:1627.5Wh)
   ✅ 石碶-雅渡 | class5 | 90.0s -> 总:8864.9Wh (物理:7436.5Wh + 残差:1428.5Wh)
   加载残差模型: 雅渡-庙堰
   读取坡度曲率: 雅渡-庙堰
   ✅ 雅渡-庙堰 | class2 | 129.0s -> 总:20508.1Wh (物理:20619.5Wh + 残差:-111.4Wh)
   ✅ 雅渡-庙堰 | class3 | 131.95s -> 总:19832.6Wh (物理:19572.0Wh + 残差:260.6Wh)
   ✅ 雅渡-庙堰 | class4 | 139.0s -> 总:18164.7Wh (物理:18230.1Wh + 残差:-65.4Wh)
   ✅ 雅渡-庙堰 | class5 | 146.0s -> 总:15948.5Wh (物理:16650.9Wh + 残差:-702.4Wh)
   加载残差模型: 庙堰-钟公庙
   读取坡度曲率: 庙堰-钟公庙
   ✅ 庙堰-钟公庙 | class3 | 95.95s -> 总:12501.1Wh (物理:11653.3Wh + 残差:847.8Wh)
   ✅ 庙堰-钟公庙 | class4 | 101.0s -> 总:10870.5Wh (物理:9420.9Wh + 残差:1449.6Wh)
   加载残差模型: 钟公庙-鄞州区政府
   读取坡度曲率: 钟公庙-鄞州区政府
   ✅ 钟公庙-鄞州区政府 | class3 | 90.0s -> 总:10332.2Wh (物理:11504.1Wh + 残差:-1171.9Wh)
   ✅ 钟公庙-鄞州区政府 | class4 | 94.95s -> 总:7971.6Wh (物理:9745.4Wh + 残差:-1773.7Wh)
   ✅ 钟公庙-鄞州区政府 | class5 | 99.0s -> 总:6122.4Wh (物理:8411.8Wh + 残差:-2289.4Wh)
   加载残差模型: 鄞州区政府-钱湖南路
   读取坡度曲率: 鄞州区政府-钱湖南路
   ✅ 鄞州区政府-钱湖南路 | class2 | 127.95s -> 总:18510.9Wh (物理:20258.1Wh + 残差:-1747.1Wh)
   ✅ 鄞州区政府-钱湖南路 | class3 | 132.05s -> 总:16066.4Wh (物理:18390.6Wh + 残差:-2324.2Wh)
   ✅ 鄞州区政府-钱湖南路 | class4 | 139.0s -> 总:15251.4Wh (物理:16867.6Wh + 残差:-1616.2Wh)
   加载残差模型: 钱湖南路-南高教园区
   读取坡度曲率: 钱湖南路-南高教园区
   ✅ 钱湖南路-南高教园区 | class3 | 100.05s -> 总:13597.4Wh (物理:12514.0Wh + 残差:1083.4Wh)
   ✅ 钱湖南路-南高教园区 | class4 | 104.95s -> 总:11795.2Wh (物理:10234.6Wh + 残差:1560.6Wh)
   加载残差模型: 南高教园区-下应路
   读取坡度曲率: 南高教园区-下应路
   ✅ 南高教园区-下应路 | class2 | 110.0s -> 总:20855.3Wh (物理:16268.3Wh + 残差:4587.0Wh)
   ✅ 南高教园区-下应路 | class3 | 114.0s -> 总:18422.3Wh (物理:14510.4Wh + 残差:3911.9Wh)
   ✅ 南高教园区-下应路 | class4 | 119.95s -> 总:16605.3Wh (物理:13603.1Wh + 残差:3002.2Wh)
   加载残差模型: 下应路-大洋江
   读取坡度曲率: 下应路-大洋江
   ✅ 下应路-大洋江 | class2 | 101.0s -> 总:13283.1Wh (物理:13107.4Wh + 残差:175.7Wh)
   ✅ 下应路-大洋江 | class3 | 106.0s -> 总:11247.3Wh (物理:10932.6Wh + 残差:314.7Wh)
   ✅ 下应路-大洋江 | class4 | 110.95s -> 总:11645.5Wh (物理:11329.4Wh + 残差:316.1Wh)
   ✅ 下应路-大洋江 | class5 | 117.0s -> 总:10641.5Wh (物理:9864.1Wh + 残差:777.3Wh)
   加载残差模型: 大洋江-泗港
   读取坡度曲率: 大洋江-泗港
   ✅ 大洋江-泗港 | class3 | 92.0s -> 总:10720.5Wh (物理:9499.9Wh + 残差:1220.7Wh)
   ✅ 大洋江-泗港 | class4 | 96.0s -> 总:9521.5Wh (物理:7904.0Wh + 残差:1617.6Wh)
   加载残差模型: 泗港-曹隘
   读取坡度曲率: 泗港-曹隘
   ✅ 泗港-曹隘 | class2 | 128.05s -> 总:20165.5Wh (物理:19634.6Wh + 残差:530.9Wh)
   ✅ 泗港-曹隘 | class4 | 137.0s -> 总:22914.6Wh (物理:22032.1Wh + 残差:882.5Wh)
   ✅ 泗港-曹隘 | class5 | 143.0s -> 总:21124.2Wh (物理:19606.4Wh + 残差:1517.8Wh)
   加载残差模型: 曹隘-柳隘
   读取坡度曲率: 曹隘-柳隘
   ✅ 曹隘-柳隘 | class2 | 106.05s -> 总:21396.2Wh (物理:14713.3Wh + 残差:6682.9Wh)
   ✅ 曹隘-柳隘 | class3 | 108.0s -> 总:19833.9Wh (物理:12686.4Wh + 残差:7147.5Wh)
   ✅ 曹隘-柳隘 | class4 | 112.95s -> 总:15939.0Wh (物理:10620.1Wh + 残差:5319.0Wh)
   ✅ 曹隘-柳隘 | class5 | 119.0s -> 总:13505.0Wh (物理:9614.1Wh + 残差:3890.9Wh)
   加载残差模型: 柳隘-海晏北路
   读取坡度曲率: 柳隘-海晏北路
   ✅ 柳隘-海晏北路 | class3 | 91.95s -> 总:11469.3Wh (物理:10747.4Wh + 残差:721.9Wh)
   ✅ 柳隘-海晏北路 | class4 | 96.0s -> 总:10264.5Wh (物理:8681.4Wh + 残差:1583.1Wh)
   加载残差模型: 海晏北路-民安东路
   读取坡度曲率: 海晏北路-民安东路
   ✅ 海晏北路-民安东路 | class3 | 85.0s -> 总:14825.9Wh (物理:11098.4Wh + 残差:3727.5Wh)
   ✅ 海晏北路-民安东路 | class4 | 88.95s -> 总:12445.3Wh (物理:8189.2Wh + 残差:4256.1Wh)
   加载残差模型: 民安东路-会展中心
   读取坡度曲率: 民安东路-会展中心
   ✅ 民安东路-会展中心 | class2 | 76.0s -> 总:15228.2Wh (物理:15425.2Wh + 残差:-197.0Wh)
   ✅ 民安东路-会展中心 | class3 | 78.95s -> 总:11685.2Wh (物理:10091.3Wh + 残差:1593.8Wh)
   ✅ 民安东路-会展中心 | class4 | 83.0s -> 总:6950.1Wh (物理:7210.6Wh + 残差:-260.5Wh)
   加载残差模型: 会展中心-院士路
   读取坡度曲率: 会展中心-院士路
   ✅ 会展中心-院士路 | class3 | 115.0s -> 总:14971.6Wh (物理:17647.4Wh + 残差:-2675.8Wh)
   ✅ 会展中心-院士路 | class4 | 121.0s -> 总:13348.2Wh (物理:16080.8Wh + 残差:-2732.6Wh)
   加载残差模型: 院士路-盎孟港
   读取坡度曲率: 院士路-盎孟港
   ✅ 院士路-盎孟港 | class3 | 90.95s -> 总:17872.8Wh (物理:11616.9Wh + 残差:6255.9Wh)
   ✅ 院士路-盎孟港 | class4 | 95.95s -> 总:14076.9Wh (物理:8366.5Wh + 残差:5710.4Wh)
   加载残差模型: 盎孟港-三官堂
   读取坡度曲率: 盎孟港-三官堂
   ✅ 盎孟港-三官堂 | class2 | 132.0s -> 总:17608.0Wh (物理:20630.1Wh + 残差:-3022.1Wh)
   ✅ 盎孟港-三官堂 | class3 | 138.95s -> 总:17098.4Wh (物理:17946.1Wh + 残差:-847.7Wh)
   ✅ 盎孟港-三官堂 | class4 | 146.0s -> 总:16447.9Wh (物理:16879.2Wh + 残差:-431.3Wh)
   加载残差模型: 三官堂-兴庄路
   读取坡度曲率: 三官堂-兴庄路
   ✅ 三官堂-兴庄路 | class1 | 94.05s -> 总:13134.8Wh (物理:13278.5Wh + 残差:-143.7Wh)
   ✅ 三官堂-兴庄路 | class2 | 99.0s -> 总:11583.4Wh (物理:9898.6Wh + 残差:1684.7Wh)
   ✅ 三官堂-兴庄路 | class3 | 104.05s -> 总:10532.6Wh (物理:8314.2Wh + 残差:2218.5Wh)
   ✅ 三官堂-兴庄路 | class4 | 109.0s -> 总:9988.8Wh (物理:7528.7Wh + 残差:2460.1Wh)
   加载残差模型: 兴庄路-兴海南路
   读取坡度曲率: 兴庄路-兴海南路
   ✅ 兴庄路-兴海南路 | class2 | 86.95s -> 总:15908.2Wh (物理:14659.1Wh + 残差:1249.1Wh)
   ✅ 兴庄路-兴海南路 | class4 | 95.95s -> 总:9568.6Wh (物理:7960.8Wh + 残差:1607.8Wh)
   加载残差模型: 兴海南路-梅堰
   读取坡度曲率: 兴海南路-梅堰
   ✅ 兴海南路-梅堰 | class3 | 81.95s -> 总:11356.6Wh (物理:11912.1Wh + 残差:-555.5Wh)
   ✅ 兴海南路-梅堰 | class4 | 86.0s -> 总:9665.1Wh (物理:8081.7Wh + 残差:1583.4Wh)
   加载残差模型: 梅堰-永茂路
   读取坡度曲率: 梅堰-永茂路
   ✅ 梅堰-永茂路 | class3 | 313.0s -> 总:29923.5Wh (物理:26894.5Wh + 残差:3029.0Wh)
   ✅ 梅堰-永茂路 | class4 | 329.0s -> 总:26368.5Wh (物理:25767.3Wh + 残差:601.1Wh)
   ✅ 梅堰-永茂路 | class5 | 345.05s -> 总:23479.1Wh (物理:25320.8Wh + 残差:-1841.7Wh)
   加载残差模型: 永茂路-镇海大道
   读取坡度曲率: 永茂路-镇海大道
   ✅ 永茂路-镇海大道 | class2 | 141.0s -> 总:17214.7Wh (物理:21452.3Wh + 残差:-4237.6Wh)
   ✅ 永茂路-镇海大道 | class3 | 148.0s -> 总:17367.2Wh (物理:19420.9Wh + 残差:-2053.7Wh)
   ✅ 永茂路-镇海大道 | class4 | 156.0s -> 总:16083.8Wh (物理:17539.1Wh + 残差:-1455.3Wh)
   ✅ 永茂路-镇海大道 | class5 | 164.05s -> 总:15801.4Wh (物理:16117.9Wh + 残差:-316.4Wh)
   加载残差模型: 镇海大道-骆驼桥
   读取坡度曲率: 镇海大道-骆驼桥
   ✅ 镇海大道-骆驼桥 | class2 | 116.0s -> 总:20204.2Wh (物理:17818.7Wh + 残差:2385.5Wh)
   ✅ 镇海大道-骆驼桥 | class3 | 122.0s -> 总:19373.2Wh (物理:17762.8Wh + 残差:1610.4Wh)
   ✅ 镇海大道-骆驼桥 | class4 | 128.0s -> 总:17321.8Wh (物理:16332.2Wh + 残差:989.6Wh)
   ✅ 镇海大道-骆驼桥 | class5 | 134.0s -> 总:15862.0Wh (物理:15216.9Wh + 残差:645.1Wh)

✨ 评估完成！能耗菜单已生成：D:\energy_conservation\output\analysis\ato_class_energy_menu4_new_v3.csv
👉 现在你可以运行 DP 调度算法来选择最优 Class 组合了。

# finished: 2026-07-03T22:24:49
# return_code: 0
# elapsed_seconds: 3782.4
