# step: historical_baseline
# command: C:\Users\bit11\AppData\Local\Programs\Python\Python311\python.exe D:\energy_conservation\scripts_new\00_main_pipeline\07_full_line_validation_results.py
# ENERGY_TRIP_NO: 42
# ENERGY_TRIP_INDEX: 41
# ENERGY_TARGET_TIME: script default
# ENERGY_RESULTS_DATA_DIR: D:\energy_conservation\data\data_processed_step2_v3_all_curve_quality_traceability
# ENERGY_ATO_DATA_DIR: D:\energy_conservation\data\data_processed_step2_v3_all_curve_quality_traceability
# ENERGY_LINE_SCOPE: full
# ENERGY_TRACEABILITY_MANIFEST: D:\energy_conservation\data\data_processed_step2_v3_all_curve_quality_traceability\trip_traceability_manifest_v1.csv
# PYTHONIOENCODING: utf-8:replace
# started: 2026-08-03T20:46:32

🚀 开始全线 26 个区间的历史数据验证：第 42 趟车...
历史数据目录: D:\energy_conservation\data\data_processed_step2_v3_all_curve_quality_traceability
趟次选择方式: 全局运行链追溯
全局趟次ID:   UP042_20240708_073251_R2252
追溯表:       D:\energy_conservation\data\data_processed_step2_v3_all_curve_quality_traceability\trip_traceability_manifest_v1.csv
映射区间数:   26
[01/26] 正在处理: 布政-张家潭 ...
[02/26] 正在处理: 张家潭-同德路 ...
[03/26] 正在处理: 同德路-石碶 ...
[04/26] 正在处理: 石碶-雅渡 ...
[05/26] 正在处理: 雅渡-庙堰 ...
[06/26] 正在处理: 庙堰-钟公庙 ...
[07/26] 正在处理: 钟公庙-鄞州区政府 ...
[08/26] 正在处理: 鄞州区政府-钱湖南路 ...
[09/26] 正在处理: 钱湖南路-南高教园区 ...
[10/26] 正在处理: 南高教园区-下应路 ...
[11/26] 正在处理: 下应路-大洋江 ...
[12/26] 正在处理: 大洋江-泗港 ...
[13/26] 正在处理: 泗港-曹隘 ...
[14/26] 正在处理: 曹隘-柳隘 ...
[15/26] 正在处理: 柳隘-海晏北路 ...
[16/26] 正在处理: 海晏北路-民安东路 ...
[17/26] 正在处理: 民安东路-会展中心 ...
[18/26] 正在处理: 会展中心-院士路 ...
[19/26] 正在处理: 院士路-盎孟港 ...
[20/26] 正在处理: 盎孟港-三官堂 ...
[21/26] 正在处理: 三官堂-兴庄路 ...
[22/26] 正在处理: 兴庄路-兴海南路 ...
[23/26] 正在处理: 兴海南路-梅堰 ...
[24/26] 正在处理: 梅堰-永茂路 ...
[25/26] 正在处理: 永茂路-镇海大道 ...
[26/26] 正在处理: 镇海大道-骆驼桥 ...


============================================================
🔥 5号线全线 26 区间验证结果汇总
============================================================
      站间区间  历史运行时间(s)  历史实测能耗(Wh)  历史能耗(Wh)     物理占比         残差占比  误差(%)                      全局趟次ID 历史segment 历史来源run_id       趟次选择方式
    布政-张家潭     116.80    13470.93  13698.58 13734.25   -35.669998   1.69 UP042_20240708_073251_R2252        41       2252 traceability
   张家潭-同德路     150.80    17564.43  17655.91 17063.13   592.789978   0.52 UP042_20240708_073251_R2252        41       2253 traceability
    同德路-石碶     106.15    16328.44  16531.74 16762.72  -230.979996   1.25 UP042_20240708_073251_R2252        41       2254 traceability
     石碶-雅渡      79.25    12340.67  12367.88 13022.21  -654.320007   0.22 UP042_20240708_073251_R2252        41       2255 traceability
     雅渡-庙堰     133.70    20805.04  20574.90 19801.19   773.710022  -1.11 UP042_20240708_073251_R2252        41       2256 traceability
    庙堰-钟公庙      94.45    17132.49  17262.95 16016.93  1246.030029   0.76 UP042_20240708_073251_R2252        41       2257 traceability
 钟公庙-鄞州区政府      89.80    12508.22  12536.67 13710.04 -1173.369995   0.23 UP042_20240708_073251_R2252        41       2258 traceability
鄞州区政府-钱湖南路     128.45    19610.14  20202.68 21751.62 -1548.939941   3.02 UP042_20240708_073251_R2252        41       2259 traceability
钱湖南路-南高教园区      97.05    17206.48  17343.85 16197.69  1146.160034   0.80 UP042_20240708_073251_R2252        41       2260 traceability
 南高教园区-下应路     109.85    23055.01  23085.51 18467.26  4618.250000   0.13 UP042_20240708_073251_R2252        41       2261 traceability
   下应路-大洋江     101.25    15086.76  15441.99 15069.05   372.940002   2.35 UP042_20240708_073251_R2252        41       2262 traceability
    大洋江-泗港      91.80    12433.83  12293.21 10784.43  1508.780029  -1.13 UP042_20240708_073251_R2252        41       2263 traceability
     泗港-曹隘     130.80    24521.01  24655.14 23737.24   917.909973   0.55 UP042_20240708_073251_R2252        41       2264 traceability
     曹隘-柳隘     106.05    23549.25  23554.57 15532.03  8022.540039   0.02 UP042_20240708_073251_R2252        41       2265 traceability
   柳隘-海晏北路      88.85    16450.08  16609.79 16586.89    22.910000   0.97 UP042_20240708_073251_R2252        41       2266 traceability
 海晏北路-民安东路      83.60    17469.42  17660.40 14169.38  3491.020020   1.09 UP042_20240708_073251_R2252        41       2267 traceability
 民安东路-会展中心      76.85    13141.31  13190.09 12427.71   762.380005   0.37 UP042_20240708_073251_R2252        40       2268 traceability
  会展中心-院士路     114.65    15882.84  15891.95 19368.24 -3476.290039   0.06 UP042_20240708_073251_R2252        40       2269 traceability
   院士路-盎孟港      90.10    20541.93  20453.22 14406.34  6046.879883  -0.43 UP042_20240708_073251_R2252        40       2270 traceability
   盎孟港-三官堂     130.65    17548.74  17720.57 21125.03 -3404.449951   0.98 UP042_20240708_073251_R2252        40       2271 traceability
   三官堂-兴庄路      97.90    11424.69  11620.15  9985.27  1634.890015   1.71 UP042_20240708_073251_R2252        40       2272 traceability
  兴庄路-兴海南路      88.90    16175.61  16230.30 14488.75  1741.560059   0.34 UP042_20240708_073251_R2252        40       2273 traceability
   兴海南路-梅堰      81.15    13275.82  13366.42 14389.62 -1023.200012   0.68 UP042_20240708_073251_R2252        40       2274 traceability
    梅堰-永茂路     318.40    28650.25  29450.17 28488.50   961.659973   2.79 UP042_20240708_073251_R2252        32       2275 traceability
  永茂路-镇海大道     141.60    17804.94  17725.46 21406.91 -3681.449951  -0.45 UP042_20240708_073251_R2252        40       2276 traceability
  镇海大道-骆驼桥     116.70    20426.90  20396.27 18798.98  1597.290039  -0.15 UP042_20240708_073251_R2252        40       2277 traceability

✅ 结果已保存至: D:\energy_conservation\full_line42_validation_results.csv

# finished: 2026-08-03T21:41:00
# return_code: 0
# elapsed_seconds: 3267.9
