# step: energy_menu
# command: C:\Users\bit11\AppData\Local\Programs\Python\Python311\python.exe D:\energy_conservation\scripts_new\00_main_pipeline\06_ato_generated_results_energy.py
# ENERGY_TRIP_NO: 8
# ENERGY_TRIP_INDEX: 7
# ENERGY_TARGET_TIME: script default
# ENERGY_RESULTS_DATA_DIR: D:\energy_conservation\data\data_processed_step2_v3_all_curve_quality
# ENERGY_ATO_DATA_DIR: D:\energy_conservation\data\data_processed_step2_v3_all_curve_quality
# ENERGY_LINE_SCOPE: full
# PYTHONIOENCODING: utf-8:replace
# started: 2026-07-04T02:15:52

按测试数据目录筛选能耗菜单区间: 26 个
按 line scope 筛选后能耗菜单区间: 26 个
   读取重量: 布政-张家潭 trip 8
   读取重量: 张家潭-同德路 trip 8
   读取重量: 同德路-石碶 trip 8
   读取重量: 石碶-雅渡 trip 8
   读取重量: 雅渡-庙堰 trip 8
   读取重量: 庙堰-钟公庙 trip 8
   读取重量: 钟公庙-鄞州区政府 trip 8
   读取重量: 鄞州区政府-钱湖南路 trip 8
   读取重量: 钱湖南路-南高教园区 trip 8
   读取重量: 南高教园区-下应路 trip 8
   读取重量: 下应路-大洋江 trip 8
   读取重量: 大洋江-泗港 trip 8
   读取重量: 泗港-曹隘 trip 8
   读取重量: 曹隘-柳隘 trip 8
   读取重量: 柳隘-海晏北路 trip 8
   读取重量: 海晏北路-民安东路 trip 8
   读取重量: 民安东路-会展中心 trip 8
   读取重量: 会展中心-院士路 trip 8
   读取重量: 院士路-盎孟港 trip 8
   读取重量: 盎孟港-三官堂 trip 8
   读取重量: 三官堂-兴庄路 trip 8
   读取重量: 兴庄路-兴海南路 trip 8
   读取重量: 兴海南路-梅堰 trip 8
   读取重量: 梅堰-永茂路 trip 8
   读取重量: 永茂路-镇海大道 trip 8
   读取重量: 镇海大道-骆驼桥 trip 8
已生成区间参数表: D:\energy_conservation\data\static\section_params_trip8.csv | 更新 MASS: 26 | 跳过非本次区间: 0 | 沿用旧值: 0 | 保留模板值: 0
🚀 开始批量评估 26 个区间的 ATO 轨迹能耗：第 8 趟车...
地图/历史数据目录: D:\energy_conservation\data\data_processed_step2_v3_all_curve_quality
   加载残差模型: 布政-张家潭
   读取坡度曲率: 布政-张家潭
   ✅ 布政-张家潭 | class3 | 115.0s -> 总:12947.6Wh (物理:12911.0Wh + 残差:36.6Wh)
   ✅ 布政-张家潭 | class4 | 121.0s -> 总:14024.2Wh (物理:14131.4Wh + 残差:-107.2Wh)
   ✅ 布政-张家潭 | class5 | 127.05s -> 总:12627.7Wh (物理:13231.8Wh + 残差:-604.1Wh)
   加载残差模型: 张家潭-同德路
   读取坡度曲率: 张家潭-同德路
   ✅ 张家潭-同德路 | class1 | 141.0s -> 总:17890.7Wh (物理:18567.4Wh + 残差:-676.7Wh)
   ✅ 张家潭-同德路 | class2 | 148.0s -> 总:17599.2Wh (物理:18097.3Wh + 残差:-498.1Wh)
   ✅ 张家潭-同德路 | class3 | 151.0s -> 总:17915.9Wh (物理:17164.4Wh + 残差:751.4Wh)
   ✅ 张家潭-同德路 | class4 | 158.95s -> 总:16531.8Wh (物理:15798.0Wh + 残差:733.9Wh)
   加载残差模型: 同德路-石碶
   读取坡度曲率: 同德路-石碶
   ✅ 同德路-石碶 | class3 | 108.95s -> 总:13125.7Wh (物理:13071.7Wh + 残差:54.0Wh)
   ✅ 同德路-石碶 | class4 | 114.0s -> 总:13339.6Wh (物理:13513.4Wh + 残差:-173.8Wh)
   ✅ 同德路-石碶 | class5 | 120.0s -> 总:11784.4Wh (物理:12126.9Wh + 残差:-342.5Wh)
   加载残差模型: 石碶-雅渡
   读取坡度曲率: 石碶-雅渡
   ✅ 石碶-雅渡 | class2 | 80.0s -> 总:11150.3Wh (物理:10336.5Wh + 残差:813.8Wh)
   ✅ 石碶-雅渡 | class3 | 82.0s -> 总:11545.9Wh (物理:12162.5Wh + 残差:-616.6Wh)
   ✅ 石碶-雅渡 | class4 | 85.95s -> 总:11635.6Wh (物理:9994.9Wh + 残差:1640.7Wh)
   ✅ 石碶-雅渡 | class5 | 90.0s -> 总:8901.1Wh (物理:7474.0Wh + 残差:1427.1Wh)
   加载残差模型: 雅渡-庙堰
   读取坡度曲率: 雅渡-庙堰
   ✅ 雅渡-庙堰 | class2 | 129.0s -> 总:20634.7Wh (物理:20700.9Wh + 残差:-66.2Wh)
   ✅ 雅渡-庙堰 | class3 | 131.95s -> 总:19945.9Wh (物理:19649.7Wh + 残差:296.2Wh)
   ✅ 雅渡-庙堰 | class4 | 139.0s -> 总:18243.5Wh (物理:18302.7Wh + 残差:-59.1Wh)
   ✅ 雅渡-庙堰 | class5 | 146.0s -> 总:16068.6Wh (物理:16717.7Wh + 残差:-649.0Wh)
   加载残差模型: 庙堰-钟公庙
   读取坡度曲率: 庙堰-钟公庙
   ✅ 庙堰-钟公庙 | class3 | 95.95s -> 总:12613.3Wh (物理:11689.3Wh + 残差:924.1Wh)
   ✅ 庙堰-钟公庙 | class4 | 101.0s -> 总:10958.1Wh (物理:9450.1Wh + 残差:1508.0Wh)
   加载残差模型: 钟公庙-鄞州区政府
   读取坡度曲率: 钟公庙-鄞州区政府
   ✅ 钟公庙-鄞州区政府 | class3 | 90.0s -> 总:10380.5Wh (物理:11535.8Wh + 残差:-1155.3Wh)
   ✅ 钟公庙-鄞州区政府 | class4 | 94.95s -> 总:8011.7Wh (物理:9772.0Wh + 残差:-1760.3Wh)
   ✅ 钟公庙-鄞州区政府 | class5 | 99.0s -> 总:6161.7Wh (物理:8434.8Wh + 残差:-2273.1Wh)
   加载残差模型: 鄞州区政府-钱湖南路
   读取坡度曲率: 鄞州区政府-钱湖南路
   ✅ 鄞州区政府-钱湖南路 | class2 | 127.95s -> 总:18572.3Wh (物理:20293.8Wh + 残差:-1721.4Wh)
   ✅ 鄞州区政府-钱湖南路 | class3 | 132.05s -> 总:16125.9Wh (物理:18423.1Wh + 残差:-2297.2Wh)
   ✅ 鄞州区政府-钱湖南路 | class4 | 139.0s -> 总:15320.9Wh (物理:16897.6Wh + 残差:-1576.7Wh)
   加载残差模型: 钱湖南路-南高教园区
   读取坡度曲率: 钱湖南路-南高教园区
   ✅ 钱湖南路-南高教园区 | class3 | 100.05s -> 总:13628.0Wh (物理:12529.9Wh + 残差:1098.1Wh)
   ✅ 钱湖南路-南高教园区 | class4 | 104.95s -> 总:11823.7Wh (物理:10247.6Wh + 残差:1576.1Wh)
   加载残差模型: 南高教园区-下应路
   读取坡度曲率: 南高教园区-下应路
   ✅ 南高教园区-下应路 | class2 | 110.0s -> 总:20895.4Wh (物理:16289.8Wh + 残差:4605.6Wh)
   ✅ 南高教园区-下应路 | class3 | 114.0s -> 总:18457.3Wh (物理:14529.7Wh + 残差:3927.6Wh)
   ✅ 南高教园区-下应路 | class4 | 119.95s -> 总:16642.6Wh (物理:13621.4Wh + 残差:3021.2Wh)
   加载残差模型: 下应路-大洋江
   读取坡度曲率: 下应路-大洋江
   ✅ 下应路-大洋江 | class2 | 101.0s -> 总:13348.6Wh (物理:13137.0Wh + 残差:211.6Wh)
   ✅ 下应路-大洋江 | class3 | 106.0s -> 总:11307.4Wh (物理:10957.3Wh + 残差:350.1Wh)
   ✅ 下应路-大洋江 | class4 | 110.95s -> 总:11719.8Wh (物理:11355.0Wh + 残差:364.8Wh)
   ✅ 下应路-大洋江 | class5 | 117.0s -> 总:10724.0Wh (物理:9886.4Wh + 残差:837.5Wh)
   加载残差模型: 大洋江-泗港
   读取坡度曲率: 大洋江-泗港
   ✅ 大洋江-泗港 | class3 | 92.0s -> 总:10742.5Wh (物理:9512.9Wh + 残差:1229.6Wh)
   ✅ 大洋江-泗港 | class4 | 96.0s -> 总:9542.7Wh (物理:7914.8Wh + 残差:1627.9Wh)
   加载残差模型: 泗港-曹隘
   读取坡度曲率: 泗港-曹隘
   ✅ 泗港-曹隘 | class2 | 128.05s -> 总:20212.8Wh (物理:19668.9Wh + 残差:543.9Wh)
   ✅ 泗港-曹隘 | class4 | 137.0s -> 总:22963.1Wh (物理:22071.2Wh + 残差:891.9Wh)
   ✅ 泗港-曹隘 | class5 | 143.0s -> 总:21181.9Wh (物理:19641.3Wh + 残差:1540.6Wh)
   加载残差模型: 曹隘-柳隘
   读取坡度曲率: 曹隘-柳隘
   ✅ 曹隘-柳隘 | class2 | 106.05s -> 总:21396.2Wh (物理:14713.3Wh + 残差:6682.9Wh)
   ✅ 曹隘-柳隘 | class3 | 108.0s -> 总:19833.9Wh (物理:12686.4Wh + 残差:7147.5Wh)
   ✅ 曹隘-柳隘 | class4 | 112.95s -> 总:15939.0Wh (物理:10620.1Wh + 残差:5319.0Wh)
   ✅ 曹隘-柳隘 | class5 | 119.0s -> 总:13505.0Wh (物理:9614.1Wh + 残差:3890.9Wh)
   加载残差模型: 柳隘-海晏北路
   读取坡度曲率: 柳隘-海晏北路
   ✅ 柳隘-海晏北路 | class3 | 91.95s -> 总:11455.6Wh (物理:10737.6Wh + 残差:718.0Wh)
   ✅ 柳隘-海晏北路 | class4 | 96.0s -> 总:10249.6Wh (物理:8673.4Wh + 残差:1576.2Wh)
   加载残差模型: 海晏北路-民安东路
   读取坡度曲率: 海晏北路-民安东路
   ✅ 海晏北路-民安东路 | class3 | 85.0s -> 总:14697.3Wh (物理:11027.9Wh + 残差:3669.4Wh)
   ✅ 海晏北路-民安东路 | class4 | 88.95s -> 总:12319.3Wh (物理:8137.1Wh + 残差:4182.2Wh)
   加载残差模型: 民安东路-会展中心
   读取坡度曲率: 民安东路-会展中心
   ✅ 民安东路-会展中心 | class2 | 76.0s -> 总:15150.5Wh (物理:15362.1Wh + 残差:-211.6Wh)
   ✅ 民安东路-会展中心 | class3 | 78.95s -> 总:11604.9Wh (物理:10050.0Wh + 残差:1554.9Wh)
   ✅ 民安东路-会展中心 | class4 | 83.0s -> 总:6883.8Wh (物理:7181.0Wh + 残差:-297.2Wh)
   加载残差模型: 会展中心-院士路
   读取坡度曲率: 会展中心-院士路
   ✅ 会展中心-院士路 | class3 | 115.0s -> 总:14923.9Wh (物理:17600.7Wh + 残差:-2676.8Wh)
   ✅ 会展中心-院士路 | class4 | 121.0s -> 总:13306.0Wh (物理:16037.9Wh + 残差:-2731.9Wh)
   加载残差模型: 院士路-盎孟港
   读取坡度曲率: 院士路-盎孟港
   ✅ 院士路-盎孟港 | class3 | 90.95s -> 总:17786.1Wh (物理:11590.6Wh + 残差:6195.4Wh)
   ✅ 院士路-盎孟港 | class4 | 95.95s -> 总:13998.2Wh (物理:8347.4Wh + 残差:5650.7Wh)
   加载残差模型: 盎孟港-三官堂
   读取坡度曲率: 盎孟港-三官堂
   ✅ 盎孟港-三官堂 | class2 | 132.0s -> 总:17573.5Wh (物理:20611.9Wh + 残差:-3038.4Wh)
   ✅ 盎孟港-三官堂 | class3 | 138.95s -> 总:17059.3Wh (物理:17930.4Wh + 残差:-871.1Wh)
   ✅ 盎孟港-三官堂 | class4 | 146.0s -> 总:16395.1Wh (物理:16864.3Wh + 残差:-469.2Wh)
   加载残差模型: 三官堂-兴庄路
   读取坡度曲率: 三官堂-兴庄路
   ✅ 三官堂-兴庄路 | class1 | 94.05s -> 总:13114.9Wh (物理:13260.5Wh + 残差:-145.5Wh)
   ✅ 三官堂-兴庄路 | class2 | 99.0s -> 总:11558.0Wh (物理:9885.2Wh + 残差:1672.8Wh)
   ✅ 三官堂-兴庄路 | class3 | 104.05s -> 总:10509.8Wh (物理:8302.9Wh + 残差:2206.9Wh)
   ✅ 三官堂-兴庄路 | class4 | 109.0s -> 总:9968.6Wh (物理:7518.5Wh + 残差:2450.2Wh)
   加载残差模型: 兴庄路-兴海南路
   读取坡度曲率: 兴庄路-兴海南路
   ✅ 兴庄路-兴海南路 | class2 | 86.95s -> 总:15846.1Wh (物理:14625.7Wh + 残差:1220.3Wh)
   ✅ 兴庄路-兴海南路 | class4 | 95.95s -> 总:9478.6Wh (物理:7942.5Wh + 残差:1536.0Wh)
   加载残差模型: 兴海南路-梅堰
   读取坡度曲率: 兴海南路-梅堰
   ✅ 兴海南路-梅堰 | class3 | 81.95s -> 总:11320.4Wh (物理:11890.3Wh + 残差:-569.9Wh)
   ✅ 兴海南路-梅堰 | class4 | 86.0s -> 总:9599.3Wh (物理:8066.9Wh + 残差:1532.5Wh)
   加载残差模型: 梅堰-永茂路
   读取坡度曲率: 梅堰-永茂路
   ✅ 梅堰-永茂路 | class3 | 313.0s -> 总:29934.4Wh (物理:26918.3Wh + 残差:3016.1Wh)
   ✅ 梅堰-永茂路 | class4 | 329.0s -> 总:26433.1Wh (物理:25790.4Wh + 残差:642.7Wh)
   ✅ 梅堰-永茂路 | class5 | 345.05s -> 总:23496.7Wh (物理:25343.6Wh + 残差:-1847.0Wh)
   加载残差模型: 永茂路-镇海大道
   读取坡度曲率: 永茂路-镇海大道
   ✅ 永茂路-镇海大道 | class2 | 141.0s -> 总:17129.6Wh (物理:21387.4Wh + 残差:-4257.8Wh)
   ✅ 永茂路-镇海大道 | class3 | 148.0s -> 总:17150.9Wh (物理:19361.4Wh + 残差:-2210.6Wh)
   ✅ 永茂路-镇海大道 | class4 | 156.0s -> 总:15613.8Wh (物理:17484.9Wh + 残差:-1871.1Wh)
   ✅ 永茂路-镇海大道 | class5 | 164.05s -> 总:15097.5Wh (物理:16067.8Wh + 残差:-970.4Wh)
   加载残差模型: 镇海大道-骆驼桥
   读取坡度曲率: 镇海大道-骆驼桥
   ✅ 镇海大道-骆驼桥 | class2 | 116.0s -> 总:20051.6Wh (物理:17787.4Wh + 残差:2264.2Wh)
   ✅ 镇海大道-骆驼桥 | class3 | 122.0s -> 总:19266.0Wh (物理:17731.2Wh + 残差:1534.8Wh)
   ✅ 镇海大道-骆驼桥 | class4 | 128.0s -> 总:17274.2Wh (物理:16303.0Wh + 残差:971.2Wh)
   ✅ 镇海大道-骆驼桥 | class5 | 134.0s -> 总:15832.3Wh (物理:15189.6Wh + 残差:642.7Wh)

✨ 评估完成！能耗菜单已生成：D:\energy_conservation\output\analysis\ato_class_energy_menu8_new_v3.csv
👉 现在你可以运行 DP 调度算法来选择最优 Class 组合了。

# finished: 2026-07-04T03:23:43
# return_code: 0
# elapsed_seconds: 4070.2
