# step: energy_menu
# command: C:\Users\bit11\AppData\Local\Programs\Python\Python311\python.exe D:\energy_conservation\scripts_new\00_main_pipeline\06_ato_generated_results_energy.py
# ENERGY_TRIP_NO: 7
# ENERGY_TRIP_INDEX: 6
# ENERGY_TARGET_TIME: script default
# ENERGY_RESULTS_DATA_DIR: D:\energy_conservation\data\data_processed_step2_v3_all_curve_quality
# ENERGY_ATO_DATA_DIR: D:\energy_conservation\data\data_processed_step2_v3_all_curve_quality
# ENERGY_LINE_SCOPE: full
# PYTHONIOENCODING: utf-8:replace
# started: 2026-07-04T00:35:05

按测试数据目录筛选能耗菜单区间: 26 个
按 line scope 筛选后能耗菜单区间: 26 个
   读取重量: 布政-张家潭 trip 7
   读取重量: 张家潭-同德路 trip 7
   读取重量: 同德路-石碶 trip 7
   读取重量: 石碶-雅渡 trip 7
   读取重量: 雅渡-庙堰 trip 7
   读取重量: 庙堰-钟公庙 trip 7
   读取重量: 钟公庙-鄞州区政府 trip 7
   读取重量: 鄞州区政府-钱湖南路 trip 7
   读取重量: 钱湖南路-南高教园区 trip 7
   读取重量: 南高教园区-下应路 trip 7
   读取重量: 下应路-大洋江 trip 7
   读取重量: 大洋江-泗港 trip 7
   读取重量: 泗港-曹隘 trip 7
   读取重量: 曹隘-柳隘 trip 7
   读取重量: 柳隘-海晏北路 trip 7
   读取重量: 海晏北路-民安东路 trip 7
   读取重量: 民安东路-会展中心 trip 7
   读取重量: 会展中心-院士路 trip 7
   读取重量: 院士路-盎孟港 trip 7
   读取重量: 盎孟港-三官堂 trip 7
   读取重量: 三官堂-兴庄路 trip 7
   读取重量: 兴庄路-兴海南路 trip 7
   读取重量: 兴海南路-梅堰 trip 7
   读取重量: 梅堰-永茂路 trip 7
   读取重量: 永茂路-镇海大道 trip 7
   读取重量: 镇海大道-骆驼桥 trip 7
已生成区间参数表: D:\energy_conservation\data\static\section_params_trip7.csv | 更新 MASS: 26 | 跳过非本次区间: 0 | 沿用旧值: 0 | 保留模板值: 0
🚀 开始批量评估 26 个区间的 ATO 轨迹能耗：第 7 趟车...
地图/历史数据目录: D:\energy_conservation\data\data_processed_step2_v3_all_curve_quality
   加载残差模型: 布政-张家潭
   读取坡度曲率: 布政-张家潭
   ✅ 布政-张家潭 | class3 | 115.0s -> 总:12947.6Wh (物理:12911.0Wh + 残差:36.6Wh)
   ✅ 布政-张家潭 | class4 | 121.0s -> 总:14024.2Wh (物理:14131.4Wh + 残差:-107.2Wh)
   ✅ 布政-张家潭 | class5 | 127.05s -> 总:12627.7Wh (物理:13231.8Wh + 残差:-604.1Wh)
   加载残差模型: 张家潭-同德路
   读取坡度曲率: 张家潭-同德路
   ✅ 张家潭-同德路 | class1 | 141.0s -> 总:17890.7Wh (物理:18567.4Wh + 残差:-676.7Wh)
   ✅ 张家潭-同德路 | class2 | 148.0s -> 总:17599.2Wh (物理:18097.3Wh + 残差:-498.1Wh)
   ✅ 张家潭-同德路 | class3 | 151.0s -> 总:17915.9Wh (物理:17164.4Wh + 残差:751.4Wh)
   ✅ 张家潭-同德路 | class4 | 158.95s -> 总:16531.8Wh (物理:15798.0Wh + 残差:733.9Wh)
   加载残差模型: 同德路-石碶
   读取坡度曲率: 同德路-石碶
   ✅ 同德路-石碶 | class3 | 108.95s -> 总:13094.4Wh (物理:13065.8Wh + 残差:28.6Wh)
   ✅ 同德路-石碶 | class4 | 114.0s -> 总:13318.0Wh (物理:13507.4Wh + 残差:-189.4Wh)
   ✅ 同德路-石碶 | class5 | 120.0s -> 总:11776.2Wh (物理:12121.4Wh + 残差:-345.1Wh)
   加载残差模型: 石碶-雅渡
   读取坡度曲率: 石碶-雅渡
   ✅ 石碶-雅渡 | class2 | 80.0s -> 总:11114.1Wh (物理:10298.8Wh + 残差:815.3Wh)
   ✅ 石碶-雅渡 | class3 | 82.0s -> 总:11495.1Wh (物理:12118.1Wh + 残差:-623.0Wh)
   ✅ 石碶-雅渡 | class4 | 85.95s -> 总:11616.0Wh (物理:9958.4Wh + 残差:1657.6Wh)
   ✅ 石碶-雅渡 | class5 | 90.0s -> 总:8890.8Wh (物理:7446.7Wh + 残差:1444.1Wh)
   加载残差模型: 雅渡-庙堰
   读取坡度曲率: 雅渡-庙堰
   ✅ 雅渡-庙堰 | class2 | 129.0s -> 总:20536.8Wh (物理:20637.6Wh + 残差:-100.7Wh)
   ✅ 雅渡-庙堰 | class3 | 131.95s -> 总:19858.4Wh (物理:19589.2Wh + 残差:269.1Wh)
   ✅ 雅渡-庙堰 | class4 | 139.0s -> 总:18182.8Wh (物理:18246.2Wh + 残差:-63.4Wh)
   ✅ 雅渡-庙堰 | class5 | 146.0s -> 总:15975.3Wh (物理:16665.7Wh + 残差:-690.5Wh)
   加载残差模型: 庙堰-钟公庙
   读取坡度曲率: 庙堰-钟公庙
   ✅ 庙堰-钟公庙 | class3 | 95.95s -> 总:12501.1Wh (物理:11653.3Wh + 残差:847.8Wh)
   ✅ 庙堰-钟公庙 | class4 | 101.0s -> 总:10870.5Wh (物理:9420.9Wh + 残差:1449.6Wh)
   加载残差模型: 钟公庙-鄞州区政府
   读取坡度曲率: 钟公庙-鄞州区政府
   ✅ 钟公庙-鄞州区政府 | class3 | 90.0s -> 总:10332.2Wh (物理:11504.1Wh + 残差:-1171.9Wh)
   ✅ 钟公庙-鄞州区政府 | class4 | 94.95s -> 总:7971.6Wh (物理:9745.4Wh + 残差:-1773.7Wh)
   ✅ 钟公庙-鄞州区政府 | class5 | 99.0s -> 总:6122.4Wh (物理:8411.8Wh + 残差:-2289.4Wh)
   加载残差模型: 鄞州区政府-钱湖南路
   读取坡度曲率: 鄞州区政府-钱湖南路
   ✅ 鄞州区政府-钱湖南路 | class2 | 127.95s -> 总:18572.3Wh (物理:20293.8Wh + 残差:-1721.4Wh)
   ✅ 鄞州区政府-钱湖南路 | class3 | 132.05s -> 总:16125.9Wh (物理:18423.1Wh + 残差:-2297.2Wh)
   ✅ 鄞州区政府-钱湖南路 | class4 | 139.0s -> 总:15320.9Wh (物理:16897.6Wh + 残差:-1576.7Wh)
   加载残差模型: 钱湖南路-南高教园区
   读取坡度曲率: 钱湖南路-南高教园区
   ✅ 钱湖南路-南高教园区 | class3 | 100.05s -> 总:13662.5Wh (物理:12548.1Wh + 残差:1114.4Wh)
   ✅ 钱湖南路-南高教园区 | class4 | 104.95s -> 总:11855.4Wh (物理:10262.4Wh + 残差:1593.0Wh)
   加载残差模型: 南高教园区-下应路
   读取坡度曲率: 南高教园区-下应路
   ✅ 南高教园区-下应路 | class2 | 110.0s -> 总:20908.6Wh (物理:16297.0Wh + 残差:4611.6Wh)
   ✅ 南高教园区-下应路 | class3 | 114.0s -> 总:18468.9Wh (物理:14536.1Wh + 残差:3932.7Wh)
   ✅ 南高教园区-下应路 | class4 | 119.95s -> 总:16654.8Wh (物理:13627.5Wh + 残差:3027.3Wh)
   加载残差模型: 下应路-大洋江
   读取坡度曲率: 下应路-大洋江
   ✅ 下应路-大洋江 | class2 | 101.0s -> 总:13361.4Wh (物理:13142.9Wh + 残差:218.5Wh)
   ✅ 下应路-大洋江 | class3 | 106.0s -> 总:11319.3Wh (物理:10962.3Wh + 残差:357.0Wh)
   ✅ 下应路-大洋江 | class4 | 110.95s -> 总:11734.4Wh (物理:11360.1Wh + 残差:374.2Wh)
   ✅ 下应路-大洋江 | class5 | 117.0s -> 总:10740.1Wh (物理:9890.9Wh + 残差:849.2Wh)
   加载残差模型: 大洋江-泗港
   读取坡度曲率: 大洋江-泗港
   ✅ 大洋江-泗港 | class3 | 92.0s -> 总:10778.4Wh (物理:9534.6Wh + 残差:1243.8Wh)
   ✅ 大洋江-泗港 | class4 | 96.0s -> 总:9577.3Wh (物理:7932.9Wh + 残差:1644.5Wh)
   加载残差模型: 泗港-曹隘
   读取坡度曲率: 泗港-曹隘
   ✅ 泗港-曹隘 | class2 | 128.05s -> 总:20259.8Wh (物理:19703.2Wh + 残差:556.5Wh)
   ✅ 泗港-曹隘 | class4 | 137.0s -> 总:23011.0Wh (物理:22110.3Wh + 残差:900.7Wh)
   ✅ 泗港-曹隘 | class5 | 143.0s -> 总:21238.8Wh (物理:19676.3Wh + 残差:1562.4Wh)
   加载残差模型: 曹隘-柳隘
   读取坡度曲率: 曹隘-柳隘
   ✅ 曹隘-柳隘 | class2 | 106.05s -> 总:21442.9Wh (物理:14739.6Wh + 残差:6703.2Wh)
   ✅ 曹隘-柳隘 | class3 | 108.0s -> 总:19883.5Wh (物理:12709.1Wh + 残差:7174.4Wh)
   ✅ 曹隘-柳隘 | class4 | 112.95s -> 总:15975.5Wh (物理:10639.1Wh + 残差:5336.5Wh)
   ✅ 曹隘-柳隘 | class5 | 119.0s -> 总:13527.9Wh (物理:9631.4Wh + 残差:3896.5Wh)
   加载残差模型: 柳隘-海晏北路
   读取坡度曲率: 柳隘-海晏北路
   ✅ 柳隘-海晏北路 | class3 | 91.95s -> 总:11482.9Wh (物理:10757.2Wh + 残差:725.7Wh)
   ✅ 柳隘-海晏北路 | class4 | 96.0s -> 总:10279.2Wh (物理:8689.3Wh + 残差:1589.9Wh)
   加载残差模型: 海晏北路-民安东路
   读取坡度曲率: 海晏北路-民安东路
   ✅ 海晏北路-民安东路 | class3 | 85.0s -> 总:14842.0Wh (物理:11107.4Wh + 残差:3734.6Wh)
   ✅ 海晏北路-民安东路 | class4 | 88.95s -> 总:12461.1Wh (物理:8195.9Wh + 残差:4265.2Wh)
   加载残差模型: 民安东路-会展中心
   读取坡度曲率: 民安东路-会展中心
   ✅ 民安东路-会展中心 | class2 | 76.0s -> 总:15285.4Wh (物理:15472.9Wh + 残差:-187.5Wh)
   ✅ 民安东路-会展中心 | class3 | 78.95s -> 总:11742.2Wh (物理:10122.6Wh + 残差:1619.7Wh)
   ✅ 民安东路-会展中心 | class4 | 83.0s -> 总:6997.5Wh (物理:7233.0Wh + 残差:-235.5Wh)
   加载残差模型: 会展中心-院士路
   读取坡度曲率: 会展中心-院士路
   ✅ 会展中心-院士路 | class3 | 115.0s -> 总:15070.9Wh (物理:17747.0Wh + 残差:-2676.1Wh)
   ✅ 会展中心-院士路 | class4 | 121.0s -> 总:13439.7Wh (物理:16172.3Wh + 残差:-2732.6Wh)
   加载残差模型: 院士路-盎孟港
   读取坡度曲率: 院士路-盎孟港
   ✅ 院士路-盎孟港 | class3 | 90.95s -> 总:17956.7Wh (物理:11647.4Wh + 残差:6309.3Wh)
   ✅ 院士路-盎孟港 | class4 | 95.95s -> 总:14155.6Wh (物理:8388.6Wh + 残差:5767.1Wh)
   加载残差模型: 盎孟港-三官堂
   读取坡度曲率: 盎孟港-三官堂
   ✅ 盎孟港-三官堂 | class2 | 132.0s -> 总:17682.6Wh (物理:20684.5Wh + 残差:-3001.9Wh)
   ✅ 盎孟港-三官堂 | class3 | 138.95s -> 总:17183.8Wh (物理:17993.4Wh + 残差:-809.6Wh)
   ✅ 盎孟港-三官堂 | class4 | 146.0s -> 总:16548.2Wh (物理:16924.0Wh + 残差:-375.8Wh)
   加载残差模型: 三官堂-兴庄路
   读取坡度曲率: 三官堂-兴庄路
   ✅ 三官堂-兴庄路 | class1 | 94.05s -> 总:13141.4Wh (物理:13284.5Wh + 残差:-143.2Wh)
   ✅ 三官堂-兴庄路 | class2 | 99.0s -> 总:11591.6Wh (物理:9903.1Wh + 残差:1688.4Wh)
   ✅ 三官堂-兴庄路 | class3 | 104.05s -> 总:10539.6Wh (物理:8317.9Wh + 残差:2221.7Wh)
   ✅ 三官堂-兴庄路 | class4 | 109.0s -> 总:9994.7Wh (物理:7532.1Wh + 残差:2462.6Wh)
   加载残差模型: 兴庄路-兴海南路
   读取坡度曲率: 兴庄路-兴海南路
   ✅ 兴庄路-兴海南路 | class2 | 86.95s -> 总:15872.8Wh (物理:14639.1Wh + 残差:1233.7Wh)
   ✅ 兴庄路-兴海南路 | class4 | 95.95s -> 总:9518.7Wh (物理:7949.8Wh + 残差:1568.8Wh)
   加载残差模型: 兴海南路-梅堰
   读取坡度曲率: 兴海南路-梅堰
   ✅ 兴海南路-梅堰 | class3 | 81.95s -> 总:11310.9Wh (物理:11884.8Wh + 残差:-573.9Wh)
   ✅ 兴海南路-梅堰 | class4 | 86.0s -> 总:9581.0Wh (物理:8063.1Wh + 残差:1517.8Wh)
   加载残差模型: 梅堰-永茂路
   读取坡度曲率: 梅堰-永茂路
   ✅ 梅堰-永茂路 | class3 | 313.0s -> 总:29923.5Wh (物理:26894.5Wh + 残差:3029.0Wh)
   ✅ 梅堰-永茂路 | class4 | 329.0s -> 总:26368.5Wh (物理:25767.3Wh + 残差:601.1Wh)
   ✅ 梅堰-永茂路 | class5 | 345.05s -> 总:23479.1Wh (物理:25320.8Wh + 残差:-1841.7Wh)
   加载残差模型: 永茂路-镇海大道
   读取坡度曲率: 永茂路-镇海大道
   ✅ 永茂路-镇海大道 | class2 | 141.0s -> 总:17124.3Wh (物理:21378.1Wh + 残差:-4253.9Wh)
   ✅ 永茂路-镇海大道 | class3 | 148.0s -> 总:17114.1Wh (物理:19353.0Wh + 残差:-2238.8Wh)
   ✅ 永茂路-镇海大道 | class4 | 156.0s -> 总:15542.7Wh (物理:17477.2Wh + 残差:-1934.5Wh)
   ✅ 永茂路-镇海大道 | class5 | 164.05s -> 总:14995.7Wh (物理:16060.7Wh + 残差:-1065.0Wh)
   加载残差模型: 镇海大道-骆驼桥
   读取坡度曲率: 镇海大道-骆驼桥
   ✅ 镇海大道-骆驼桥 | class2 | 116.0s -> 总:20051.6Wh (物理:17787.4Wh + 残差:2264.2Wh)
   ✅ 镇海大道-骆驼桥 | class3 | 122.0s -> 总:19266.0Wh (物理:17731.2Wh + 残差:1534.8Wh)
   ✅ 镇海大道-骆驼桥 | class4 | 128.0s -> 总:17274.2Wh (物理:16303.0Wh + 残差:971.2Wh)
   ✅ 镇海大道-骆驼桥 | class5 | 134.0s -> 总:15832.3Wh (物理:15189.6Wh + 残差:642.7Wh)

✨ 评估完成！能耗菜单已生成：D:\energy_conservation\output\analysis\ato_class_energy_menu7_new_v3.csv
👉 现在你可以运行 DP 调度算法来选择最优 Class 组合了。

# finished: 2026-07-04T01:42:18
# return_code: 0
# elapsed_seconds: 4032.6
