Project root: D:\energy_conservation
Python:       C:\Users\bit11\AppData\Local\Programs\Python\Python311\python.exe
Log dir:      D:\energy_conservation\output\pipeline_logs\parallel_energy_menu_trip050
Dry run:      False
Trip no:      50 (global trip; legacy local index 49)
Target time:  script default
Results dir:  D:\energy_conservation\data\data_processed_step2_v3_all_curve_quality_traceability
ATO dir:      D:\energy_conservation\data\data_processed_step2_v3_all_curve_quality_traceability
Line scope:   full
Traceability: D:\energy_conservation\data\data_processed_step2_v3_all_curve_quality_traceability\trip_traceability_manifest_v1.csv

Selected steps:
01. energy_menu
    title: Energy menu calculation
    script: scripts_new/00_main_pipeline/06_ato_generated_results_energy.py
    desc:  Calculate physical + residual-AI energy for generated curves.

=== energy_menu: Energy menu calculation ===
Calculate physical + residual-AI energy for generated curves.
Command: C:\Users\bit11\AppData\Local\Programs\Python\Python311\python.exe D:\energy_conservation\scripts_new\00_main_pipeline\06_ato_generated_results_energy.py
Trip:    50 (global 1-based trip; legacy local index 49)
Target:  script default
Results: D:\energy_conservation\data\data_processed_step2_v3_all_curve_quality_traceability
ATO:     D:\energy_conservation\data\data_processed_step2_v3_all_curve_quality_traceability
Scope:   full
Trace:   D:\energy_conservation\data\data_processed_step2_v3_all_curve_quality_traceability\trip_traceability_manifest_v1.csv
按测试数据目录筛选能耗菜单区间: 26 个
按 line scope 筛选后能耗菜单区间: 26 个
趟次选择方式: 全局运行链追溯
全局趟次ID:   UP050_20240709_083231_R2671
追溯表:       D:\energy_conservation\data\data_processed_step2_v3_all_curve_quality_traceability\trip_traceability_manifest_v1.csv
映射区间数:   26
已生成区间参数表: D:\energy_conservation\data\static\section_params_trip50.csv | 更新 MASS: 26 | 跳过非本次区间: 0 | 沿用旧值: 0 | 保留模板值: 0
? 开始批量评估 26 个区间的 ATO 轨迹能耗：第 50 趟车...
地图/历史数据目录: D:\energy_conservation\data\data_processed_step2_v3_all_curve_quality_traceability
   加载残差模型: 布政-张家潭
   读取坡度曲率: 布政-张家潭
   ? 布政-张家潭 | class3 | 115.0s -> 总:12948.0Wh (物理:12909.9Wh + 残差:38.0Wh)
   ? 布政-张家潭 | class4 | 121.0s -> 总:14024.2Wh (物理:14129.8Wh + 残差:-105.7Wh)
   ? 布政-张家潭 | class5 | 127.05s -> 总:12627.5Wh (物理:13230.4Wh + 残差:-602.8Wh)
   加载残差模型: 张家潭-同德路
   读取坡度曲率: 张家潭-同德路
   ? 张家潭-同德路 | class1 | 141.0s -> 总:18286.5Wh (物理:16586.1Wh + 残差:1700.4Wh)
   ? 张家潭-同德路 | class2 | 148.0s -> 总:17442.3Wh (物理:17122.9Wh + 残差:319.4Wh)
   ? 张家潭-同德路 | class3 | 151.0s -> 总:17563.6Wh (物理:17442.4Wh + 残差:121.2Wh)
   ? 张家潭-同德路 | class4 | 158.95s -> 总:16106.2Wh (物理:16448.1Wh + 残差:-341.9Wh)
   加载残差模型: 同德路-石碶
   读取坡度曲率: 同德路-石碶
   ? 同德路-石碶 | class3 | 108.95s -> 总:13222.5Wh (物理:13104.4Wh + 残差:118.0Wh)
   ? 同德路-石碶 | class4 | 114.0s -> 总:13088.5Wh (物理:13701.7Wh + 残差:-613.2Wh)
   ? 同德路-石碶 | class5 | 120.0s -> 总:11502.8Wh (物理:12399.7Wh + 残差:-896.8Wh)
   加载残差模型: 石碶-雅渡
   读取坡度曲率: 石碶-雅渡
   ? 石碶-雅渡 | class2 | 80.0s -> 总:10926.1Wh (物理:11096.3Wh + 残差:-170.2Wh)
   ? 石碶-雅渡 | class3 | 82.0s -> 总:11581.4Wh (物理:12802.3Wh + 残差:-1220.9Wh)
   ? 石碶-雅渡 | class4 | 85.95s -> 总:11584.4Wh (物理:11777.6Wh + 残差:-193.2Wh)
   ? 石碶-雅渡 | class5 | 90.0s -> 总:9126.1Wh (物理:9248.9Wh + 残差:-122.8Wh)
   加载残差模型: 雅渡-庙堰
   读取坡度曲率: 雅渡-庙堰
   ? 雅渡-庙堰 | class2 | 129.0s -> 总:21809.0Wh (物理:21591.0Wh + 残差:218.0Wh)
   ? 雅渡-庙堰 | class3 | 131.95s -> 总:20864.3Wh (物理:20760.9Wh + 残差:103.4Wh)
   ? 雅渡-庙堰 | class4 | 139.0s -> 总:19322.0Wh (物理:20470.0Wh + 残差:-1148.0Wh)
   ? 雅渡-庙堰 | class5 | 146.0s -> 总:17312.9Wh (物理:18889.0Wh + 残差:-1576.0Wh)
   加载残差模型: 庙堰-钟公庙
   读取坡度曲率: 庙堰-钟公庙
   ? 庙堰-钟公庙 | class3 | 95.95s -> 总:13547.4Wh (物理:13341.4Wh + 残差:206.0Wh)
   ? 庙堰-钟公庙 | class4 | 101.0s -> 总:11685.1Wh (物理:11990.9Wh + 残差:-305.8Wh)
   加载残差模型: 钟公庙-鄞州区政府
   读取坡度曲率: 钟公庙-鄞州区政府
   ? 钟公庙-鄞州区政府 | class3 | 90.0s -> 总:10706.9Wh (物理:11787.8Wh + 残差:-1081.0Wh)
   ? 钟公庙-鄞州区政府 | class4 | 94.95s -> 总:8242.1Wh (物理:9482.2Wh + 残差:-1240.1Wh)
   ? 钟公庙-鄞州区政府 | class5 | 99.0s -> 总:6374.6Wh (物理:7759.2Wh + 残差:-1384.5Wh)
   加载残差模型: 鄞州区政府-钱湖南路
   读取坡度曲率: 鄞州区政府-钱湖南路
   ? 鄞州区政府-钱湖南路 | class2 | 127.95s -> 总:19297.1Wh (物理:18130.5Wh + 残差:1166.6Wh)
   ? 鄞州区政府-钱湖南路 | class3 | 132.05s -> 总:16922.8Wh (物理:15926.4Wh + 残差:996.4Wh)
   ? 鄞州区政府-钱湖南路 | class4 | 139.0s -> 总:16082.9Wh (物理:15056.8Wh + 残差:1026.1Wh)
   加载残差模型: 钱湖南路-南高教园区
   读取坡度曲率: 钱湖南路-南高教园区
   ? 钱湖南路-南高教园区 | class3 | 100.05s -> 总:14481.1Wh (物理:14282.4Wh + 残差:198.8Wh)
   ? 钱湖南路-南高教园区 | class4 | 104.95s -> 总:12921.5Wh (物理:13059.8Wh + 残差:-138.3Wh)
   加载残差模型: 南高教园区-下应路
   读取坡度曲率: 南高教园区-下应路
   ? 南高教园区-下应路 | class2 | 110.0s -> 总:22131.7Wh (物理:20384.3Wh + 残差:1747.3Wh)
   ? 南高教园区-下应路 | class3 | 114.0s -> 总:19663.2Wh (物理:18396.2Wh + 残差:1267.0Wh)
   ? 南高教园区-下应路 | class4 | 119.95s -> 总:17728.0Wh (物理:17060.3Wh + 残差:667.8Wh)
   加载残差模型: 下应路-大洋江
   读取坡度曲率: 下应路-大洋江
   ? 下应路-大洋江 | class2 | 101.0s -> 总:13733.6Wh (物理:13906.6Wh + 残差:-173.0Wh)
   ? 下应路-大洋江 | class3 | 106.0s -> 总:11760.7Wh (物理:11676.2Wh + 残差:84.5Wh)
   ? 下应路-大洋江 | class4 | 110.95s -> 总:12182.7Wh (物理:12470.0Wh + 残差:-287.3Wh)
   ? 下应路-大洋江 | class5 | 117.0s -> 总:11142.1Wh (物理:11286.3Wh + 残差:-144.2Wh)
   加载残差模型: 大洋江-泗港
   读取坡度曲率: 大洋江-泗港
   ? 大洋江-泗港 | class3 | 92.0s -> 总:10918.4Wh (物理:11440.3Wh + 残差:-521.9Wh)
   ? 大洋江-泗港 | class4 | 96.0s -> 总:9664.9Wh (物理:10210.5Wh + 残差:-545.5Wh)
   加载残差模型: 泗港-曹隘
   读取坡度曲率: 泗港-曹隘
   ? 泗港-曹隘 | class2 | 128.05s -> 总:20449.4Wh (物理:20345.6Wh + 残差:103.8Wh)
   ? 泗港-曹隘 | class4 | 137.0s -> 总:24803.9Wh (物理:24218.8Wh + 残差:585.2Wh)
   ? 泗港-曹隘 | class5 | 143.0s -> 总:22775.1Wh (物理:21371.4Wh + 残差:1403.7Wh)
   加载残差模型: 曹隘-柳隘
   读取坡度曲率: 曹隘-柳隘
   ? 曹隘-柳隘 | class2 | 106.05s -> 总:18585.0Wh (物理:23864.2Wh + 残差:-5279.2Wh)
   ? 曹隘-柳隘 | class3 | 108.0s -> 总:16541.7Wh (物理:21394.1Wh + 残差:-4852.4Wh)
   ? 曹隘-柳隘 | class4 | 112.95s -> 总:12507.1Wh (物理:16836.0Wh + 残差:-4328.9Wh)
   ? 曹隘-柳隘 | class5 | 119.0s -> 总:10871.3Wh (物理:14666.8Wh + 残差:-3795.5Wh)
   加载残差模型: 柳隘-海晏北路
   读取坡度曲率: 柳隘-海晏北路
   ? 柳隘-海晏北路 | class3 | 91.95s -> 总:11848.8Wh (物理:12067.0Wh + 残差:-218.2Wh)
   ? 柳隘-海晏北路 | class4 | 96.0s -> 总:10525.4Wh (物理:10731.3Wh + 残差:-205.9Wh)
   加载残差模型: 海晏北路-民安东路
   读取坡度曲率: 海晏北路-民安东路
   ? 海晏北路-民安东路 | class3 | 85.0s -> 总:14700.5Wh (物理:15055.3Wh + 残差:-354.7Wh)
   ? 海晏北路-民安东路 | class4 | 88.95s -> 总:13066.9Wh (物理:11959.0Wh + 残差:1108.0Wh)
   加载残差模型: 民安东路-会展中心
   读取坡度曲率: 民安东路-会展中心
   ? 民安东路-会展中心 | class2 | 76.0s -> 总:16299.8Wh (物理:17797.7Wh + 残差:-1498.0Wh)
   ? 民安东路-会展中心 | class3 | 78.95s -> 总:12228.8Wh (物理:11992.5Wh + 残差:236.3Wh)
   ? 民安东路-会展中心 | class4 | 83.0s -> 总:7943.6Wh (物理:8399.5Wh + 残差:-455.9Wh)
   加载残差模型: 会展中心-院士路
   读取坡度曲率: 会展中心-院士路
   ? 会展中心-院士路 | class3 | 115.0s -> 总:14666.0Wh (物理:15625.9Wh + 残差:-959.9Wh)
   ? 会展中心-院士路 | class4 | 121.0s -> 总:13009.0Wh (物理:14087.8Wh + 残差:-1078.8Wh)
   加载残差模型: 院士路-盎孟港
   读取坡度曲率: 院士路-盎孟港
   ? 院士路-盎孟港 | class3 | 90.95s -> 总:16982.2Wh (物理:17336.1Wh + 残差:-353.9Wh)
   ? 院士路-盎孟港 | class4 | 95.95s -> 总:13843.3Wh (物理:13750.6Wh + 残差:92.6Wh)
   加载残差模型: 盎孟港-三官堂
   读取坡度曲率: 盎孟港-三官堂
   ? 盎孟港-三官堂 | class2 | 132.0s -> 总:17956.8Wh (物理:17241.8Wh + 残差:715.0Wh)
   ? 盎孟港-三官堂 | class3 | 138.95s -> 总:17464.4Wh (物理:16669.4Wh + 残差:795.0Wh)
   ? 盎孟港-三官堂 | class4 | 146.0s -> 总:16600.6Wh (物理:16328.8Wh + 残差:271.8Wh)
   加载残差模型: 三官堂-兴庄路
   读取坡度曲率: 三官堂-兴庄路
   ? 三官堂-兴庄路 | class1 | 94.05s -> 总:13559.8Wh (物理:14481.1Wh + 残差:-921.3Wh)
   ? 三官堂-兴庄路 | class2 | 99.0s -> 总:12399.2Wh (物理:11868.4Wh + 残差:530.8Wh)
   ? 三官堂-兴庄路 | class3 | 104.05s -> 总:11376.2Wh (物理:10878.5Wh + 残差:497.7Wh)
   ? 三官堂-兴庄路 | class4 | 109.0s -> 总:10804.2Wh (物理:10278.0Wh + 残差:526.2Wh)
   加载残差模型: 兴庄路-兴海南路
   读取坡度曲率: 兴庄路-兴海南路
   ? 兴庄路-兴海南路 | class2 | 86.95s -> 总:16437.8Wh (物理:17736.5Wh + 残差:-1298.7Wh)
   ? 兴庄路-兴海南路 | class4 | 95.95s -> 总:9309.6Wh (物理:9915.2Wh + 残差:-605.6Wh)
   加载残差模型: 兴海南路-梅堰
   读取坡度曲率: 兴海南路-梅堰
   ? 兴海南路-梅堰 | class3 | 81.95s -> 总:11149.4Wh (物理:11740.6Wh + 残差:-591.2Wh)
   ? 兴海南路-梅堰 | class4 | 86.0s -> 总:9466.7Wh (物理:9437.0Wh + 残差:29.8Wh)
   加载残差模型: 梅堰-永茂路
   读取坡度曲率: 梅堰-永茂路
   ? 梅堰-永茂路 | class3 | 313.0s -> 总:30317.1Wh (物理:28904.3Wh + 残差:1412.9Wh)
   ? 梅堰-永茂路 | class4 | 329.0s -> 总:26178.8Wh (物理:25717.9Wh + 残差:461.0Wh)
   ? 梅堰-永茂路 | class5 | 345.05s -> 总:23513.6Wh (物理:24839.4Wh + 残差:-1325.9Wh)
   加载残差模型: 永茂路-镇海大道
   读取坡度曲率: 永茂路-镇海大道
   ? 永茂路-镇海大道 | class2 | 141.0s -> 总:18217.2Wh (物理:17211.1Wh + 残差:1006.1Wh)
   ? 永茂路-镇海大道 | class3 | 148.0s -> 总:17344.5Wh (物理:16593.0Wh + 残差:751.5Wh)
   ? 永茂路-镇海大道 | class4 | 156.0s -> 总:16133.4Wh (物理:14516.1Wh + 残差:1617.3Wh)
   ? 永茂路-镇海大道 | class5 | 164.05s -> 总:15191.9Wh (物理:13348.5Wh + 残差:1843.4Wh)
   加载残差模型: 镇海大道-骆驼桥
   读取坡度曲率: 镇海大道-骆驼桥
   ? 镇海大道-骆驼桥 | class2 | 116.0s -> 总:20049.7Wh (物理:19021.3Wh + 残差:1028.4Wh)
   ? 镇海大道-骆驼桥 | class3 | 122.0s -> 总:19133.0Wh (物理:18201.5Wh + 残差:931.5Wh)
   ? 镇海大道-骆驼桥 | class4 | 128.0s -> 总:17132.1Wh (物理:16440.1Wh + 残差:692.0Wh)
   ? 镇海大道-骆驼桥 | class5 | 134.0s -> 总:15689.1Wh (物理:15746.2Wh + 残差:-57.1Wh)

? 评估完成！能耗菜单已生成：D:\energy_conservation\output\analysis\ato_class_energy_menu50_new_v3.csv
? 现在你可以运行 DP 调度算法来选择最优 Class 组合了。
Step finished with code 0. Log: D:\energy_conservation\output\pipeline_logs\parallel_energy_menu_trip050\energy_menu.log

Pipeline finished successfully.
