# step: energy_menu
# command: C:\Users\bit11\AppData\Local\Programs\Python\Python311\python.exe D:\energy_conservation\scripts_new\00_main_pipeline\06_ato_generated_results_energy.py
# ENERGY_TRIP_NO: 53
# ENERGY_TRIP_INDEX: 52
# ENERGY_TARGET_TIME: script default
# ENERGY_RESULTS_DATA_DIR: D:\energy_conservation\data\data_processed_step2_v3_all_curve_quality_traceability
# ENERGY_ATO_DATA_DIR: D:\energy_conservation\data\data_processed_step2_v3_all_curve_quality_traceability
# ENERGY_LINE_SCOPE: full
# ENERGY_TRACEABILITY_MANIFEST: D:\energy_conservation\data\data_processed_step2_v3_all_curve_quality_traceability\trip_traceability_manifest_v1.csv
# PYTHONIOENCODING: utf-8:replace
# started: 2026-09-05T13:43:39

按测试数据目录筛选能耗菜单区间: 26 个
按 line scope 筛选后能耗菜单区间: 26 个
趟次选择方式: 全局运行链追溯
全局趟次ID:   UP053_20240709_151522_R2836
追溯表:       D:\energy_conservation\data\data_processed_step2_v3_all_curve_quality_traceability\trip_traceability_manifest_v1.csv
映射区间数:   26
已生成区间参数表: D:\energy_conservation\data\static\section_params_trip53.csv | 更新 MASS: 26 | 跳过非本次区间: 0 | 沿用旧值: 0 | 保留模板值: 0
🚀 开始批量评估 26 个区间的 ATO 轨迹能耗：第 53 趟车...
地图/历史数据目录: D:\energy_conservation\data\data_processed_step2_v3_all_curve_quality_traceability
   加载残差模型: 布政-张家潭
   读取坡度曲率: 布政-张家潭
   ✅ 布政-张家潭 | class3 | 115.0s -> 总:12948.0Wh (物理:12909.9Wh + 残差:38.0Wh)
   ✅ 布政-张家潭 | class4 | 121.0s -> 总:14024.2Wh (物理:14129.8Wh + 残差:-105.7Wh)
   ✅ 布政-张家潭 | class5 | 127.05s -> 总:12627.5Wh (物理:13230.4Wh + 残差:-602.8Wh)
   加载残差模型: 张家潭-同德路
   读取坡度曲率: 张家潭-同德路
   ✅ 张家潭-同德路 | class1 | 141.0s -> 总:18108.3Wh (物理:16544.5Wh + 残差:1563.8Wh)
   ✅ 张家潭-同德路 | class2 | 148.0s -> 总:17396.4Wh (物理:17079.2Wh + 残差:317.2Wh)
   ✅ 张家潭-同德路 | class3 | 151.0s -> 总:17561.1Wh (物理:17397.7Wh + 残差:163.5Wh)
   ✅ 张家潭-同德路 | class4 | 158.95s -> 总:16090.5Wh (物理:16405.7Wh + 残差:-315.2Wh)
   加载残差模型: 同德路-石碶
   读取坡度曲率: 同德路-石碶
   ✅ 同德路-石碶 | class3 | 108.95s -> 总:12861.5Wh (物理:13023.9Wh + 残差:-162.4Wh)
   ✅ 同德路-石碶 | class4 | 114.0s -> 总:12844.0Wh (物理:13617.4Wh + 残差:-773.4Wh)
   ✅ 同德路-石碶 | class5 | 120.0s -> 总:11316.5Wh (物理:12323.1Wh + 残差:-1006.6Wh)
   加载残差模型: 石碶-雅渡
   读取坡度曲率: 石碶-雅渡
   ✅ 石碶-雅渡 | class2 | 80.0s -> 总:11115.2Wh (物理:10773.7Wh + 残差:341.6Wh)
   ✅ 石碶-雅渡 | class3 | 82.0s -> 总:11299.0Wh (物理:12429.2Wh + 残差:-1130.2Wh)
   ✅ 石碶-雅渡 | class4 | 85.95s -> 总:11705.8Wh (物理:11434.8Wh + 残差:271.0Wh)
   ✅ 石碶-雅渡 | class5 | 90.0s -> 总:9087.2Wh (物理:8979.4Wh + 残差:107.8Wh)
   加载残差模型: 雅渡-庙堰
   读取坡度曲率: 雅渡-庙堰
   ✅ 雅渡-庙堰 | class2 | 129.0s -> 总:20676.1Wh (物理:20818.4Wh + 残差:-142.3Wh)
   ✅ 雅渡-庙堰 | class3 | 131.95s -> 总:19869.1Wh (物理:20016.8Wh + 残差:-147.7Wh)
   ✅ 雅渡-庙堰 | class4 | 139.0s -> 总:18573.0Wh (物理:19733.4Wh + 残差:-1160.4Wh)
   ✅ 雅渡-庙堰 | class5 | 146.0s -> 总:16267.0Wh (物理:18206.8Wh + 残差:-1939.8Wh)
   加载残差模型: 庙堰-钟公庙
   读取坡度曲率: 庙堰-钟公庙
   ✅ 庙堰-钟公庙 | class3 | 95.95s -> 总:12619.2Wh (物理:12754.4Wh + 残差:-135.2Wh)
   ✅ 庙堰-钟公庙 | class4 | 101.0s -> 总:10896.0Wh (物理:11462.1Wh + 残差:-566.1Wh)
   加载残差模型: 钟公庙-鄞州区政府
   读取坡度曲率: 钟公庙-鄞州区政府
   ✅ 钟公庙-鄞州区政府 | class3 | 90.0s -> 总:10093.2Wh (物理:11163.3Wh + 残差:-1070.0Wh)
   ✅ 钟公庙-鄞州区政府 | class4 | 94.95s -> 总:7715.3Wh (物理:8981.4Wh + 残差:-1266.2Wh)
   ✅ 钟公庙-鄞州区政府 | class5 | 99.0s -> 总:5838.5Wh (物理:7347.5Wh + 残差:-1508.9Wh)
   加载残差模型: 鄞州区政府-钱湖南路
   读取坡度曲率: 鄞州区政府-钱湖南路
   ✅ 鄞州区政府-钱湖南路 | class2 | 127.95s -> 总:18434.8Wh (物理:17623.6Wh + 残差:811.3Wh)
   ✅ 鄞州区政府-钱湖南路 | class3 | 132.05s -> 总:16041.0Wh (物理:15480.8Wh + 残差:560.3Wh)
   ✅ 鄞州区政府-钱湖南路 | class4 | 139.0s -> 总:15157.5Wh (物理:14632.9Wh + 残差:524.7Wh)
   加载残差模型: 钱湖南路-南高教园区
   读取坡度曲率: 钱湖南路-南高教园区
   ✅ 钱湖南路-南高教园区 | class3 | 100.05s -> 总:13867.7Wh (物理:13963.2Wh + 残差:-95.5Wh)
   ✅ 钱湖南路-南高教园区 | class4 | 104.95s -> 总:12282.2Wh (物理:12768.1Wh + 残差:-485.9Wh)
   加载残差模型: 南高教园区-下应路
   读取坡度曲率: 南高教园区-下应路
   ✅ 南高教园区-下应路 | class2 | 110.0s -> 总:21246.5Wh (物理:19850.8Wh + 残差:1395.7Wh)
   ✅ 南高教园区-下应路 | class3 | 114.0s -> 总:19012.3Wh (物理:17912.6Wh + 残差:1099.7Wh)
   ✅ 南高教园区-下应路 | class4 | 119.95s -> 总:17069.9Wh (物理:16609.6Wh + 残差:460.3Wh)
   加载残差模型: 下应路-大洋江
   读取坡度曲率: 下应路-大洋江
   ✅ 下应路-大洋江 | class2 | 101.0s -> 总:13006.5Wh (物理:13510.8Wh + 残差:-504.3Wh)
   ✅ 下应路-大洋江 | class3 | 106.0s -> 总:11048.9Wh (物理:11341.9Wh + 残差:-293.0Wh)
   ✅ 下应路-大洋江 | class4 | 110.95s -> 总:11334.9Wh (物理:12111.9Wh + 残差:-777.0Wh)
   ✅ 下应路-大洋江 | class5 | 117.0s -> 总:10199.6Wh (物理:10961.1Wh + 残差:-761.5Wh)
   加载残差模型: 大洋江-泗港
   读取坡度曲率: 大洋江-泗港
   ✅ 大洋江-泗港 | class3 | 92.0s -> 总:10559.9Wh (物理:11143.1Wh + 残差:-583.2Wh)
   ✅ 大洋江-泗港 | class4 | 96.0s -> 总:9400.2Wh (物理:9945.0Wh + 残差:-544.7Wh)
   加载残差模型: 泗港-曹隘
   读取坡度曲率: 泗港-曹隘
   ✅ 泗港-曹隘 | class2 | 128.05s -> 总:19793.2Wh (物理:19916.6Wh + 残差:-123.4Wh)
   ✅ 泗港-曹隘 | class4 | 137.0s -> 总:24096.3Wh (物理:23702.6Wh + 残差:393.7Wh)
   ✅ 泗港-曹隘 | class5 | 143.0s -> 总:21997.2Wh (物理:20916.0Wh + 残差:1081.2Wh)
   加载残差模型: 曹隘-柳隘
   读取坡度曲率: 曹隘-柳隘
   ✅ 曹隘-柳隘 | class2 | 106.05s -> 总:17932.6Wh (物理:23314.5Wh + 残差:-5381.9Wh)
   ✅ 曹隘-柳隘 | class3 | 108.0s -> 总:15961.4Wh (物理:20900.8Wh + 残差:-4939.4Wh)
   ✅ 曹隘-柳隘 | class4 | 112.95s -> 总:12091.4Wh (物理:16448.4Wh + 残差:-4357.0Wh)
   ✅ 曹隘-柳隘 | class5 | 119.0s -> 总:10404.2Wh (物理:14329.1Wh + 残差:-3924.8Wh)
   加载残差模型: 柳隘-海晏北路
   读取坡度曲率: 柳隘-海晏北路
   ✅ 柳隘-海晏北路 | class3 | 91.95s -> 总:11436.4Wh (物理:11754.2Wh + 残差:-317.8Wh)
   ✅ 柳隘-海晏北路 | class4 | 96.0s -> 总:10098.5Wh (物理:10453.0Wh + 残差:-354.5Wh)
   加载残差模型: 海晏北路-民安东路
   读取坡度曲率: 海晏北路-民安东路
   ✅ 海晏北路-民安东路 | class3 | 85.0s -> 总:13746.1Wh (物理:14555.7Wh + 残差:-809.6Wh)
   ✅ 海晏北路-民安东路 | class4 | 88.95s -> 总:12234.5Wh (物理:11564.8Wh + 残差:669.7Wh)
   加载残差模型: 民安东路-会展中心
   读取坡度曲率: 民安东路-会展中心
   ✅ 民安东路-会展中心 | class2 | 76.0s -> 总:15552.3Wh (物理:17303.2Wh + 残差:-1751.0Wh)
   ✅ 民安东路-会展中心 | class3 | 78.95s -> 总:11620.6Wh (物理:11661.4Wh + 残差:-40.8Wh)
   ✅ 民安东路-会展中心 | class4 | 83.0s -> 总:7527.6Wh (物理:8168.5Wh + 残差:-640.9Wh)
   加载残差模型: 会展中心-院士路
   读取坡度曲率: 会展中心-院士路
   ✅ 会展中心-院士路 | class3 | 115.0s -> 总:14381.5Wh (物理:15352.2Wh + 残差:-970.6Wh)
   ✅ 会展中心-院士路 | class4 | 121.0s -> 总:12790.4Wh (物理:13840.3Wh + 残差:-1049.9Wh)
   加载残差模型: 院士路-盎孟港
   读取坡度曲率: 院士路-盎孟港
   ✅ 院士路-盎孟港 | class3 | 90.95s -> 总:16570.4Wh (物理:17174.7Wh + 残差:-604.3Wh)
   ✅ 院士路-盎孟港 | class4 | 95.95s -> 总:13374.2Wh (物理:13623.1Wh + 残差:-248.9Wh)
   加载残差模型: 盎孟港-三官堂
   读取坡度曲率: 盎孟港-三官堂
   ✅ 盎孟港-三官堂 | class2 | 132.0s -> 总:17925.6Wh (物理:17228.1Wh + 残差:697.6Wh)
   ✅ 盎孟港-三官堂 | class3 | 138.95s -> 总:17420.9Wh (物理:16656.1Wh + 残差:764.8Wh)
   ✅ 盎孟港-三官堂 | class4 | 146.0s -> 总:16550.5Wh (物理:16315.6Wh + 残差:234.8Wh)
   加载残差模型: 三官堂-兴庄路
   读取坡度曲率: 三官堂-兴庄路
   ✅ 三官堂-兴庄路 | class1 | 94.05s -> 总:13545.8Wh (物理:14467.9Wh + 残差:-922.1Wh)
   ✅ 三官堂-兴庄路 | class2 | 99.0s -> 总:12379.3Wh (物理:11857.7Wh + 残差:521.7Wh)
   ✅ 三官堂-兴庄路 | class3 | 104.05s -> 总:11353.0Wh (物理:10868.6Wh + 残差:484.4Wh)
   ✅ 三官堂-兴庄路 | class4 | 109.0s -> 总:10777.8Wh (物理:10268.7Wh + 残差:509.2Wh)
   加载残差模型: 兴庄路-兴海南路
   读取坡度曲率: 兴庄路-兴海南路
   ✅ 兴庄路-兴海南路 | class2 | 86.95s -> 总:16357.2Wh (物理:17720.5Wh + 残差:-1363.3Wh)
   ✅ 兴庄路-兴海南路 | class4 | 95.95s -> 总:9251.2Wh (物理:9906.3Wh + 残差:-655.1Wh)
   加载残差模型: 兴海南路-梅堰
   读取坡度曲率: 兴海南路-梅堰
   ✅ 兴海南路-梅堰 | class3 | 81.95s -> 总:11140.3Wh (物理:11735.2Wh + 残差:-595.0Wh)
   ✅ 兴海南路-梅堰 | class4 | 86.0s -> 总:9442.0Wh (物理:9432.7Wh + 残差:9.3Wh)
   加载残差模型: 梅堰-永茂路
   读取坡度曲率: 梅堰-永茂路
   ✅ 梅堰-永茂路 | class3 | 313.0s -> 总:30280.6Wh (物理:28878.4Wh + 残差:1402.1Wh)
   ✅ 梅堰-永茂路 | class4 | 329.0s -> 总:26102.3Wh (物理:25694.7Wh + 残差:407.6Wh)
   ✅ 梅堰-永茂路 | class5 | 345.05s -> 总:23448.8Wh (物理:24816.9Wh + 残差:-1368.2Wh)
   加载残差模型: 永茂路-镇海大道
   读取坡度曲率: 永茂路-镇海大道
   ✅ 永茂路-镇海大道 | class2 | 141.0s -> 总:18065.7Wh (物理:17187.9Wh + 残差:877.8Wh)
   ✅ 永茂路-镇海大道 | class3 | 148.0s -> 总:17234.1Wh (物理:16570.6Wh + 残差:663.5Wh)
   ✅ 永茂路-镇海大道 | class4 | 156.0s -> 总:15968.6Wh (物理:14496.5Wh + 残差:1472.1Wh)
   ✅ 永茂路-镇海大道 | class5 | 164.05s -> 总:14910.2Wh (物理:13330.4Wh + 残差:1579.7Wh)
   加载残差模型: 镇海大道-骆驼桥
   读取坡度曲率: 镇海大道-骆驼桥
   ✅ 镇海大道-骆驼桥 | class2 | 116.0s -> 总:19966.2Wh (物理:19004.7Wh + 残差:961.5Wh)
   ✅ 镇海大道-骆驼桥 | class3 | 122.0s -> 总:19080.6Wh (物理:18185.4Wh + 残差:895.2Wh)
   ✅ 镇海大道-骆驼桥 | class4 | 128.0s -> 总:17102.4Wh (物理:16425.4Wh + 残差:677.0Wh)
   ✅ 镇海大道-骆驼桥 | class5 | 134.0s -> 总:15667.7Wh (物理:15732.1Wh + 残差:-64.4Wh)

✨ 评估完成！能耗菜单已生成：D:\energy_conservation\output\analysis\ato_class_energy_menu53_new_v3.csv
👉 现在你可以运行 DP 调度算法来选择最优 Class 组合了。

# finished: 2026-09-05T14:30:15
# return_code: 0
# elapsed_seconds: 2796.2
