Project root: D:\energy_conservation
Python:       C:\Users\bit11\AppData\Local\Programs\Python\Python311\python.exe
Log dir:      D:\energy_conservation\output\pipeline_logs\20260703_225617
Dry run:      False
Trip no:      5 (segment index 4)
Target time:  script default
Results dir:  D:\energy_conservation\data\data_processed_step2_v3_all_curve_quality
ATO dir:      D:\energy_conservation\data\data_processed_step2_v3_all_curve_quality
Line scope:   full

Selected steps:
01. energy_menu
    title: Energy menu calculation
    script: scripts_new/00_main_pipeline/06_ato_generated_results_energy.py
    desc:  Calculate physical + residual-AI energy for generated curves.
02. historical_baseline
    title: Historical baseline calculation
    script: scripts_new/00_main_pipeline/07_full_line_validation_results.py
    desc:  Generate historical time/energy baseline used by the DP comparison report.

=== energy_menu: Energy menu calculation ===
Calculate physical + residual-AI energy for generated curves.
Command: C:\Users\bit11\AppData\Local\Programs\Python\Python311\python.exe D:\energy_conservation\scripts_new\00_main_pipeline\06_ato_generated_results_energy.py
Trip:    5 (segment index 4)
Target:  script default
Results: D:\energy_conservation\data\data_processed_step2_v3_all_curve_quality
ATO:     D:\energy_conservation\data\data_processed_step2_v3_all_curve_quality
Scope:   full
按测试数据目录筛选能耗菜单区间: 26 个
按 line scope 筛选后能耗菜单区间: 26 个
   读取重量: 布政-张家潭 trip 5
   读取重量: 张家潭-同德路 trip 5
   读取重量: 同德路-石碶 trip 5
   读取重量: 石碶-雅渡 trip 5
   读取重量: 雅渡-庙堰 trip 5
   读取重量: 庙堰-钟公庙 trip 5
   读取重量: 钟公庙-鄞州区政府 trip 5
   读取重量: 鄞州区政府-钱湖南路 trip 5
   读取重量: 钱湖南路-南高教园区 trip 5
   读取重量: 南高教园区-下应路 trip 5
   读取重量: 下应路-大洋江 trip 5
   读取重量: 大洋江-泗港 trip 5
   读取重量: 泗港-曹隘 trip 5
   读取重量: 曹隘-柳隘 trip 5
   读取重量: 柳隘-海晏北路 trip 5
   读取重量: 海晏北路-民安东路 trip 5
   读取重量: 民安东路-会展中心 trip 5
   读取重量: 会展中心-院士路 trip 5
   读取重量: 院士路-盎孟港 trip 5
   读取重量: 盎孟港-三官堂 trip 5
   读取重量: 三官堂-兴庄路 trip 5
   读取重量: 兴庄路-兴海南路 trip 5
   读取重量: 兴海南路-梅堰 trip 5
   读取重量: 梅堰-永茂路 trip 5
   读取重量: 永茂路-镇海大道 trip 5
   读取重量: 镇海大道-骆驼桥 trip 5
已生成区间参数表: D:\energy_conservation\data\static\section_params_trip5.csv | 更新 MASS: 26 | 跳过非本次区间: 0 | 沿用旧值: 0 | 保留模板值: 0
? 开始批量评估 26 个区间的 ATO 轨迹能耗：第 5 趟车...
地图/历史数据目录: D:\energy_conservation\data\data_processed_step2_v3_all_curve_quality
   加载残差模型: 布政-张家潭
   读取坡度曲率: 布政-张家潭
   ? 布政-张家潭 | class3 | 115.0s -> 总:12947.6Wh (物理:12911.0Wh + 残差:36.6Wh)
   ? 布政-张家潭 | class4 | 121.0s -> 总:14024.2Wh (物理:14131.4Wh + 残差:-107.2Wh)
   ? 布政-张家潭 | class5 | 127.05s -> 总:12627.7Wh (物理:13231.8Wh + 残差:-604.1Wh)
   加载残差模型: 张家潭-同德路
   读取坡度曲率: 张家潭-同德路
   ? 张家潭-同德路 | class1 | 141.0s -> 总:17890.7Wh (物理:18567.4Wh + 残差:-676.7Wh)
   ? 张家潭-同德路 | class2 | 148.0s -> 总:17599.2Wh (物理:18097.3Wh + 残差:-498.1Wh)
   ? 张家潭-同德路 | class3 | 151.0s -> 总:17915.9Wh (物理:17164.4Wh + 残差:751.4Wh)
   ? 张家潭-同德路 | class4 | 158.95s -> 总:16531.8Wh (物理:15798.0Wh + 残差:733.9Wh)
   加载残差模型: 同德路-石碶
   读取坡度曲率: 同德路-石碶
   ? 同德路-石碶 | class3 | 108.95s -> 总:13094.4Wh (物理:13065.8Wh + 残差:28.6Wh)
   ? 同德路-石碶 | class4 | 114.0s -> 总:13318.0Wh (物理:13507.4Wh + 残差:-189.4Wh)
   ? 同德路-石碶 | class5 | 120.0s -> 总:11776.2Wh (物理:12121.4Wh + 残差:-345.1Wh)
   加载残差模型: 石碶-雅渡
   读取坡度曲率: 石碶-雅渡
   ? 石碶-雅渡 | class2 | 80.0s -> 总:11094.9Wh (物理:10294.0Wh + 残差:800.8Wh)
   ? 石碶-雅渡 | class3 | 82.0s -> 总:11485.1Wh (物理:12112.5Wh + 残差:-627.4Wh)
   ? 石碶-雅渡 | class4 | 85.95s -> 总:11604.4Wh (物理:9953.9Wh + 残差:1650.5Wh)
   ? 石碶-雅渡 | class5 | 90.0s -> 总:8882.0Wh (物理:7443.3Wh + 残差:1438.6Wh)
   加载残差模型: 雅渡-庙堰
   读取坡度曲率: 雅渡-庙堰
   ? 雅渡-庙堰 | class2 | 129.0s -> 总:20536.8Wh (物理:20637.6Wh + 残差:-100.7Wh)
   ? 雅渡-庙堰 | class3 | 131.95s -> 总:19858.4Wh (物理:19589.2Wh + 残差:269.1Wh)
   ? 雅渡-庙堰 | class4 | 139.0s -> 总:18182.8Wh (物理:18246.2Wh + 残差:-63.4Wh)
   ? 雅渡-庙堰 | class5 | 146.0s -> 总:15975.3Wh (物理:16665.7Wh + 残差:-690.5Wh)
   加载残差模型: 庙堰-钟公庙
   读取坡度曲率: 庙堰-钟公庙
   ? 庙堰-钟公庙 | class3 | 95.95s -> 总:12536.5Wh (物理:11663.9Wh + 残差:872.6Wh)
   ? 庙堰-钟公庙 | class4 | 101.0s -> 总:10898.2Wh (物理:9429.5Wh + 残差:1468.7Wh)
   加载残差模型: 钟公庙-鄞州区政府
   读取坡度曲率: 钟公庙-鄞州区政府
   ? 钟公庙-鄞州区政府 | class3 | 90.0s -> 总:10340.8Wh (物理:11509.4Wh + 残差:-1168.5Wh)
   ? 钟公庙-鄞州区政府 | class4 | 94.95s -> 总:7979.1Wh (物理:9749.8Wh + 残差:-1770.7Wh)
   ? 钟公庙-鄞州区政府 | class5 | 99.0s -> 总:6129.6Wh (物理:8415.6Wh + 残差:-2286.0Wh)
   加载残差模型: 鄞州区政府-钱湖南路
   读取坡度曲率: 鄞州区政府-钱湖南路
   ? 鄞州区政府-钱湖南路 | class2 | 127.95s -> 总:18495.2Wh (物理:20249.2Wh + 残差:-1754.0Wh)
   ? 鄞州区政府-钱湖南路 | class3 | 132.05s -> 总:16051.3Wh (物理:18382.5Wh + 残差:-2331.2Wh)
   ? 鄞州区政府-钱湖南路 | class4 | 139.0s -> 总:15233.6Wh (物理:16860.1Wh + 残差:-1626.6Wh)
   加载残差模型: 钱湖南路-南高教园区
   读取坡度曲率: 钱湖南路-南高教园区
   ? 钱湖南路-南高教园区 | class3 | 100.05s -> 总:13575.2Wh (物理:12502.6Wh + 残差:1072.6Wh)
   ? 钱湖南路-南高教园区 | class4 | 104.95s -> 总:11774.5Wh (物理:10225.4Wh + 残差:1549.1Wh)
   加载残差模型: 南高教园区-下应路
   读取坡度曲率: 南高教园区-下应路
   ? 南高教园区-下应路 | class2 | 110.0s -> 总:20841.7Wh (物理:16261.1Wh + 残差:4580.7Wh)
   ? 南高教园区-下应路 | class3 | 114.0s -> 总:18410.4Wh (物理:14503.9Wh + 残差:3906.5Wh)
   ? 南高教园区-下应路 | class4 | 119.95s -> 总:16592.6Wh (物理:13597.0Wh + 残差:2995.6Wh)
   加载残差模型: 下应路-大洋江
   读取坡度曲率: 下应路-大洋江
   ? 下应路-大洋江 | class2 | 101.0s -> 总:13296.3Wh (物理:13113.3Wh + 残差:183.0Wh)
   ? 下应路-大洋江 | class3 | 106.0s -> 总:11259.4Wh (物理:10937.6Wh + 残差:321.9Wh)
   ? 下应路-大洋江 | class4 | 110.95s -> 总:11660.5Wh (物理:11334.5Wh + 残差:326.0Wh)
   ? 下应路-大洋江 | class5 | 117.0s -> 总:10658.2Wh (物理:9868.6Wh + 残差:789.6Wh)
   加载残差模型: 大洋江-泗港
   读取坡度曲率: 大洋江-泗港
   ? 大洋江-泗港 | class3 | 92.0s -> 总:10735.2Wh (物理:9508.5Wh + 残差:1226.6Wh)
   ? 大洋江-泗港 | class4 | 96.0s -> 总:9535.7Wh (物理:7911.2Wh + 残差:1624.5Wh)
   加载残差模型: 泗港-曹隘
   读取坡度曲率: 泗港-曹隘
   ? 泗港-曹隘 | class2 | 128.05s -> 总:20189.2Wh (物理:19651.8Wh + 残差:537.4Wh)
   ? 泗港-曹隘 | class4 | 137.0s -> 总:22938.9Wh (物理:22051.7Wh + 残差:887.2Wh)
   ? 泗港-曹隘 | class5 | 143.0s -> 总:21153.2Wh (物理:19623.9Wh + 残差:1529.3Wh)
   加载残差模型: 曹隘-柳隘
   读取坡度曲率: 曹隘-柳隘
   ? 曹隘-柳隘 | class2 | 106.05s -> 总:21407.9Wh (物理:14719.9Wh + 残差:6688.0Wh)
   ? 曹隘-柳隘 | class3 | 108.0s -> 总:19846.4Wh (物理:12692.1Wh + 残差:7154.3Wh)
   ? 曹隘-柳隘 | class4 | 112.95s -> 总:15948.2Wh (物理:10624.8Wh + 残差:5323.4Wh)
   ? 曹隘-柳隘 | class5 | 119.0s -> 总:13510.8Wh (物理:9618.4Wh + 残差:3892.4Wh)
   加载残差模型: 柳隘-海晏北路
   读取坡度曲率: 柳隘-海晏北路
   ? 柳隘-海晏北路 | class3 | 91.95s -> 总:11476.1Wh (物理:10752.3Wh + 残差:723.8Wh)
   ? 柳隘-海晏北路 | class4 | 96.0s -> 总:10271.9Wh (物理:8685.4Wh + 残差:1586.6Wh)
   加载残差模型: 海晏北路-民安东路
   读取坡度曲率: 海晏北路-民安东路
   ? 海晏北路-民安东路 | class3 | 85.0s -> 总:14697.3Wh (物理:11027.9Wh + 残差:3669.4Wh)
   ? 海晏北路-民安东路 | class4 | 88.95s -> 总:12319.3Wh (物理:8137.1Wh + 残差:4182.2Wh)
   加载残差模型: 民安东路-会展中心
   读取坡度曲率: 民安东路-会展中心
   ? 民安东路-会展中心 | class2 | 76.0s -> 总:15123.9Wh (物理:15341.0Wh + 残差:-217.1Wh)
   ? 民安东路-会展中心 | class3 | 78.95s -> 总:11576.7Wh (物理:10036.2Wh + 残差:1540.5Wh)
   ? 民安东路-会展中心 | class4 | 83.0s -> 总:6860.6Wh (物理:7171.1Wh + 残差:-310.5Wh)
   加载残差模型: 会展中心-院士路
   读取坡度曲率: 会展中心-院士路
   ? 会展中心-院士路 | class3 | 115.0s -> 总:14891.6Wh (物理:17569.6Wh + 残差:-2678.0Wh)
   ? 会展中心-院士路 | class4 | 121.0s -> 总:13277.8Wh (物理:16009.3Wh + 残差:-2731.4Wh)
   加载残差模型: 院士路-盎孟港
   读取坡度曲率: 院士路-盎孟港
   ? 院士路-盎孟港 | class3 | 90.95s -> 总:17729.7Wh (物理:11574.9Wh + 残差:6154.8Wh)
   ? 院士路-盎孟港 | class4 | 95.95s -> 总:13948.2Wh (物理:8336.0Wh + 残差:5612.2Wh)
   加载残差模型: 盎孟港-三官堂
   读取坡度曲率: 盎孟港-三官堂
   ? 盎孟港-三官堂 | class2 | 132.0s -> 总:17531.8Wh (物理:20593.8Wh + 残差:-3062.0Wh)
   ? 盎孟港-三官堂 | class3 | 138.95s -> 总:17011.2Wh (物理:17914.6Wh + 残差:-903.4Wh)
   ? 盎孟港-三官堂 | class4 | 146.0s -> 总:16330.5Wh (物理:16849.3Wh + 残差:-518.8Wh)
   加载残差模型: 三官堂-兴庄路
   读取坡度曲率: 三官堂-兴庄路
   ? 三官堂-兴庄路 | class1 | 94.05s -> 总:13108.3Wh (物理:13254.4Wh + 残差:-146.2Wh)
   ? 三官堂-兴庄路 | class2 | 99.0s -> 总:11549.3Wh (物理:9880.7Wh + 残差:1668.6Wh)
   ? 三官堂-兴庄路 | class3 | 104.05s -> 总:10501.5Wh (物理:8299.1Wh + 残差:2202.4Wh)
   ? 三官堂-兴庄路 | class4 | 109.0s -> 总:9960.9Wh (物理:7515.0Wh + 残差:2445.9Wh)
   加载残差模型: 兴庄路-兴海南路
   读取坡度曲率: 兴庄路-兴海南路
   ? 兴庄路-兴海南路 | class2 | 86.95s -> 总:15859.8Wh (物理:14632.4Wh + 残差:1227.4Wh)
   ? 兴庄路-兴海南路 | class4 | 95.95s -> 总:9499.2Wh (物理:7946.2Wh + 残差:1553.1Wh)
   加载残差模型: 兴海南路-梅堰
   读取坡度曲率: 兴海南路-梅堰
   ? 兴海南路-梅堰 | class3 | 81.95s -> 总:11329.9Wh (物理:11895.7Wh + 残差:-565.8Wh)
   ? 兴海南路-梅堰 | class4 | 86.0s -> 总:9617.0Wh (物理:8070.6Wh + 残差:1546.4Wh)
   加载残差模型: 梅堰-永茂路
   读取坡度曲率: 梅堰-永茂路
   ? 梅堰-永茂路 | class3 | 313.0s -> 总:30300.5Wh (物理:27083.0Wh + 残差:3217.5Wh)
   ? 梅堰-永茂路 | class4 | 329.0s -> 总:26848.4Wh (物理:25949.6Wh + 残差:898.8Wh)
   ? 梅堰-永茂路 | class5 | 345.05s -> 总:23741.9Wh (物理:25501.0Wh + 残差:-1759.1Wh)
   加载残差模型: 永茂路-镇海大道
   读取坡度曲率: 永茂路-镇海大道
   ? 永茂路-镇海大道 | class2 | 141.0s -> 总:17129.6Wh (物理:21387.4Wh + 残差:-4257.8Wh)
   ? 永茂路-镇海大道 | class3 | 148.0s -> 总:17150.9Wh (物理:19361.4Wh + 残差:-2210.6Wh)
   ? 永茂路-镇海大道 | class4 | 156.0s -> 总:15613.8Wh (物理:17484.9Wh + 残差:-1871.1Wh)
   ? 永茂路-镇海大道 | class5 | 164.05s -> 总:15097.5Wh (物理:16067.8Wh + 残差:-970.4Wh)
   加载残差模型: 镇海大道-骆驼桥
   读取坡度曲率: 镇海大道-骆驼桥
   ? 镇海大道-骆驼桥 | class2 | 116.0s -> 总:20018.8Wh (物理:17779.5Wh + 残差:2239.3Wh)
   ? 镇海大道-骆驼桥 | class3 | 122.0s -> 总:19239.5Wh (物理:17723.3Wh + 残差:1516.2Wh)
   ? 镇海大道-骆驼桥 | class4 | 128.0s -> 总:17268.3Wh (物理:16295.7Wh + 残差:972.6Wh)
   ? 镇海大道-骆驼桥 | class5 | 134.0s -> 总:15833.3Wh (物理:15182.8Wh + 残差:650.6Wh)

? 评估完成！能耗菜单已生成：D:\energy_conservation\output\analysis\ato_class_energy_menu5_new_v3.csv
? 现在你可以运行 DP 调度算法来选择最优 Class 组合了。
Step finished with code 0. Log: D:\energy_conservation\output\pipeline_logs\20260703_225617\energy_menu.log

=== historical_baseline: Historical baseline calculation ===
Generate historical time/energy baseline used by the DP comparison report.
Command: C:\Users\bit11\AppData\Local\Programs\Python\Python311\python.exe D:\energy_conservation\scripts_new\00_main_pipeline\07_full_line_validation_results.py
Trip:    5 (segment index 4)
Target:  script default
Results: D:\energy_conservation\data\data_processed_step2_v3_all_curve_quality
ATO:     D:\energy_conservation\data\data_processed_step2_v3_all_curve_quality
Scope:   full
? 开始全线 26 个区间的历史数据验证：第 5 趟车...
历史数据目录: D:\energy_conservation\data\data_processed_step2_v3_all_curve_quality
[01/26] 正在处理: 布政-张家潭 ...
[02/26] 正在处理: 张家潭-同德路 ...
[03/26] 正在处理: 同德路-石碶 ...
[04/26] 正在处理: 石碶-雅渡 ...
[05/26] 正在处理: 雅渡-庙堰 ...
[06/26] 正在处理: 庙堰-钟公庙 ...
[07/26] 正在处理: 钟公庙-鄞州区政府 ...
[08/26] 正在处理: 鄞州区政府-钱湖南路 ...
[09/26] 正在处理: 钱湖南路-南高教园区 ...
[10/26] 正在处理: 南高教园区-下应路 ...
[11/26] 正在处理: 下应路-大洋江 ...
[12/26] 正在处理: 大洋江-泗港 ...
[13/26] 正在处理: 泗港-曹隘 ...
[14/26] 正在处理: 曹隘-柳隘 ...
[15/26] 正在处理: 柳隘-海晏北路 ...
[16/26] 正在处理: 海晏北路-民安东路 ...
[17/26] 正在处理: 民安东路-会展中心 ...
[18/26] 正在处理: 会展中心-院士路 ...
[19/26] 正在处理: 院士路-盎孟港 ...
[20/26] 正在处理: 盎孟港-三官堂 ...
[21/26] 正在处理: 三官堂-兴庄路 ...
[22/26] 正在处理: 兴庄路-兴海南路 ...
[23/26] 正在处理: 兴海南路-梅堰 ...
[24/26] 正在处理: 梅堰-永茂路 ...
[25/26] 正在处理: 永茂路-镇海大道 ...
[26/26] 正在处理: 镇海大道-骆驼桥 ...


============================================================
? 5号线全线 26 区间验证结果汇总
============================================================
      站间区间  历史运行时间(s)  历史实测能耗(Wh)  历史能耗(Wh)     物理占比         残差占比  误差(%)
    布政-张家潭     116.30    13108.53  13116.69 12977.37   139.320007   0.06
   张家潭-同德路     150.45    17458.04  17438.95 16728.02   710.929993  -0.11
    同德路-石碶     110.50    11767.72  11623.61 11586.40    37.209999  -1.22
     石碶-雅渡      83.90    13065.51  12926.14 11962.10   964.039978  -1.07
     雅渡-庙堰     130.00    21102.91  20216.12 20104.07   112.050003  -4.20
    庙堰-钟公庙      96.40    13037.62  12837.76 11875.76   962.000000  -1.53
 钟公庙-鄞州区政府      90.05    10306.10  10266.51 11364.24 -1097.729980  -0.38
鄞州区政府-钱湖南路     132.70    17209.04  16711.40 18033.24 -1321.839966  -2.89
钱湖南路-南高教园区     100.60    13790.07  13453.28 12177.23  1276.060059  -2.44
 南高教园区-下应路     115.90    18943.01  18685.44 14801.95  3883.489990  -1.36
   下应路-大洋江     105.50    11394.16  11118.50 10828.82   289.679993  -2.42
    大洋江-泗港      92.50    10679.52  10452.88  9238.05  1214.839966  -2.12
     泗港-曹隘     134.75    22526.53  22662.52 21250.73  1411.790039   0.60
     曹隘-柳隘     106.70    20827.52  20713.99 13383.24  7330.740234  -0.55
   柳隘-海晏北路      88.70    13379.49  13502.18 13656.06  -153.880005   0.92
 海晏北路-民安东路      83.95    15568.87  15379.03 12069.70  3309.330078  -1.22
 民安东路-会展中心      76.15    12272.75  12278.89 11116.36  1162.540039   0.05
  会展中心-院士路     114.95    14797.94  14703.78 17223.46 -2519.679932  -0.64
   院士路-盎孟港      90.65    19729.05  19577.84 13207.63  6370.200195  -0.77
   盎孟港-三官堂     136.55    17019.37  16642.82 18523.06 -1880.239990  -2.21
   三官堂-兴庄路     104.95    10566.75  10356.45  7933.04  2423.409912  -1.99
  兴庄路-兴海南路      92.10    11051.91  10930.60  9343.77  1586.839966  -1.10
   兴海南路-梅堰      81.25    12047.53  12056.40 13417.93 -1361.520020   0.07
    梅堰-永茂路     318.25    29025.22  29282.30 27725.02  1557.280029   0.89
  永茂路-镇海大道     142.35    17808.47  17549.28 20973.11 -3423.830078  -1.46
  镇海大道-骆驼桥     116.60    19865.41  19500.67 17643.33  1857.339966  -1.84

? 结果已保存至: D:\energy_conservation\full_line5_validation_results.csv
Step finished with code 0. Log: D:\energy_conservation\output\pipeline_logs\20260703_225617\historical_baseline.log

Pipeline finished successfully.
