[1/6] 同德路-石碶
  trips: 125
  completed 10/125
  completed 20/125
  completed 30/125
  completed 40/125
  completed 50/125
  completed 60/125
  completed 70/125
  completed 80/125
  completed 90/125
  completed 100/125
  completed 110/125
  completed 120/125
  completed 125/125
[2/6] 钟公庙-鄞州区政府
  trips: 125
  completed 10/125
  completed 20/125
  completed 30/125
  completed 40/125
  completed 50/125
  completed 60/125
  completed 70/125
  completed 80/125
  completed 90/125
  completed 100/125
  completed 110/125
  completed 120/125
  completed 125/125
[3/6] 下应路-大洋江
  trips: 125
  completed 10/125
  completed 20/125
  completed 30/125
  completed 40/125
  completed 50/125
  completed 60/125
  completed 70/125
  completed 80/125
  completed 90/125
  completed 100/125
  completed 110/125
  completed 120/125
  completed 125/125
[4/6] 柳隘-海晏北路
  trips: 127
  completed 10/127
  completed 20/127
  completed 30/127
  completed 40/127
  completed 50/127
  completed 60/127
  completed 70/127
  completed 80/127
  completed 90/127
  completed 100/127
  completed 110/127
  completed 120/127
  completed 127/127
[5/6] 院士路-盎孟港
  trips: 126
  completed 10/126
  completed 20/126
  completed 30/126
  completed 40/126
  completed 50/126
  completed 60/126
  completed 70/126
  completed 80/126
  completed 90/126
  completed 100/126
  completed 110/126
  completed 120/126
  completed 126/126
[6/6] 兴海南路-梅堰
  trips: 88
  completed 10/88
  completed 20/88
  completed 30/88
  completed 40/88
  completed 50/88
  completed 60/88
  completed 70/88
  completed 80/88
  completed 88/88
completed figures: 716
summary: D:\energy_conservation\output\analysis\physical_history_traceability_full26_figures\_parts\part_03\physical_history_trip_summary.csv
