[1/6] 石碶-雅渡
  trips: 125
  completed 10/125
  completed 20/125
  completed 30/125
  completed 40/125
  completed 50/125
  completed 60/125
  completed 70/125
  completed 80/125
  completed 90/125
  completed 100/125
  completed 110/125
  completed 120/125
  completed 125/125
[2/6] 鄞州区政府-钱湖南路
  trips: 125
  completed 10/125
  completed 20/125
  completed 30/125
  completed 40/125
  completed 50/125
  completed 60/125
  completed 70/125
  completed 80/125
  completed 90/125
  completed 100/125
  completed 110/125
  completed 120/125
  completed 125/125
[3/6] 大洋江-泗港
  trips: 125
  completed 10/125
  completed 20/125
  completed 30/125
  completed 40/125
  completed 50/125
  completed 60/125
  completed 70/125
  completed 80/125
  completed 90/125
  completed 100/125
  completed 110/125
  completed 120/125
  completed 125/125
[4/6] 海晏北路-民安东路
  trips: 127
  completed 10/127
  completed 20/127
  completed 30/127
  completed 40/127
  completed 50/127
  completed 60/127
  completed 70/127
  completed 80/127
  completed 90/127
  completed 100/127
  completed 110/127
  completed 120/127
  completed 127/127
[5/6] 盎孟港-三官堂
  trips: 126
  completed 10/126
  completed 20/126
  completed 30/126
  completed 40/126
  completed 50/126
  completed 60/126
  completed 70/126
  completed 80/126
  completed 90/126
  completed 100/126
  completed 110/126
  completed 120/126
  completed 126/126
[6/6] 梅堰-永茂路
  trips: 70
  completed 10/70
  completed 20/70
  completed 30/70
  completed 40/70
  completed 50/70
  completed 60/70
  completed 70/70
completed figures: 698
summary: D:\energy_conservation\output\analysis\physical_history_traceability_full26_figures\_parts\part_04\physical_history_trip_summary.csv
