[1/7] 布政-张家潭
  trips: 125
  completed 10/125
  completed 20/125
  completed 30/125
  completed 40/125
  completed 50/125
  completed 60/125
  completed 70/125
  completed 80/125
  completed 90/125
  completed 100/125
  completed 110/125
  completed 120/125
  completed 125/125
[2/7] 雅渡-庙堰
  trips: 125
  completed 10/125
  completed 20/125
  completed 30/125
  completed 40/125
  completed 50/125
  completed 60/125
  completed 70/125
  completed 80/125
  completed 90/125
  completed 100/125
  completed 110/125
  completed 120/125
  completed 125/125
[3/7] 钱湖南路-南高教园区
  trips: 125
  completed 10/125
  completed 20/125
  completed 30/125
  completed 40/125
  completed 50/125
  completed 60/125
  completed 70/125
  completed 80/125
  completed 90/125
  completed 100/125
  completed 110/125
  completed 120/125
  completed 125/125
[4/7] 泗港-曹隘
  trips: 127
  completed 10/127
  completed 20/127
  completed 30/127
  completed 40/127
  completed 50/127
  completed 60/127
  completed 70/127
  completed 80/127
  completed 90/127
  completed 100/127
  completed 110/127
  completed 120/127
  completed 127/127
[5/7] 民安东路-会展中心
  trips: 126
  completed 10/126
  completed 20/126
  completed 30/126
  completed 40/126
  completed 50/126
  completed 60/126
  completed 70/126
  completed 80/126
  completed 90/126
  completed 100/126
  completed 110/126
  completed 120/126
  completed 126/126
[6/7] 三官堂-兴庄路
  trips: 126
  completed 10/126
  completed 20/126
  completed 30/126
  completed 40/126
  completed 50/126
  completed 60/126
  completed 70/126
  completed 80/126
  completed 90/126
  completed 100/126
  completed 110/126
  completed 120/126
  completed 126/126
[7/7] 永茂路-镇海大道
  trips: 126
  completed 10/126
  completed 20/126
  completed 30/126
  completed 40/126
  completed 50/126
  completed 60/126
  completed 70/126
  completed 80/126
  completed 90/126
  completed 100/126
  completed 110/126
  completed 120/126
  completed 126/126
completed figures: 880
summary: D:\energy_conservation\output\analysis\physical_history_traceability_full26_figures\_parts\part_01\physical_history_trip_summary.csv
