Project root: D:\energy_conservation
Python:       C:\Users\bit11\AppData\Local\Programs\Python\Python311\python.exe
Log dir:      D:\energy_conservation\output\pipeline_logs\20260704_003459
Dry run:      False
Trip no:      6 (segment index 5)
Target time:  3656.90s
Results dir:  D:\energy_conservation\data\data_processed_step2_v3_all_curve_quality
ATO dir:      D:\energy_conservation\data\data_processed_step2_v3_all_curve_quality
Line scope:   full

Selected steps:
01. dp_schedule
    title: DP schedule optimization
    script: scripts_new/00_main_pipeline/08_ato_class_globall_v2.py
    desc:  Select the lowest-energy class combination and write final comparison outputs.

=== dp_schedule: DP schedule optimization ===
Select the lowest-energy class combination and write final comparison outputs.
Command: C:\Users\bit11\AppData\Local\Programs\Python\Python311\python.exe D:\energy_conservation\scripts_new\00_main_pipeline\08_ato_class_globall_v2.py
Trip:    6 (segment index 5)
Target:  3656.90s
Results: D:\energy_conservation\data\data_processed_step2_v3_all_curve_quality
ATO:     D:\energy_conservation\data\data_processed_step2_v3_all_curve_quality
Scope:   full
已删除旧 DP 输出: D:\energy_conservation\output\schedule\final_plan_report_v2\Final_Planning_Comparison.csv
已删除旧 DP 输出: D:\energy_conservation\output\schedule\final_plan_report_v2\Final_Planning_Comparison_Energy_First.csv
Trip: 6 (segment index 5)
Target total time: 3656.90s
Line scope: full (26 sections)
Menu file: D:\energy_conservation\output\analysis\ato_class_energy_menu6_new_v3.csv
History file: D:\energy_conservation\full_line6_validation_results.csv
Historical curve data dir: D:\energy_conservation\data\data_processed_step2_v3_all_curve_quality
Max run (at min dwell): 3056.9s
Nom run (at nominal):   2906.9s
Dwell budget to trade:   150s

DP input diagnostics:
  Selected trip: 6 (segment index 5)
  Target total time: 3656.9s
  Allowed running time: <= 3056.9s with min dwell, nominal target run 2906.9s
  Dwell totals: nominal=750.0s, min=600.0s
  Historical selected-trip run time in full_line6_validation_results.csv: 2906.9s (full-line, dwell not included)
  Historical selected-trip total with nominal dwell: 3656.9s
  Historical selected-trip total with min dwell:     3506.9s
  Menu coverage: 26/26 sections
  History coverage: 26/26 sections
Dwell config (25 intervals):
  布政-张家潭: nominal=30s, min=24s [elastic (24-30s)]
  张家潭-同德路: nominal=30s, min=24s [elastic (24-30s)]
  同德路-石碶: nominal=30s, min=24s [elastic (24-30s)]
  石碶-雅渡: nominal=30s, min=24s [elastic (24-30s)]
  雅渡-庙堰: nominal=30s, min=24s [elastic (24-30s)]
  庙堰-钟公庙: nominal=30s, min=24s [elastic (24-30s)]
  钟公庙-鄞州区政府: nominal=30s, min=24s [elastic (24-30s)]
  鄞州区政府-钱湖南路: nominal=30s, min=24s [elastic (24-30s)]
  钱湖南路-南高教园区: nominal=30s, min=24s [elastic (24-30s)]
  南高教园区-下应路: nominal=30s, min=24s [elastic (24-30s)]
  下应路-大洋江: nominal=30s, min=24s [elastic (24-30s)]
  大洋江-泗港: nominal=30s, min=24s [elastic (24-30s)]
  泗港-曹隘: nominal=30s, min=24s [elastic (24-30s)]
  曹隘-柳隘: nominal=30s, min=24s [elastic (24-30s)]
  柳隘-海晏北路: nominal=30s, min=24s [elastic (24-30s)]
  海晏北路-民安东路: nominal=30s, min=24s [elastic (24-30s)]
  民安东路-会展中心: nominal=30s, min=24s [elastic (24-30s)]
  会展中心-院士路: nominal=30s, min=24s [elastic (24-30s)]
  院士路-盎孟港: nominal=30s, min=24s [elastic (24-30s)]
  盎孟港-三官堂: nominal=30s, min=24s [elastic (24-30s)]
  三官堂-兴庄路: nominal=30s, min=24s [elastic (24-30s)]
  兴庄路-兴海南路: nominal=30s, min=24s [elastic (24-30s)]
  兴海南路-梅堰: nominal=30s, min=24s [elastic (24-30s)]
  梅堰-永茂路: nominal=30s, min=24s [elastic (24-30s)]
  永茂路-镇海大道: nominal=30s, min=24s [elastic (24-30s)]
  镇海大道-骆驼桥: nominal=30s, min=24s [elastic (24-30s)]

DP stage: real_only | sources=['real'] | score=priority_first
  [1/26] 布政-张家潭 -> 3 states
  [2/26] 张家潭-同德路 -> 12 states
  [3/26] 同德路-石碶 -> 33 states
  [4/26] 石碶-雅渡 -> 64 states
  [5/26] 雅渡-庙堰 -> 90 states
  [6/26] 庙堰-钟公庙 -> 106 states
  [7/26] 钟公庙-鄞州区政府 -> 126 states
  [8/26] 鄞州区政府-钱湖南路 -> 148 states
  [9/26] 钱湖南路-南高教园区 -> 166 states
  [10/26] 南高教园区-下应路 -> 186 states
  [11/26] 下应路-大洋江 -> 206 states
  [12/26] 大洋江-泗港 -> 224 states
  [13/26] 泗港-曹隘 -> 224 states
  [14/26] 曹隘-柳隘 -> 238 states
  [15/26] 柳隘-海晏北路 -> 258 states
  [16/26] 海晏北路-民安东路 -> 270 states
  [17/26] 民安东路-会展中心 -> 284 states
  [18/26] 会展中心-院士路 -> 296 states
  [19/26] 院士路-盎孟港 -> 602 states
  [20/26] 盎孟港-三官堂 -> 658 states
  [21/26] 三官堂-兴庄路 -> 718 states
  [22/26] 兴庄路-兴海南路 -> 754 states
  [23/26] 兴海南路-梅堰 -> 770 states
  [24/26] 梅堰-永茂路 -> 834 states
  [25/26] 永茂路-镇海大道 -> 894 states
  [26/26] 镇海大道-骆驼桥 -> 603 states

Selected priority-first plan: real_only
Feasible states: 523
Best:  run=3056.1s, energy=353522.5 Wh, extrapolated=0, interpolated=0

Priority-first report: Run: 3056.0s | Dwell: 600.0s | Total: 3656.0s (target: 3656.9s)
Energy: 353522.5 Wh | Saving: 19.09%
  Dwell after 布政-张家潭: 24.0s -> min=24s
  Dwell after 张家潭-同德路: 24.0s -> min=24s
  Dwell after 同德路-石碶: 24.0s -> min=24s
  Dwell after 石碶-雅渡: 24.0s -> min=24s
  Dwell after 雅渡-庙堰: 24.0s -> min=24s
  Dwell after 庙堰-钟公庙: 24.0s -> min=24s
  Dwell after 钟公庙-鄞州区政府: 24.0s -> min=24s
  Dwell after 鄞州区政府-钱湖南路: 24.0s -> min=24s
  Dwell after 钱湖南路-南高教园区: 24.0s -> min=24s
  Dwell after 南高教园区-下应路: 24.0s -> min=24s
  Dwell after 下应路-大洋江: 24.0s -> min=24s
  Dwell after 大洋江-泗港: 24.0s -> min=24s
  Dwell after 泗港-曹隘: 24.0s -> min=24s
  Dwell after 曹隘-柳隘: 24.0s -> min=24s
  Dwell after 柳隘-海晏北路: 24.0s -> min=24s
  Dwell after 海晏北路-民安东路: 24.0s -> min=24s
  Dwell after 民安东路-会展中心: 24.0s -> min=24s
  Dwell after 会展中心-院士路: 24.0s -> min=24s
  Dwell after 院士路-盎孟港: 24.0s -> min=24s
  Dwell after 盎孟港-三官堂: 24.0s -> min=24s
  Dwell after 三官堂-兴庄路: 24.0s -> min=24s
  Dwell after 兴庄路-兴海南路: 24.0s -> min=24s
  Dwell after 兴海南路-梅堰: 24.0s -> min=24s
  Dwell after 梅堰-永茂路: 24.0s -> min=24s
  Dwell after 永茂路-镇海大道: 24.0s -> min=24s

DP stage: energy_first | sources=['extrapolated_adjacent', 'interpolated', 'real'] | score=energy_first
  [1/26] 布政-张家潭 -> 3 states
  [2/26] 张家潭-同德路 -> 12 states
  [3/26] 同德路-石碶 -> 33 states
  [4/26] 石碶-雅渡 -> 64 states
  [5/26] 雅渡-庙堰 -> 90 states
  [6/26] 庙堰-钟公庙 -> 106 states
  [7/26] 钟公庙-鄞州区政府 -> 126 states
  [8/26] 鄞州区政府-钱湖南路 -> 148 states
  [9/26] 钱湖南路-南高教园区 -> 166 states
  [10/26] 南高教园区-下应路 -> 186 states
  [11/26] 下应路-大洋江 -> 206 states
  [12/26] 大洋江-泗港 -> 224 states
  [13/26] 泗港-曹隘 -> 224 states
  [14/26] 曹隘-柳隘 -> 238 states
  [15/26] 柳隘-海晏北路 -> 258 states
  [16/26] 海晏北路-民安东路 -> 270 states
  [17/26] 民安东路-会展中心 -> 284 states
  [18/26] 会展中心-院士路 -> 296 states
  [19/26] 院士路-盎孟港 -> 602 states
  [20/26] 盎孟港-三官堂 -> 658 states
  [21/26] 三官堂-兴庄路 -> 718 states
  [22/26] 兴庄路-兴海南路 -> 754 states
  [23/26] 兴海南路-梅堰 -> 770 states
  [24/26] 梅堰-永茂路 -> 834 states
  [25/26] 永茂路-镇海大道 -> 894 states
  [26/26] 镇海大道-骆驼桥 -> 603 states

Selected energy-first plan: energy_first
Feasible states: 523
Best:  run=3056.1s, energy=353522.5 Wh, extrapolated=0, interpolated=0

Energy-first report: Run: 3056.0s | Dwell: 600.0s | Total: 3656.0s (target: 3656.9s)
Energy: 353522.5 Wh | Saving: 19.09%
Skipping DP plot outputs because ENERGY_SKIP_PLOTS=1.
Done. Energy: 353.522 kWh, Time: 3656.0s (strict = 3656.9s)
Step finished with code 0. Log: D:\energy_conservation\output\pipeline_logs\20260704_003459\dp_schedule.log

Pipeline finished successfully.
