# step: historical_baseline
# command: C:\Users\bit11\AppData\Local\Programs\Python\Python311\python.exe D:\energy_conservation\scripts_new\00_main_pipeline\07_full_line_validation_results.py
# ENERGY_TRIP_NO: 6
# ENERGY_TRIP_INDEX: 5
# ENERGY_TARGET_TIME: script default
# ENERGY_RESULTS_DATA_DIR: D:\energy_conservation\data\data_processed_step2_v3_all_curve_quality_traceability
# ENERGY_ATO_DATA_DIR: D:\energy_conservation\data\data_processed_step2_v3_all_curve_quality_traceability
# ENERGY_LINE_SCOPE: full
# ENERGY_TRACEABILITY_MANIFEST: D:\energy_conservation\data\data_processed_step2_v3_all_curve_quality_traceability\trip_traceability_manifest_v1.csv
# PYTHONIOENCODING: utf-8:replace
# started: 2026-07-20T17:25:23

已删除旧历史基准: D:\energy_conservation\full_line6_validation_results.csv
🚀 开始全线 26 个区间的历史数据验证：第 6 趟车...
历史数据目录: D:\energy_conservation\data\data_processed_step2_v3_all_curve_quality_traceability
趟次选择方式: 全局运行链追溯
全局趟次ID:   UP006_20240701_171011_R274
追溯表:       D:\energy_conservation\data\data_processed_step2_v3_all_curve_quality_traceability\trip_traceability_manifest_v1.csv
映射区间数:   26
[01/26] 正在处理: 布政-张家潭 ...
[02/26] 正在处理: 张家潭-同德路 ...
[03/26] 正在处理: 同德路-石碶 ...
[04/26] 正在处理: 石碶-雅渡 ...
[05/26] 正在处理: 雅渡-庙堰 ...
[06/26] 正在处理: 庙堰-钟公庙 ...
[07/26] 正在处理: 钟公庙-鄞州区政府 ...
[08/26] 正在处理: 鄞州区政府-钱湖南路 ...
[09/26] 正在处理: 钱湖南路-南高教园区 ...
[10/26] 正在处理: 南高教园区-下应路 ...
[11/26] 正在处理: 下应路-大洋江 ...
[12/26] 正在处理: 大洋江-泗港 ...
[13/26] 正在处理: 泗港-曹隘 ...
[14/26] 正在处理: 曹隘-柳隘 ...
[15/26] 正在处理: 柳隘-海晏北路 ...
[16/26] 正在处理: 海晏北路-民安东路 ...
[17/26] 正在处理: 民安东路-会展中心 ...
[18/26] 正在处理: 会展中心-院士路 ...
[19/26] 正在处理: 院士路-盎孟港 ...
[20/26] 正在处理: 盎孟港-三官堂 ...
[21/26] 正在处理: 三官堂-兴庄路 ...
[22/26] 正在处理: 兴庄路-兴海南路 ...
[23/26] 正在处理: 兴海南路-梅堰 ...
[24/26] 正在处理: 梅堰-永茂路 ...
[25/26] 正在处理: 永茂路-镇海大道 ...
[26/26] 正在处理: 镇海大道-骆驼桥 ...


============================================================
🔥 5号线全线 26 区间验证结果汇总
============================================================
      站间区间  历史运行时间(s)  历史实测能耗(Wh)  历史能耗(Wh)     物理占比         残差占比  误差(%)                     全局趟次ID 历史segment 历史来源run_id       趟次选择方式
    布政-张家潭     117.30    13157.57  13153.48 13067.67    85.809998  -0.03 UP006_20240701_171011_R274         5        274 traceability
   张家潭-同德路     150.65    17544.99  17466.44 16709.05   757.390015  -0.45 UP006_20240701_171011_R274         5        275 traceability
    同德路-石碶     105.25    15224.39  15073.98 14998.61    75.370003  -0.99 UP006_20240701_171011_R274         5        276 traceability
     石碶-雅渡      78.75    12939.97  12960.75 12884.10    76.650002   0.16 UP006_20240701_171011_R274         5        277 traceability
     雅渡-庙堰     133.65    20940.58  19857.84 19488.31   369.529999  -5.17 UP006_20240701_171011_R274         5        278 traceability
    庙堰-钟公庙      94.50    15968.47  15681.17 14437.66  1243.510010  -1.80 UP006_20240701_171011_R274         5        279 traceability
 钟公庙-鄞州区政府      89.10    13551.39  13456.30 14020.77  -564.479980  -0.70 UP006_20240701_171011_R274         5        280 traceability
鄞州区政府-钱湖南路     126.50    18803.25  18419.28 20900.74 -2481.459961  -2.04 UP006_20240701_171011_R274         5        281 traceability
钱湖南路-南高教园区      96.90    15653.37  15330.54 14540.21   790.340027  -2.06 UP006_20240701_171011_R274         5        282 traceability
 南高教园区-下应路     110.30    20574.15  20230.87 15718.17  4512.709961  -1.67 UP006_20240701_171011_R274         5        283 traceability
   下应路-大洋江     101.75    14998.70  14791.77 14322.20   469.559998  -1.38 UP006_20240701_171011_R274         5        284 traceability
    大洋江-泗港      91.25    12113.82  11832.82 10655.19  1177.630005  -2.32 UP006_20240701_171011_R274         5        285 traceability
     泗港-曹隘     133.95    23563.21  23565.45 22975.01   590.450012   0.01 UP006_20240701_171011_R274         5        286 traceability
     曹隘-柳隘     106.60    21548.44  21437.77 13809.07  7628.689941  -0.51 UP006_20240701_171011_R274         5        287 traceability
   柳隘-海晏北路      88.95    15180.26  15237.19 14659.72   577.469971   0.38 UP006_20240701_171011_R274         5        288 traceability
 海晏北路-民安东路      83.80    16392.01  16242.82 12581.68  3661.139893  -0.91 UP006_20240701_171011_R274         5        289 traceability
 民安东路-会展中心      76.70    14197.15  14105.10 11940.48  2164.620117  -0.65 UP006_20240701_171011_R274         5        290 traceability
  会展中心-院士路     114.35    15905.12  15712.80 18386.97 -2674.169922  -1.21 UP006_20240701_171011_R274         5        291 traceability
   院士路-盎孟港      90.00    20392.67  20217.47 13816.24  6401.229980  -0.86 UP006_20240701_171011_R274         5        292 traceability
   盎孟港-三官堂     130.60    20078.49  20129.52 21583.12 -1453.599976   0.25 UP006_20240701_171011_R274         5        293 traceability
   三官堂-兴庄路      98.10    11604.37  11431.21 10028.28  1402.930054  -1.49 UP006_20240701_171011_R274         5        294 traceability
  兴庄路-兴海南路      88.40    14994.04  14876.49 12188.64  2687.840088  -0.78 UP006_20240701_171011_R274         5        295 traceability
   兴海南路-梅堰      81.35    13391.91  13334.03 14069.04  -735.010010  -0.43 UP006_20240701_171011_R274         5        296 traceability
    梅堰-永茂路     318.25    29025.22  29282.30 27725.02  1557.280029   0.89 UP006_20240701_171011_R274         4        297 traceability
  永茂路-镇海大道     142.15    18214.62  17696.77 21042.96 -3346.189941  -2.84 UP006_20240701_171011_R274         5        298 traceability
  镇海大道-骆驼桥     117.20    20329.70  19981.18 17810.82  2170.360107  -1.71 UP006_20240701_171011_R274         5        299 traceability

✅ 结果已保存至: D:\energy_conservation\full_line6_validation_results.csv

# finished: 2026-07-20T18:16:00
# return_code: 0
# elapsed_seconds: 3037.1
