Project root: D:\energy_conservation
Python:       C:\Users\bit11\AppData\Local\Programs\Python\Python311\python.exe
Log dir:      D:\energy_conservation\output\pipeline_logs\20260704_113233
Dry run:      False
Trip no:      10 (segment index 9)
Target time:  script default
Results dir:  D:\energy_conservation\data\data_processed_step2_v3_all_curve_quality
ATO dir:      D:\energy_conservation\data\data_processed_step2_v3_all_curve_quality
Line scope:   full

Selected steps:
01. energy_menu
    title: Energy menu calculation
    script: scripts_new/00_main_pipeline/06_ato_generated_results_energy.py
    desc:  Calculate physical + residual-AI energy for generated curves.
02. historical_baseline
    title: Historical baseline calculation
    script: scripts_new/00_main_pipeline/07_full_line_validation_results.py
    desc:  Generate historical time/energy baseline used by the DP comparison report.

=== energy_menu: Energy menu calculation ===
Calculate physical + residual-AI energy for generated curves.
Command: C:\Users\bit11\AppData\Local\Programs\Python\Python311\python.exe D:\energy_conservation\scripts_new\00_main_pipeline\06_ato_generated_results_energy.py
Trip:    10 (segment index 9)
Target:  script default
Results: D:\energy_conservation\data\data_processed_step2_v3_all_curve_quality
ATO:     D:\energy_conservation\data\data_processed_step2_v3_all_curve_quality
Scope:   full
按测试数据目录筛选能耗菜单区间: 26 个
按 line scope 筛选后能耗菜单区间: 26 个
   读取重量: 布政-张家潭 trip 10
   读取重量: 张家潭-同德路 trip 10
   读取重量: 同德路-石碶 trip 10
   读取重量: 石碶-雅渡 trip 10
   读取重量: 雅渡-庙堰 trip 10
   读取重量: 庙堰-钟公庙 trip 10
   读取重量: 钟公庙-鄞州区政府 trip 10
   读取重量: 鄞州区政府-钱湖南路 trip 10
   读取重量: 钱湖南路-南高教园区 trip 10
   读取重量: 南高教园区-下应路 trip 10
   读取重量: 下应路-大洋江 trip 10
   读取重量: 大洋江-泗港 trip 10
   读取重量: 泗港-曹隘 trip 10
   读取重量: 曹隘-柳隘 trip 10
   读取重量: 柳隘-海晏北路 trip 10
   读取重量: 海晏北路-民安东路 trip 10
   读取重量: 民安东路-会展中心 trip 10
   读取重量: 会展中心-院士路 trip 10
   读取重量: 院士路-盎孟港 trip 10
   读取重量: 盎孟港-三官堂 trip 10
   读取重量: 三官堂-兴庄路 trip 10
   读取重量: 兴庄路-兴海南路 trip 10
   读取重量: 兴海南路-梅堰 trip 10
   读取重量: 梅堰-永茂路 trip 10
   读取重量: 永茂路-镇海大道 trip 10
   读取重量: 镇海大道-骆驼桥 trip 10
已生成区间参数表: D:\energy_conservation\data\static\section_params_trip10.csv | 更新 MASS: 26 | 跳过非本次区间: 0 | 沿用旧值: 0 | 保留模板值: 0
? 开始批量评估 26 个区间的 ATO 轨迹能耗：第 10 趟车...
地图/历史数据目录: D:\energy_conservation\data\data_processed_step2_v3_all_curve_quality
   加载残差模型: 布政-张家潭
   读取坡度曲率: 布政-张家潭
   ? 布政-张家潭 | class3 | 115.0s -> 总:12947.6Wh (物理:12911.0Wh + 残差:36.6Wh)
   ? 布政-张家潭 | class4 | 121.0s -> 总:14024.2Wh (物理:14131.4Wh + 残差:-107.2Wh)
   ? 布政-张家潭 | class5 | 127.05s -> 总:12627.7Wh (物理:13231.8Wh + 残差:-604.1Wh)
   加载残差模型: 张家潭-同德路
   读取坡度曲率: 张家潭-同德路
   ? 张家潭-同德路 | class1 | 141.0s -> 总:17890.7Wh (物理:18567.4Wh + 残差:-676.7Wh)
   ? 张家潭-同德路 | class2 | 148.0s -> 总:17599.2Wh (物理:18097.3Wh + 残差:-498.1Wh)
   ? 张家潭-同德路 | class3 | 151.0s -> 总:17915.9Wh (物理:17164.4Wh + 残差:751.4Wh)
   ? 张家潭-同德路 | class4 | 158.95s -> 总:16531.8Wh (物理:15798.0Wh + 残差:733.9Wh)
   加载残差模型: 同德路-石碶
   读取坡度曲率: 同德路-石碶
   ? 同德路-石碶 | class3 | 108.95s -> 总:13094.4Wh (物理:13065.8Wh + 残差:28.6Wh)
   ? 同德路-石碶 | class4 | 114.0s -> 总:13318.0Wh (物理:13507.4Wh + 残差:-189.4Wh)
   ? 同德路-石碶 | class5 | 120.0s -> 总:11776.2Wh (物理:12121.4Wh + 残差:-345.1Wh)
   加载残差模型: 石碶-雅渡
   读取坡度曲率: 石碶-雅渡
   ? 石碶-雅渡 | class2 | 80.0s -> 总:11015.2Wh (物理:10279.9Wh + 残差:735.3Wh)
   ? 石碶-雅渡 | class3 | 82.0s -> 总:11448.8Wh (物理:12095.9Wh + 残差:-647.1Wh)
   ? 石碶-雅渡 | class4 | 85.95s -> 总:11551.9Wh (物理:9940.2Wh + 残差:1611.7Wh)
   ? 石碶-雅渡 | class5 | 90.0s -> 总:8857.3Wh (物理:7433.1Wh + 残差:1424.2Wh)
   加载残差模型: 雅渡-庙堰
   读取坡度曲率: 雅渡-庙堰
   ? 雅渡-庙堰 | class2 | 129.0s -> 总:20493.5Wh (物理:20610.4Wh + 残差:-116.9Wh)
   ? 雅渡-庙堰 | class3 | 131.95s -> 总:19819.5Wh (物理:19563.3Wh + 残差:256.2Wh)
   ? 雅渡-庙堰 | class4 | 139.0s -> 总:18155.4Wh (物理:18222.0Wh + 残差:-66.6Wh)
   ? 雅渡-庙堰 | class5 | 146.0s -> 总:15935.1Wh (物理:16643.5Wh + 残差:-708.4Wh)
   加载残差模型: 庙堰-钟公庙
   读取坡度曲率: 庙堰-钟公庙
   ? 庙堰-钟公庙 | class3 | 95.95s -> 总:12463.4Wh (物理:11642.8Wh + 残差:820.7Wh)
   ? 庙堰-钟公庙 | class4 | 101.0s -> 总:10841.3Wh (物理:9412.4Wh + 残差:1428.9Wh)
   加载残差模型: 钟公庙-鄞州区政府
   读取坡度曲率: 钟公庙-鄞州区政府
   ? 钟公庙-鄞州区政府 | class3 | 90.0s -> 总:10313.8Wh (物理:11493.5Wh + 残差:-1179.8Wh)
   ? 钟公庙-鄞州区政府 | class4 | 94.95s -> 总:7956.1Wh (物理:9736.5Wh + 残差:-1780.4Wh)
   ? 钟公庙-鄞州区政府 | class5 | 99.0s -> 总:6107.2Wh (物理:8404.1Wh + 残差:-2296.9Wh)
   加载残差模型: 鄞州区政府-钱湖南路
   读取坡度曲率: 鄞州区政府-钱湖南路
   ? 鄞州区政府-钱湖南路 | class2 | 127.95s -> 总:18479.3Wh (物理:20240.2Wh + 残差:-1760.9Wh)
   ? 鄞州区政府-钱湖南路 | class3 | 132.05s -> 总:16036.1Wh (物理:18374.4Wh + 残差:-2338.3Wh)
   ? 鄞州区政府-钱湖南路 | class4 | 139.0s -> 总:15215.6Wh (物理:16852.6Wh + 残差:-1637.1Wh)
   加载残差模型: 钱湖南路-南高教园区
   读取坡度曲率: 钱湖南路-南高教园区
   ? 钱湖南路-南高教园区 | class3 | 100.05s -> 总:13575.2Wh (物理:12502.6Wh + 残差:1072.6Wh)
   ? 钱湖南路-南高教园区 | class4 | 104.95s -> 总:11774.5Wh (物理:10225.4Wh + 残差:1549.1Wh)
   加载残差模型: 南高教园区-下应路
   读取坡度曲率: 南高教园区-下应路
   ? 南高教园区-下应路 | class2 | 110.0s -> 总:20814.5Wh (物理:16246.7Wh + 残差:4567.8Wh)
   ? 南高教园区-下应路 | class3 | 114.0s -> 总:18386.6Wh (物理:14491.1Wh + 残差:3895.6Wh)
   ? 南高教园区-下应路 | class4 | 119.95s -> 总:16567.0Wh (物理:13584.9Wh + 残差:2982.1Wh)
   加载残差模型: 下应路-大洋江
   读取坡度曲率: 下应路-大洋江
   ? 下应路-大洋江 | class2 | 101.0s -> 总:13296.3Wh (物理:13113.3Wh + 残差:183.0Wh)
   ? 下应路-大洋江 | class3 | 106.0s -> 总:11259.4Wh (物理:10937.6Wh + 残差:321.9Wh)
   ? 下应路-大洋江 | class4 | 110.95s -> 总:11660.5Wh (物理:11334.5Wh + 残差:326.0Wh)
   ? 下应路-大洋江 | class5 | 117.0s -> 总:10658.2Wh (物理:9868.6Wh + 残差:789.6Wh)
   加载残差模型: 大洋江-泗港
   读取坡度曲率: 大洋江-泗港
   ? 大洋江-泗港 | class3 | 92.0s -> 总:10749.7Wh (物理:9517.2Wh + 残差:1232.5Wh)
   ? 大洋江-泗港 | class4 | 96.0s -> 总:9549.7Wh (物理:7918.4Wh + 残差:1631.3Wh)
   加载残差模型: 泗港-曹隘
   读取坡度曲率: 泗港-曹隘
   ? 泗港-曹隘 | class2 | 128.05s -> 总:20201.0Wh (物理:19660.3Wh + 残差:540.7Wh)
   ? 泗港-曹隘 | class4 | 137.0s -> 总:22951.0Wh (物理:22061.4Wh + 残差:889.6Wh)
   ? 泗港-曹隘 | class5 | 143.0s -> 总:21167.6Wh (物理:19632.6Wh + 残差:1535.0Wh)
   加载残差模型: 曹隘-柳隘
   读取坡度曲率: 曹隘-柳隘
   ? 曹隘-柳隘 | class2 | 106.05s -> 总:21442.9Wh (物理:14739.6Wh + 残差:6703.2Wh)
   ? 曹隘-柳隘 | class3 | 108.0s -> 总:19883.5Wh (物理:12709.1Wh + 残差:7174.4Wh)
   ? 曹隘-柳隘 | class4 | 112.95s -> 总:15975.5Wh (物理:10639.1Wh + 残差:5336.5Wh)
   ? 曹隘-柳隘 | class5 | 119.0s -> 总:13527.9Wh (物理:9631.4Wh + 残差:3896.5Wh)
   加载残差模型: 柳隘-海晏北路
   读取坡度曲率: 柳隘-海晏北路
   ? 柳隘-海晏北路 | class3 | 91.95s -> 总:11489.6Wh (物理:10762.1Wh + 残差:727.5Wh)
   ? 柳隘-海晏北路 | class4 | 96.0s -> 总:10286.5Wh (物理:8693.3Wh + 残差:1593.3Wh)
   加载残差模型: 海晏北路-民安东路
   读取坡度曲率: 海晏北路-民安东路
   ? 海晏北路-民安东路 | class3 | 85.0s -> 总:14753.0Wh (物理:11058.1Wh + 残差:3694.8Wh)
   ? 海晏北路-民安东路 | class4 | 88.95s -> 总:12374.0Wh (物理:8159.4Wh + 残差:4214.5Wh)
   加载残差模型: 民安东路-会展中心
   读取坡度曲率: 民安东路-会展中心
   ? 民安东路-会展中心 | class2 | 76.0s -> 总:15194.0Wh (物理:15397.2Wh + 残差:-203.2Wh)
   ? 民安东路-会展中心 | class3 | 78.95s -> 总:11650.3Wh (物理:10073.0Wh + 残差:1577.4Wh)
   ? 民安东路-会展中心 | class4 | 83.0s -> 总:6921.2Wh (物理:7197.5Wh + 残差:-276.3Wh)
   加载残差模型: 会展中心-院士路
   读取坡度曲率: 会展中心-院士路
   ? 会展中心-院士路 | class3 | 115.0s -> 总:14971.6Wh (物理:17647.4Wh + 残差:-2675.8Wh)
   ? 会展中心-院士路 | class4 | 121.0s -> 总:13348.2Wh (物理:16080.8Wh + 残差:-2732.6Wh)
   加载残差模型: 院士路-盎孟港
   读取坡度曲率: 院士路-盎孟港
   ? 院士路-盎孟港 | class3 | 90.95s -> 总:17839.6Wh (物理:11606.4Wh + 残差:6233.2Wh)
   ? 院士路-盎孟港 | class4 | 95.95s -> 总:14046.2Wh (物理:8358.9Wh + 残差:5687.4Wh)
   加载残差模型: 盎孟港-三官堂
   读取坡度曲率: 盎孟港-三官堂
   ? 盎孟港-三官堂 | class2 | 132.0s -> 总:17573.5Wh (物理:20611.9Wh + 残差:-3038.4Wh)
   ? 盎孟港-三官堂 | class3 | 138.95s -> 总:17059.3Wh (物理:17930.4Wh + 残差:-871.1Wh)
   ? 盎孟港-三官堂 | class4 | 146.0s -> 总:16395.1Wh (物理:16864.3Wh + 残差:-469.2Wh)
   加载残差模型: 三官堂-兴庄路
   读取坡度曲率: 三官堂-兴庄路
   ? 三官堂-兴庄路 | class1 | 94.05s -> 总:13088.1Wh (物理:13236.4Wh + 残差:-148.3Wh)
   ? 三官堂-兴庄路 | class2 | 99.0s -> 总:11523.1Wh (物理:9867.3Wh + 残差:1655.8Wh)
   ? 三官堂-兴庄路 | class3 | 104.05s -> 总:10474.9Wh (物理:8287.8Wh + 残差:2187.1Wh)
   ? 三官堂-兴庄路 | class4 | 109.0s -> 总:9934.6Wh (物理:7504.8Wh + 残差:2429.8Wh)
   加载残差模型: 兴庄路-兴海南路
   读取坡度曲率: 兴庄路-兴海南路
   ? 兴庄路-兴海南路 | class2 | 86.95s -> 总:15800.9Wh (物理:14605.7Wh + 残差:1195.2Wh)
   ? 兴庄路-兴海南路 | class4 | 95.95s -> 总:9408.4Wh (物理:7931.6Wh + 残差:1476.8Wh)
   加载残差模型: 兴海南路-梅堰
   读取坡度曲率: 兴海南路-梅堰
   ? 兴海南路-梅堰 | class3 | 81.95s -> 总:11291.6Wh (物理:11873.9Wh + 残差:-582.2Wh)
   ? 兴海南路-梅堰 | class4 | 86.0s -> 总:9540.7Wh (物理:8055.7Wh + 残差:1485.0Wh)
   加载残差模型: 梅堰-永茂路
   读取坡度曲率: 梅堰-永茂路
   ? 梅堰-永茂路 | class3 | 313.0s -> 总:29923.5Wh (物理:26894.5Wh + 残差:3029.0Wh)
   ? 梅堰-永茂路 | class4 | 329.0s -> 总:26368.5Wh (物理:25767.3Wh + 残差:601.1Wh)
   ? 梅堰-永茂路 | class5 | 345.05s -> 总:23479.1Wh (物理:25320.8Wh + 残差:-1841.7Wh)
   加载残差模型: 永茂路-镇海大道
   读取坡度曲率: 永茂路-镇海大道
   ? 永茂路-镇海大道 | class2 | 141.0s -> 总:17124.3Wh (物理:21378.1Wh + 残差:-4253.9Wh)
   ? 永茂路-镇海大道 | class3 | 148.0s -> 总:17114.1Wh (物理:19353.0Wh + 残差:-2238.8Wh)
   ? 永茂路-镇海大道 | class4 | 156.0s -> 总:15542.7Wh (物理:17477.2Wh + 残差:-1934.5Wh)
   ? 永茂路-镇海大道 | class5 | 164.05s -> 总:14995.7Wh (物理:16060.7Wh + 残差:-1065.0Wh)
   加载残差模型: 镇海大道-骆驼桥
   读取坡度曲率: 镇海大道-骆驼桥
   ? 镇海大道-骆驼桥 | class2 | 116.0s -> 总:20018.8Wh (物理:17779.5Wh + 残差:2239.3Wh)
   ? 镇海大道-骆驼桥 | class3 | 122.0s -> 总:19239.5Wh (物理:17723.3Wh + 残差:1516.2Wh)
   ? 镇海大道-骆驼桥 | class4 | 128.0s -> 总:17268.3Wh (物理:16295.7Wh + 残差:972.6Wh)
   ? 镇海大道-骆驼桥 | class5 | 134.0s -> 总:15833.3Wh (物理:15182.8Wh + 残差:650.6Wh)

? 评估完成！能耗菜单已生成：D:\energy_conservation\output\analysis\ato_class_energy_menu10_new_v3.csv
? 现在你可以运行 DP 调度算法来选择最优 Class 组合了。
Step finished with code 0. Log: D:\energy_conservation\output\pipeline_logs\20260704_113233\energy_menu.log

=== historical_baseline: Historical baseline calculation ===
Generate historical time/energy baseline used by the DP comparison report.
Command: C:\Users\bit11\AppData\Local\Programs\Python\Python311\python.exe D:\energy_conservation\scripts_new\00_main_pipeline\07_full_line_validation_results.py
Trip:    10 (segment index 9)
Target:  script default
Results: D:\energy_conservation\data\data_processed_step2_v3_all_curve_quality
ATO:     D:\energy_conservation\data\data_processed_step2_v3_all_curve_quality
Scope:   full
已删除旧历史基准: D:\energy_conservation\full_line10_validation_results.csv
? 开始全线 26 个区间的历史数据验证：第 10 趟车...
历史数据目录: D:\energy_conservation\data\data_processed_step2_v3_all_curve_quality
[01/26] 正在处理: 布政-张家潭 ...
[02/26] 正在处理: 张家潭-同德路 ...
[03/26] 正在处理: 同德路-石碶 ...
[04/26] 正在处理: 石碶-雅渡 ...
[05/26] 正在处理: 雅渡-庙堰 ...
[06/26] 正在处理: 庙堰-钟公庙 ...
[07/26] 正在处理: 钟公庙-鄞州区政府 ...
[08/26] 正在处理: 鄞州区政府-钱湖南路 ...
[09/26] 正在处理: 钱湖南路-南高教园区 ...
[10/26] 正在处理: 南高教园区-下应路 ...
[11/26] 正在处理: 下应路-大洋江 ...
[12/26] 正在处理: 大洋江-泗港 ...
[13/26] 正在处理: 泗港-曹隘 ...
[14/26] 正在处理: 曹隘-柳隘 ...
[15/26] 正在处理: 柳隘-海晏北路 ...
[16/26] 正在处理: 海晏北路-民安东路 ...
[17/26] 正在处理: 民安东路-会展中心 ...
[18/26] 正在处理: 会展中心-院士路 ...
[19/26] 正在处理: 院士路-盎孟港 ...
[20/26] 正在处理: 盎孟港-三官堂 ...
[21/26] 正在处理: 三官堂-兴庄路 ...
[22/26] 正在处理: 兴庄路-兴海南路 ...
[23/26] 正在处理: 兴海南路-梅堰 ...
[24/26] 正在处理: 梅堰-永茂路 ...
[25/26] 正在处理: 永茂路-镇海大道 ...
[26/26] 正在处理: 镇海大道-骆驼桥 ...


============================================================
? 5号线全线 26 区间验证结果汇总
============================================================
      站间区间  历史运行时间(s)  历史实测能耗(Wh)  历史能耗(Wh)     物理占比         残差占比  误差(%)
    布政-张家潭     117.55    13943.57  13717.06 13902.85  -185.789993  -1.62
   张家潭-同德路     150.15    17920.70  17849.64 16983.41   866.229980  -0.40
    同德路-石碶     110.75    12941.20  12559.34 12702.68  -143.339996  -2.95
     石碶-雅渡      83.65    13296.54  13139.97 11963.79  1176.189941  -1.18
     雅渡-庙堰     130.05    21366.44  20551.87 20261.65   290.230011  -3.81
    庙堰-钟公庙      94.95    12998.15  12669.84 12030.94   638.900024  -2.53
 钟公庙-鄞州区政府      90.60    10119.27   9996.86 11129.91 -1133.050049  -1.21
鄞州区政府-钱湖南路     131.45    16776.86  16453.78 18516.19 -2062.409912  -1.93
钱湖南路-南高教园区     100.10    13823.46  13511.21 12295.87  1215.339966  -2.26
 南高教园区-下应路     114.95    18594.00  18334.23 14284.09  4050.139893  -1.40
   下应路-大洋江     105.45    11412.75  11124.65 10707.91   416.739990  -2.52
    大洋江-泗港      93.10    10707.05  10501.44  8889.31  1612.130005  -1.92
     泗港-曹隘     134.05    22613.50  22522.13 21710.07   812.049988  -0.40
     曹隘-柳隘     106.95    20941.62  20709.07 13460.37  7248.700195  -1.11
   柳隘-海晏北路      88.70    14562.57  14636.59 13896.06   740.530029   0.51
 海晏北路-民安东路      83.85    15744.23  15558.24 12146.46  3411.790039  -1.18
 民安东路-会展中心      77.15    12445.58  12373.08 11124.21  1248.869995  -0.58
  会展中心-院士路     114.30    14918.02  14799.32 17327.57 -2528.260010  -0.80
   院士路-盎孟港      89.45    18266.80  18131.95 12937.79  5194.160156  -0.74
   盎孟港-三官堂     138.70    16547.62  15995.11 17983.46 -1988.349976  -3.34
   三官堂-兴庄路     105.00    10594.89  10389.54  8079.84  2309.689941  -1.94
  兴庄路-兴海南路      90.70    12343.51  12157.55 10128.25  2029.300049  -1.51
   兴海南路-梅堰      81.80    13199.04  13085.89 12828.34   257.549988  -0.86
    梅堰-永茂路     329.10    26194.01  26301.18 25903.21   397.980011   0.41
  永茂路-镇海大道     141.75    17806.25  17490.09 20944.60 -3454.510010  -1.78
  镇海大道-骆驼桥     116.50    20571.82  20192.04 18064.13  2127.919922  -1.85

? 结果已保存至: D:\energy_conservation\full_line10_validation_results.csv
Step finished with code 0. Log: D:\energy_conservation\output\pipeline_logs\20260704_113233\historical_baseline.log

Pipeline finished successfully.
