# step: historical_baseline
# command: C:\Users\bit11\AppData\Local\Programs\Python\Python311\python.exe D:\energy_conservation\scripts_new\00_main_pipeline\07_full_line_validation_results.py
# ENERGY_TRIP_NO: 67
# ENERGY_TRIP_INDEX: 66
# ENERGY_TARGET_TIME: script default
# ENERGY_RESULTS_DATA_DIR: D:\energy_conservation\data\data_processed_step2_v3_all_curve_quality_traceability
# ENERGY_ATO_DATA_DIR: D:\energy_conservation\data\data_processed_step2_v3_all_curve_quality_traceability
# ENERGY_LINE_SCOPE: full
# ENERGY_TRACEABILITY_MANIFEST: D:\energy_conservation\data\data_processed_step2_v3_all_curve_quality_traceability\trip_traceability_manifest_v1.csv
# PYTHONIOENCODING: utf-8:replace
# started: 2026-08-03T23:33:29

🚀 开始全线 26 个区间的历史数据验证：第 67 趟车...
历史数据目录: D:\energy_conservation\data\data_processed_step2_v3_all_curve_quality_traceability
趟次选择方式: 全局运行链追溯
全局趟次ID:   UP067_20240716_074738_R3654
追溯表:       D:\energy_conservation\data\data_processed_step2_v3_all_curve_quality_traceability\trip_traceability_manifest_v1.csv
映射区间数:   26
[01/26] 正在处理: 布政-张家潭 ...
[02/26] 正在处理: 张家潭-同德路 ...
[03/26] 正在处理: 同德路-石碶 ...
[04/26] 正在处理: 石碶-雅渡 ...
[05/26] 正在处理: 雅渡-庙堰 ...
[06/26] 正在处理: 庙堰-钟公庙 ...
[07/26] 正在处理: 钟公庙-鄞州区政府 ...
[08/26] 正在处理: 鄞州区政府-钱湖南路 ...
[09/26] 正在处理: 钱湖南路-南高教园区 ...
[10/26] 正在处理: 南高教园区-下应路 ...
[11/26] 正在处理: 下应路-大洋江 ...
[12/26] 正在处理: 大洋江-泗港 ...
[13/26] 正在处理: 泗港-曹隘 ...
[14/26] 正在处理: 曹隘-柳隘 ...
[15/26] 正在处理: 柳隘-海晏北路 ...
[16/26] 正在处理: 海晏北路-民安东路 ...
[17/26] 正在处理: 民安东路-会展中心 ...
[18/26] 正在处理: 会展中心-院士路 ...
[19/26] 正在处理: 院士路-盎孟港 ...
[20/26] 正在处理: 盎孟港-三官堂 ...
[21/26] 正在处理: 三官堂-兴庄路 ...
[22/26] 正在处理: 兴庄路-兴海南路 ...
[23/26] 正在处理: 兴海南路-梅堰 ...
[24/26] 正在处理: 梅堰-永茂路 ...
[25/26] 正在处理: 永茂路-镇海大道 ...
[26/26] 正在处理: 镇海大道-骆驼桥 ...


============================================================
🔥 5号线全线 26 区间验证结果汇总
============================================================
      站间区间  历史运行时间(s)  历史实测能耗(Wh)  历史能耗(Wh)     物理占比         残差占比  误差(%)                      全局趟次ID 历史segment 历史来源run_id       趟次选择方式
    布政-张家潭     116.85    13448.76  13255.28 13282.34   -27.059999  -1.44 UP067_20240716_074738_R3654        66       3654 traceability
   张家潭-同德路     151.50    17940.65  17735.05 16841.66   893.390015  -1.15 UP067_20240716_074738_R3654        66       3655 traceability
    同德路-石碶     105.80    15801.19  15754.20 15605.08   149.119995  -0.30 UP067_20240716_074738_R3654        66       3656 traceability
     石碶-雅渡      82.10    13696.03  13350.53 13536.54  -186.009995  -2.52 UP067_20240716_074738_R3654        66       3657 traceability
     雅渡-庙堰     130.05    22986.28  22414.76 21740.63   674.119995  -2.49 UP067_20240716_074738_R3654        66       3658 traceability
    庙堰-钟公庙      94.65    16871.15  16645.09 15324.16  1320.930054  -1.34 UP067_20240716_074738_R3654        66       3659 traceability
 钟公庙-鄞州区政府      89.65    13866.73  13686.98 14511.59  -824.609985  -1.30 UP067_20240716_074738_R3654        66       3660 traceability
鄞州区政府-钱湖南路     128.10    19128.42  19109.96 21721.66 -2611.709961  -0.10 UP067_20240716_074738_R3654        66       3661 traceability
钱湖南路-南高教园区      97.15    17360.79  17225.04 15749.10  1475.939941  -0.78 UP067_20240716_074738_R3654        66       3662 traceability
 南高教园区-下应路     110.95    23182.70  22654.91 17934.94  4719.959961  -2.28 UP067_20240716_074738_R3654        66       3663 traceability
   下应路-大洋江     101.10    14898.04  14974.57 14547.13   427.440002   0.51 UP067_20240716_074738_R3654        66       3664 traceability
    大洋江-泗港      91.50    12751.68  12302.60 11174.22  1128.390015  -3.52 UP067_20240716_074738_R3654        66       3665 traceability
     泗港-曹隘     124.55    22670.98  22581.66 22030.12   551.539978  -0.39 UP067_20240716_074738_R3654        67       3666 traceability
     曹隘-柳隘     110.75    19025.37  18477.30 12337.82  6139.470215  -2.88 UP067_20240716_074738_R3654        67       3667 traceability
   柳隘-海晏北路      89.10    16230.03  16175.85 15871.99   303.850006  -0.33 UP067_20240716_074738_R3654        67       3668 traceability
 海晏北路-民安东路      84.10    17886.63  17742.73 13821.54  3921.189941  -0.80 UP067_20240716_074738_R3654        67       3669 traceability
 民安东路-会展中心      76.60    13314.70  13291.94 12016.39  1275.560059  -0.17 UP067_20240716_074738_R3654        66       3670 traceability
  会展中心-院士路     115.60    15681.46  15547.62 18264.97 -2717.350098  -0.85 UP067_20240716_074738_R3654        66       3671 traceability
   院士路-盎孟港      91.00    20168.77  20019.07 13481.51  6537.560059  -0.74 UP067_20240716_074738_R3654        66       3672 traceability
   盎孟港-三官堂     130.75    17949.16  17626.17 20410.38 -2784.209961  -1.80 UP067_20240716_074738_R3654        66       3673 traceability
   三官堂-兴庄路      98.60    11666.10  11432.09  9683.47  1748.619995  -2.01 UP067_20240716_074738_R3654        66       3674 traceability
  兴庄路-兴海南路      88.70    14425.23  14272.91 11929.58  2343.320068  -1.06 UP067_20240716_074738_R3654        66       3675 traceability
   兴海南路-梅堰      81.20    13094.40  13066.24 13892.27  -826.039978  -0.22 UP067_20240716_074738_R3654        66       3676 traceability
    梅堰-永茂路     318.95    28987.49  28946.30 27750.74  1195.560059  -0.14 UP067_20240716_074738_R3654        52       3677 traceability
  永茂路-镇海大道     142.55    17676.85  17443.76 20829.10 -3385.340088  -1.32 UP067_20240716_074738_R3654        66       3678 traceability
  镇海大道-骆驼桥     116.95    20234.49  19906.42 17902.77  2003.650024  -1.62 UP067_20240716_074738_R3654        66       3679 traceability

✅ 结果已保存至: D:\energy_conservation\full_line67_validation_results.csv

# finished: 2026-08-04T00:28:45
# return_code: 0
# elapsed_seconds: 3316.2
