# step: dp_schedule
# command: C:\Users\bit11\AppData\Local\Programs\Python\Python311\python.exe D:\energy_conservation\scripts_new\00_main_pipeline\08_ato_class_globall_v2.py
# ENERGY_TRIP_NO: 1
# ENERGY_TRIP_INDEX: 0
# ENERGY_TARGET_TIME: 706.7
# ENERGY_RESULTS_DATA_DIR: D:\energy_conservation\data\data_processed_step2_v3_first5_curve_quality
# ENERGY_ATO_DATA_DIR: D:\energy_conservation\data\data_processed_step2_v3_first5_curve_quality
# ENERGY_LINE_SCOPE: 5
# PYTHONIOENCODING: utf-8:replace
# started: 2026-06-09T19:32:44

已删除旧 DP 输出: D:\energy_conservation\output\schedule\final_plan_report_v2\Final_Planning_Comparison.csv
已删除旧 DP 输出: D:\energy_conservation\output\schedule\final_plan_report_v2\Final_Planning_Comparison_Energy_First.csv
已删除旧 DP 输出: D:\energy_conservation\output\schedule\final_plan_report_v2\Optimized_Full_Line_Report.png
已删除旧 DP 输出: D:\energy_conservation\output\schedule\final_plan_report_v2\Optimized_Full_Line_Report_Energy_First.png
Trip: 1 (segment index 0)
Target total time: 706.70s
Line scope: 5 (5 sections)
Menu file: D:\energy_conservation\output\analysis\ato_class_energy_menu1_new_v3.csv
History file: D:\energy_conservation\full_line1_validation_results.csv
Historical curve data dir: D:\energy_conservation\data\data_processed_step2_v3_first5_curve_quality
Max run (at min dwell): 610.7s
Nom run (at nominal):   586.7s
Dwell budget to trade:   24s
Dwell config (4 intervals):
  布政-张家潭: nominal=30s, min=24s [elastic (24-30s)]
  张家潭-同德路: nominal=30s, min=24s [elastic (24-30s)]
  同德路-石碶: nominal=30s, min=24s [elastic (24-30s)]
  石碶-雅渡: nominal=30s, min=24s [elastic (24-30s)]
  雅渡-庙堰: nominal=30s, min=24s [elastic (24-30s)]

DP stage: real_only | sources=['real'] | score=priority_first
  [1/5] 布政-张家潭 -> 2 states
  [2/5] 张家潭-同德路 -> 4 states
  [3/5] 同德路-石碶 -> 8 states
  [4/5] 石碶-雅渡 -> 17 states
  [5/5] 雅渡-庙堰 -> 44 states

Selected priority-first plan: real_only
Feasible states: 43
Best:  run=591.0s, energy=74109.3 Wh, extrapolated=0, interpolated=0
Nominal-dwell best nearby: run=591.0s, energy=74109.3 Wh
Dwell trade: +0.0s run time -> saves 0.0 Wh (0.0%)

Priority-first report: Run: 591.0s | Dwell: 115.6s | Total: 706.6s (target: 706.7s)
Energy: 74109.3 Wh | Saving: 6.78%
  Dwell after 布政-张家潭: 28.9s
  Dwell after 张家潭-同德路: 28.9s
  Dwell after 同德路-石碶: 28.9s
  Dwell after 石碶-雅渡: 28.9s

DP stage: energy_first | sources=['extrapolated_adjacent', 'interpolated', 'real'] | score=energy_first
  [1/5] 布政-张家潭 -> 3 states
  [2/5] 张家潭-同德路 -> 12 states
  [3/5] 同德路-石碶 -> 27 states
  [4/5] 石碶-雅渡 -> 61 states
  [5/5] 雅渡-庙堰 -> 127 states

Selected energy-first plan: energy_first
Feasible states: 77
Best:  run=601.0s, energy=68729.3 Wh, extrapolated=3, interpolated=0
Nominal-dwell best nearby: run=594.0s, energy=70931.9 Wh
Dwell trade: +7.0s run time -> saves 2202.6 Wh (3.1%)

Energy-first report: Run: 601.0s | Dwell: 105.6s | Total: 706.6s (target: 706.7s)
Energy: 68729.3 Wh | Saving: 13.55%

Plotting priority-first plan full-line comparison ...
Saved: D:\energy_conservation\output\schedule\final_plan_report_v2\Optimized_Full_Line_Report.png

Plotting energy-first plan full-line comparison ...
Saved: D:\energy_conservation\output\schedule\final_plan_report_v2\Optimized_Full_Line_Report_Energy_First.png
Done. Energy: 74.109 kWh, Time: 706.6s (strict = 706.7s)

# finished: 2026-06-09T19:46:22
# return_code: 0
# elapsed_seconds: 818.0
