Project root: D:\energy_conservation
Python:       C:\Users\bit11\AppData\Local\Programs\Python\Python311\python.exe
Log dir:      D:\energy_conservation\output\pipeline_logs\20260704_035613
Dry run:      False
Trip no:      9 (segment index 8)
Target time:  script default
Results dir:  D:\energy_conservation\data\data_processed_step2_v3_all_curve_quality
ATO dir:      D:\energy_conservation\data\data_processed_step2_v3_all_curve_quality
Line scope:   full

Selected steps:
01. energy_menu
    title: Energy menu calculation
    script: scripts_new/00_main_pipeline/06_ato_generated_results_energy.py
    desc:  Calculate physical + residual-AI energy for generated curves.
02. historical_baseline
    title: Historical baseline calculation
    script: scripts_new/00_main_pipeline/07_full_line_validation_results.py
    desc:  Generate historical time/energy baseline used by the DP comparison report.

=== energy_menu: Energy menu calculation ===
Calculate physical + residual-AI energy for generated curves.
Command: C:\Users\bit11\AppData\Local\Programs\Python\Python311\python.exe D:\energy_conservation\scripts_new\00_main_pipeline\06_ato_generated_results_energy.py
Trip:    9 (segment index 8)
Target:  script default
Results: D:\energy_conservation\data\data_processed_step2_v3_all_curve_quality
ATO:     D:\energy_conservation\data\data_processed_step2_v3_all_curve_quality
Scope:   full
按测试数据目录筛选能耗菜单区间: 26 个
按 line scope 筛选后能耗菜单区间: 26 个
   读取重量: 布政-张家潭 trip 9
   读取重量: 张家潭-同德路 trip 9
   读取重量: 同德路-石碶 trip 9
   读取重量: 石碶-雅渡 trip 9
   读取重量: 雅渡-庙堰 trip 9
   读取重量: 庙堰-钟公庙 trip 9
   读取重量: 钟公庙-鄞州区政府 trip 9
   读取重量: 鄞州区政府-钱湖南路 trip 9
   读取重量: 钱湖南路-南高教园区 trip 9
   读取重量: 南高教园区-下应路 trip 9
   读取重量: 下应路-大洋江 trip 9
   读取重量: 大洋江-泗港 trip 9
   读取重量: 泗港-曹隘 trip 9
   读取重量: 曹隘-柳隘 trip 9
   读取重量: 柳隘-海晏北路 trip 9
   读取重量: 海晏北路-民安东路 trip 9
   读取重量: 民安东路-会展中心 trip 9
   读取重量: 会展中心-院士路 trip 9
   读取重量: 院士路-盎孟港 trip 9
   读取重量: 盎孟港-三官堂 trip 9
   读取重量: 三官堂-兴庄路 trip 9
   读取重量: 兴庄路-兴海南路 trip 9
   读取重量: 兴海南路-梅堰 trip 9
   读取重量: 梅堰-永茂路 trip 9
   读取重量: 永茂路-镇海大道 trip 9
   读取重量: 镇海大道-骆驼桥 trip 9
已生成区间参数表: D:\energy_conservation\data\static\section_params_trip9.csv | 更新 MASS: 26 | 跳过非本次区间: 0 | 沿用旧值: 0 | 保留模板值: 0
? 开始批量评估 26 个区间的 ATO 轨迹能耗：第 9 趟车...
地图/历史数据目录: D:\energy_conservation\data\data_processed_step2_v3_all_curve_quality
   加载残差模型: 布政-张家潭
   读取坡度曲率: 布政-张家潭
   ? 布政-张家潭 | class3 | 115.0s -> 总:12947.6Wh (物理:12911.0Wh + 残差:36.6Wh)
   ? 布政-张家潭 | class4 | 121.0s -> 总:14024.2Wh (物理:14131.4Wh + 残差:-107.2Wh)
   ? 布政-张家潭 | class5 | 127.05s -> 总:12627.7Wh (物理:13231.8Wh + 残差:-604.1Wh)
   加载残差模型: 张家潭-同德路
   读取坡度曲率: 张家潭-同德路
   ? 张家潭-同德路 | class1 | 141.0s -> 总:18247.4Wh (物理:18583.7Wh + 残差:-336.3Wh)
   ? 张家潭-同德路 | class2 | 148.0s -> 总:17854.5Wh (物理:18113.4Wh + 残差:-258.8Wh)
   ? 张家潭-同德路 | class3 | 151.0s -> 总:18119.4Wh (物理:17179.7Wh + 残差:939.7Wh)
   ? 张家潭-同德路 | class4 | 158.95s -> 总:16756.7Wh (物理:15812.1Wh + 残差:944.6Wh)
   加载残差模型: 同德路-石碶
   读取坡度曲率: 同德路-石碶
   ? 同德路-石碶 | class3 | 108.95s -> 总:13263.4Wh (物理:13101.2Wh + 残差:162.2Wh)
   ? 同德路-石碶 | class4 | 114.0s -> 总:13445.0Wh (物理:13543.8Wh + 残差:-98.9Wh)
   ? 同德路-石碶 | class5 | 120.0s -> 总:11844.6Wh (物理:12154.2Wh + 残差:-309.6Wh)
   加载残差模型: 石碶-雅渡
   读取坡度曲率: 石碶-雅渡
   ? 石碶-雅渡 | class2 | 80.0s -> 总:11002.9Wh (物理:10461.6Wh + 残差:541.3Wh)
   ? 石碶-雅渡 | class3 | 82.0s -> 总:11650.5Wh (物理:12309.5Wh + 残差:-659.0Wh)
   ? 石碶-雅渡 | class4 | 85.95s -> 总:11518.6Wh (物理:10115.7Wh + 残差:1402.9Wh)
   ? 石碶-雅渡 | class5 | 90.0s -> 总:8805.9Wh (物理:7564.5Wh + 残差:1241.4Wh)
   加载残差模型: 雅渡-庙堰
   读取坡度曲率: 雅渡-庙堰
   ? 雅渡-庙堰 | class2 | 129.0s -> 总:21235.6Wh (物理:21104.4Wh + 残差:131.3Wh)
   ? 雅渡-庙堰 | class3 | 131.95s -> 总:20491.2Wh (物理:20034.9Wh + 残差:456.3Wh)
   ? 雅渡-庙堰 | class4 | 139.0s -> 总:18677.1Wh (物理:18662.5Wh + 残差:14.6Wh)
   ? 雅渡-庙堰 | class5 | 146.0s -> 总:16707.4Wh (物理:17048.5Wh + 残差:-341.1Wh)
   加载残差模型: 庙堰-钟公庙
   读取坡度曲率: 庙堰-钟公庙
   ? 庙堰-钟公庙 | class3 | 95.95s -> 总:13172.5Wh (物理:12074.0Wh + 残差:1098.5Wh)
   ? 庙堰-钟公庙 | class4 | 101.0s -> 总:11344.2Wh (物理:9762.4Wh + 残差:1581.8Wh)
   加载残差模型: 钟公庙-鄞州区政府
   读取坡度曲率: 钟公庙-鄞州区政府
   ? 钟公庙-鄞州区政府 | class3 | 90.0s -> 总:10880.6Wh (物理:12056.0Wh + 残差:-1175.4Wh)
   ? 钟公庙-鄞州区政府 | class4 | 94.95s -> 总:8455.4Wh (物理:10210.5Wh + 残差:-1755.1Wh)
   ? 钟公庙-鄞州区政府 | class5 | 99.0s -> 总:6620.7Wh (物理:8813.2Wh + 残差:-2192.5Wh)
   加载残差模型: 鄞州区政府-钱湖南路
   读取坡度曲率: 鄞州区政府-钱湖南路
   ? 鄞州区政府-钱湖南路 | class2 | 127.95s -> 总:19938.8Wh (物理:21450.1Wh + 残差:-1511.3Wh)
   ? 鄞州区政府-钱湖南路 | class3 | 132.05s -> 总:17618.8Wh (物理:19475.9Wh + 残差:-1857.0Wh)
   ? 鄞州区政府-钱湖南路 | class4 | 139.0s -> 总:16781.5Wh (物理:17868.3Wh + 残差:-1086.8Wh)
   加载残差模型: 钱湖南路-南高教园区
   读取坡度曲率: 钱湖南路-南高教园区
   ? 钱湖南路-南高教园区 | class3 | 100.05s -> 总:14876.2Wh (物理:13392.3Wh + 残差:1483.9Wh)
   ? 钱湖南路-南高教园区 | class4 | 104.95s -> 总:13047.9Wh (物理:10950.8Wh + 残差:2097.1Wh)
   加载残差模型: 南高教园区-下应路
   读取坡度曲率: 南高教园区-下应路
   ? 南高教园区-下应路 | class2 | 110.0s -> 总:22362.7Wh (物理:17502.4Wh + 残差:4860.4Wh)
   ? 南高教园区-下应路 | class3 | 114.0s -> 总:19786.3Wh (物理:15616.0Wh + 残差:4170.3Wh)
   ? 南高教园区-下应路 | class4 | 119.95s -> 总:18010.3Wh (物理:14647.6Wh + 残差:3362.6Wh)
   加载残差模型: 下应路-大洋江
   读取坡度曲率: 下应路-大洋江
   ? 下应路-大洋江 | class2 | 101.0s -> 总:14819.4Wh (物理:14204.6Wh + 残差:614.8Wh)
   ? 下应路-大洋江 | class3 | 106.0s -> 总:12869.9Wh (物理:11850.0Wh + 残差:1019.9Wh)
   ? 下应路-大洋江 | class4 | 110.95s -> 总:13489.5Wh (物理:12280.6Wh + 残差:1208.8Wh)
   ? 下应路-大洋江 | class5 | 117.0s -> 总:12510.9Wh (物理:10692.7Wh + 残差:1818.2Wh)
   加载残差模型: 大洋江-泗港
   读取坡度曲率: 大洋江-泗港
   ? 大洋江-泗港 | class3 | 92.0s -> 总:11537.7Wh (物理:10306.0Wh + 残差:1231.8Wh)
   ? 大洋江-泗港 | class4 | 96.0s -> 总:10286.5Wh (物理:8574.2Wh + 残差:1712.2Wh)
   加载残差模型: 泗港-曹隘
   读取坡度曲率: 泗港-曹隘
   ? 泗港-曹隘 | class2 | 128.05s -> 总:22004.3Wh (物理:21311.9Wh + 残差:692.4Wh)
   ? 泗港-曹隘 | class4 | 137.0s -> 总:24737.2Wh (物理:23943.8Wh + 残差:793.3Wh)
   ? 泗港-曹隘 | class5 | 143.0s -> 总:23390.2Wh (物理:21317.2Wh + 残差:2073.0Wh)
   加载残差模型: 曹隘-柳隘
   读取坡度曲率: 曹隘-柳隘
   ? 曹隘-柳隘 | class2 | 106.05s -> 总:23921.0Wh (物理:16297.4Wh + 残差:7623.6Wh)
   ? 曹隘-柳隘 | class3 | 108.0s -> 总:22229.9Wh (物理:14049.5Wh + 残差:8180.4Wh)
   ? 曹隘-柳隘 | class4 | 112.95s -> 总:16844.1Wh (物理:11761.9Wh + 残差:5082.2Wh)
   ? 曹隘-柳隘 | class5 | 119.0s -> 总:13439.4Wh (物理:10652.8Wh + 残差:2786.6Wh)
   加载残差模型: 柳隘-海晏北路
   读取坡度曲率: 柳隘-海晏北路
   ? 柳隘-海晏北路 | class3 | 91.95s -> 总:12708.3Wh (物理:12012.1Wh + 残差:696.2Wh)
   ? 柳隘-海晏北路 | class4 | 96.0s -> 总:11492.4Wh (物理:9704.4Wh + 残差:1787.9Wh)
   加载残差模型: 海晏北路-民安东路
   读取坡度曲率: 海晏北路-民安东路
   ? 海晏北路-民安东路 | class3 | 85.0s -> 总:16955.3Wh (物理:12614.8Wh + 残差:4340.5Wh)
   ? 海晏北路-民安东路 | class4 | 88.95s -> 总:14221.8Wh (物理:9311.6Wh + 残差:4910.2Wh)
   加载残差模型: 民安东路-会展中心
   读取坡度曲率: 民安东路-会展中心
   ? 民安东路-会展中心 | class2 | 76.0s -> 总:16685.5Wh (物理:16896.3Wh + 残差:-210.8Wh)
   ? 民安东路-会展中心 | class3 | 78.95s -> 总:12585.3Wh (物理:11054.6Wh + 残差:1530.7Wh)
   ? 民安东路-会展中心 | class4 | 83.0s -> 总:7904.9Wh (物理:7901.1Wh + 残差:3.7Wh)
   加载残差模型: 会展中心-院士路
   读取坡度曲率: 会展中心-院士路
   ? 会展中心-院士路 | class3 | 115.0s -> 总:15831.7Wh (物理:18695.1Wh + 残差:-2863.4Wh)
   ? 会展中心-院士路 | class4 | 121.0s -> 总:14232.3Wh (物理:17042.9Wh + 残差:-2810.6Wh)
   加载残差模型: 院士路-盎孟港
   读取坡度曲率: 院士路-盎孟港
   ? 院士路-盎孟港 | class3 | 90.95s -> 总:18341.3Wh (物理:11988.1Wh + 残差:6353.2Wh)
   ? 院士路-盎孟港 | class4 | 95.95s -> 总:14443.8Wh (物理:8635.3Wh + 残差:5808.4Wh)
   加载残差模型: 盎孟港-三官堂
   读取坡度曲率: 盎孟港-三官堂
   ? 盎孟港-三官堂 | class2 | 132.0s -> 总:17812.2Wh (物理:20816.8Wh + 残差:-3004.6Wh)
   ? 盎孟港-三官堂 | class3 | 138.95s -> 总:17332.5Wh (物理:18108.6Wh + 残差:-776.1Wh)
   ? 盎孟港-三官堂 | class4 | 146.0s -> 总:16685.6Wh (物理:17033.1Wh + 残差:-347.4Wh)
   加载残差模型: 三官堂-兴庄路
   读取坡度曲率: 三官堂-兴庄路
   ? 三官堂-兴庄路 | class1 | 94.05s -> 总:13148.0Wh (物理:13290.5Wh + 残差:-142.6Wh)
   ? 三官堂-兴庄路 | class2 | 99.0s -> 总:11599.6Wh (物理:9907.6Wh + 残差:1692.0Wh)
   ? 三官堂-兴庄路 | class3 | 104.05s -> 总:10546.2Wh (物理:8321.7Wh + 残差:2224.6Wh)
   ? 三官堂-兴庄路 | class4 | 109.0s -> 总:10000.4Wh (物理:7535.5Wh + 残差:2464.9Wh)
   加载残差模型: 兴庄路-兴海南路
   读取坡度曲率: 兴庄路-兴海南路
   ? 兴庄路-兴海南路 | class2 | 86.95s -> 总:15872.8Wh (物理:14639.1Wh + 残差:1233.7Wh)
   ? 兴庄路-兴海南路 | class4 | 95.95s -> 总:9518.7Wh (物理:7949.8Wh + 残差:1568.8Wh)
   加载残差模型: 兴海南路-梅堰
   读取坡度曲率: 兴海南路-梅堰
   ? 兴海南路-梅堰 | class3 | 81.95s -> 总:11320.4Wh (物理:11890.3Wh + 残差:-569.9Wh)
   ? 兴海南路-梅堰 | class4 | 86.0s -> 总:9599.3Wh (物理:8066.9Wh + 残差:1532.5Wh)
   加载残差模型: 梅堰-永茂路
   读取坡度曲率: 梅堰-永茂路
   ? 梅堰-永茂路 | class3 | 313.0s -> 总:29934.4Wh (物理:26918.3Wh + 残差:3016.1Wh)
   ? 梅堰-永茂路 | class4 | 329.0s -> 总:26433.1Wh (物理:25790.4Wh + 残差:642.7Wh)
   ? 梅堰-永茂路 | class5 | 345.05s -> 总:23496.7Wh (物理:25343.6Wh + 残差:-1847.0Wh)
   加载残差模型: 永茂路-镇海大道
   读取坡度曲率: 永茂路-镇海大道
   ? 永茂路-镇海大道 | class2 | 141.0s -> 总:17129.6Wh (物理:21387.4Wh + 残差:-4257.8Wh)
   ? 永茂路-镇海大道 | class3 | 148.0s -> 总:17150.9Wh (物理:19361.4Wh + 残差:-2210.6Wh)
   ? 永茂路-镇海大道 | class4 | 156.0s -> 总:15613.8Wh (物理:17484.9Wh + 残差:-1871.1Wh)
   ? 永茂路-镇海大道 | class5 | 164.05s -> 总:15097.5Wh (物理:16067.8Wh + 残差:-970.4Wh)
   加载残差模型: 镇海大道-骆驼桥
   读取坡度曲率: 镇海大道-骆驼桥
   ? 镇海大道-骆驼桥 | class2 | 116.0s -> 总:20085.9Wh (物理:17795.2Wh + 残差:2290.6Wh)
   ? 镇海大道-骆驼桥 | class3 | 122.0s -> 总:19289.0Wh (物理:17739.1Wh + 残差:1549.9Wh)
   ? 镇海大道-骆驼桥 | class4 | 128.0s -> 总:17280.4Wh (物理:16310.3Wh + 残差:970.1Wh)
   ? 镇海大道-骆驼桥 | class5 | 134.0s -> 总:15833.7Wh (物理:15196.4Wh + 残差:637.3Wh)

? 评估完成！能耗菜单已生成：D:\energy_conservation\output\analysis\ato_class_energy_menu9_new_v3.csv
? 现在你可以运行 DP 调度算法来选择最优 Class 组合了。
Step finished with code 0. Log: D:\energy_conservation\output\pipeline_logs\20260704_035613\energy_menu.log

=== historical_baseline: Historical baseline calculation ===
Generate historical time/energy baseline used by the DP comparison report.
Command: C:\Users\bit11\AppData\Local\Programs\Python\Python311\python.exe D:\energy_conservation\scripts_new\00_main_pipeline\07_full_line_validation_results.py
Trip:    9 (segment index 8)
Target:  script default
Results: D:\energy_conservation\data\data_processed_step2_v3_all_curve_quality
ATO:     D:\energy_conservation\data\data_processed_step2_v3_all_curve_quality
Scope:   full
? 开始全线 26 个区间的历史数据验证：第 9 趟车...
历史数据目录: D:\energy_conservation\data\data_processed_step2_v3_all_curve_quality
[01/26] 正在处理: 布政-张家潭 ...
[02/26] 正在处理: 张家潭-同德路 ...
[03/26] 正在处理: 同德路-石碶 ...
[04/26] 正在处理: 石碶-雅渡 ...
[05/26] 正在处理: 雅渡-庙堰 ...
[06/26] 正在处理: 庙堰-钟公庙 ...
[07/26] 正在处理: 钟公庙-鄞州区政府 ...
[08/26] 正在处理: 鄞州区政府-钱湖南路 ...
[09/26] 正在处理: 钱湖南路-南高教园区 ...
[10/26] 正在处理: 南高教园区-下应路 ...
[11/26] 正在处理: 下应路-大洋江 ...
[12/26] 正在处理: 大洋江-泗港 ...
[13/26] 正在处理: 泗港-曹隘 ...
[14/26] 正在处理: 曹隘-柳隘 ...
[15/26] 正在处理: 柳隘-海晏北路 ...
[16/26] 正在处理: 海晏北路-民安东路 ...
[17/26] 正在处理: 民安东路-会展中心 ...
[18/26] 正在处理: 会展中心-院士路 ...
[19/26] 正在处理: 院士路-盎孟港 ...
[20/26] 正在处理: 盎孟港-三官堂 ...
[21/26] 正在处理: 三官堂-兴庄路 ...
[22/26] 正在处理: 兴庄路-兴海南路 ...
[23/26] 正在处理: 兴海南路-梅堰 ...
[24/26] 正在处理: 梅堰-永茂路 ...
[25/26] 正在处理: 永茂路-镇海大道 ...
[26/26] 正在处理: 镇海大道-骆驼桥 ...


============================================================
? 5号线全线 26 区间验证结果汇总
============================================================
      站间区间  历史运行时间(s)  历史实测能耗(Wh)  历史能耗(Wh)     物理占比         残差占比  误差(%)
    布政-张家潭     116.70    13263.14  13088.24 13055.38    32.860001  -1.32
   张家潭-同德路     151.20    17454.88  17365.54 16768.12   597.419983  -0.51
    同德路-石碶     106.00    16425.24  16058.18 16081.69   -23.500000  -2.23
     石碶-雅渡      81.85    13146.85  12986.26 13222.70  -236.440002  -1.22
     雅渡-庙堰     129.00    22390.62  21420.60 21076.75   343.850006  -4.33
    庙堰-钟公庙      93.90    15263.71  15126.63 14645.99   480.640015  -0.90
 钟公庙-鄞州区政府      88.70    14233.17  14132.93 14549.89  -416.970001  -0.70
鄞州区政府-钱湖南路     127.80    20105.29  19791.94 21296.72 -1504.780029  -1.56
钱湖南路-南高教园区      97.05    16518.59  16411.52 15256.72  1154.800049  -0.65
 南高教园区-下应路     110.65    22448.28  22004.04 17215.50  4788.540039  -1.98
   下应路-大洋江     101.45    14882.91  14844.35 14310.76   533.590027  -0.26
    大洋江-泗港      92.00    11787.96  11414.75 10233.62  1181.130005  -3.17
     泗港-曹隘     134.65    24805.96  24799.35 24283.11   516.229980  -0.03
     曹隘-柳隘     106.75    23339.17  23089.95 14675.72  8414.240234  -1.07
   柳隘-海晏北路      88.95    16397.68  16353.43 15912.96   440.459991  -0.27
 海晏北路-民安东路      83.35    17856.87  17729.22 13829.38  3899.840088  -0.71
 民安东路-会展中心      76.75    13003.76  12938.84 12086.69   852.150024  -0.50
  会展中心-院士路     114.60    15757.66  15645.65 18503.93 -2858.280029  -0.71
   院士路-盎孟港      90.40    20528.78  20335.55 13744.39  6591.149902  -0.94
   盎孟港-三官堂     131.30    19479.85  19119.55 20640.72 -1521.170044  -1.85
   三官堂-兴庄路      98.25    11524.24  11392.57  9835.57  1557.000000  -1.14
  兴庄路-兴海南路      87.85    14690.72  14574.63 12053.05  2521.580078  -0.79
   兴海南路-梅堰      81.45    13205.71  13202.82 14004.15  -801.320007  -0.02
    梅堰-永茂路     314.05    29851.52  29934.89 28282.21  1652.680054   0.28
  永茂路-镇海大道     142.75    17821.92  17529.92 20934.67 -3404.750000  -1.64
  镇海大道-骆驼桥     117.15    20591.82  20151.03 18058.71  2092.320068  -2.14

? 结果已保存至: D:\energy_conservation\full_line9_validation_results.csv
Step finished with code 0. Log: D:\energy_conservation\output\pipeline_logs\20260704_035613\historical_baseline.log

Pipeline finished successfully.
